../drivers/mtd/ubi/io.c:310:13:erase_callback	0	static
../drivers/mtd/ubi/io.c:660:12:validate_ec_hdr	8	static
../drivers/mtd/ubi/io.c:1146:12:self_check_ec_hdr.part.0	8	static
../drivers/mtd/ubi/io.c:869:12:validate_vid_hdr.isra	24	static
../drivers/mtd/ubi/io.c:1229:12:self_check_vid_hdr.part.0	8	static
../drivers/mtd/ubi/io.c:602:5:ubi_io_is_bad	0	static
../drivers/mtd/ubi/io.c:1121:12:self_check_not_bad	8	static
../drivers/mtd/ubi/io.c:118:5:ubi_io_read	56	static
../drivers/mtd/ubi/io.c:1184:12:self_check_peb_ec_hdr.part.0	24	static
../drivers/mtd/ubi/io.c:631:5:ubi_io_mark_bad	0	static
../drivers/mtd/ubi/io.c:724:5:ubi_io_read_ec_hdr	32	static
../drivers/mtd/ubi/io.c:997:5:ubi_io_read_vid_hdr	32	static
../drivers/mtd/ubi/io.c:1386:5:ubi_self_check_all_ff	56	static
../drivers/mtd/ubi/io.c:227:5:ubi_io_write	64	static
../drivers/mtd/ubi/io.c:833:5:ubi_io_write_ec_hdr	24	static
../drivers/mtd/ubi/io.c:1081:5:ubi_io_write_vid_hdr	24	static
../drivers/mtd/ubi/io.c:324:12:do_sync_erase.part.0	104	static
../drivers/mtd/ubi/io.c:560:5:ubi_io_sync_erase	184	static
