../drivers/mtd/ubi/wl.c:1477:13:shutdown_work	16	static
../drivers/mtd/ubi/wl.c:410:12:prot_queue_del	8	static
../drivers/mtd/ubi/wl.c:307:29:find_wl_entry	16	static
../drivers/mtd/ubi/wl.c:145:13:wl_tree_add	0	static
../drivers/mtd/ubi/wl.c:246:12:in_wl_tree.isra	4	static
../drivers/mtd/ubi/wl.c:1726:12:self_check_in_wl_tree.isra	0	static
../drivers/mtd/ubi/wl.c:1769:29:get_peb_for_wl	16	static
../drivers/mtd/ubi/wl.c:181:13:wl_entry_destroy.isra	0	static
../drivers/mtd/ubi/wl.c:1389:13:tree_destroy.isra	16	static
../drivers/mtd/ubi/wl.c:197:5:do_work	0	static
../drivers/mtd/ubi/wl.c:592:12:schedule_erase	24	static
../drivers/mtd/ubi/wl.c:965:12:ensure_wear_leveling	16	static
../drivers/mtd/ubi/wl.c:1038:12:erase_worker	56	static
../drivers/mtd/ubi/wl.c:625:12:do_sync_erase	24	static
../drivers/mtd/ubi/wl.c:655:12:wear_leveling_worker	48	static
../drivers/mtd/ubi/wl.c:1176:5:ubi_wl_put_peb	40	static
../drivers/mtd/ubi/wl.c:1268:5:ubi_wl_scrub_peb	24	static
../drivers/mtd/ubi/wl.c:1333:5:ubi_wl_flush	24	static
../drivers/mtd/ubi/wl.c:1420:5:ubi_thread	32	static
../drivers/mtd/ubi/wl.c:1505:5:ubi_wl_init	40	static
../drivers/mtd/ubi/wl.c:1660:6:ubi_wl_close	24	static
../drivers/mtd/ubi/wl.c:1817:5:ubi_wl_get_peb	16	static
