Archive member included to satisfy reference by file (symbol)

arch/arm/lib/lib.a(lib1funcs.o)
                              board/molchip/built-in.o (__aeabi_uidiv)
arch/arm/lib/lib.a(uldivmod.o)
                              board/molchip/built-in.o (__aeabi_uldivmod)
arch/arm/lib/lib.a(div0.o)    arch/arm/lib/lib.a(lib1funcs.o) (__div0)

Discarded input sections

 .data          0x0000000000000000        0x0 arch/arm/cpu/armv7/start.o
 .bss           0x0000000000000000        0x0 arch/arm/cpu/armv7/start.o
 .text.v7_arch_cp15_set_l2aux_ctrl
                0x0000000000000000        0x8 arch/arm/cpu/armv7/built-in.o
 .text.v7_arch_cp15_set_acr
                0x0000000000000000        0x8 arch/arm/cpu/armv7/built-in.o
 .text.sdelay   0x0000000000000000        0xc arch/arm/cpu/armv7/built-in.o
 .text.wait_on_value
                0x0000000000000000       0x38 arch/arm/cpu/armv7/built-in.o
 .text.s_init   0x0000000000000000        0x4 arch/arm/cpu/armv7/built-in.o
 .text.lowlevel_init
                0x0000000000000000       0x24 arch/arm/cpu/armv7/built-in.o
 .data          0x0000000000000000        0x0 arch/arm/cpu/armv7/built-in.o
 .bss           0x0000000000000000        0x0 arch/arm/cpu/armv7/built-in.o
 .text.mc_bringup_ca7
                0x0000000000000000      0x11c arch/arm/lib/built-in.o
 .text.setup_board_tags
                0x0000000000000000        0x4 arch/arm/lib/built-in.o
 .text.armv7_boot_nonsec_default
                0x0000000000000000        0x8 arch/arm/lib/built-in.o
 .text.reset_misc
                0x0000000000000000        0x4 arch/arm/lib/built-in.o
 .text.enable_caches
                0x0000000000000000        0xc arch/arm/lib/built-in.o
 .text.invalidate_dcache_range
                0x0000000000000000        0x4 arch/arm/lib/built-in.o
 .text.flush_dcache_range
                0x0000000000000000        0x4 arch/arm/lib/built-in.o
 .text.flush_dcache_all
                0x0000000000000000        0xc arch/arm/lib/built-in.o
 .text.arm_init_before_mmu
                0x0000000000000000        0x4 arch/arm/lib/built-in.o
 .text.mmu_page_table_flush
                0x0000000000000000        0x4 arch/arm/lib/built-in.o
 .text.fdt_psci
                0x0000000000000000        0x8 arch/arm/lib/built-in.o
 .rodata.enable_caches.str1.1
                0x0000000000000000       0x1d arch/arm/lib/built-in.o
 .data          0x0000000000000000        0x0 arch/arm/lib/built-in.o
 .__efi_runtime_rel_start
                0x0000000000000000        0x0 arch/arm/lib/built-in.o
 .__efi_runtime_rel_stop
                0x0000000000000000        0x0 arch/arm/lib/built-in.o
 .__efi_runtime_start
                0x0000000000000000        0x0 arch/arm/lib/built-in.o
 .__efi_runtime_stop
                0x0000000000000000        0x0 arch/arm/lib/built-in.o
 .__secure_end  0x0000000000000000        0x0 arch/arm/lib/built-in.o
 .__secure_stack_end
                0x0000000000000000        0x0 arch/arm/lib/built-in.o
 .__secure_stack_start
                0x0000000000000000        0x0 arch/arm/lib/built-in.o
 .__secure_start
                0x0000000000000000        0x0 arch/arm/lib/built-in.o
 .bss           0x0000000000000000        0x0 arch/arm/lib/built-in.o
 .text          0x0000000000000000        0x0 arch/arm/mach-molchip/built-in.o
 .data          0x0000000000000000        0x0 arch/arm/mach-molchip/built-in.o
 .bss           0x0000000000000000        0x0 arch/arm/mach-molchip/built-in.o
 .text          0x0000000000000000        0x0 board/molchip/built-in.o
 .text.MC_GetResetType
                0x0000000000000000      0x10c board/molchip/built-in.o
 .text.print_reset_type
                0x0000000000000000       0x58 board/molchip/built-in.o
 .text.MC_ExtResetEnable
                0x0000000000000000       0x14 board/molchip/built-in.o
 .text.board_eth_init
                0x0000000000000000        0x8 board/molchip/built-in.o
 .text.v2m_cfg_write
                0x0000000000000000        0x8 board/molchip/built-in.o
 .text.reset_cpu
                0x0000000000000000        0x4 board/molchip/built-in.o
 .text.get_board_rev
                0x0000000000000000        0x8 board/molchip/built-in.o
 .text.uart_reset
                0x0000000000000000       0x20 board/molchip/built-in.o
 .text.uart_set_baudrate
                0x0000000000000000       0x50 board/molchip/built-in.o
 .text.uart_select_data_len
                0x0000000000000000       0x1c board/molchip/built-in.o
 .text.uart_pority_enable
                0x0000000000000000       0x20 board/molchip/built-in.o
 .text.uart_select_pority
                0x0000000000000000       0x20 board/molchip/built-in.o
 .text.uart_config_stop
                0x0000000000000000       0x20 board/molchip/built-in.o
 .text.uart_fifo_reset
                0x0000000000000000       0x34 board/molchip/built-in.o
 .text.uart_fifo_enable
                0x0000000000000000       0x20 board/molchip/built-in.o
 .text.uart_init
[...]
Memory Configuration

Name             Origin             Length             Attributes
*default*        0x0000000000000000 0xffffffffffffffff

Linker script and memory map

Address of section .text set to 0x41600000
                0x0000000000000000                . = 0x0
                0x0000000000000000                . = ALIGN (0x4)

.text           0x0000000041600000    0x4c4c8
 *(.__image_copy_start)
 .__image_copy_start
                0x0000000041600000        0x0 arch/arm/lib/built-in.o
                0x0000000041600000                __image_copy_start
 *(.vectors)
 .vectors       0x0000000041600000      0x2e8 arch/arm/lib/built-in.o
                0x0000000041600000                _start
                0x0000000041600020                _undefined_instruction
                0x0000000041600024                _software_interrupt
                0x0000000041600028                _prefetch_abort
                0x000000004160002c                _data_abort
                0x0000000041600030                _not_used
                0x0000000041600034                _irq
                0x0000000041600038                _fiq
                0x0000000041600040                IRQ_STACK_START_IN
 arch/arm/cpu/armv7/start.o(.text*)
 .text          0x00000000416002e8       0xb0 arch/arm/cpu/armv7/start.o
                0x00000000416002e8                reset
                0x00000000416002ec                save_boot_params_ret
                0x0000000041600328                c_runtime_cpu_setup
                0x0000000041600338                save_boot_params
                0x000000004160033c                cpu_init_cp15
                0x0000000041600390                cpu_init_crit
 *(.text*)
 .text          0x0000000041600398      0x148 arch/arm/cpu/armv7/built-in.o
                0x0000000041600398                __v7_flush_dcache_all
                0x000000004160042c                v7_flush_dcache_all
                0x000000004160043c                __v7_invalidate_dcache_all
                0x00000000416004d0                v7_invalidate_dcache_all
 .text.invalidate_icache_all
                0x00000000416004e0       0x18 arch/arm/cpu/armv7/built-in.o
                0x00000000416004e0                invalidate_icache_all
 .text.v7_outer_cache_enable
                0x00000000416004f8        0x4 arch/arm/cpu/armv7/built-in.o
                0x00000000416004f8                v7_outer_cache_enable
 .text.v7_outer_cache_disable
                0x00000000416004fc        0x4 arch/arm/cpu/armv7/built-in.o
                0x00000000416004fc                v7_outer_cache_disable
 .text.v7_outer_cache_flush_all
                0x0000000041600500        0x4 arch/arm/cpu/armv7/built-in.o
                0x0000000041600500                v7_outer_cache_flush_all
 .text.flush_dcache_all
                0x0000000041600504       0x10 arch/arm/cpu/armv7/built-in.o
                0x0000000041600504                flush_dcache_all
 .text.v7_outer_cache_inval_all
                0x0000000041600514        0x4 arch/arm/cpu/armv7/built-in.o
                0x0000000041600514                v7_outer_cache_inval_all
 .text.invalidate_dcache_all
                0x0000000041600518       0x10 arch/arm/cpu/armv7/built-in.o
                0x0000000041600518                invalidate_dcache_all
 .text.arm_init_before_mmu
                0x0000000041600528       0x28 arch/arm/cpu/armv7/built-in.o
                0x0000000041600528                arm_init_before_mmu
 .text.v7_outer_cache_flush_range
                0x0000000041600550        0x4 arch/arm/cpu/armv7/built-in.o
                0x0000000041600550                v7_outer_cache_flush_range
 .text.flush_dcache_range
                0x0000000041600554       0x54 arch/arm/cpu/armv7/built-in.o
                0x0000000041600554                flush_dcache_range
 .text.mmu_page_table_flush
                0x00000000416005a8       0x24 arch/arm/cpu/armv7/built-in.o
                0x00000000416005a8                mmu_page_table_flush
 .text.v7_outer_cache_inval_range
                0x00000000416005cc        0x4 arch/arm/cpu/armv7/built-in.o
                0x00000000416005cc                v7_outer_cache_inval_range
 .text.invalidate_dcache_range
                0x00000000416005d0       0x64 arch/arm/cpu/armv7/built-in.o
                0x00000000416005d0                invalidate_dcache_range
 .text.cpu_cache_initialization
                0x0000000041600634        0x4 arch/arm/cpu/armv7/built-in.o
                0x0000000041600634                cpu_cache_initialization
 .text.cleanup_before_linux_select
                0x0000000041600638       0x60 arch/arm/cpu/armv7/built-in.o
                0x0000000041600638                cleanup_before_linux_select
 .text.cleanup_before_linux
                0x0000000041600698        0x8 arch/arm/cpu/armv7/built-in.o
                0x0000000041600698                cleanup_before_linux
 .text          0x00000000416006a0      0x528 arch/arm/lib/built-in.o
                0x00000000416006a0                _main
                0x0000000041600740                memset
                0x000000004160081c                memcpy
 .text.relocate_vectors
                0x0000000041600bc8       0x70 arch/arm/lib/built-in.o
                0x0000000041600bc8                relocate_vectors
                0x0000000041600bd4                relocate_code
 .text.arch_fixup_fdt
                0x0000000041600c38       0x34 arch/arm/lib/built-in.o
                0x0000000041600c38                arch_fixup_fdt
 .text.boot_prep_linux
                0x0000000041600c6c       0x4c arch/arm/lib/built-in.o
 .text.arch_lmb_reserve
                0x0000000041600cb8       0x24 arch/arm/lib/built-in.o
                0x0000000041600cb8                arch_lmb_reserve
 .text.board_quiesce_devices
                0x0000000041600cdc        0x4 arch/arm/lib/built-in.o
                0x0000000041600cdc                board_quiesce_devices
 .text.boot_jump_linux
                0x0000000041600ce0       0xa4 arch/arm/lib/built-in.o
 .text.do_bootm_linux
                0x0000000041600d84       0x64 arch/arm/lib/built-in.o
                0x0000000041600d84                do_bootm_linux
 .text.boot_prep_vxworks
                0x0000000041600de8       0x4c arch/arm/lib/built-in.o
                0x0000000041600de8                boot_prep_vxworks
 .text.boot_jump_vxworks
                0x0000000041600e34        0xc arch/arm/lib/built-in.o
                0x0000000041600e34                boot_jump_vxworks
 .text.bootz_setup
                0x0000000041600e40       0x8c arch/arm/lib/built-in.o
                0x0000000041600e40                bootz_setup
 .text.arch_reserve_stacks
                0x0000000041600ecc       0x1c arch/arm/lib/built-in.o
                0x0000000041600ecc                arch_reserve_stacks
 .text.interrupt_init
                0x0000000041600ee8       0x1c arch/arm/lib/built-in.o
                0x0000000041600ee8                interrupt_init
 .text.enable_interrupts
                0x0000000041600f04        0x4 arch/arm/lib/built-in.o
                0x0000000041600f04                enable_interrupts
 .text.disable_interrupts
                0x0000000041600f08        0x8 arch/arm/lib/built-in.o
                0x0000000041600f08                disable_interrupts
 .text.bad_mode
                0x0000000041600f10       0x10 arch/arm/lib/built-in.o
                0x0000000041600f10                bad_mode
 .text.show_regs
                0x0000000041600f20      0x2ac arch/arm/lib/built-in.o
                0x0000000041600f20                show_regs
 .text.do_undefined_instruction
                0x00000000416011cc       0x2c arch/arm/lib/built-in.o
                0x00000000416011cc                do_undefined_instruction
 .text.do_software_interrupt
                0x00000000416011f8       0x2c arch/arm/lib/built-in.o
                0x00000000416011f8                do_software_interrupt
 .text.do_prefetch_abort
                0x0000000041601224       0x2c arch/arm/lib/built-in.o
                0x0000000041601224                do_prefetch_abort
 .text.do_data_abort
                0x0000000041601250       0x2c arch/arm/lib/built-in.o
                0x0000000041601250                do_data_abort
 .text.do_not_used
                0x000000004160127c       0x2c arch/arm/lib/built-in.o
                0x000000004160127c                do_not_used
 .text.do_fiq   0x00000000416012a8       0x2c arch/arm/lib/built-in.o
                0x00000000416012a8                do_fiq
 .text.do_irq   0x00000000416012d4       0x2c arch/arm/lib/built-in.o
                0x00000000416012d4                do_irq
 .text.do_reset
                0x0000000041601300       0x18 arch/arm/lib/built-in.o
                0x0000000041601300                do_reset
 .text.flush_cache
                0x0000000041601318        0x8 arch/arm/lib/built-in.o
                0x0000000041601318                flush_cache
 .text.check_cache_range
                0x0000000041601320       0x34 arch/arm/lib/built-in.o
                0x0000000041601320                check_cache_range
 .text.noncached_init
                0x0000000041601354       0x48 arch/arm/lib/built-in.o
                0x0000000041601354                noncached_init
 .text.noncached_alloc
                0x000000004160139c       0x54 arch/arm/lib/built-in.o
                0x000000004160139c                noncached_alloc
 .text.arm_init_domains
                0x00000000416013f0        0x4 arch/arm/lib/built-in.o
                0x00000000416013f0                arm_init_domains
 .text.set_section_dcache
                0x00000000416013f4       0x14 arch/arm/lib/built-in.o
                0x00000000416013f4                set_section_dcache
 .text.mmu_set_region_dcache_behaviour
                0x0000000041601408       0x54 arch/arm/lib/built-in.o
                0x0000000041601408                mmu_set_region_dcache_behaviour
 .text.dram_bank_mmu_setup
                0x000000004160145c       0x3c arch/arm/lib/built-in.o
                0x000000004160145c                dram_bank_mmu_setup
 .text.icache_enable
                0x0000000041601498       0x14 arch/arm/lib/built-in.o
                0x0000000041601498                icache_enable
 .text.icache_disable
                0x00000000416014ac       0x18 arch/arm/lib/built-in.o
                0x00000000416014ac                icache_disable
 .text.icache_status
                0x00000000416014c4        0xc arch/arm/lib/built-in.o
                0x00000000416014c4                icache_status
 .text.dcache_enable
                0x00000000416014d0       0x80 arch/arm/lib/built-in.o
                0x00000000416014d0                dcache_enable
 .text.dcache_disable
                0x0000000041601550       0x28 arch/arm/lib/built-in.o
                0x0000000041601550                dcache_disable
 .text.dcache_status
                0x0000000041601578        0xc arch/arm/lib/built-in.o
                0x0000000041601578                dcache_status
 .text.arch_cpu_init
                0x0000000041601584        0x8 arch/arm/mach-molchip/built-in.o
                0x0000000041601584                arch_cpu_init
 .text.enable_caches
                0x000000004160158c       0x10 arch/arm/mach-molchip/built-in.o
                0x000000004160158c                enable_caches
 .text.init_iram_reboot
                0x000000004160159c       0x74 board/molchip/built-in.o
                0x000000004160159c                init_iram_reboot
 .text.do_reboot
                0x0000000041601610       0x34 board/molchip/built-in.o
                0x0000000041601610                do_reboot
 .text.do_print_ddr_cali_info
                0x0000000041601644      0x16c board/molchip/built-in.o
                0x0000000041601644                do_print_ddr_cali_info
 .text.board_init
                0x00000000416017b0       0x8c board/molchip/built-in.o
                0x00000000416017b0                board_init
 .text.dram_init
                0x000000004160183c       0x10 board/molchip/built-in.o
                0x000000004160183c                dram_init
 .text.dram_init_banksize
                0x000000004160184c       0x74 board/molchip/built-in.o
                0x000000004160184c                dram_init_banksize
 .text.lowlevel_init
                0x00000000416018c0        0x4 board/molchip/built-in.o
                0x00000000416018c0                lowlevel_init
 .text.board_early_init_f
                0x00000000416018c4       0x5c board/molchip/built-in.o
                0x00000000416018c4                board_early_init_f
 .text.uart_putc
                0x0000000041601920       0x1c board/molchip/built-in.o
                0x0000000041601920                uart_putc
 .text.uart_put_int
                0x000000004160193c       0xfc board/molchip/built-in.o
 .text.uart_puts
                0x0000000041601a38       0x40 board/molchip/built-in.o
                0x0000000041601a38                uart_puts
 .text.mc_printf
                0x0000000041601a78      0x184 board/molchip/built-in.o
                0x0000000041601a78                mc_printf
 .text.spi_nand_check_erased_buf
                0x0000000041601bfc      0x134 board/molchip/built-in.o
 .text.spi_nand_send_cmd
                0x0000000041601d30      0x350 board/molchip/built-in.o
 .text.spi_nand_read_page_to_cache
                0x0000000041602080       0x50 board/molchip/built-in.o
 .text.spi_nand_write_enable
                0x00000000416020d0       0x30 board/molchip/built-in.o
 .text.spi_nand_set_otp.isra.0
                0x0000000041602100       0x4c board/molchip/built-in.o
 .text.spi_nand_get_otp.isra.0
                0x000000004160214c       0x4c board/molchip/built-in.o
 .text.spi_nand_read_id.isra.0
                0x0000000041602198       0x48 board/molchip/built-in.o
 .text.spi_nand_wait
                0x00000000416021e0       0x6c board/molchip/built-in.o
 .text.ilog2    0x000000004160224c       0x1c board/molchip/built-in.o
                0x000000004160224c                ilog2
 .text.spi_nand_scan_id_table
                0x0000000041602268       0xec board/molchip/built-in.o
 .text.get_ecc_sts_with_check_ecc_chunk
                0x0000000041602354      0x144 board/molchip/built-in.o
                0x0000000041602354                get_ecc_sts_with_check_ecc_chunk
 .text.spi_nand_read_from_cache.constprop.0
                0x0000000041602498       0xc4 board/molchip/built-in.o
 .text.spi_nand_do_read_page.constprop.0
                0x000000004160255c      0x1bc board/molchip/built-in.o
 .text.spi_nand_scan
                0x0000000041602718       0x70 board/molchip/built-in.o
                0x0000000041602718                spi_nand_scan
 .text.spi_nand_disable_ecc
                0x0000000041602788       0x58 board/molchip/built-in.o
                0x0000000041602788                spi_nand_disable_ecc
 .text.spi_nand_read
                0x00000000416027e0       0xe0 board/molchip/built-in.o
                0x00000000416027e0                spi_nand_read
 .text.spi_nand_program
                0x00000000416028c0      0x1d8 board/molchip/built-in.o
                0x00000000416028c0                spi_nand_program
 .text.spi_nand_erase
                0x0000000041602a98      0x124 board/molchip/built-in.o
                0x0000000041602a98                spi_nand_erase
 .text.mc_get_cpu_clk
                0x0000000041602bbc       0x2c board/molchip/built-in.o
                0x0000000041602bbc                mc_get_cpu_clk
 .text.do_go_exec
                0x0000000041602be8       0x10 cmd/built-in.o
                0x0000000041602be8                do_go_exec
 .text.do_go    0x0000000041602bf8       0x6c cmd/built-in.o
 .text.do_bootm
                0x0000000041602c64      0x168 cmd/built-in.o
                0x0000000041602c64                do_bootm
 .text.image_info
                0x0000000041602dcc       0xcc cmd/built-in.o
 .text.do_iminfo
                0x0000000041602e98       0x5c cmd/built-in.o
 .text.bootm_maybe_autostart
                0x0000000041602ef4       0x78 cmd/built-in.o
                0x0000000041602ef4                bootm_maybe_autostart
 .text.do_help  0x0000000041602f6c       0x44 cmd/built-in.o
 .text.do_version
                0x0000000041602fb0       0x40 cmd/built-in.o
 .text.blk_common_cmd
                0x0000000041602ff0      0x318 cmd/built-in.o
                0x0000000041602ff0                blk_common_cmd
 .text.source   0x0000000041603308       0xd8 cmd/built-in.o
                0x0000000041603308                source
 .text.do_source
                0x00000000416033e0       0x48 cmd/built-in.o
 .text.print_num
                0x0000000041603428       0x14 cmd/built-in.o
 .text.do_bdinfo
                0x000000004160343c       0xfc cmd/built-in.o
 .text.do_bootz
                0x0000000041603538      0x150 cmd/built-in.o
                0x0000000041603538                do_bootz
 .text.do_bootx
                0x0000000041603688       0xd4 cmd/built-in.o
                0x0000000041603688                do_bootx
 .text.parse_argv
                0x000000004160375c       0x60 cmd/built-in.o
 .text.do_icache
                0x00000000416037bc       0x88 cmd/built-in.o
 .text.do_dcache
                0x0000000041603844       0x88 cmd/built-in.o
 .text.cnvrt2   0x00000000416038cc       0x44 cmd/built-in.o
 .text.mk_date  0x0000000041603910      0x1c8 cmd/built-in.o
                0x0000000041603910                mk_date
 .text.do_date  0x0000000041603ad8      0x188 cmd/built-in.o
 .text.do_echo  0x0000000041603c60       0xb4 cmd/built-in.o
 .text.load_elf_image_shdr
                0x0000000041603d14       0x8c cmd/built-in.o
 .text.valid_elf_image
                0x0000000041603da0       0x4c cmd/built-in.o
                0x0000000041603da0                valid_elf_image
 .text.do_bootelf
                0x0000000041603dec      0x1cc cmd/built-in.o
                0x0000000041603dec                do_bootelf
 .text.do_bootvx
                0x0000000041603fb8      0x330 cmd/built-in.o
                0x0000000041603fb8                do_bootvx
 .text.do_fat_size
                0x00000000416042e8       0x18 cmd/built-in.o
                0x00000000416042e8                do_fat_size
 .text.do_fat_fsload
                0x0000000041604300       0x18 cmd/built-in.o
                0x0000000041604300                do_fat_fsload
 .text.do_fat_ls
                0x0000000041604318       0x18 cmd/built-in.o
 .text.do_fat_fsinfo
                0x0000000041604330       0x8c cmd/built-in.o
 .text.do_fat_fswrite
                0x00000000416043bc      0x124 cmd/built-in.o
 .text.fdt_valid
                0x00000000416044e0       0xbc cmd/built-in.o
 .text.is_printable_string
                0x000000004160459c       0x80 cmd/built-in.o
 .text.print_data.part.0
                0x000000004160461c      0x16c cmd/built-in.o
 .text.set_working_fdt_addr
                0x0000000041604788       0x1c cmd/built-in.o
                0x0000000041604788                set_working_fdt_addr
 .text.do_fdt   0x00000000416047a4      0xf30 cmd/built-in.o
 .text.get_option
                0x00000000416056d4       0x40 cmd/built-in.o
 .text.get_option_value
                0x0000000041605714       0x24 cmd/built-in.o
 .text.do_gpio_test
                0x0000000041605738      0x180 cmd/built-in.o
 .text.do_mem_md
                0x00000000416058b8       0xe8 cmd/built-in.o
 .text.do_mem_base
                0x00000000416059a0       0x40 cmd/built-in.o
 .text.do_mem_crc
                0x00000000416059e0       0x6c cmd/built-in.o
 .text.do_mem_mw
                0x0000000041605a4c       0xc0 cmd/built-in.o
 .text.do_mem_loop
                0x0000000041605b0c       0xe8 cmd/built-in.o
 .text.do_mem_cmp
                0x0000000041605bf4      0x150 cmd/built-in.o
 .text.mod_mem.part.0
                0x0000000041605d44      0x164 cmd/built-in.o
 .text.do_mem_mm
                0x0000000041605ea8       0x1c cmd/built-in.o
 .text.do_mem_nm
                0x0000000041605ec4       0x1c cmd/built-in.o
 .text.do_mem_cp
                0x0000000041605ee0       0xa8 cmd/built-in.o
 .text.extract_range
                0x0000000041605f88       0xe0 cmd/built-in.o
 .text.do_mii   0x0000000041606068      0x8f4 cmd/built-in.o
 .text.do_mdio  0x000000004160695c      0x4e4 cmd/built-in.o
 .text.do_mmcops
                0x0000000041606e40       0xb8 cmd/built-in.o
 .text.do_mmc_setdsr
                0x0000000041606ef8       0xa4 cmd/built-in.o
 .text.init_mmc_device
                0x0000000041606f9c       0x50 cmd/built-in.o
 .text.do_mmc_rescan
                0x0000000041606fec       0x24 cmd/built-in.o
 .text.do_mmc_hwpartition
                0x0000000041607010      0x508 cmd/built-in.o
 .text.do_mmc_list
                0x0000000041607518       0x14 cmd/built-in.o
 .text.do_mmc_dev
                0x000000004160752c      0x130 cmd/built-in.o
 .text.do_mmcinfo
                0x000000004160765c      0x370 cmd/built-in.o
 .text.do_mmc_part
                0x00000000416079cc       0x60 cmd/built-in.o
 .text.do_mmc_erase
                0x0000000041607a2c       0xe8 cmd/built-in.o
 .text.do_mmc_write
                0x0000000041607b14      0x100 cmd/built-in.o
 .text.do_mmc_read
                0x0000000041607c14       0xec cmd/built-in.o
 .text.netboot_common
                0x0000000041607d00      0x2e0 cmd/built-in.o
 .text.do_bootp
                0x0000000041607fe0        0xc cmd/built-in.o
 .text.do_tftpput
                0x0000000041607fec        0xc cmd/built-in.o
 .text.do_tftpsrv
                0x0000000041607ff8        0xc cmd/built-in.o
 .text.do_rarpb
                0x0000000041608004        0xc cmd/built-in.o
                0x0000000041608004                do_rarpb
 .text.do_dhcp  0x0000000041608010        0xc cmd/built-in.o
 .text.do_nfs   0x000000004160801c        0xc cmd/built-in.o
 .text.do_tftpb
                0x0000000041608028       0x40 cmd/built-in.o
                0x0000000041608028                do_tftpb
 .text.do_cdp   0x0000000041608068       0xe4 cmd/built-in.o
                0x0000000041608068                do_cdp
 .text.do_sntp  0x000000004160814c       0xbc cmd/built-in.o
                0x000000004160814c                do_sntp
 .text.do_dns   0x0000000041608208       0x94 cmd/built-in.o
                0x0000000041608208                do_dns
 .text.do_link_local
                0x000000004160829c       0xac cmd/built-in.o
 .text.do_ping  0x0000000041608348       0x78 cmd/built-in.o
 .text.do_get_ext2
                0x00000000416083c0        0x8 cmd/built-in.o
 .text.eol_or_eof
                0x00000000416083c8       0x20 cmd/built-in.o
 .text.do_pxe   0x00000000416083e8       0x7c cmd/built-in.o
 .text.label_print
                0x0000000041608464       0x1c cmd/built-in.o
 .text.do_get_tftp
                0x0000000041608480       0x40 cmd/built-in.o
 .text.from_env
                0x00000000416084c0       0x2c cmd/built-in.o
 .text.label_destroy
                0x00000000416084ec       0x74 cmd/built-in.o
 .text.destroy_pxe_menu
                0x0000000041608560       0x5c cmd/built-in.o
 .text.do_get_fat
                0x00000000416085bc       0x3c cmd/built-in.o
 .text.do_get_any
                0x00000000416085f8        0x8 cmd/built-in.o
 .text.format_mac_pxe.constprop.0
                0x0000000041608600       0x74 cmd/built-in.o
 .text.get_relfile
                0x0000000041608674      0x138 cmd/built-in.o
 .text.get_pxe_file
                0x00000000416087ac       0x58 cmd/built-in.o
 .text.get_pxelinux_path
                0x0000000041608804       0x7c cmd/built-in.o
 .text.do_pxe_get
                0x0000000041608880      0x160 cmd/built-in.o
 .text.get_relfile_envaddr
                0x00000000416089e0       0x50 cmd/built-in.o
 .text.get_string.isra.0
                0x0000000041608a30       0xc0 cmd/built-in.o
 .text.get_token
                0x0000000041608af0      0x114 cmd/built-in.o
 .text.parse_sliteral
                0x0000000041608c04       0x54 cmd/built-in.o
 .text.parse_integer
                0x0000000041608c58       0x70 cmd/built-in.o
 .text.parse_pxefile_top
                0x0000000041608cc8      0x464 cmd/built-in.o
 .text.handle_include
                0x000000004160912c       0xa4 cmd/built-in.o
 .text.parse_pxefile
                0x00000000416091d0       0x70 cmd/built-in.o
 .text.label_boot
                0x0000000041609240      0x57c cmd/built-in.o
 .text.handle_pxe_menu
                0x00000000416097bc      0x160 cmd/built-in.o
 .text.do_pxe_boot
                0x000000004160991c       0xe0 cmd/built-in.o
 .text.do_sysboot
                0x00000000416099fc      0x1ec cmd/built-in.o
 .text.bytes_per_second
                0x0000000041609be8       0x50 cmd/built-in.o
 .text.do_spi_flash
                0x0000000041609c38      0x7ec cmd/built-in.o
 .text.usb_get_class_desc
                0x000000004160a424       0xc8 cmd/built-in.o
 .text.usb_display_class_sub
                0x000000004160a4ec      0x174 cmd/built-in.o
 .text.usb_display_desc
                0x000000004160a660      0x150 cmd/built-in.o
 .text.usb_show_tree_graph
                0x000000004160a7b0      0x1d8 cmd/built-in.o
 .text.usb_show_subtree
                0x000000004160a988       0x30 cmd/built-in.o
 .text.usb_for_each_root_dev
                0x000000004160a9b8       0x6c cmd/built-in.o
 .text.usb_display_string
                0x000000004160aa24       0x44 cmd/built-in.o
 .text.usb_display_config
                0x000000004160aa68      0x210 cmd/built-in.o
 .text.usb_show_info
                0x000000004160ac78       0x54 cmd/built-in.o
 .text.usb_find_device
                0x000000004160accc       0xb4 cmd/built-in.o
 .text.do_usbboot
                0x000000004160ad80        0xc cmd/built-in.o
 .text.do_usb_start
                0x000000004160ad8c       0x30 cmd/built-in.o
 .text.usb_show_tree
                0x000000004160adbc        0xc cmd/built-in.o
                0x000000004160adbc                usb_show_tree
 .text.do_usb   0x000000004160adc8      0x3ec cmd/built-in.o
 .text.common_diskboot
                0x000000004160b1b4      0x228 cmd/built-in.o
                0x000000004160b1b4                common_diskboot
 .text.ethsw_port_aggr_help_key_func
                0x000000004160b3dc       0x18 cmd/built-in.o
 .text.ethsw_ingr_fltr_help_key_func
                0x000000004160b3f4       0x18 cmd/built-in.o
 .text.ethsw_vlan_learn_help_key_func
                0x000000004160b40c       0x18 cmd/built-in.o
 .text.ethsw_egr_tag_help_key_func
                0x000000004160b424       0x18 cmd/built-in.o
 .text.ethsw_port_untag_help_key_func
                0x000000004160b43c       0x18 cmd/built-in.o
 .text.ethsw_vlan_help_key_func
                0x000000004160b454       0x18 cmd/built-in.o
 .text.ethsw_pvid_help_key_func
                0x000000004160b46c       0x18 cmd/built-in.o
 .text.ethsw_fdb_help_key_func
                0x000000004160b484       0x18 cmd/built-in.o
 .text.ethsw_learn_help_key_func
                0x000000004160b49c       0x18 cmd/built-in.o
 .text.ethsw_port_stats_help_key_func
                0x000000004160b4b4       0x18 cmd/built-in.o
 .text.keyword_match_gen
                0x000000004160b4cc       0x40 cmd/built-in.o
 .text.keyword_match_aggr
                0x000000004160b50c       0x78 cmd/built-in.o
 .text.keyword_match_pvid
                0x000000004160b584       0x78 cmd/built-in.o
 .text.keyword_match_mac_addr
                0x000000004160b5fc      0x110 cmd/built-in.o
 .text.keyword_match_vlan
                0x000000004160b70c      0x12c cmd/built-in.o
 .text.keyword_match_port
                0x000000004160b838       0x80 cmd/built-in.o
 .text.do_ethsw
                0x000000004160b8b8      0x26c cmd/built-in.o
 .text.do_arcgo
                0x000000004160bb24       0xa8 cmd/built-in.o
                0x000000004160bb24                do_arcgo
 .text.do_env_delete
                0x000000004160bbcc       0xa4 cmd/built-in.o
 .text.do_env_save
                0x000000004160bc70       0x28 cmd/built-in.o
 .text.do_env   0x000000004160bc98       0x68 cmd/built-in.o
 .text.env_print
                0x000000004160bd00       0xc4 cmd/built-in.o
 .text.do_env_print
                0x000000004160bdc4       0xc0 cmd/built-in.o
 .text.do_env_import
                0x000000004160be84      0x280 cmd/built-in.o
 .text.do_env_default
                0x000000004160c104       0x8c cmd/built-in.o
 .text._do_env_set.constprop.0
                0x000000004160c190      0x1b4 cmd/built-in.o
 .text.do_env_set
                0x000000004160c344       0x20 cmd/built-in.o
 .text.get_env_id
                0x000000004160c364       0x10 cmd/built-in.o
                0x000000004160c364                get_env_id
 .text.env_set  0x000000004160c374       0x60 cmd/built-in.o
                0x000000004160c374                env_set
 .text.env_set_ulong
                0x000000004160c3d4       0x20 cmd/built-in.o
                0x000000004160c3d4                env_set_ulong
 .text.env_set_hex
                0x000000004160c3f4       0x34 cmd/built-in.o
                0x000000004160c3f4                env_set_hex
 .text.do_env_export
                0x000000004160c428      0x248 cmd/built-in.o
 .text.envmatch
                0x000000004160c670       0x6c cmd/built-in.o
                0x000000004160c670                envmatch
 .text.env_get_f
                0x000000004160c6dc       0xb8 cmd/built-in.o
                0x000000004160c6dc                env_get_f
 .text.env_get  0x000000004160c794       0x78 cmd/built-in.o
                0x000000004160c794                env_get
 .text.env_get_hex
                0x000000004160c80c       0x38 cmd/built-in.o
                0x000000004160c80c                env_get_hex
 .text.env_get_ulong
                0x000000004160c844       0x30 cmd/built-in.o
                0x000000004160c844                env_get_ulong
 .text.board_init_f_alloc_reserve
                0x000000004160c874       0x10 common/built-in.o
                0x000000004160c874                board_init_f_alloc_reserve
 .text.board_init_f_init_reserve
                0x000000004160c884       0x20 common/built-in.o
                0x000000004160c884                board_init_f_init_reserve
 .text.show_boot_progress
                0x000000004160c8a4        0x8 common/built-in.o
                0x000000004160c8a4                show_boot_progress
 .text.main_loop
                0x000000004160c8ac       0x48 common/built-in.o
                0x000000004160c8ac                main_loop
 .text.mdelay   0x000000004160c8f4       0x20 common/built-in.o
 .text.dummy    0x000000004160c914        0x4 common/built-in.o
 .text.get_version
                0x000000004160c918        0x8 common/built-in.o
                0x000000004160c918                get_version
 .text.jumptable_init
                0x000000004160c920      0x1e0 common/built-in.o
                0x000000004160c920                jumptable_init
 .text.hash_finish_crc32
                0x000000004160cb00       0x30 common/built-in.o
 .text.hash_update_crc32
                0x000000004160cb30       0x24 common/built-in.o
 .text.hash_init_crc32
                0x000000004160cb54       0x24 common/built-in.o
 .text.hash_show
                0x000000004160cb78       0x54 common/built-in.o
 .text.hash_lookup_algo
                0x000000004160cbcc       0x28 common/built-in.o
                0x000000004160cbcc                hash_lookup_algo
 .text.hash_parse_string
                0x000000004160cbf4       0x68 common/built-in.o
                0x000000004160cbf4                hash_parse_string
 .text.hash_command
                0x000000004160cc5c      0x2dc common/built-in.o
                0x000000004160cc5c                hash_command
 .text.bootdelay_process
                0x000000004160cf38       0xc0 common/built-in.o
                0x000000004160cf38                bootdelay_process
 .text.autoboot_command
                0x000000004160cff8       0xd8 common/built-in.o
                0x000000004160cff8                autoboot_command
 .text.display_text_info
                0x000000004160d0d0        0x8 common/built-in.o
 .text.show_dram_config
                0x000000004160d0d8       0x10 common/built-in.o
 .text.setup_mon_len
                0x000000004160d0e8       0x20 common/built-in.o
 .text.reserve_round_4k
                0x000000004160d108       0x18 common/built-in.o
 .text.reserve_mmu
                0x000000004160d120       0x38 common/built-in.o
                0x000000004160d120                reserve_mmu
 .text.reserve_uboot
                0x000000004160d158       0x30 common/built-in.o
 .text.reserve_malloc
                0x000000004160d188       0x14 common/built-in.o
 .text.reserve_global_data
                0x000000004160d19c       0x1c common/built-in.o
 .text.reserve_fdt
                0x000000004160d1b8       0x4c common/built-in.o
 .text.setup_reloc
                0x000000004160d204       0x40 common/built-in.o
 .text.reloc_fdt
                0x000000004160d244       0x44 common/built-in.o
 .text.reserve_board
                0x000000004160d288       0x40 common/built-in.o
 .text.init_baud_rate
                0x000000004160d2c8       0x2c common/built-in.o
 .text.initf_dm
                0x000000004160d2f4        0x8 common/built-in.o
 .text.initf_bootstage
                0x000000004160d2fc       0x14 common/built-in.o
 .text.arch_cpu_init_dm
                0x000000004160d310        0x8 common/built-in.o
                0x000000004160d310                arch_cpu_init_dm
 .text.mach_cpu_init
                0x000000004160d318        0x8 common/built-in.o
                0x000000004160d318                mach_cpu_init
 .text.reserve_video
                0x000000004160d320        0x8 common/built-in.o
 .text.reserve_trace
                0x000000004160d328        0x8 common/built-in.o
 .text.setup_machine
                0x000000004160d330        0x8 common/built-in.o
 .text.reserve_bootstage
                0x000000004160d338        0x8 common/built-in.o
 .text.display_new_sp
                0x000000004160d340        0x8 common/built-in.o
 .text.reloc_bootstage
                0x000000004160d348        0x8 common/built-in.o
 .text.initf_console_record
                0x000000004160d350        0x8 common/built-in.o
 .text.reserve_arch
                0x000000004160d358        0x8 common/built-in.o
                0x000000004160d358                reserve_arch
 .text.coloured_LED_init
                0x000000004160d360        0x4 common/built-in.o
                0x000000004160d360                coloured_LED_init
 .text.red_led_on
                0x000000004160d364        0x4 common/built-in.o
                0x000000004160d364                red_led_on
 .text.board_get_usable_ram_top
                0x000000004160d368       0x14 common/built-in.o
                0x000000004160d368                board_get_usable_ram_top
 .text.setup_dest_addr
                0x000000004160d37c       0x3c common/built-in.o
 .text.reserve_stacks
                0x000000004160d3b8       0x1c common/built-in.o
 .text.board_init_f
                0x000000004160d3d4       0x28 common/built-in.o
                0x000000004160d3d4                board_init_f
 .text.bootstage_relocate
                0x000000004160d3fc        0x8 common/built-in.o
 .text.initr_trace
                0x000000004160d404        0x8 common/built-in.o
 .text.initr_reloc
                0x000000004160d40c       0x18 common/built-in.o
 .text.initr_reloc_global_data
                0x000000004160d424       0x28 common/built-in.o
 .text.run_main_loop
                0x000000004160d44c        0xc common/built-in.o
 .text.initr_ethaddr
                0x000000004160d458       0x20 common/built-in.o
 .text.initr_enable_interrupts
                0x000000004160d478       0x10 common/built-in.o
 .text.initr_jumptable
                0x000000004160d488       0x10 common/built-in.o
 .text.initr_env
                0x000000004160d498       0x64 common/built-in.o
 .text.initr_mmc
                0x000000004160d4fc       0x14 common/built-in.o
 .text.initr_serial
                0x000000004160d510       0x10 common/built-in.o
 .text.initr_dm
                0x000000004160d520       0x14 common/built-in.o
 .text.initr_noncached
                0x000000004160d534       0x10 common/built-in.o
 .text.initr_bootstage
                0x000000004160d544       0x14 common/built-in.o
 .text.initr_malloc
                0x000000004160d558       0x1c common/built-in.o
 .text.initr_caches
                0x000000004160d574       0x10 common/built-in.o
 .text.initr_aes
                0x000000004160d584       0x50 common/built-in.o
 .text.initr_announce
                0x000000004160d5d4        0x8 common/built-in.o
 .text.initr_barrier
                0x000000004160d5dc        0x8 common/built-in.o
 .text.initr_console_record
                0x000000004160d5e4        0x8 common/built-in.o
 .text.power_init_board
                0x000000004160d5ec        0x8 common/built-in.o
                0x000000004160d5ec                power_init_board
 .text.cpu_secondary_init_r
                0x000000004160d5f4        0x4 common/built-in.o
                0x000000004160d5f4                cpu_secondary_init_r
 .text.initr_secondary_cpu
                0x000000004160d5f8       0x10 common/built-in.o
 .text.initr_net
                0x000000004160d608       0x10 common/built-in.o
                0x000000004160d608                initr_net
 .text.uclass_get_efuse_dev_by_driver_in_turn
                0x000000004160d618       0xa0 common/built-in.o
                0x000000004160d618                uclass_get_efuse_dev_by_driver_in_turn
 .text.initr_efuse
                0x000000004160d6b8       0x1c common/built-in.o
 .text.board_init_r
                0x000000004160d6d4       0x14 common/built-in.o
                0x000000004160d6d4                board_init_r
 .text.bootm_find_images
                0x000000004160d6e8       0xa8 common/built-in.o
                0x000000004160d6e8                bootm_find_images
 .text.bootm_decomp_image
                0x000000004160d790      0x144 common/built-in.o
                0x000000004160d790                bootm_decomp_image
 .text.bootm_disable_interrupts
                0x000000004160d8d4       0x30 common/built-in.o
                0x000000004160d8d4                bootm_disable_interrupts
 .text.do_bootm_states
                0x000000004160d904      0x738 common/built-in.o
                0x000000004160d904                do_bootm_states
 .text.copy_args
                0x000000004160e03c       0x48 common/built-in.o
 .text.do_bootm_plan9
                0x000000004160e084       0xa4 common/built-in.o
 .text.do_bootm_netbsd
                0x000000004160e128       0xf8 common/built-in.o
 .text.do_bootm_qnxelf
                0x000000004160e220       0x78 common/built-in.o
 .text.do_bootm_standalone
                0x000000004160e298       0x64 common/built-in.o
 .text.do_bootm_rtems
                0x000000004160e2fc       0x40 common/built-in.o
 .text.do_bootvx_fdt
                0x000000004160e33c      0x114 common/built-in.o
                0x000000004160e33c                do_bootvx_fdt
 .text.do_bootm_vxworks
                0x000000004160e450       0x24 common/built-in.o
 .text.arch_preboot_os
                0x000000004160e474        0x4 common/built-in.o
                0x000000004160e474                arch_preboot_os
 .text.boot_selected_os
                0x000000004160e478       0x58 common/built-in.o
                0x000000004160e478                boot_selected_os
 .text.bootm_os_get_boot_func
                0x000000004160e4d0       0x10 common/built-in.o
                0x000000004160e4d0                bootm_os_get_boot_func
 .text.of_bus_default_map
                0x000000004160e4e0       0xbc common/built-in.o
 .text.of_bus_default_translate
                0x000000004160e59c       0x98 common/built-in.o
 .text.fdt_support_default_count_cells
                0x000000004160e634       0x58 common/built-in.o
                0x000000004160e634                fdt_support_default_count_cells
 .text.fdt_find_and_setprop
                0x000000004160e68c       0x70 common/built-in.o
                0x000000004160e68c                fdt_find_and_setprop
 .text.fdt_find_or_add_subnode
                0x000000004160e6fc       0x60 common/built-in.o
                0x000000004160e6fc                fdt_find_or_add_subnode
 .text.fdt_root
                0x000000004160e75c       0x90 common/built-in.o
                0x000000004160e75c                fdt_root
 .text.fdt_initrd
                0x000000004160e7ec      0x1c4 common/built-in.o
                0x000000004160e7ec                fdt_initrd
 .text.fdt_chosen
                0x000000004160e9b0       0xb4 common/built-in.o
                0x000000004160e9b0                fdt_chosen
 .text.do_fixup_by_path
                0x000000004160ea64       0x54 common/built-in.o
                0x000000004160ea64                do_fixup_by_path
 .text.fdt_fixup_memory_banks
                0x000000004160eab8      0x1b8 common/built-in.o
                0x000000004160eab8                fdt_fixup_memory_banks
 .text.fdt_fixup_memory
                0x000000004160ec70       0x20 common/built-in.o
                0x000000004160ec70                fdt_fixup_memory
 .text.fdt_fixup_ethernet
                0x000000004160ec90      0x1ac common/built-in.o
                0x000000004160ec90                fdt_fixup_ethernet
 .text.fdt_shrink_to_minimum
                0x000000004160ee3c       0xd0 common/built-in.o
                0x000000004160ee3c                fdt_shrink_to_minimum
 .text.fdt_translate_address
                0x000000004160ef0c      0x260 common/built-in.o
                0x000000004160ef0c                fdt_translate_address
 .text.miiphy_get_dev_by_name
                0x000000004160f16c       0x54 common/built-in.o
                0x000000004160f16c                miiphy_get_dev_by_name
 .text.miiphy_init
                0x000000004160f1c0       0x24 common/built-in.o
                0x000000004160f1c0                miiphy_init
 .text.mdio_alloc
                0x000000004160f1e4       0x30 common/built-in.o
                0x000000004160f1e4                mdio_alloc
 .text.mdio_free
                0x000000004160f214        0x4 common/built-in.o
                0x000000004160f214                mdio_free
 .text.mdio_register
                0x000000004160f218       0x88 common/built-in.o
                0x000000004160f218                mdio_register
 .text.mdio_unregister
                0x000000004160f2a0       0x3c common/built-in.o
                0x000000004160f2a0                mdio_unregister
 .text.mdio_list_devices
                0x000000004160f2dc       0xb0 common/built-in.o
                0x000000004160f2dc                mdio_list_devices
 .text.miiphy_set_current_dev
                0x000000004160f38c       0x40 common/built-in.o
                0x000000004160f38c                miiphy_set_current_dev
 .text.miiphy_get_active_dev
                0x000000004160f3cc       0x50 common/built-in.o
 .text.mdio_get_current_dev
                0x000000004160f41c       0x10 common/built-in.o
                0x000000004160f41c                mdio_get_current_dev
 .text.mdio_phydev_for_ethname
                0x000000004160f42c       0x88 common/built-in.o
                0x000000004160f42c                mdio_phydev_for_ethname
 .text.miiphy_get_current_dev
                0x000000004160f4b4       0x18 common/built-in.o
                0x000000004160f4b4                miiphy_get_current_dev
 .text.miiphy_read
                0x000000004160f4cc       0x4c common/built-in.o
                0x000000004160f4cc                miiphy_read
 .text.miiphy_write
                0x000000004160f518       0x40 common/built-in.o
                0x000000004160f518                miiphy_write
 .text.miiphy_listdev
                0x000000004160f558       0x74 common/built-in.o
                0x000000004160f558                miiphy_listdev
 .text.miiphy_info
                0x000000004160f5cc       0x88 common/built-in.o
                0x000000004160f5cc                miiphy_info
 .text.miiphy_speed
                0x000000004160f654       0xc4 common/built-in.o
                0x000000004160f654                miiphy_speed
 .text.miiphy_duplex
                0x000000004160f718       0xbc common/built-in.o
                0x000000004160f718                miiphy_duplex
 .text.miiphy_is_1000base_x
                0x000000004160f7d4        0x8 common/built-in.o
                0x000000004160f7d4                miiphy_is_1000base_x
 .text.usb_set_maxpacket_ep
                0x000000004160f7dc       0x64 common/built-in.o
 .text.usb_control_msg
                0x000000004160f840       0x9c common/built-in.o
                0x000000004160f840                usb_control_msg
 .text.usb_get_descriptor
                0x000000004160f8dc       0x54 common/built-in.o
 .text.get_descriptor_len
                0x000000004160f930       0x90 common/built-in.o
 .text.usb_get_string
                0x000000004160f9c0       0x78 common/built-in.o
 .text.usb_string_sub
                0x000000004160fa38      0x100 common/built-in.o
 .text.usb_bulk_msg
                0x000000004160fb38       0x70 common/built-in.o
                0x000000004160fb38                usb_bulk_msg
 .text.usb_maxpacket
                0x000000004160fba8       0x18 common/built-in.o
                0x000000004160fba8                usb_maxpacket
 .text.usb_clear_halt
                0x000000004160fbc0       0x8c common/built-in.o
                0x000000004160fbc0                usb_clear_halt
 .text.usb_get_configuration_len
                0x000000004160fc4c       0x74 common/built-in.o
                0x000000004160fc4c                usb_get_configuration_len
 .text.usb_get_configuration_no
                0x000000004160fcc0       0x30 common/built-in.o
                0x000000004160fcc0                usb_get_configuration_no
 .text.usb_set_interface
                0x000000004160fcf0       0xb4 common/built-in.o
                0x000000004160fcf0                usb_set_interface
 .text.usb_string
                0x000000004160fda4      0x10c common/built-in.o
                0x000000004160fda4                usb_string
 .text.usb_select_config
                0x000000004160feb0      0x47c common/built-in.o
                0x000000004160feb0                usb_select_config
 .text.usb_setup_device
                0x000000004161032c      0x184 common/built-in.o
                0x000000004161032c                usb_setup_device
 .text.usb_device_has_child_on_port
                0x00000000416104b0        0x8 common/built-in.o
                0x00000000416104b0                usb_device_has_child_on_port
 .text.usb_set_port_feature
                0x00000000416104b8       0x4c common/built-in.o
 .text.usb_get_hub_descriptor
                0x0000000041610504       0x64 common/built-in.o
 .text.usb_clear_port_feature.isra.0
                0x0000000041610568       0x4c common/built-in.o
 .text.usb_hub_reset_devices
                0x00000000416105b4        0x4 common/built-in.o
                0x00000000416105b4                usb_hub_reset_devices
 .text.usb_hub_is_root_hub
                0x00000000416105b8       0x18 common/built-in.o
                0x00000000416105b8                usb_hub_is_root_hub
 .text.usb_get_port_status
                0x00000000416105d0       0xac common/built-in.o
                0x00000000416105d0                usb_get_port_status
 .text.usb_hub_port_connect_change
                0x000000004161067c      0x168 common/built-in.o
                0x000000004161067c                usb_hub_port_connect_change
 .text.usb_hub_configure
                0x00000000416107e4      0x58c common/built-in.o
 .text.usb_hub_scan
                0x0000000041610d70       0x10 common/built-in.o
                0x0000000041610d70                usb_hub_scan
 .text.usb_hub_post_probe
                0x0000000041610d80        0x4 common/built-in.o
 .text.usb_stor_irq
                0x0000000041610d84       0x1c common/built-in.o
 .text.usb_stor_BBB_reset
                0x0000000041610da0      0x108 common/built-in.o
 .text.usb_stor_CB_reset
                0x0000000041610ea8       0xe4 common/built-in.o
 .text.usb_stor_CB_comdat
                0x0000000041610f8c      0x208 common/built-in.o
 .text.usb_stor_CBI_get_status
                0x0000000041611194       0xd8 common/built-in.o
 .text.usb_stor_CB_transport
                0x000000004161126c      0x204 common/built-in.o
 .text.usb_request_sense.constprop.0.isra.0
                0x0000000041611470       0x6c common/built-in.o
 .text.usb_stor_write
                0x00000000416114dc      0x144 common/built-in.o
 .text.usb_stor_read
                0x0000000041611620      0x144 common/built-in.o
 .text.usb_stor_BBB_clear_endpt_stall.isra.0
                0x0000000041611764       0x40 common/built-in.o
 .text.usb_stor_BBB_transport
                0x00000000416117a4      0x288 common/built-in.o
 .text.usb_stor_info
                0x0000000041611a2c       0x74 common/built-in.o
                0x0000000041611a2c                usb_stor_info
 .text.usb_stor_reset
                0x0000000041611aa0       0x14 common/built-in.o
                0x0000000041611aa0                usb_stor_reset
 .text.usb_stor_scan
                0x0000000041611ab4       0x44 common/built-in.o
                0x0000000041611ab4                usb_stor_scan
 .text.usb_storage_probe
                0x0000000041611af8      0x208 common/built-in.o
                0x0000000041611af8                usb_storage_probe
 .text.usb_stor_get_info
                0x0000000041611d00      0x318 common/built-in.o
                0x0000000041611d00                usb_stor_get_info
 .text.usb_mass_storage_probe
                0x0000000041612018      0x178 common/built-in.o
 .text.menu_display_statusline
                0x0000000041612190        0x4 common/built-in.o
                0x0000000041612190                menu_display_statusline
 .text.menu_default_set
                0x0000000041612194       0x78 common/built-in.o
                0x0000000041612194                menu_default_set
 .text.menu_get_choice
                0x000000004161220c      0x1f0 common/built-in.o
                0x000000004161220c                menu_get_choice
 .text.menu_item_add
                0x00000000416123fc       0xc8 common/built-in.o
                0x00000000416123fc                menu_item_add
 .text.menu_create
                0x00000000416124c4       0x90 common/built-in.o
                0x00000000416124c4                menu_create
 .text.menu_destroy
                0x0000000041612554       0x6c common/built-in.o
                0x0000000041612554                menu_destroy
 .text.delete_char
                0x00000000416125c0       0xe0 common/built-in.o
 .text.cli_readline_into_buffer
                0x00000000416126a0      0x21c common/built-in.o
                0x00000000416126a0                cli_readline_into_buffer
 .text.cli_readline
                0x00000000416128bc       0x14 common/built-in.o
                0x00000000416128bc                cli_readline
 .text.cli_simple_parse_line
                0x00000000416128d0       0x90 common/built-in.o
                0x00000000416128d0                cli_simple_parse_line
 .text.cli_simple_process_macros
                0x0000000041612960      0x1e4 common/built-in.o
                0x0000000041612960                cli_simple_process_macros
 .text.cli_simple_run_command
                0x0000000041612b44      0x14c common/built-in.o
                0x0000000041612b44                cli_simple_run_command
 .text.cli_simple_loop
                0x0000000041612c90       0x80 common/built-in.o
                0x0000000041612c90                cli_simple_loop
 .text.cli_simple_run_command_list
                0x0000000041612d10       0x70 common/built-in.o
                0x0000000041612d10                cli_simple_run_command_list
 .text.console_setfile
                0x0000000041612d80       0xb8 common/built-in.o
 .text.putc     0x0000000041612e38       0x34 common/built-in.o
                0x0000000041612e38                putc
 .text.puts     0x0000000041612e6c       0x1c common/built-in.o
                0x0000000041612e6c                puts
 .text.fgetc    0x0000000041612e88       0x24 common/built-in.o
                0x0000000041612e88                fgetc
 .text.getc     0x0000000041612eac       0x24 common/built-in.o
                0x0000000041612eac                getc
 .text.ftstc    0x0000000041612ed0       0x24 common/built-in.o
                0x0000000041612ed0                ftstc
 .text.tstc     0x0000000041612ef4       0x24 common/built-in.o
                0x0000000041612ef4                tstc
 .text.ctrlc    0x0000000041612f18       0x60 common/built-in.o
                0x0000000041612f18                ctrlc
 .text.disable_ctrlc
                0x0000000041612f78       0x18 common/built-in.o
                0x0000000041612f78                disable_ctrlc
 .text.had_ctrlc
                0x0000000041612f90       0x10 common/built-in.o
                0x0000000041612f90                had_ctrlc
 .text.clear_ctrlc
                0x0000000041612fa0       0x14 common/built-in.o
                0x0000000041612fa0                clear_ctrlc
 .text.search_device
                0x0000000041612fb4       0x28 common/built-in.o
                0x0000000041612fb4                search_device
 .text.console_assign
                0x0000000041612fdc       0x40 common/built-in.o
                0x0000000041612fdc                console_assign
 .text.on_console
                0x000000004161301c       0xb8 common/built-in.o
 .text.console_init_f
                0x00000000416130d4       0x10 common/built-in.o
                0x00000000416130d4                console_init_f
 .text.console_init_r
                0x00000000416130e4       0xd4 common/built-in.o
                0x00000000416130e4                console_init_r
 .text.sbrk     0x00000000416131b8       0x68 common/built-in.o
                0x00000000416131b8                sbrk
 .text.mem_malloc_init
                0x0000000041613220       0x34 common/built-in.o
                0x0000000041613220                mem_malloc_init
 .text.malloc_trim
                0x0000000041613254       0xcc common/built-in.o
                0x0000000041613254                malloc_trim
 .text.free     0x0000000041613320      0x240 common/built-in.o
                0x0000000041613320                free
 .text.malloc   0x0000000041613560      0x60c common/built-in.o
                0x0000000041613560                malloc
 .text.calloc   0x0000000041613b6c      0x140 common/built-in.o
                0x0000000041613b6c                calloc
 .text.memalign
                0x0000000041613cac      0x174 common/built-in.o
                0x0000000041613cac                memalign
 .text.initf_malloc
                0x0000000041613e20       0x18 common/built-in.o
                0x0000000041613e20                initf_malloc
 .text.malloc_simple
                0x0000000041613e38       0x30 common/built-in.o
                0x0000000041613e38                malloc_simple
 .text.on_loadaddr
                0x0000000041613e68       0x34 common/built-in.o
 .text.image_check_hcrc
                0x0000000041613e9c       0x4c common/built-in.o
                0x0000000041613e9c                image_check_hcrc
 .text.image_check_dcrc
                0x0000000041613ee8       0x38 common/built-in.o
                0x0000000041613ee8                image_check_dcrc
 .text.image_multi_count
                0x0000000041613f20       0x1c common/built-in.o
                0x0000000041613f20                image_multi_count
 .text.image_multi_getimg
                0x0000000041613f3c       0x78 common/built-in.o
                0x0000000041613f3c                image_multi_getimg
 .text.env_get_bootm_low
                0x0000000041613fb4       0x30 common/built-in.o
                0x0000000041613fb4                env_get_bootm_low
 .text.env_get_bootm_size
                0x0000000041613fe4       0x68 common/built-in.o
                0x0000000041613fe4                env_get_bootm_size
 .text.env_get_bootm_mapsize
                0x000000004161404c       0x30 common/built-in.o
                0x000000004161404c                env_get_bootm_mapsize
 .text.memmove_wd
                0x000000004161407c        0xc common/built-in.o
                0x000000004161407c                memmove_wd
 .text.genimg_print_size
                0x0000000041614088       0x30 common/built-in.o
                0x0000000041614088                genimg_print_size
 .text.genimg_print_time
                0x00000000416140b8       0x48 common/built-in.o
                0x00000000416140b8                genimg_print_time
 .text.get_table_entry
                0x0000000041614100       0x24 common/built-in.o
                0x0000000041614100                get_table_entry
 .text.get_table_entry_name
                0x0000000041614124       0x20 common/built-in.o
                0x0000000041614124                get_table_entry_name
 .text.genimg_get_os_name
                0x0000000041614144       0x18 common/built-in.o
                0x0000000041614144                genimg_get_os_name
 .text.genimg_get_arch_name
                0x000000004161415c       0x18 common/built-in.o
                0x000000004161415c                genimg_get_arch_name
 .text.genimg_get_type_name
                0x0000000041614174       0x18 common/built-in.o
                0x0000000041614174                genimg_get_type_name
 .text.genimg_get_comp_name
                0x000000004161418c       0x18 common/built-in.o
                0x000000004161418c                genimg_get_comp_name
 .text.image_print_contents
                0x00000000416141a4      0x1d0 common/built-in.o
                0x00000000416141a4                image_print_contents
 .text.genimg_get_kernel_addr_fit
                0x0000000041614374       0x24 common/built-in.o
                0x0000000041614374                genimg_get_kernel_addr_fit
 .text.genimg_get_kernel_addr
                0x0000000041614398       0x24 common/built-in.o
                0x0000000041614398                genimg_get_kernel_addr
 .text.genimg_get_format
                0x00000000416143bc       0x34 common/built-in.o
                0x00000000416143bc                genimg_get_format
 .text.genimg_get_image
                0x00000000416143f0        0x4 common/built-in.o
                0x00000000416143f0                genimg_get_image
 .text.genimg_has_config
                0x00000000416143f4        0x8 common/built-in.o
                0x00000000416143f4                genimg_has_config
 .text.boot_get_ramdisk
                0x00000000416143fc      0x27c common/built-in.o
                0x00000000416143fc                boot_get_ramdisk
 .text.boot_ramdisk_high
                0x0000000041614678      0x124 common/built-in.o
                0x0000000041614678                boot_ramdisk_high
 .text.boot_get_setup
                0x000000004161479c        0x8 common/built-in.o
                0x000000004161479c                boot_get_setup
 .text.image_setup_linux
                0x00000000416147a4       0x60 common/built-in.o
                0x00000000416147a4                image_setup_linux
 .text.fdt_error
                0x0000000041614804       0x2c common/built-in.o
 .text.boot_fdt_add_mem_rsv_regions
                0x0000000041614830       0x8c common/built-in.o
                0x0000000041614830                boot_fdt_add_mem_rsv_regions
 .text.boot_relocate_fdt
                0x00000000416148bc      0x160 common/built-in.o
                0x00000000416148bc                boot_relocate_fdt
 .text.boot_get_fdt
                0x0000000041614a1c      0x26c common/built-in.o
                0x0000000041614a1c                boot_get_fdt
 .text.ft_verify_fdt
                0x0000000041614c88        0x8 common/built-in.o
                0x0000000041614c88                ft_verify_fdt
 .text.image_setup_libfdt
                0x0000000041614c90      0x110 common/built-in.o
                0x0000000041614c90                image_setup_libfdt
 .text.get_ram_size
                0x0000000041614da0        0x8 common/built-in.o
                0x0000000041614da0                get_ram_size
 .text.get_effective_memsize
                0x0000000041614da8        0x8 common/built-in.o
                0x0000000041614da8                get_effective_memsize
 .text.stdio_serial_tstc
                0x0000000041614db0        0x4 common/built-in.o
 .text.stdio_serial_getc
                0x0000000041614db4        0x4 common/built-in.o
 .text.stdio_serial_puts
                0x0000000041614db8        0x8 common/built-in.o
 .text.stdio_serial_putc
                0x0000000041614dc0        0x8 common/built-in.o
 .text.stdio_get_list
                0x0000000041614dc8        0xc common/built-in.o
                0x0000000041614dc8                stdio_get_list
 .text.stdio_get_by_name
                0x0000000041614dd4       0x4c common/built-in.o
                0x0000000041614dd4                stdio_get_by_name
 .text.stdio_clone
                0x0000000041614e20       0x38 common/built-in.o
                0x0000000041614e20                stdio_clone
 .text.stdio_register_dev
                0x0000000041614e58       0x50 common/built-in.o
                0x0000000041614e58                stdio_register_dev
 .text.stdio_register
                0x0000000041614ea8        0x8 common/built-in.o
                0x0000000041614ea8                stdio_register
 .text.stdio_init_tables
                0x0000000041614eb0       0x1c common/built-in.o
                0x0000000041614eb0                stdio_init_tables
 .text.stdio_add_devices
                0x0000000041614ecc       0x7c common/built-in.o
                0x0000000041614ecc                stdio_add_devices
 .text.run_command
                0x0000000041614f48       0x18 common/built-in.o
                0x0000000041614f48                run_command
 .text.run_command_repeatable
                0x0000000041614f60        0x4 common/built-in.o
                0x0000000041614f60                run_command_repeatable
 .text.run_command_list
                0x0000000041614f64       0x94 common/built-in.o
                0x0000000041614f64                run_command_list
 .text.do_run   0x0000000041614ff8       0x74 common/built-in.o
                0x0000000041614ff8                do_run
 .text.cli_process_fdt
                0x000000004161506c       0x40 common/built-in.o
                0x000000004161506c                cli_process_fdt
 .text.cli_secure_boot_cmd
                0x00000000416150ac       0x78 common/built-in.o
                0x00000000416150ac                cli_secure_boot_cmd
 .text.cli_loop
                0x0000000041615124        0x4 common/built-in.o
                0x0000000041615124                cli_loop
 .text.cli_init
                0x0000000041615128        0x4 common/built-in.o
                0x0000000041615128                cli_init
 .text.find_cmd_tbl
                0x000000004161512c       0xa4 common/built-in.o
                0x000000004161512c                find_cmd_tbl
 .text.find_cmd
                0x00000000416151d0       0x28 common/built-in.o
                0x00000000416151d0                find_cmd
 .text.cmd_usage
                0x00000000416151f8       0x5c common/built-in.o
                0x00000000416151f8                cmd_usage
 .text._do_help
                0x0000000041615254      0x188 common/built-in.o
                0x0000000041615254                _do_help
 .text.var_complete
                0x00000000416153dc       0x8c common/built-in.o
                0x00000000416153dc                var_complete
 .text.cmd_auto_complete
                0x0000000041615468      0x498 common/built-in.o
                0x0000000041615468                cmd_auto_complete
 .text.cmd_get_data_size
                0x0000000041615900       0x50 common/built-in.o
                0x0000000041615900                cmd_get_data_size
 .text.cmd_process
                0x0000000041615950       0xbc common/built-in.o
                0x0000000041615950                cmd_process
 .text.cmd_process_error
                0x0000000041615a0c       0x30 common/built-in.o
                0x0000000041615a0c                cmd_process_error
 .text.readl    0x0000000041615a3c        0x8 common/built-in.o
                0x0000000041615a3c                readl
 .text.writel   0x0000000041615a44        0x8 common/built-in.o
                0x0000000041615a44                writel
 .text.writelr  0x0000000041615a4c       0x30 common/built-in.o
                0x0000000041615a4c                writelr
 .text.set_global
                0x0000000041615a7c       0x48 common/built-in.o
                0x0000000041615a7c                set_global
 .text.set_display_format
                0x0000000041615ac4       0x5c common/built-in.o
                0x0000000041615ac4                set_display_format
 .text.set_tve_sync_info
                0x0000000041615b20       0x64 common/built-in.o
                0x0000000041615b20                set_tve_sync_info
 .text.set_intf_common_para
                0x0000000041615b84       0xc4 common/built-in.o
                0x0000000041615b84                set_intf_common_para
 .text.set_display_info
                0x0000000041615c48       0x84 common/built-in.o
                0x0000000041615c48                set_display_info
 .text.set_chn_minor_cfg
                0x0000000041615ccc       0x44 common/built-in.o
                0x0000000041615ccc                set_chn_minor_cfg
 .text.set_active_info
                0x0000000041615d10       0x2c common/built-in.o
                0x0000000041615d10                set_active_info
 .text.set_blank_info
                0x0000000041615d3c       0x70 common/built-in.o
                0x0000000041615d3c                set_blank_info
 .text.set_y2r_matrix
                0x0000000041615dac       0xa8 common/built-in.o
                0x0000000041615dac                set_y2r_matrix
 .text.set_bg_info
                0x0000000041615e54       0x20 common/built-in.o
                0x0000000041615e54                set_bg_info
 .text.set_chn_cfg
                0x0000000041615e74       0x18 common/built-in.o
                0x0000000041615e74                set_chn_cfg
 .text.set_img_layer_cfg
                0x0000000041615e8c       0x20 common/built-in.o
                0x0000000041615e8c                set_img_layer_cfg
 .text.set_irq_mask
                0x0000000041615eac       0x1c common/built-in.o
                0x0000000041615eac                set_irq_mask
 .text.set_work_ctrl
                0x0000000041615ec8       0x3c common/built-in.o
                0x0000000041615ec8                set_work_ctrl
 .text.set_image_block
                0x0000000041615f04      0x124 common/built-in.o
                0x0000000041615f04                set_image_block
 .text.lcm_config
                0x0000000041616028       0x54 common/built-in.o
                0x0000000041616028                lcm_config
 .text.vou_dev_kickoff
                0x000000004161607c      0x104 common/built-in.o
                0x000000004161607c                vou_dev_kickoff
 .text.JPEG_WaitIRQ
                0x0000000041616180       0x5c common/built-in.o
                0x0000000041616180                JPEG_WaitIRQ
 .text.hw_jpeg_dec
                0x00000000416161dc      0x118 common/built-in.o
                0x00000000416161dc                hw_jpeg_dec
 .text.fast_osd
                0x00000000416162f4      0x23c common/built-in.o
                0x00000000416162f4                fast_osd
 .text.boot_logo
                0x0000000041616530       0x68 common/built-in.o
                0x0000000041616530                boot_logo
 .text.show_boot_logo
                0x0000000041616598       0x10 common/built-in.o
                0x0000000041616598                show_boot_logo
 .text.get_lcm_cfg_tab
                0x00000000416165a8       0x10 common/built-in.o
                0x00000000416165a8                get_lcm_cfg_tab
 .text._lcm_mcu_st7796s_PowerOff
                0x00000000416165b8       0x98 common/built-in.o
 .text._lcm_mcu_st7796s_deinit
                0x0000000041616650       0x8c common/built-in.o
 .text._lcm_mcu_st7796s_resume
                0x00000000416166dc       0x64 common/built-in.o
 .text._lcm_mcu_st7796s_suspend
                0x0000000041616740       0x64 common/built-in.o
 .text._lcm_mcu_st7796s_identify
                0x00000000416167a4       0x64 common/built-in.o
 .text._lcm_mcu_st7796s_PowerOn
                0x0000000041616808       0x74 common/built-in.o
 .text.lcm_mcu_st7796s_clear
                0x000000004161687c      0x114 common/built-in.o
                0x000000004161687c                lcm_mcu_st7796s_clear
 .text._lcm_mcu_st7796s_init
                0x0000000041616990       0xe0 common/built-in.o
 .text._lcm_mcu16_st7796s_PowerOff
                0x0000000041616a70       0x98 common/built-in.o
 .text._lcm_mcu16_st7796s_deinit
                0x0000000041616b08       0x8c common/built-in.o
 .text._lcm_mcu16_st7796s_resume
                0x0000000041616b94       0x64 common/built-in.o
 .text._lcm_mcu16_st7796s_suspend
                0x0000000041616bf8       0x64 common/built-in.o
 .text._lcm_mcu16_st7796s_identify
                0x0000000041616c5c       0x64 common/built-in.o
 .text._lcm_mcu16_st7796s_PowerOn
                0x0000000041616cc0       0x74 common/built-in.o
 .text.lcm_mcu16_st7796s_clear
                0x0000000041616d34      0x114 common/built-in.o
                0x0000000041616d34                lcm_mcu16_st7796s_clear
 .text._lcm_mcu16_st7796s_init
                0x0000000041616e48       0xe0 common/built-in.o
 .text._lcm_rgb_at070tn94_power_off
                0x0000000041616f28       0x98 common/built-in.o
 .text._lcm_rgb_at070tn94_resume
                0x0000000041616fc0       0x64 common/built-in.o
 .text._lcm_rgb_at070tn94_suspend
                0x0000000041617024       0x64 common/built-in.o
 .text._lcm_rgb_at070tn94_init
                0x0000000041617088       0x64 common/built-in.o
 .text._lcm_rgb_at070tn94_identify
                0x00000000416170ec       0x64 common/built-in.o
 .text._lcm_rgb_at070tn94_deinit
                0x0000000041617150       0x64 common/built-in.o
 .text._lcm_rgb_at070tn94_power_on
                0x00000000416171b4       0x74 common/built-in.o
 .text._lcm_rgb18_at070tn94_power_off
                0x0000000041617228       0x98 common/built-in.o
 .text._lcm_rgb18_at070tn94_resume
                0x00000000416172c0       0x64 common/built-in.o
 .text._lcm_rgb18_at070tn94_suspend
                0x0000000041617324       0x64 common/built-in.o
 .text._lcm_rgb18_at070tn94_init
                0x0000000041617388       0x64 common/built-in.o
 .text._lcm_rgb18_at070tn94_identify
                0x00000000416173ec       0x64 common/built-in.o
 .text._lcm_rgb18_at070tn94_deinit
                0x0000000041617450       0x64 common/built-in.o
 .text._lcm_rgb18_at070tn94_power_on
                0x00000000416174b4       0x74 common/built-in.o
 .text._lcm_mipi_ek79007_PowerOff
                0x0000000041617528       0x1c common/built-in.o
 .text._lcm_mipi_ek79007_PowerOn
                0x0000000041617544       0x1c common/built-in.o
 .text._lcm_mipi_ek79007_init
                0x0000000041617560       0x40 common/built-in.o
 .text._lcm_mipi_ek79007_suspend
                0x00000000416175a0        0x8 common/built-in.o
 .text._lcm_mipi_ek79007_deinit
                0x00000000416175a8        0x4 common/built-in.o
 .text._lcm_mipi_ek79007_identify
                0x00000000416175ac       0x64 common/built-in.o
 .text._lcm_mipi_ek79007_resume
                0x0000000041617610        0x8 common/built-in.o
 .text._lcm_mipi_st7701s_PowerOn
                0x0000000041617618       0x1c common/built-in.o
 .text._lcm_mipi_st7701s_PowerOff
                0x0000000041617634       0x44 common/built-in.o
 .text._lcm_mipi_st7701s_init
                0x0000000041617678       0x58 common/built-in.o
 .text._lcm_mipi_st7701s_suspend
                0x00000000416176d0       0x10 common/built-in.o
 .text._lcm_mipi_st7701s_resume
                0x00000000416176e0       0x10 common/built-in.o
 .text._lcm_mipi_st7701s_deinit
                0x00000000416176f0       0x2c common/built-in.o
 .text._lcm_mipi_st7701s_identify
                0x000000004161771c       0x64 common/built-in.o
 .text.regRead32
                0x0000000041617780       0x38 common/built-in.o
                0x0000000041617780                regRead32
 .text.regWrite32
                0x00000000416177b8       0x2c common/built-in.o
                0x00000000416177b8                regWrite32
 .text.regWriteBits32
                0x00000000416177e4       0x58 common/built-in.o
                0x00000000416177e4                regWriteBits32
 .text.reg_log_enable
                0x000000004161783c       0x10 common/built-in.o
                0x000000004161783c                reg_log_enable
 .text.getRegValuePtr
                0x000000004161784c       0x80 common/built-in.o
                0x000000004161784c                getRegValuePtr
 .text.getRegPtr
                0x00000000416178cc       0x90 common/built-in.o
                0x00000000416178cc                getRegPtr
 .text._get_lcm_pin_ptr
                0x000000004161795c       0x70 common/built-in.o
 .text.lcm_bus_pin_cfg
                0x00000000416179cc       0xd4 common/built-in.o
                0x00000000416179cc                lcm_bus_pin_cfg
 .text.lcm_bus_pin_default_cfg
                0x0000000041617aa0       0x74 common/built-in.o
                0x0000000041617aa0                lcm_bus_pin_default_cfg
 .text.lcm_dvdd_set
                0x0000000041617b14        0x8 common/built-in.o
                0x0000000041617b14                lcm_dvdd_set
 .text.lcm_avdd_set
                0x0000000041617b1c        0x8 common/built-in.o
                0x0000000041617b1c                lcm_avdd_set
 .text.lcm_iovdd_set
                0x0000000041617b24        0x8 common/built-in.o
                0x0000000041617b24                lcm_iovdd_set
 .text.lcm_vcom_set
                0x0000000041617b2c        0x8 common/built-in.o
                0x0000000041617b2c                lcm_vcom_set
 .text.lcm_vgh_set
                0x0000000041617b34        0x8 common/built-in.o
                0x0000000041617b34                lcm_vgh_set
 .text.lcm_vgl_set
                0x0000000041617b3c        0x8 common/built-in.o
                0x0000000041617b3c                lcm_vgl_set
 .text.lcm_reset_set
                0x0000000041617b44        0x8 common/built-in.o
                0x0000000041617b44                lcm_reset_set
 .text.lcm_standby_set
                0x0000000041617b4c        0x8 common/built-in.o
                0x0000000041617b4c                lcm_standby_set
 .text.lcm_back_light_gpio_set
                0x0000000041617b54        0x8 common/built-in.o
                0x0000000041617b54                lcm_back_light_gpio_set
 .text.lcm_back_light_pwm_set
                0x0000000041617b5c        0x8 common/built-in.o
                0x0000000041617b5c                lcm_back_light_pwm_set
 .text.lcm_power_pwm_set
                0x0000000041617b64        0x8 common/built-in.o
                0x0000000041617b64                lcm_power_pwm_set
 .text.vou_clk_calc
                0x0000000041617b6c       0xe4 common/built-in.o
                0x0000000041617b6c                vou_clk_calc
 .text.vou_clk_on
                0x0000000041617c50       0x3c common/built-in.o
                0x0000000041617c50                vou_clk_on
 .text.vou_reset
                0x0000000041617c8c       0x50 common/built-in.o
                0x0000000041617c8c                vou_reset
 .text.vou_clk_off
                0x0000000041617cdc       0x48 common/built-in.o
                0x0000000041617cdc                vou_clk_off
 .text.dsi_host_clk_on
                0x0000000041617d24       0x24 common/built-in.o
                0x0000000041617d24                dsi_host_clk_on
 .text.dsi_host_reset
                0x0000000041617d48       0x50 common/built-in.o
                0x0000000041617d48                dsi_host_reset
 .text.dsi_host_clk_off
                0x0000000041617d98       0x24 common/built-in.o
                0x0000000041617d98                dsi_host_clk_off
 .text.dsi_phy_clk_on
                0x0000000041617dbc       0x24 common/built-in.o
                0x0000000041617dbc                dsi_phy_clk_on
 .text.dsi_phy_reset
                0x0000000041617de0       0x50 common/built-in.o
                0x0000000041617de0                dsi_phy_reset
 .text.dsi_phy_clk_off
                0x0000000041617e30       0x24 common/built-in.o
                0x0000000041617e30                dsi_phy_clk_off
 .text.lcm_clk_off
                0x0000000041617e54       0x80 common/built-in.o
                0x0000000041617e54                lcm_clk_off
 .text.lcm_clk_on
                0x0000000041617ed4       0x80 common/built-in.o
                0x0000000041617ed4                lcm_clk_on
 .text.vou_dhd_clk_on
                0x0000000041617f54       0x48 common/built-in.o
                0x0000000041617f54                vou_dhd_clk_on
 .text.vou_dhd_out_mode
                0x0000000041617f9c       0x40 common/built-in.o
                0x0000000041617f9c                vou_dhd_out_mode
 .text.vou_dhd_force_update
                0x0000000041617fdc       0x2c common/built-in.o
                0x0000000041617fdc                vou_dhd_force_update
 .text.vou_lcd_src_sel
                0x0000000041618008       0x2c common/built-in.o
                0x0000000041618008                vou_lcd_src_sel
 .text.vou_dhd_src_sel
                0x0000000041618034       0x48 common/built-in.o
                0x0000000041618034                vou_dhd_src_sel
 .text._lcmMcuApiCheckHandle
                0x000000004161807c       0x6c common/built-in.o
                0x000000004161807c                _lcmMcuApiCheckHandle
 .text._lcmMcuApiGetValidHandle
                0x00000000416180e8       0x38 common/built-in.o
                0x00000000416180e8                _lcmMcuApiGetValidHandle
 .text._lcmMcuApiCheckStatus
                0x0000000041618120       0x60 common/built-in.o
                0x0000000041618120                _lcmMcuApiCheckStatus
 .text._lcmMcuApiCheckCmdDone
                0x0000000041618180       0x60 common/built-in.o
                0x0000000041618180                _lcmMcuApiCheckCmdDone
 .text._lcmMcuApiSetStatus
                0x00000000416181e0       0x84 common/built-in.o
                0x00000000416181e0                _lcmMcuApiSetStatus
 .text._lcmMcuApiSetTiming
                0x0000000041618264       0x8c common/built-in.o
                0x0000000041618264                _lcmMcuApiSetTiming
 .text._lcmMcuApiSetIf
                0x00000000416182f0       0x74 common/built-in.o
                0x00000000416182f0                _lcmMcuApiSetIf
 .text._lcmMcuApiSetFormat
                0x0000000041618364       0x5c common/built-in.o
                0x0000000041618364                _lcmMcuApiSetFormat
 .text._lcmMcuApiSetTeType
                0x00000000416183c0       0x5c common/built-in.o
                0x00000000416183c0                _lcmMcuApiSetTeType
 .text._lcmMcuApiMapParamCfg
                0x000000004161841c       0x58 common/built-in.o
                0x000000004161841c                _lcmMcuApiMapParamCfg
 .text._lcmMcuApiHandleInit
                0x0000000041618474      0x2ec common/built-in.o
                0x0000000041618474                _lcmMcuApiHandleInit
 .text.lcmMcuApiInit
                0x0000000041618760      0x1e8 common/built-in.o
                0x0000000041618760                lcmMcuApiInit
 .text.lcmMcuApiDeInit
                0x0000000041618948       0xb4 common/built-in.o
                0x0000000041618948                lcmMcuApiDeInit
 .text.lcmMcuApiWriteCmd
                0x00000000416189fc       0xf4 common/built-in.o
                0x00000000416189fc                lcmMcuApiWriteCmd
 .text.lcmMcuApiWriteData
                0x0000000041618af0       0xe8 common/built-in.o
                0x0000000041618af0                lcmMcuApiWriteData
 .text.lcmMcuApiWriteBurstData
                0x0000000041618bd8      0x114 common/built-in.o
                0x0000000041618bd8                lcmMcuApiWriteBurstData
 .text.lcmMcuApiReadRegData
                0x0000000041618cec      0x154 common/built-in.o
                0x0000000041618cec                lcmMcuApiReadRegData
 .text.lcmMcuApiPushTable
                0x0000000041618e40      0x128 common/built-in.o
                0x0000000041618e40                lcmMcuApiPushTable
 .text.lcmMcuApiSwitchShow
                0x0000000041618f68       0x70 common/built-in.o
                0x0000000041618f68                lcmMcuApiSwitchShow
 .text._lcmMcuDrvGetRegList
                0x0000000041618fd8       0x2c common/built-in.o
                0x0000000041618fd8                _lcmMcuDrvGetRegList
 .text._lcmGetRegDefault
                0x0000000041619004       0x3c common/built-in.o
                0x0000000041619004                _lcmGetRegDefault
 .text.lcmGetRegDefault
                0x0000000041619040      0x1b4 common/built-in.o
                0x0000000041619040                lcmGetRegDefault
 .text.lcmSetMcuBitDepth
                0x00000000416191f4       0x74 common/built-in.o
                0x00000000416191f4                lcmSetMcuBitDepth
 .text.lcmSetMcuRgbOrder
                0x0000000041619268       0x74 common/built-in.o
                0x0000000041619268                lcmSetMcuRgbOrder
 .text.lcmSetMcuMode
                0x00000000416192dc       0x74 common/built-in.o
                0x00000000416192dc                lcmSetMcuMode
 .text.lcmSetMcuTeEnable
                0x0000000041619350       0x74 common/built-in.o
                0x0000000041619350                lcmSetMcuTeEnable
 .text.lcmSetMcuTeEdge
                0x00000000416193c4       0x74 common/built-in.o
                0x00000000416193c4                lcmSetMcuTeEdge
 .text.lcmSetMcuIfType
                0x0000000041619438       0x74 common/built-in.o
                0x0000000041619438                lcmSetMcuIfType
 .text.lcmSetRgbIfType
                0x00000000416194ac       0x74 common/built-in.o
                0x00000000416194ac                lcmSetRgbIfType
 .text.lcmSetCsType
                0x0000000041619520       0x74 common/built-in.o
                0x0000000041619520                lcmSetCsType
 .text.lcmSetTeType
                0x0000000041619594       0x74 common/built-in.o
                0x0000000041619594                lcmSetTeType
 .text.lcmSetSendEndain
                0x0000000041619608       0x74 common/built-in.o
                0x0000000041619608                lcmSetSendEndain
 .text.lcmSetTrans3
                0x000000004161967c       0x74 common/built-in.o
                0x000000004161967c                lcmSetTrans3
 .text.lcmSetBitMap
                0x00000000416196f0      0x3bc common/built-in.o
                0x00000000416196f0                lcmSetBitMap
 .text.lcmSetTimingWrSetup
                0x0000000041619aac       0x74 common/built-in.o
                0x0000000041619aac                lcmSetTimingWrSetup
 .text.lcmSetTimingWrHold
                0x0000000041619b20       0x74 common/built-in.o
                0x0000000041619b20                lcmSetTimingWrHold
 .text.lcmSetTimingWrDestory
                0x0000000041619b94       0x74 common/built-in.o
                0x0000000041619b94                lcmSetTimingWrDestory
 .text.lcmSetTimingRdSetup
                0x0000000041619c08       0x74 common/built-in.o
                0x0000000041619c08                lcmSetTimingRdSetup
 .text.lcmSetTimingRdHold
                0x0000000041619c7c       0x74 common/built-in.o
                0x0000000041619c7c                lcmSetTimingRdHold
 .text.lcmSetTimingRdDestory
                0x0000000041619cf0       0x74 common/built-in.o
                0x0000000041619cf0                lcmSetTimingRdDestory
 .text.lcmSetStatusSwitchTrigger
                0x0000000041619d64       0x7c common/built-in.o
                0x0000000041619d64                lcmSetStatusSwitchTrigger
 .text.lcmSetStageStatus
                0x0000000041619de0       0x74 common/built-in.o
                0x0000000041619de0                lcmSetStageStatus
 .text.lcmGetStageStatus
                0x0000000041619e54       0x68 common/built-in.o
                0x0000000041619e54                lcmGetStageStatus
 .text.lcmClearCmdStatus
                0x0000000041619ebc       0x78 common/built-in.o
                0x0000000041619ebc                lcmClearCmdStatus
 .text.lcmGetCmdStatus
                0x0000000041619f34       0x84 common/built-in.o
                0x0000000041619f34                lcmGetCmdStatus
 .text.lcmSetCmdRun
                0x0000000041619fb8       0x7c common/built-in.o
                0x0000000041619fb8                lcmSetCmdRun
 .text.lcmSetCmdRW
                0x000000004161a034       0x74 common/built-in.o
                0x000000004161a034                lcmSetCmdRW
 .text.lcmSetCmdDummyNum
                0x000000004161a0a8       0x74 common/built-in.o
                0x000000004161a0a8                lcmSetCmdDummyNum
 .text.lcmSetCmdDataNum
                0x000000004161a11c       0x74 common/built-in.o
                0x000000004161a11c                lcmSetCmdDataNum
 .text.lcmSetCmdAddrNum
                0x000000004161a190       0x74 common/built-in.o
                0x000000004161a190                lcmSetCmdAddrNum
 .text.lcmSetWData
                0x000000004161a204       0x54 common/built-in.o
                0x000000004161a204                lcmSetWData
 .text.lcmGetRData
                0x000000004161a258       0x54 common/built-in.o
                0x000000004161a258                lcmGetRData
 .text.lcmSetWCmd
                0x000000004161a2ac       0x54 common/built-in.o
                0x000000004161a2ac                lcmSetWCmd
 .text.rgb_init
                0x000000004161a300      0x428 common/built-in.o
                0x000000004161a300                rgb_init
 .text.rgb_deinit
                0x000000004161a728      0x104 common/built-in.o
                0x000000004161a728                rgb_deinit
 .text.dsi_generic_write
                0x000000004161a82c       0x30 common/built-in.o
                0x000000004161a82c                dsi_generic_write
 .text.dsi_dcs_write
                0x000000004161a85c       0x30 common/built-in.o
                0x000000004161a85c                dsi_dcs_write
 .text.dsi_dcs_read
                0x000000004161a88c       0x3c common/built-in.o
                0x000000004161a88c                dsi_dcs_read
 .text.dsi_push_table
                0x000000004161a8c8       0xb0 common/built-in.o
                0x000000004161a8c8                dsi_push_table
 .text.dsi_init
                0x000000004161a978      0x420 common/built-in.o
                0x000000004161a978                dsi_init
 .text.dsi_deinit
                0x000000004161ad98      0x238 common/built-in.o
                0x000000004161ad98                dsi_deinit
 .text.dsi_lp_mode
                0x000000004161afd0       0x40 common/built-in.o
                0x000000004161afd0                dsi_lp_mode
 .text.dsi_hs_mode
                0x000000004161b010       0x40 common/built-in.o
                0x000000004161b010                dsi_hs_mode
 .text.get_phy_work_mode
                0x000000004161b050       0x4c common/built-in.o
                0x000000004161b050                get_phy_work_mode
 .text.dsi_host_set_power_up
                0x000000004161b09c       0x3c common/built-in.o
                0x000000004161b09c                dsi_host_set_power_up
 .text.dsi_host_set_tx_esc_clk_division
                0x000000004161b0d8       0x40 common/built-in.o
                0x000000004161b0d8                dsi_host_set_tx_esc_clk_division
 .text.dsi_host_set_to_clk_division
                0x000000004161b118       0x40 common/built-in.o
                0x000000004161b118                dsi_host_set_to_clk_division
 .text.dsi_host_set_dpi_vcid
                0x000000004161b158       0x3c common/built-in.o
                0x000000004161b158                dsi_host_set_dpi_vcid
 .text.dsi_host_set_dpi_color_format
                0x000000004161b194       0x3c common/built-in.o
                0x000000004161b194                dsi_host_set_dpi_color_format
 .text.dsi_host_set_dpi_vsync_pol
                0x000000004161b1d0       0x3c common/built-in.o
                0x000000004161b1d0                dsi_host_set_dpi_vsync_pol
 .text.dsi_host_set_dpi_hsync_pol
                0x000000004161b20c       0x3c common/built-in.o
                0x000000004161b20c                dsi_host_set_dpi_hsync_pol
 .text.dsi_host_set_invact_lpcmd_time
                0x000000004161b248       0x40 common/built-in.o
                0x000000004161b248                dsi_host_set_invact_lpcmd_time
 .text.dsi_host_set_outvact_lpcmd_time
                0x000000004161b288       0x40 common/built-in.o
                0x000000004161b288                dsi_host_set_outvact_lpcmd_time
 .text.dsi_host_set_dbi_vcid
                0x000000004161b2c8       0x3c common/built-in.o
                0x000000004161b2c8                dsi_host_set_dbi_vcid
 .text.dsi_host_set_in_dbi_conf
                0x000000004161b304       0x3c common/built-in.o
                0x000000004161b304                dsi_host_set_in_dbi_conf
 .text.dsi_host_set_lut_size_conf
                0x000000004161b340       0x3c common/built-in.o
                0x000000004161b340                dsi_host_set_lut_size_conf
 .text.dsi_host_set_partitioning
                0x000000004161b37c       0x3c common/built-in.o
                0x000000004161b37c                dsi_host_set_partitioning
 .text.dsi_host_set_dbi_wr_cmd_size
                0x000000004161b3b8       0x40 common/built-in.o
                0x000000004161b3b8                dsi_host_set_dbi_wr_cmd_size
 .text.dsi_host_set_dbi_allowed_cmd_size
                0x000000004161b3f8       0x3c common/built-in.o
                0x000000004161b3f8                dsi_host_set_dbi_allowed_cmd_size
 .text.dsi_host_set_pckhdl_eotp_tx_en
                0x000000004161b434       0x3c common/built-in.o
                0x000000004161b434                dsi_host_set_pckhdl_eotp_tx_en
 .text.dsi_host_set_pckhdl_eotp_rx_en
                0x000000004161b470       0x3c common/built-in.o
                0x000000004161b470                dsi_host_set_pckhdl_eotp_rx_en
 .text.dsi_host_set_pckhdl_bta_en
                0x000000004161b4ac       0x3c common/built-in.o
                0x000000004161b4ac                dsi_host_set_pckhdl_bta_en
 .text.dsi_host_set_pckhdl_ecc_rx_en
                0x000000004161b4e8       0x3c common/built-in.o
                0x000000004161b4e8                dsi_host_set_pckhdl_ecc_rx_en
 .text.dsi_host_set_pckhdl_crc_rx_en
                0x000000004161b524       0x3c common/built-in.o
                0x000000004161b524                dsi_host_set_pckhdl_crc_rx_en
 .text.dsi_host_set_gen_vcid_rx
                0x000000004161b560       0x3c common/built-in.o
                0x000000004161b560                dsi_host_set_gen_vcid_rx
 .text.dsi_host_set_cmd_video_mode
                0x000000004161b59c       0x3c common/built-in.o
                0x000000004161b59c                dsi_host_set_cmd_video_mode
 .text.dsi_host_set_vid_mode_type
                0x000000004161b5d8       0x3c common/built-in.o
                0x000000004161b5d8                dsi_host_set_vid_mode_type
 .text.dsi_host_set_vid_lp_vsa_en
                0x000000004161b614       0x3c common/built-in.o
                0x000000004161b614                dsi_host_set_vid_lp_vsa_en
 .text.dsi_host_set_vid_lp_vbp_en
                0x000000004161b650       0x3c common/built-in.o
                0x000000004161b650                dsi_host_set_vid_lp_vbp_en
 .text.dsi_host_set_vid_lp_vfp_en
                0x000000004161b68c       0x3c common/built-in.o
                0x000000004161b68c                dsi_host_set_vid_lp_vfp_en
 .text.dsi_host_set_vid_lp_vact_en
                0x000000004161b6c8       0x3c common/built-in.o
                0x000000004161b6c8                dsi_host_set_vid_lp_vact_en
 .text.dsi_host_set_vid_lp_hbp_en
                0x000000004161b704       0x3c common/built-in.o
                0x000000004161b704                dsi_host_set_vid_lp_hbp_en
 .text.dsi_host_set_vid_lp_hfp_en
                0x000000004161b740       0x3c common/built-in.o
                0x000000004161b740                dsi_host_set_vid_lp_hfp_en
 .text.dsi_host_set_vid_pkt_size
                0x000000004161b77c       0x3c common/built-in.o
                0x000000004161b77c                dsi_host_set_vid_pkt_size
 .text.dsi_host_set_vid_num_chunks
                0x000000004161b7b8       0x3c common/built-in.o
                0x000000004161b7b8                dsi_host_set_vid_num_chunks
 .text.dsi_host_set_vid_null_size
                0x000000004161b7f4       0x3c common/built-in.o
                0x000000004161b7f4                dsi_host_set_vid_null_size
 .text.dsi_host_set_vid_hsa_time
                0x000000004161b830       0x3c common/built-in.o
                0x000000004161b830                dsi_host_set_vid_hsa_time
 .text.dsi_host_set_vid_hbp_time
                0x000000004161b86c       0x3c common/built-in.o
                0x000000004161b86c                dsi_host_set_vid_hbp_time
 .text.dsi_host_set_vid_hline_time
                0x000000004161b8a8       0x3c common/built-in.o