../drivers/net/designware.c:219:12:_dw_write_hwaddr	0	static
../drivers/net/designware.c:641:12:designware_eth_bind	0	static
../drivers/net/designware.c:619:5:designware_eth_free_pkt	16	static
../drivers/net/designware.c:53:12:dw_mdio_write	16	static
../drivers/net/designware.c:26:12:dw_mdio_read	16	static
../drivers/net/designware.c:612:5:designware_eth_recv	24	static
../drivers/net/designware.c:605:5:designware_eth_send	48	static
../drivers/net/designware.c:626:6:designware_eth_stop	8	static
../drivers/net/designware.c:633:5:designware_eth_write_hwaddr	16	static
../drivers/net/designware.c:732:5:designware_eth_ofdata_to_platdata	16	static
../drivers/net/designware.c:712:12:designware_eth_remove	8	static
../drivers/net/designware.c:657:5:designware_eth_probe	24	static
../drivers/net/designware.c:275:5:designware_eth_init	40	static
../drivers/net/designware.c:334:5:designware_eth_enable	0	static
../drivers/net/designware.c:589:12:designware_eth_start	16	static
