../common/mc/lcm/mcu/mol_lcm_mcu_drv.c:79:13:_lcmMcuDrvGetRegList	0	static
../common/mc/lcm/mcu/mol_lcm_mcu_drv.c:89:10:_lcmGetRegDefault	16	static
../common/mc/lcm/mcu/mol_lcm_mcu_drv.c:100:10:lcmGetRegDefault	8	static
../common/mc/lcm/mcu/mol_lcm_mcu_drv.c:145:9:lcmSetMcuBitDepth	16	static
../common/mc/lcm/mcu/mol_lcm_mcu_drv.c:164:9:lcmSetMcuRgbOrder	16	static
../common/mc/lcm/mcu/mol_lcm_mcu_drv.c:183:9:lcmSetMcuMode	16	static
../common/mc/lcm/mcu/mol_lcm_mcu_drv.c:202:9:lcmSetMcuTimingDataPolarity	16	static
../common/mc/lcm/mcu/mol_lcm_mcu_drv.c:221:9:lcmSetMcuTimingHsyncPolarity	16	static
../common/mc/lcm/mcu/mol_lcm_mcu_drv.c:240:9:lcmSetMcuTimingVsyncPolarity	16	static
../common/mc/lcm/mcu/mol_lcm_mcu_drv.c:259:9:lcmSetMcuTimingShutDownPolarity	16	static
../common/mc/lcm/mcu/mol_lcm_mcu_drv.c:278:9:lcmSetMcuTimingColorRmPolarity	16	static
../common/mc/lcm/mcu/mol_lcm_mcu_drv.c:297:9:lcmSetMcuTeEnable	16	static
../common/mc/lcm/mcu/mol_lcm_mcu_drv.c:316:9:lcmSetMcuDitherEnable	16	static
../common/mc/lcm/mcu/mol_lcm_mcu_drv.c:335:9:lcmSetMcuBitSwapEnable	16	static
../common/mc/lcm/mcu/mol_lcm_mcu_drv.c:354:9:lcmSetMcuClkLockDataEdge	16	static
../common/mc/lcm/mcu/mol_lcm_mcu_drv.c:373:9:lcmSetMcuTeEdge	16	static
../common/mc/lcm/mcu/mol_lcm_mcu_drv.c:392:9:lcmSetMcuRgbMap	16	static
../common/mc/lcm/mcu/mol_lcm_mcu_drv.c:411:9:lcmSetDisplayDelay	16	static
../common/mc/lcm/mcu/mol_lcm_mcu_drv.c:430:9:lcmSetMcuIfType	16	static
../common/mc/lcm/mcu/mol_lcm_mcu_drv.c:449:9:lcmSetRgbIfType	16	static
../common/mc/lcm/mcu/mol_lcm_mcu_drv.c:468:9:lcmSetCsType	16	static
../common/mc/lcm/mcu/mol_lcm_mcu_drv.c:487:9:lcmSetTeType	16	static
../common/mc/lcm/mcu/mol_lcm_mcu_drv.c:506:9:lcmSetSendEndain	16	static
../common/mc/lcm/mcu/mol_lcm_mcu_drv.c:525:9:lcmSetTrans3	16	static
../common/mc/lcm/mcu/mol_lcm_mcu_drv.c:544:10:lcmGetTransFifoReady	16	static
../common/mc/lcm/mcu/mol_lcm_mcu_drv.c:563:9:lcmSetBitMap	24	static
../common/mc/lcm/mcu/mol_lcm_mcu_drv.c:643:9:lcmSetTimingWrSetup	16	static
../common/mc/lcm/mcu/mol_lcm_mcu_drv.c:663:9:lcmSetTimingWrHold	16	static
../common/mc/lcm/mcu/mol_lcm_mcu_drv.c:683:9:lcmSetTimingWrDestory	16	static
../common/mc/lcm/mcu/mol_lcm_mcu_drv.c:703:9:lcmSetTimingRdSetup	16	static
../common/mc/lcm/mcu/mol_lcm_mcu_drv.c:723:9:lcmSetTimingRdHold	16	static
../common/mc/lcm/mcu/mol_lcm_mcu_drv.c:743:9:lcmSetTimingRdDestory	16	static
../common/mc/lcm/mcu/mol_lcm_mcu_drv.c:763:9:lcmSetStatusSwitchTrigger	16	static
../common/mc/lcm/mcu/mol_lcm_mcu_drv.c:784:9:lcmSetStageStatus	16	static
../common/mc/lcm/mcu/mol_lcm_mcu_drv.c:804:10:lcmGetStageStatus	16	static
../common/mc/lcm/mcu/mol_lcm_mcu_drv.c:823:9:lcmClearCmdStatus	16	static
../common/mc/lcm/mcu/mol_lcm_mcu_drv.c:844:10:lcmGetCmdStatus	16	static
../common/mc/lcm/mcu/mol_lcm_mcu_drv.c:867:9:lcmSetCmdRun	16	static
../common/mc/lcm/mcu/mol_lcm_mcu_drv.c:889:9:lcmSetCmdFifoClr	16	static
../common/mc/lcm/mcu/mol_lcm_mcu_drv.c:909:9:lcmSetCmdRW	16	static
../common/mc/lcm/mcu/mol_lcm_mcu_drv.c:929:9:lcmSetCmdDummyNum	16	static
../common/mc/lcm/mcu/mol_lcm_mcu_drv.c:949:9:lcmSetCmdDataNum	16	static
../common/mc/lcm/mcu/mol_lcm_mcu_drv.c:969:9:lcmSetCmdAddrNum	16	static
../common/mc/lcm/mcu/mol_lcm_mcu_drv.c:988:10:lcmGetCmdWfifoDepth	16	static
../common/mc/lcm/mcu/mol_lcm_mcu_drv.c:1007:10:lcmGetCmdWfifoFull	16	static
../common/mc/lcm/mcu/mol_lcm_mcu_drv.c:1027:10:lcmGetCmdRfifoDepth	16	static
../common/mc/lcm/mcu/mol_lcm_mcu_drv.c:1047:10:lcmGetCmdRfifoEmpty	16	static
../common/mc/lcm/mcu/mol_lcm_mcu_drv.c:1067:10:lcmSetWData	24	static
../common/mc/lcm/mcu/mol_lcm_mcu_drv.c:1080:10:lcmGetRData	24	static
../common/mc/lcm/mcu/mol_lcm_mcu_drv.c:1093:10:lcmSetWCmd	24	static
