../drivers/dma/mc_dma.c:9:6:molchip_dma_clk_enable	0	static
../drivers/dma/mc_dma.c:27:6:dma_reset	0	static
../drivers/dma/mc_dma.c:38:6:init_chn_reg	0	static
../drivers/dma/mc_dma.c:53:6:enable_channel	0	static
../drivers/dma/mc_dma.c:80:6:dma_chn_src	0	static
../drivers/dma/mc_dma.c:84:6:dma_chn_dst	0	static
../drivers/dma/mc_dma.c:88:6:dma_trsc_len	0	static
../drivers/dma/mc_dma.c:146:6:dma_set_trsf_step	0	static
../drivers/dma/mc_dma.c:173:6:dma_int_enable	0	static
../drivers/dma/mc_dma.c:182:6:dma_int_disable	0	static
../drivers/dma/mc_dma.c:191:6:dma_request	0	static
../drivers/dma/mc_dma.c:208:6:dma_int_clear	0	static
../drivers/dma/mc_dma.c:216:6:dma_wait_complete	4	static
../drivers/dma/mc_dma.c:233:5:dma_llist_wait_complete	8	static
../drivers/dma/mc_dma.c:254:6:spic_request_cid	0	static
../drivers/dma/mc_dma.c:261:6:dma_init	16	static
../drivers/dma/mc_dma.c:279:6:dma_set_trans_len	0	static
../drivers/dma/mc_dma.c:283:6:uart_int_enable	0	static
../drivers/dma/mc_dma.c:291:5:dma_get_trans_len	0	static
../drivers/dma/mc_dma.c:298:6:dma_set_src	0	static
../drivers/dma/mc_dma.c:301:6:dma_set_dest	0	static
../drivers/dma/mc_dma.c:304:6:dma_frag_len_reg_set	0	static
../drivers/dma/mc_dma.c:307:6:dma_blk_len_reg_set	0	static
../drivers/dma/mc_dma.c:311:6:uart_request_cid	0	static
../drivers/dma/mc_dma.c:324:6:llist_enable	0	static
../drivers/dma/mc_dma.c:333:6:set_llist_ptr	0	static
../drivers/dma/mc_dma.c:338:6:dma_link_list	40	static
../drivers/dma/mc_dma.c:435:6:nor_dma_node_fill	40	static
../drivers/dma/mc_dma.c:458:6:nor_dma_node_fill_new	32	static
../drivers/dma/mc_dma.c:479:5:get_dma_dst_addr	0	static
