../drivers/spi/spi-mc.c:237:6:mc_spi_xfer_set_cs.part.0	0	static
../drivers/spi/spi-mc.c:47:6:molchip_spi_clk_enable	0	static
../drivers/spi/spi-mc.c:70:6:reset_spi	0	static
../drivers/spi/spi-mc.c:87:6:mc_spi_enable	0	static
../drivers/spi/spi-mc.c:98:6:mc_spi_set_polarity	0	static
../drivers/spi/spi-mc.c:106:6:mc_spi_set_phase	0	static
../drivers/spi/spi-mc.c:115:6:mc_spi_set_frame_format	0	static
../drivers/spi/spi-mc.c:124:6:mc_spi_set_data_size	0	static
../drivers/spi/spi-mc.c:132:6:mc_spi_set_transfer_mode	0	static
../drivers/spi/spi-mc.c:141:6:mc_spi_set_read_data_num	0	static
../drivers/spi/spi-mc.c:147:6:mc_spi_set_baudrate	0	static
../drivers/spi/spi-mc.c:153:6:mc_spi_disable_irq	0	static
../drivers/spi/spi-mc.c:161:6:mc_spi_enable_irq	0	static
../drivers/spi/spi-mc.c:170:5:mc_spi_get_status	0	static
../drivers/spi/spi-mc.c:176:6:mc_spi_enable_port	0	static
../drivers/spi/spi-mc.c:184:6:mc_spi_disable_port	0	static
../drivers/spi/spi-mc.c:192:6:mc_spi_rx_sample_delay	0	static
../drivers/spi/spi-mc.c:237:6:mc_spi_xfer_set_cs	0	static
../drivers/spi/spi-mc.c:262:6:mc_spi_set_slave_mode	0	static
../drivers/spi/spi-mc.c:280:5:mc_spi_xfer	24	static
../drivers/spi/spi-mc.c:303:6:mc_spi_init	8	static
../drivers/spi/spi-mc.c:334:6:mc_spi_pinmux_cfg	0	static
../drivers/spi/spi-mc.c:354:6:board_spi_init	8	static
