../drivers/spi/spi-mc-slave.c:48:6:mc_spi_slave_clk_enable	0	static
../drivers/spi/spi-mc-slave.c:54:6:reset_spi_slave	0	static
../drivers/spi/spi-mc-slave.c:70:6:mc_spi_slave_enable	0	static
../drivers/spi/spi-mc-slave.c:81:6:mc_spi_slave_set_polarity	0	static
../drivers/spi/spi-mc-slave.c:89:6:mc_spi_slave_set_phase	0	static
../drivers/spi/spi-mc-slave.c:98:6:mc_spi_slave_set_frame_format	0	static
../drivers/spi/spi-mc-slave.c:107:6:mc_spi_slave_set_data_size	0	static
../drivers/spi/spi-mc-slave.c:115:6:mc_spi_slave_set_transfer_mode	0	static
../drivers/spi/spi-mc-slave.c:125:6:mc_spi_slave_disable_irq	0	static
../drivers/spi/spi-mc-slave.c:133:6:mc_spi_slave_enable_irq	0	static
../drivers/spi/spi-mc-slave.c:142:5:mc_spi_slave_get_status	0	static
../drivers/spi/spi-mc-slave.c:149:6:mc_spi_slave_rx_sample_delay	0	static
../drivers/spi/spi-mc-slave.c:170:6:mc_spi_slave_set_slave_mode	0	static
../drivers/spi/spi-mc-slave.c:178:5:poll_tx_only_data	0	static
../drivers/spi/spi-mc-slave.c:195:5:poll_rx_only_data	16	static
../drivers/spi/spi-mc-slave.c:214:5:mc_spi_slave_xfer	16	static
../drivers/spi/spi-mc-slave.c:232:6:mc_spi_slave_pinmux_cfg	0	static
../drivers/spi/spi-mc-slave.c:255:6:mc_spi_slave_init	8	static
../drivers/spi/spi-mc-slave.c:284:6:board_spi_slave_init	8	static
