../lib/fdtdec.c:640:20:get_prop_check_min_len	24	static
../lib/fdtdec.c:75:13:fdtdec_get_compatible	0	static
../lib/fdtdec.c:307:10:fdtdec_get_uint64	24	static
../lib/fdtdec.c:320:5:fdtdec_get_is_enabled	8	static
../lib/fdtdec.c:337:20:fdtdec_lookup	24	static
../lib/fdtdec.c:349:5:fdtdec_next_compatible	0	static
../lib/fdtdec.c:355:5:fdtdec_next_compatible_subnode	24	static
../lib/fdtdec.c:370:5:fdtdec_next_alias	72	static
../lib/fdtdec.c:401:5:fdtdec_add_aliases_for_id	56	dynamic
../lib/fdtdec.c:392:5:fdtdec_find_aliases_for_id	24	static
../lib/fdtdec.c:515:5:fdtdec_get_alias_seq	56	static
../lib/fdtdec.c:557:13:fdtdec_get_chosen_prop	16	static
../lib/fdtdec.c:567:5:fdtdec_get_chosen_node	8	static
../lib/fdtdec.c:594:5:fdtdec_prepare_fdt	8	static
../lib/fdtdec.c:577:5:fdtdec_check_fdt	8	static
../lib/fdtdec.c:615:5:fdtdec_lookup_phandle	8	static
../lib/fdtdec.c:657:5:fdtdec_get_int_array	32	static
../lib/fdtdec.c:1057:12:decode_timing_property	40	static
../lib/fdtdec.c:673:5:fdtdec_get_int_array_count	24	static
../lib/fdtdec.c:693:12:fdtdec_locate_array	24	static
../lib/fdtdec.c:704:5:fdtdec_get_bool	16	static
../lib/fdtdec.c:714:5:fdtdec_parse_phandle_with_args	48	static
../lib/fdtdec.c:838:5:fdtdec_get_child_count	16	static
../lib/fdtdec.c:849:5:fdtdec_get_byte_array	32	static
../lib/fdtdec.c:861:11:fdtdec_locate_byte_array	24	static
../lib/fdtdec.c:873:5:fdtdec_get_config_int	16	static
../lib/fdtdec.c:885:5:fdtdec_get_config_bool	16	static
../lib/fdtdec.c:899:7:fdtdec_get_config_string	24	static
../lib/fdtdec.c:917:5:fdtdec_decode_region	16	static
../lib/fdtdec.c:939:5:fdtdec_get_number	0	static
../lib/fdtdec.c:82:12:fdtdec_get_addr_size_fixed	40	static
../lib/fdtdec.c:137:12:fdtdec_get_addr_size_auto_parent	40	static
../lib/fdtdec.c:163:12:fdtdec_get_addr_size_auto_noparent	40	static
../lib/fdtdec.c:181:12:fdtdec_get_addr_size	24	static
../lib/fdtdec.c:191:12:fdtdec_get_addr	0	static
../lib/fdtdec.c:949:5:fdt_get_resource	40	static
../lib/fdtdec.c:983:5:fdt_get_named_resource	24	static
../lib/fdtdec.c:996:5:fdtdec_decode_memory_region	104	static
../lib/fdtdec.c:1081:5:fdtdec_decode_display_timing	32	static
../lib/fdtdec.c:1149:5:fdtdec_setup_memory_size	24	static
../lib/fdtdec.c:1174:5:fdtdec_setup_memory_banksize	24	static
../lib/fdtdec.c:1206:5:fdtdec_setup	8	static
