../common/mc/lcm/dsi/dsi_host_v01_drv.c:56:9:dsi_host_get_version	16	static
../common/mc/lcm/dsi/dsi_host_v01_drv.c:85:9:dsi_host_set_power_up	16	static
../common/mc/lcm/dsi/dsi_host_v01_drv.c:116:9:dsi_host_set_tx_esc_clk_division	16	static
../common/mc/lcm/dsi/dsi_host_v01_drv.c:146:9:dsi_host_set_to_clk_division	16	static
../common/mc/lcm/dsi/dsi_host_v01_drv.c:176:9:dsi_host_set_dpi_vcid	16	static
../common/mc/lcm/dsi/dsi_host_v01_drv.c:205:9:dsi_host_set_dpi_color_format	16	static
../common/mc/lcm/dsi/dsi_host_v01_drv.c:234:9:dsi_host_set_loosely18	16	static
../common/mc/lcm/dsi/dsi_host_v01_drv.c:263:9:dsi_host_set_dpi_dataen_pol	16	static
../common/mc/lcm/dsi/dsi_host_v01_drv.c:293:9:dsi_host_set_dpi_vsync_pol	16	static
../common/mc/lcm/dsi/dsi_host_v01_drv.c:323:9:dsi_host_set_dpi_hsync_pol	16	static
../common/mc/lcm/dsi/dsi_host_v01_drv.c:353:9:dsi_host_set_dpi_shutd_pol	16	static
../common/mc/lcm/dsi/dsi_host_v01_drv.c:383:9:dsi_host_set_dpi_colorm_pol	16	static
../common/mc/lcm/dsi/dsi_host_v01_drv.c:414:9:dsi_host_set_invact_lpcmd_time	16	static
../common/mc/lcm/dsi/dsi_host_v01_drv.c:445:9:dsi_host_set_outvact_lpcmd_time	16	static
../common/mc/lcm/dsi/dsi_host_v01_drv.c:475:9:dsi_host_set_dbi_vcid	16	static
../common/mc/lcm/dsi/dsi_host_v01_drv.c:504:9:dsi_host_set_in_dbi_conf	16	static
../common/mc/lcm/dsi/dsi_host_v01_drv.c:533:9:dsi_host_set_out_dbi_conf	16	static
../common/mc/lcm/dsi/dsi_host_v01_drv.c:563:9:dsi_host_set_lut_size_conf	16	static
../common/mc/lcm/dsi/dsi_host_v01_drv.c:596:9:dsi_host_set_partitioning	16	static
../common/mc/lcm/dsi/dsi_host_v01_drv.c:627:9:dsi_host_set_dbi_wr_cmd_size	16	static
../common/mc/lcm/dsi/dsi_host_v01_drv.c:662:9:dsi_host_set_dbi_allowed_cmd_size	16	static
../common/mc/lcm/dsi/dsi_host_v01_drv.c:691:9:dsi_host_set_pckhdl_eotp_tx_en	16	static
../common/mc/lcm/dsi/dsi_host_v01_drv.c:720:9:dsi_host_set_pckhdl_eotp_rx_en	16	static
../common/mc/lcm/dsi/dsi_host_v01_drv.c:749:9:dsi_host_set_pckhdl_bta_en	16	static
../common/mc/lcm/dsi/dsi_host_v01_drv.c:780:9:dsi_host_set_pckhdl_ecc_rx_en	16	static
../common/mc/lcm/dsi/dsi_host_v01_drv.c:809:9:dsi_host_set_pckhdl_crc_rx_en	16	static
../common/mc/lcm/dsi/dsi_host_v01_drv.c:838:9:dsi_host_set_gen_vcid_rx	16	static
../common/mc/lcm/dsi/dsi_host_v01_drv.c:867:9:dsi_host_set_cmd_video_mode	16	static
../common/mc/lcm/dsi/dsi_host_v01_drv.c:899:9:dsi_host_set_vid_mode_type	16	static
../common/mc/lcm/dsi/dsi_host_v01_drv.c:928:9:dsi_host_set_vid_lp_vsa_en	16	static
../common/mc/lcm/dsi/dsi_host_v01_drv.c:957:9:dsi_host_set_vid_lp_vbp_en	16	static
../common/mc/lcm/dsi/dsi_host_v01_drv.c:986:9:dsi_host_set_vid_lp_vfp_en	16	static
../common/mc/lcm/dsi/dsi_host_v01_drv.c:1015:9:dsi_host_set_vid_lp_vact_en	16	static
../common/mc/lcm/dsi/dsi_host_v01_drv.c:1045:9:dsi_host_set_vid_lp_hbp_en	16	static
../common/mc/lcm/dsi/dsi_host_v01_drv.c:1076:9:dsi_host_set_vid_lp_hfp_en	16	static
../common/mc/lcm/dsi/dsi_host_v01_drv.c:1107:9:dsi_host_set_vid_frame_bta_ack_en	16	static
../common/mc/lcm/dsi/dsi_host_v01_drv.c:1137:9:dsi_host_set_vid_lp_cmd_en	16	static
../common/mc/lcm/dsi/dsi_host_v01_drv.c:1167:9:dsi_host_set_vid_vpg_en	16	static
../common/mc/lcm/dsi/dsi_host_v01_drv.c:1197:9:dsi_host_set_vid_vpg_mode	16	static
../common/mc/lcm/dsi/dsi_host_v01_drv.c:1230:9:dsi_host_set_vid_vpg_orientation	16	static
../common/mc/lcm/dsi/dsi_host_v01_drv.c:1264:9:dsi_host_set_vid_pkt_size	16	static
../common/mc/lcm/dsi/dsi_host_v01_drv.c:1300:9:dsi_host_set_vid_num_chunks	16	static
../common/mc/lcm/dsi/dsi_host_v01_drv.c:1332:9:dsi_host_set_vid_null_size	16	static
../common/mc/lcm/dsi/dsi_host_v01_drv.c:1364:9:dsi_host_set_vid_hsa_time	16	static
../common/mc/lcm/dsi/dsi_host_v01_drv.c:1396:9:dsi_host_set_vid_hbp_time	16	static
../common/mc/lcm/dsi/dsi_host_v01_drv.c:1428:9:dsi_host_set_vid_hline_time	16	static
../common/mc/lcm/dsi/dsi_host_v01_drv.c:1460:9:dsi_host_set_vid_vsa_lines	16	static
../common/mc/lcm/dsi/dsi_host_v01_drv.c:1492:9:dsi_host_set_vid_vbp_lines	16	static
../common/mc/lcm/dsi/dsi_host_v01_drv.c:1524:9:dsi_host_set_vid_vfp_lines	16	static
../common/mc/lcm/dsi/dsi_host_v01_drv.c:1556:9:dsi_host_set_vid_vactive_line	16	static
../common/mc/lcm/dsi/dsi_host_v01_drv.c:1589:9:dsi_host_set_edpi_allowed_cmd_size	16	static
../common/mc/lcm/dsi/dsi_host_v01_drv.c:1620:9:dsi_host_set_tear_fx_en	16	static
../common/mc/lcm/dsi/dsi_host_v01_drv.c:1652:9:dsi_host_set_ack_rqst_en	16	static
../common/mc/lcm/dsi/dsi_host_v01_drv.c:1686:9:dsi_host_set_gen_sw_0p_tx	16	static
../common/mc/lcm/dsi/dsi_host_v01_drv.c:1720:9:dsi_host_set_gen_sw_1p_tx	16	static
../common/mc/lcm/dsi/dsi_host_v01_drv.c:1754:9:dsi_host_set_gen_sw_2p_tx	16	static
../common/mc/lcm/dsi/dsi_host_v01_drv.c:1788:9:dsi_host_set_gen_sr_0p_tx	16	static
../common/mc/lcm/dsi/dsi_host_v01_drv.c:1822:9:dsi_host_set_gen_sr_1p_tx	16	static
../common/mc/lcm/dsi/dsi_host_v01_drv.c:1856:9:dsi_host_set_gen_sr_2p_tx	16	static
../common/mc/lcm/dsi/dsi_host_v01_drv.c:1890:9:dsi_host_set_gen_lw_tx	16	static
../common/mc/lcm/dsi/dsi_host_v01_drv.c:1924:9:dsi_host_set_dcs_sw_0p_tx	16	static
../common/mc/lcm/dsi/dsi_host_v01_drv.c:1958:9:dsi_host_set_dcs_sw_1p_tx	16	static
../common/mc/lcm/dsi/dsi_host_v01_drv.c:1992:9:dsi_host_set_dcs_sr_0p_tx	16	static
../common/mc/lcm/dsi/dsi_host_v01_drv.c:2025:9:dsi_host_set_dcs_lw_tx	16	static
../common/mc/lcm/dsi/dsi_host_v01_drv.c:2059:9:dsi_host_set_max_rd_pkt_size	16	static
../common/mc/lcm/dsi/dsi_host_v01_drv.c:2090:9:dsi_host_set_gen_dt	8	static
../common/mc/lcm/dsi/dsi_host_v01_drv.c:2121:9:dsi_host_set_gen_vc	8	static
../common/mc/lcm/dsi/dsi_host_v01_drv.c:2153:9:dsi_host_set_gen_wc_lsbyte	8	static
../common/mc/lcm/dsi/dsi_host_v01_drv.c:2185:9:dsi_host_set_gen_wc_msbyte	8	static
../common/mc/lcm/dsi/dsi_host_v01_drv.c:2215:9:dsi_host_set_gen_packet_header_cfg	8	static
../common/mc/lcm/dsi/dsi_host_v01_drv.c:2246:9:dsi_host_set_gen_pld_b1	16	static
../common/mc/lcm/dsi/dsi_host_v01_drv.c:2277:9:dsi_host_set_gen_pld_b2	16	static
../common/mc/lcm/dsi/dsi_host_v01_drv.c:2308:9:dsi_host_set_gen_pld_b3	16	static
../common/mc/lcm/dsi/dsi_host_v01_drv.c:2339:9:dsi_host_set_gen_pld_b4	16	static
../common/mc/lcm/dsi/dsi_host_v01_drv.c:2370:9:dsi_host_set_gen_pld_data	16	static
../common/mc/lcm/dsi/dsi_host_v01_drv.c:2401:9:dsi_host_get_gen_pld_data	16	static
../common/mc/lcm/dsi/dsi_host_v01_drv.c:2435:9:dsi_host_get_gen_cmd_empty	16	static
../common/mc/lcm/dsi/dsi_host_v01_drv.c:2468:9:dsi_host_get_gen_cmd_full	16	static
../common/mc/lcm/dsi/dsi_host_v01_drv.c:2501:9:dsi_host_get_gen_pld_w_empty	16	static
../common/mc/lcm/dsi/dsi_host_v01_drv.c:2534:9:dsi_host_get_gen_pld_w_full	16	static
../common/mc/lcm/dsi/dsi_host_v01_drv.c:2567:9:dsi_host_get_gen_pld_r_empty	16	static
../common/mc/lcm/dsi/dsi_host_v01_drv.c:2600:9:dsi_host_get_gen_pld_r_full	16	static
../common/mc/lcm/dsi/dsi_host_v01_drv.c:2634:9:dsi_host_get_gen_rd_cmd_busy	16	static
../common/mc/lcm/dsi/dsi_host_v01_drv.c:2668:9:dsi_host_get_dbi_cmd_empy	16	static
../common/mc/lcm/dsi/dsi_host_v01_drv.c:2702:9:dsi_host_get_dbi_cmd_full	16	static
../common/mc/lcm/dsi/dsi_host_v01_drv.c:2736:9:dsi_host_get_dbi_pld_w_empty	16	static
../common/mc/lcm/dsi/dsi_host_v01_drv.c:2770:9:dsi_host_get_dbi_pld_w_full	16	static
../common/mc/lcm/dsi/dsi_host_v01_drv.c:2804:9:dsi_host_get_dbi_pld_r_empty	16	static
../common/mc/lcm/dsi/dsi_host_v01_drv.c:2838:9:dsi_host_get_dbi_pld_r_full	16	static
../common/mc/lcm/dsi/dsi_host_v01_drv.c:2873:9:dsi_host_get_dbi_rd_cmd_busy	16	static
../common/mc/lcm/dsi/dsi_host_v01_drv.c:2906:9:dsi_host_set_lprx_to_cnt	16	static
../common/mc/lcm/dsi/dsi_host_v01_drv.c:2955:9:dsi_host_set_hstx_to_cnt	16	static
../common/mc/lcm/dsi/dsi_host_v01_drv.c:2989:9:dsi_host_set_hs_rd_to_cnt	16	static
../common/mc/lcm/dsi/dsi_host_v01_drv.c:3023:9:dsi_host_set_lp_rd_to_cnt	16	static
../common/mc/lcm/dsi/dsi_host_v01_drv.c:3057:9:dsi_host_set_hs_wr_to_cnt	16	static
../common/mc/lcm/dsi/dsi_host_v01_drv.c:3099:9:dsi_host_set_presp_to_mode	16	static
../common/mc/lcm/dsi/dsi_host_v01_drv.c:3133:9:dsi_host_set_lp_wr_to_cnt	16	static
../common/mc/lcm/dsi/dsi_host_v01_drv.c:3167:9:dsi_host_set_bta_to_cnt	16	static
../common/mc/lcm/dsi/dsi_host_v01_drv.c:3202:9:dsi_host_set_mode_3d	16	static
../common/mc/lcm/dsi/dsi_host_v01_drv.c:3237:9:dsi_host_set_format_3d	16	static
../common/mc/lcm/dsi/dsi_host_v01_drv.c:3271:9:dsi_host_set_second_vsync	16	static
../common/mc/lcm/dsi/dsi_host_v01_drv.c:3304:9:dsi_host_set_right_first	16	static
../common/mc/lcm/dsi/dsi_host_v01_drv.c:3336:9:dsi_host_set_send_3d_cfg	16	static
../common/mc/lcm/dsi/dsi_host_v01_drv.c:3367:9:dsi_host_set_phy_txrequestclkhs	16	static
../common/mc/lcm/dsi/dsi_host_v01_drv.c:3399:9:dsi_host_set_auto_clklane_ctrl	16	static
../common/mc/lcm/dsi/dsi_host_v01_drv.c:3432:9:dsi_host_set_phy_clklp2hs_time	16	static
../common/mc/lcm/dsi/dsi_host_v01_drv.c:3465:9:dsi_host_set_phy_clkhs2lp_time	16	static
../common/mc/lcm/dsi/dsi_host_v01_drv.c:3498:9:dsi_host_set_phy_lp2hs_time	16	static
../common/mc/lcm/dsi/dsi_host_v01_drv.c:3531:9:dsi_host_set_phy_hs2lp_time	16	static
../common/mc/lcm/dsi/dsi_host_v01_drv.c:3562:9:dsi_host_set_phy_shutdownz	16	static
../common/mc/lcm/dsi/dsi_host_v01_drv.c:3594:9:dsi_host_set_phy_rstz	16	static
../common/mc/lcm/dsi/dsi_host_v01_drv.c:3625:9:dsi_host_set_phy_enableclk	16	static
../common/mc/lcm/dsi/dsi_host_v01_drv.c:3657:9:dsi_host_set_phy_forcepll	16	static
../common/mc/lcm/dsi/dsi_host_v01_drv.c:3692:9:dsi_host_set_n_lanes	16	static
../common/mc/lcm/dsi/dsi_host_v01_drv.c:3724:9:dsi_host_set_phy_stop_wait_time	16	static
../common/mc/lcm/dsi/dsi_host_v01_drv.c:3755:9:dsi_host_set_phy_txrequlpsclk	16	static
../common/mc/lcm/dsi/dsi_host_v01_drv.c:3786:9:dsi_host_set_phy_txexitulpsclk	16	static
../common/mc/lcm/dsi/dsi_host_v01_drv.c:3817:9:dsi_host_set_phy_txrequlpslan	16	static
../common/mc/lcm/dsi/dsi_host_v01_drv.c:3848:9:dsi_host_set_phy_txexitulpslan	16	static
../common/mc/lcm/dsi/dsi_host_v01_drv.c:3879:9:dsi_host_set_phy_tx_triggers	16	static
../common/mc/lcm/dsi/dsi_host_v01_drv.c:3910:9:dsi_host_get_phy_lock	16	static
../common/mc/lcm/dsi/dsi_host_v01_drv.c:3941:9:dsi_host_get_phy_direction	16	static
../common/mc/lcm/dsi/dsi_host_v01_drv.c:3972:9:dsi_host_get_phy_stopstateclklane	16	static
../common/mc/lcm/dsi/dsi_host_v01_drv.c:4003:9:dsi_host_get_phy_ulpsactivenotclk	16	static
../common/mc/lcm/dsi/dsi_host_v01_drv.c:4034:9:dsi_host_get_phy_stopstate0lane	16	static
../common/mc/lcm/dsi/dsi_host_v01_drv.c:4065:9:dsi_host_get_phy_ulpsactivenot0lane	16	static
../common/mc/lcm/dsi/dsi_host_v01_drv.c:4096:9:dsi_host_get_phy_rxulpsesc0lane	16	static
../common/mc/lcm/dsi/dsi_host_v01_drv.c:4129:9:dsi_host_get_phy_stopstate1lane	16	static
../common/mc/lcm/dsi/dsi_host_v01_drv.c:4162:9:dsi_host_get_phy_ulpsactivenot1lane	16	static
../common/mc/lcm/dsi/dsi_host_v01_drv.c:4195:9:dsi_host_get_phy_stopstate2lane	16	static
../common/mc/lcm/dsi/dsi_host_v01_drv.c:4228:9:dsi_host_get_phy_ulpsactivenot2lane	16	static
../common/mc/lcm/dsi/dsi_host_v01_drv.c:4261:9:dsi_host_get_phy_stopstate3lane	16	static
../common/mc/lcm/dsi/dsi_host_v01_drv.c:4294:9:dsi_host_get_phy_ulpsactivenot3lane	16	static
../common/mc/lcm/dsi/dsi_host_v01_drv.c:4325:9:dsi_host_set_phy_testclr	16	static
../common/mc/lcm/dsi/dsi_host_v01_drv.c:4356:9:dsi_host_set_phy_testclk	16	static
../common/mc/lcm/dsi/dsi_host_v01_drv.c:4388:9:dsi_host_set_phy_testdin	16	static
../common/mc/lcm/dsi/dsi_host_v01_drv.c:4420:9:dsi_host_set_phy_testdout	16	static
../common/mc/lcm/dsi/dsi_host_v01_drv.c:4453:9:dsi_host_set_phy_testen	16	static
../common/mc/lcm/dsi/dsi_host_v01_drv.c:4484:9:dsi_host_get_int0_status_ack_with_err_0	8	static
../common/mc/lcm/dsi/dsi_host_v01_drv.c:4514:9:dsi_host_get_int0_status_ack_with_err_1	8	static
../common/mc/lcm/dsi/dsi_host_v01_drv.c:4544:9:dsi_host_get_int0_status_ack_with_err_2	8	static
../common/mc/lcm/dsi/dsi_host_v01_drv.c:4575:9:dsi_host_get_int0_status_ack_with_err_3	8	static
../common/mc/lcm/dsi/dsi_host_v01_drv.c:4605:9:dsi_host_get_int0_status_ack_with_err_4	8	static
../common/mc/lcm/dsi/dsi_host_v01_drv.c:4635:9:dsi_host_get_int0_status_ack_with_err_5	8	static
../common/mc/lcm/dsi/dsi_host_v01_drv.c:4665:9:dsi_host_get_int0_status_ack_with_err_6	8	static
../common/mc/lcm/dsi/dsi_host_v01_drv.c:4696:9:dsi_host_get_int0_status_ack_with_err_7	8	static
../common/mc/lcm/dsi/dsi_host_v01_drv.c:4727:9:dsi_host_get_int0_status_ack_with_err_8	8	static
../common/mc/lcm/dsi/dsi_host_v01_drv.c:4758:9:dsi_host_get_int0_status_ack_with_err_9	8	static
../common/mc/lcm/dsi/dsi_host_v01_drv.c:4788:9:dsi_host_get_int0_status_ack_with_err_10	8	static
../common/mc/lcm/dsi/dsi_host_v01_drv.c:4818:9:dsi_host_get_int0_status_ack_with_err_11	8	static
../common/mc/lcm/dsi/dsi_host_v01_drv.c:4847:9:dsi_host_get_int0_status_ack_with_err_12	8	static
../common/mc/lcm/dsi/dsi_host_v01_drv.c:4877:9:dsi_host_get_int0_status_ack_with_err_13	8	static
../common/mc/lcm/dsi/dsi_host_v01_drv.c:4906:9:dsi_host_get_int0_status_ack_with_err_14	8	static
../common/mc/lcm/dsi/dsi_host_v01_drv.c:4935:9:dsi_host_get_int0_status_ack_with_err_15	8	static
../common/mc/lcm/dsi/dsi_host_v01_drv.c:4964:9:dsi_host_get_int0_status_dphy_errors_0	8	static
../common/mc/lcm/dsi/dsi_host_v01_drv.c:4994:9:dsi_host_get_int0_status_dphy_errors_1	8	static
../common/mc/lcm/dsi/dsi_host_v01_drv.c:5023:9:dsi_host_get_int0_status_dphy_errors_2	8	static
../common/mc/lcm/dsi/dsi_host_v01_drv.c:5052:9:dsi_host_get_int0_status_dphy_errors_3	8	static
../common/mc/lcm/dsi/dsi_host_v01_drv.c:5081:9:dsi_host_get_int0_status_dphy_errors_4	8	static
../common/mc/lcm/dsi/dsi_host_v01_drv.c:5110:9:dsi_host_get_int0_status	16	static
../common/mc/lcm/dsi/dsi_host_v01_drv.c:5141:9:dsi_host_get_int1_status_to_hs_tx	8	static
../common/mc/lcm/dsi/dsi_host_v01_drv.c:5171:9:dsi_host_get_int1_status_to_lp_rx	8	static
../common/mc/lcm/dsi/dsi_host_v01_drv.c:5201:9:dsi_host_get_int1_status_ecc_single_err	8	static
../common/mc/lcm/dsi/dsi_host_v01_drv.c:5230:9:dsi_host_get_int1_status_ecc_multi_err	8	static
../common/mc/lcm/dsi/dsi_host_v01_drv.c:5261:9:dsi_host_get_int1_status_crc_err	8	static
../common/mc/lcm/dsi/dsi_host_v01_drv.c:5290:9:dsi_host_get_int1_status_pkt_size_err	8	static
../common/mc/lcm/dsi/dsi_host_v01_drv.c:5320:9:dsi_host_get_int1_status_eopt_err	8	static
../common/mc/lcm/dsi/dsi_host_v01_drv.c:5352:9:dsi_host_get_int1_status_dpi_pld_wr_err	8	static
../common/mc/lcm/dsi/dsi_host_v01_drv.c:5383:9:dsi_host_get_int1_status_gen_cmd_wr_err	8	static
../common/mc/lcm/dsi/dsi_host_v01_drv.c:5414:9:dsi_host_get_int1_status_gen_pld_wr_err	8	static
../common/mc/lcm/dsi/dsi_host_v01_drv.c:5445:9:dsi_host_get_int1_status_gen_pld_send_err	8	static
../common/mc/lcm/dsi/dsi_host_v01_drv.c:5476:9:dsi_host_get_int1_status_gen_pld_rd_err	8	static
../common/mc/lcm/dsi/dsi_host_v01_drv.c:5508:9:dsi_host_get_int1_status_gen_pld_recev_err	8	static
../common/mc/lcm/dsi/dsi_host_v01_drv.c:5540:9:dsi_host_get_int1_status_dbi_cmd_wr_err	8	static
../common/mc/lcm/dsi/dsi_host_v01_drv.c:5572:9:dsi_host_get_int1_status_dbi_pld_wr_err	8	static
../common/mc/lcm/dsi/dsi_host_v01_drv.c:5604:9:dsi_host_get_int1_status_dbi_pld_rd_err	8	static
../common/mc/lcm/dsi/dsi_host_v01_drv.c:5636:9:dsi_host_get_int1_status_dbi_pld_recv_err	8	static
../common/mc/lcm/dsi/dsi_host_v01_drv.c:5668:9:dsi_host_get_int1_status_dbi_ilegal_comm_err	8	static
../common/mc/lcm/dsi/dsi_host_v01_drv.c:5697:9:dsi_host_get_int1_status	16	static
../common/mc/lcm/dsi/dsi_host_v01_drv.c:5728:9:dsi_host_set_int0_ack_with_err_0	16	static
../common/mc/lcm/dsi/dsi_host_v01_drv.c:5759:9:dsi_host_set_int0_ack_with_err_1	16	static
../common/mc/lcm/dsi/dsi_host_v01_drv.c:5790:9:dsi_host_set_int0_ack_with_err_2	16	static
../common/mc/lcm/dsi/dsi_host_v01_drv.c:5822:9:dsi_host_set_int0_ack_with_err_3	16	static
../common/mc/lcm/dsi/dsi_host_v01_drv.c:5853:9:dsi_host_set_int0_ack_with_err_4	16	static
../common/mc/lcm/dsi/dsi_host_v01_drv.c:5884:9:dsi_host_set_int0_ack_with_err_5	16	static
../common/mc/lcm/dsi/dsi_host_v01_drv.c:5915:9:dsi_host_set_int0_ack_with_err_6	16	static
../common/mc/lcm/dsi/dsi_host_v01_drv.c:5947:9:dsi_host_set_int0_ack_with_err_7	16	static
../common/mc/lcm/dsi/dsi_host_v01_drv.c:5979:9:dsi_host_set_int0_ack_with_err_8	16	static
../common/mc/lcm/dsi/dsi_host_v01_drv.c:6011:9:dsi_host_set_int0_ack_with_err_9	16	static
../common/mc/lcm/dsi/dsi_host_v01_drv.c:6042:9:dsi_host_set_int0_ack_with_err_10	16	static
../common/mc/lcm/dsi/dsi_host_v01_drv.c:6073:9:dsi_host_set_int0_ack_with_err_11	16	static
../common/mc/lcm/dsi/dsi_host_v01_drv.c:6103:9:dsi_host_set_int0_ack_with_err_12	16	static
../common/mc/lcm/dsi/dsi_host_v01_drv.c:6134:9:dsi_host_set_int0_ack_with_err_13	16	static
../common/mc/lcm/dsi/dsi_host_v01_drv.c:6164:9:dsi_host_set_int0_ack_with_err_14	16	static
../common/mc/lcm/dsi/dsi_host_v01_drv.c:6194:9:dsi_host_set_int0_ack_with_err_15	16	static
../common/mc/lcm/dsi/dsi_host_v01_drv.c:6224:9:dsi_host_set_int0_dphy_errors_0	16	static
../common/mc/lcm/dsi/dsi_host_v01_drv.c:6255:9:dsi_host_set_int0_dphy_errors_1	16	static
../common/mc/lcm/dsi/dsi_host_v01_drv.c:6285:9:dsi_host_set_int0_dphy_errors_2	16	static
../common/mc/lcm/dsi/dsi_host_v01_drv.c:6315:9:dsi_host_set_int0_dphy_errors_3	16	static
../common/mc/lcm/dsi/dsi_host_v01_drv.c:6345:9:dsi_host_set_int0_dphy_errors_4	16	static
../common/mc/lcm/dsi/dsi_host_v01_drv.c:6375:9:dsi_host_set_int0	16	static
../common/mc/lcm/dsi/dsi_host_v01_drv.c:6406:9:dsi_host_set_int1_to_hs_tx	16	static
../common/mc/lcm/dsi/dsi_host_v01_drv.c:6437:9:dsi_host_set_int1_to_lp_rx	16	static
../common/mc/lcm/dsi/dsi_host_v01_drv.c:6468:9:dsi_host_set_int1_ecc_single_err	16	static
../common/mc/lcm/dsi/dsi_host_v01_drv.c:6498:9:dsi_host_set_int1_ecc_multi_err	16	static
../common/mc/lcm/dsi/dsi_host_v01_drv.c:6530:9:dsi_host_set_int1_crc_err	16	static
../common/mc/lcm/dsi/dsi_host_v01_drv.c:6560:9:dsi_host_set_int1_pkt_size_err	16	static
../common/mc/lcm/dsi/dsi_host_v01_drv.c:6591:9:dsi_host_set_int1_eopt_err	16	static
../common/mc/lcm/dsi/dsi_host_v01_drv.c:6624:9:dsi_host_set_int1_dpi_pld_wr_err	16	static
../common/mc/lcm/dsi/dsi_host_v01_drv.c:6656:9:dsi_host_set_int1_gen_cmd_wr_err	16	static
../common/mc/lcm/dsi/dsi_host_v01_drv.c:6688:9:dsi_host_set_int1_gen_pld_wr_err	16	static
../common/mc/lcm/dsi/dsi_host_v01_drv.c:6720:9:dsi_host_set_int1_gen_pld_send_err	16	static
../common/mc/lcm/dsi/dsi_host_v01_drv.c:6752:9:dsi_host_set_int1_gen_pld_rd_err	16	static
../common/mc/lcm/dsi/dsi_host_v01_drv.c:6785:9:dsi_host_set_int1_gen_pld_recev_err	16	static
../common/mc/lcm/dsi/dsi_host_v01_drv.c:6818:9:dsi_host_set_int1_dbi_cmd_wr_err	16	static
../common/mc/lcm/dsi/dsi_host_v01_drv.c:6851:9:dsi_host_set_int1_dbi_pld_wr_err	16	static
../common/mc/lcm/dsi/dsi_host_v01_drv.c:6884:9:dsi_host_set_int1_dbi_pld_rd_err	16	static
../common/mc/lcm/dsi/dsi_host_v01_drv.c:6917:9:dsi_host_set_int1_dbi_pld_recv_err	16	static
../common/mc/lcm/dsi/dsi_host_v01_drv.c:6950:9:dsi_host_set_int1_dbi_ilegal_comm_err	16	static
../common/mc/lcm/dsi/dsi_host_v01_drv.c:6980:9:dsi_host_set_int1	16	static
../common/mc/lcm/dsi/dsi_host_v01_drv.c:7010:9:dsi_host_set_txskewcalhs	16	static
../common/mc/lcm/dsi/dsi_host_v01_drv.c:7040:9:dsi_host_set_compression_mode	16	static
../common/mc/lcm/dsi/dsi_host_v01_drv.c:7073:9:dsi_host_set_compress_algo	16	static
../common/mc/lcm/dsi/dsi_host_v01_drv.c:7106:9:dsi_host_set_pps_sel	16	static
../common/mc/lcm/dsi/dsi_host_v01_drv.c:7136:9:dsi_host_set_max_rd_time	16	static
../common/mc/lcm/dsi/dsi_host_v01_drv.c:7167:9:dsi_host_set_vid_shadow_en	16	static
../common/mc/lcm/dsi/dsi_host_v01_drv.c:7197:9:dsi_host_set_vid_shadow_req	16	static
../common/mc/lcm/dsi/dsi_host_v01_drv.c:7227:9:dsi_host_set_vid_shadow_pin_req	16	static
../common/mc/lcm/dsi/dsi_host_v01_drv.c:7257:9:dsi_host_get_dpi_vcid_act	16	static
../common/mc/lcm/dsi/dsi_host_v01_drv.c:7298:9:dsi_host_get_dpi_color_coding	16	static
../common/mc/lcm/dsi/dsi_host_v01_drv.c:7328:9:dsi_host_get_loosely18_en	16	static
../common/mc/lcm/dsi/dsi_host_v01_drv.c:7359:9:dsi_host_get_invact_lpcmd_tim_act	16	static
../common/mc/lcm/dsi/dsi_host_v01_drv.c:7390:9:dsi_host_get_outvact_lpcmd_tim_act	16	static
../common/mc/lcm/dsi/dsi_host_v01_drv.c:7422:9:dsi_host_get_vid_mode_type_act	16	static
../common/mc/lcm/dsi/dsi_host_v01_drv.c:7452:9:dsi_host_get_lp_vsa_en	16	static
../common/mc/lcm/dsi/dsi_host_v01_drv.c:7482:9:dsi_host_get_lp_vbp_en	16	static
../common/mc/lcm/dsi/dsi_host_v01_drv.c:7512:9:dsi_host_get_lp_vfp_en	16	static
../common/mc/lcm/dsi/dsi_host_v01_drv.c:7542:9:dsi_host_get_lp_vact_en	16	static
../common/mc/lcm/dsi/dsi_host_v01_drv.c:7572:9:dsi_host_get_lp_hbp_en	16	static
../common/mc/lcm/dsi/dsi_host_v01_drv.c:7602:9:dsi_host_get_lp_hfp_en	16	static
../common/mc/lcm/dsi/dsi_host_v01_drv.c:7632:9:dsi_host_get_frame_bta_ack_en	16	static
../common/mc/lcm/dsi/dsi_host_v01_drv.c:7661:9:dsi_host_get_lp_cmd_en	16	static
../common/mc/lcm/dsi/dsi_host_v01_drv.c:7693:9:dsi_host_get_vid_pkt_size_act	16	static
../common/mc/lcm/dsi/dsi_host_v01_drv.c:7728:9:dsi_host_get_vid_num_chunks_act	16	static
../common/mc/lcm/dsi/dsi_host_v01_drv.c:7758:9:dsi_host_get_vid_null_size_act	16	static
../common/mc/lcm/dsi/dsi_host_v01_drv.c:7788:9:dsi_host_get_vid_has_time_act	16	static
../common/mc/lcm/dsi/dsi_host_v01_drv.c:7818:9:dsi_host_get_vid_hbp_time_act	16	static
../common/mc/lcm/dsi/dsi_host_v01_drv.c:7848:9:dsi_host_get_vid_hline_time_act	16	static
../common/mc/lcm/dsi/dsi_host_v01_drv.c:7878:9:dsi_host_get_vsa_lines_act	16	static
../common/mc/lcm/dsi/dsi_host_v01_drv.c:7908:9:dsi_host_get_vbp_lines_act	16	static
../common/mc/lcm/dsi/dsi_host_v01_drv.c:7938:9:dsi_host_get_vfp_lines_act	16	static
../common/mc/lcm/dsi/dsi_host_v01_drv.c:7968:9:dsi_host_get_v_active_lines_act	16	static
../common/mc/lcm/dsi/dsi_host_v01_drv.c:8001:9:dsi_host_get_mode_3d_act	16	static
../common/mc/lcm/dsi/dsi_host_v01_drv.c:8034:9:dsi_host_get_format_3d_act	16	static
../common/mc/lcm/dsi/dsi_host_v01_drv.c:8066:9:dsi_host_get_second_vsync_act	16	static
../common/mc/lcm/dsi/dsi_host_v01_drv.c:8097:9:dsi_host_get_right_first_act	16	static
../common/mc/lcm/dsi/dsi_host_v01_drv.c:8127:9:dsi_host_get_send_3d_cfg_act	16	static
