../fs/ubifs/io.c:76:6:ubifs_ro_mode	0	static
../fs/ubifs/io.c:93:5:ubifs_leb_read	0	static
../fs/ubifs/io.c:111:5:ubifs_leb_write	16	static
../fs/ubifs/io.c:134:5:ubifs_leb_change	8	static
../fs/ubifs/io.c:156:5:ubifs_leb_unmap	8	static
../fs/ubifs/io.c:177:5:ubifs_leb_map	8	static
../fs/ubifs/io.c:198:5:ubifs_is_mapped	0	static
../fs/ubifs/io.c:239:5:ubifs_check_node	16	static
../fs/ubifs/io.c:320:6:ubifs_pad	16	static
../fs/ubifs/io.c:381:6:ubifs_prepare_node	32	static
../fs/ubifs/io.c:414:6:ubifs_prep_grp_node	24	static
../fs/ubifs/io.c:499:5:ubifs_wbuf_sync_nolock	32	static
../fs/ubifs/io.c:574:5:ubifs_wbuf_seek_nolock	0	static
../fs/ubifs/io.c:982:5:ubifs_read_node	40	static
../fs/ubifs/io.c:905:5:ubifs_read_node_wbuf	48	static
../fs/ubifs/io.c:1036:5:ubifs_wbuf_init	24	static
../fs/ubifs/io.c:1086:6:ubifs_wbuf_add_ino_nolock	0	static
../fs/ubifs/io.c:1130:5:ubifs_sync_wbufs_by_inode	16	static
