../fs/ubifs/lprops.c:30:12:get_heap_comp_val	0	static
../fs/ubifs/lprops.c:91:13:adjust_lpt_heap.constprop	40	static
../fs/ubifs/lprops.c:54:13:move_up_lpt_heap.constprop	24	static
../fs/ubifs/lprops.c:267:6:ubifs_add_to_cat	32	static
../fs/ubifs/lprops.c:347:6:ubifs_replace_cat	0	static
../fs/ubifs/lprops.c:402:5:ubifs_categorize_lprops	8	static
../fs/ubifs/lprops.c:379:6:ubifs_ensure_cat	16	static
../fs/ubifs/lprops.c:473:5:ubifs_calc_dark	0	static
../fs/ubifs/lprops.c:526:28:ubifs_change_lp	32	static
../fs/ubifs/lprops.c:633:6:ubifs_get_lp_stats	0	static
../fs/ubifs/lprops.c:655:5:ubifs_change_one_lp	24	static
../fs/ubifs/lprops.c:694:5:ubifs_update_one_lp	24	static
../fs/ubifs/lprops.c:731:5:ubifs_read_one_lp	8	static
../fs/ubifs/lprops.c:760:28:ubifs_fast_find_free	0	static
../fs/ubifs/lprops.c:784:28:ubifs_fast_find_empty	0	static
../fs/ubifs/lprops.c:807:28:ubifs_fast_find_freeable	0	static
../fs/ubifs/lprops.c:831:28:ubifs_fast_find_frdi_idx	0	static
../fs/ubifs/lprops.c:857:5:dbg_check_cats	0	static
../fs/ubifs/lprops.c:956:6:dbg_check_heap	0	static
../fs/ubifs/lprops.c:1258:5:dbg_check_lprops	0	static
