../drivers/mtd/mtdpart.c:122:22:part_get_unmapped_area	4	static
../drivers/mtd/mtdpart.c:172:12:part_read_user_prot_reg	0	static
../drivers/mtd/mtdpart.c:180:12:part_get_user_prot_info	4	static
../drivers/mtd/mtdpart.c:188:12:part_read_fact_prot_reg	0	static
../drivers/mtd/mtdpart.c:196:12:part_get_fact_prot_info	4	static
../drivers/mtd/mtdpart.c:204:12:part_write	4	static
../drivers/mtd/mtdpart.c:212:12:part_panic_write	4	static
../drivers/mtd/mtdpart.c:220:12:part_write_oob	12	static
../drivers/mtd/mtdpart.c:232:12:part_write_user_prot_reg	0	static
../drivers/mtd/mtdpart.c:240:12:part_lock_user_prot_reg	0	static
../drivers/mtd/mtdpart.c:286:12:part_lock	4	static
../drivers/mtd/mtdpart.c:292:12:part_unlock	4	static
../drivers/mtd/mtdpart.c:298:12:part_is_locked	4	static
../drivers/mtd/mtdpart.c:304:13:part_sync	0	static
../drivers/mtd/mtdpart.c:324:12:part_block_isreserved	0	static
../drivers/mtd/mtdpart.c:331:12:part_block_isbad	0	static
../drivers/mtd/mtdpart.c:338:12:part_block_markbad	8	static
../drivers/mtd/mtdpart.c:85:12:part_read	32	static
../drivers/mtd/mtdpart.c:134:12:part_read_oob	48	static
../drivers/mtd/mtdpart.c:257:12:part_erase	16	static
../drivers/mtd/mtdpart.c:64:7:kstrdup	16	static
../drivers/mtd/mtdpart.c:272:6:mtd_erase_callback	0	static
../drivers/mtd/mtdpart.c:361:5:del_mtd_partitions	32	static
../drivers/mtd/mtdpart.c:676:5:add_mtd_partitions	64	static
../drivers/mtd/mtdpart.c:810:5:mtd_is_partition	0	static
../drivers/mtd/mtdpart.c:828:10:mtd_get_device_size	8	static
