../fs/ubifs/debug.c:950:12:dump_znode	0	static
../fs/ubifs/debug.c:99:13:dbg_snprintf_key	16	static
../fs/ubifs/debug.c:138:13:dbg_ntype	0	static
../fs/ubifs/debug.c:184:13:dbg_cstate	0	static
../fs/ubifs/debug.c:204:13:dbg_jhead	0	static
../fs/ubifs/debug.c:231:6:ubifs_dump_inode	0	static
../fs/ubifs/debug.c:301:6:ubifs_dump_node	0	static
../fs/ubifs/debug.c:548:6:ubifs_dump_budget_req	0	static
../fs/ubifs/debug.c:565:6:ubifs_dump_lstats	0	static
../fs/ubifs/debug.c:646:6:ubifs_dump_budg	0	static
../fs/ubifs/debug.c:651:6:ubifs_dump_lprop	8	static
../fs/ubifs/debug.c:742:6:ubifs_dump_lprops	96	static
../fs/ubifs/debug.c:764:6:ubifs_dump_lpt_info	0	static
../fs/ubifs/debug.c:802:6:ubifs_dump_sleb	0	static
../fs/ubifs/debug.c:818:6:ubifs_dump_leb	24	static
../fs/ubifs/debug.c:856:6:ubifs_dump_znode	0	static
../fs/ubifs/debug.c:895:6:ubifs_dump_heap	0	static
../fs/ubifs/debug.c:911:6:ubifs_dump_pnode	0	static
../fs/ubifs/debug.c:929:6:ubifs_dump_tnc	8	static
../fs/ubifs/debug.c:1469:5:dbg_check_dir	0	static
../fs/ubifs/debug.c:1474:6:dbg_debugfs_exit_fs	0	static
../fs/ubifs/debug.c:1479:5:ubifs_debugging_init	0	static
../fs/ubifs/debug.c:1483:6:ubifs_debugging_exit	0	static
../fs/ubifs/debug.c:1486:5:dbg_check_filesystem	0	static
../fs/ubifs/debug.c:1490:5:dbg_debugfs_init_fs	0	static
../fs/ubifs/debug.c:1584:5:dbg_check_tnc	0	static
../fs/ubifs/debug.c:1605:5:dbg_walk_index	40	static
../fs/ubifs/debug.c:964:6:ubifs_dump_index	0	static
../fs/ubifs/debug.c:1757:5:dbg_check_idx_size	0	static
