../fs/ubifs/lpt.c:54:13:do_calc_lpt_geom	40	static
../fs/ubifs/lpt.c:229:13:pack_bits	12	static
../fs/ubifs/lpt.c:554:12:calc_nnode_num_from_parent	0	static
../fs/ubifs/lpt.c:1092:12:validate_nnode	16	static
../fs/ubifs/lpt.c:865:13:update_cats	16	static
../fs/ubifs/lpt.c:579:12:calc_pnode_num_from_parent.isra	4	static
../fs/ubifs/lpt.c:1136:12:validate_pnode	32	static
../fs/ubifs/lpt.c:133:5:ubifs_calc_lpt_geom	16	static
../fs/ubifs/lpt.c:279:10:ubifs_unpack_bits	16	static
../fs/ubifs/lpt.c:910:12:check_lpt_crc.constprop	24	static
../fs/ubifs/lpt.c:960:12:unpack_pnode	32	static
../fs/ubifs/lpt.c:1858:28:scan_get_pnode	40	static
../fs/ubifs/lpt.c:346:6:ubifs_pack_pnode	32	static
../fs/ubifs/lpt.c:379:6:ubifs_pack_nnode	32	static
../fs/ubifs/lpt.c:411:6:ubifs_pack_ltab	32	static
../fs/ubifs/lpt.c:436:6:ubifs_pack_lsave	32	static
../fs/ubifs/lpt.c:458:6:ubifs_add_lpt_dirt	0	static
../fs/ubifs/lpt.c:490:6:ubifs_add_nnode_dirt	8	static
../fs/ubifs/lpt.c:1485:28:dirty_cow_nnode	16	static
../fs/ubifs/lpt.c:604:5:ubifs_create_dflt_lpt	88	static
../fs/ubifs/lpt.c:997:5:ubifs_unpack_nnode	32	static
../fs/ubifs/lpt.c:1799:28:scan_get_nnode	40	static
../fs/ubifs/lpt.c:1191:5:ubifs_read_nnode	48	static
../fs/ubifs/lpt.c:1394:21:ubifs_get_nnode	8	static
../fs/ubifs/lpt.c:1420:21:ubifs_get_pnode	40	static
../fs/ubifs/lpt.c:1446:22:ubifs_lpt_lookup	24	static
../fs/ubifs/lpt.c:1579:22:ubifs_lpt_lookup_dirty	32	static
../fs/ubifs/lpt.c:1734:5:ubifs_lpt_init	40	static
../fs/ubifs/lpt.c:1927:5:ubifs_lpt_scan_nolock	48	static
../fs/ubifs/lpt.c:2229:5:dbg_check_lpt_nodes	0	static
