../fs/ubifs/super.c:566:13:ubifs_dirty_inode	0	static
../fs/ubifs/super.c:2334:12:sb_test	0	static
../fs/ubifs/super.c:2342:12:sb_set	0	static
../fs/ubifs/super.c:1032:13:free_orphans	16	static
../fs/ubifs/super.c:2516:13:kill_ubifs_super	0	static
../fs/ubifs/super.c:440:22:ubifs_alloc_inode	8	static
../fs/ubifs/super.c:820:12:bud_wbuf_callback	16	static
../fs/ubifs/super.c:1014:13:free_wbufs.part.0	16	static
../fs/ubifs/super.c:54:5:set_anon_super	0	static
../fs/ubifs/super.c:59:15:iget_locked	16	static
../fs/ubifs/super.c:75:6:iget_failed	0	static
../fs/ubifs/super.c:79:5:ubifs_iput	8	static
../fs/ubifs/super.c:90:6:iput	24	static
../fs/ubifs/super.c:129:6:clear_nlink	0	static
../fs/ubifs/super.c:146:6:set_nlink	0	static
../fs/ubifs/super.c:171:6:unlock_new_inode	0	static
../fs/ubifs/super.c:239:15:ubifs_iget	48	static
../fs/ubifs/super.c:1721:6:ubifs_umount	8	static
../fs/ubifs/super.c:2375:21:sget	24	static
../fs/ubifs/super.c:2443:23:ubifs_mount	56	static
../fs/ubifs/super.c:2545:5:ubifs_init	8	static
../fs/ubifs/super.c:2680:5:uboot_ubifs_mount	8	static
