../drivers/usb/host/molchip_dwc2.c:155:13:dwc_otg_core_reset	16	static
../drivers/usb/host/molchip_dwc2.c:1307:12:dwc2_usb_remove	8	static
../drivers/usb/host/molchip_dwc2.c:1281:12:dwc2_usb_ofdata_to_platdata	16	static
../drivers/usb/host/molchip_dwc2.c:1297:12:dwc2_usb_probe	40	static
../drivers/usb/host/molchip_dwc2.c:795:5:wait_for_chhltd	24	static
../drivers/usb/host/molchip_dwc2.c:893:5:chunk_msg	104	static
../drivers/usb/host/molchip_dwc2.c:1248:12:dwc2_submit_control_msg	88	static
../drivers/usb/host/molchip_dwc2.c:1029:5:_submit_bulk_msg	24	static
../drivers/usb/host/molchip_dwc2.c:1260:12:dwc2_submit_bulk_msg	24	static
../drivers/usb/host/molchip_dwc2.c:1107:5:_submit_int_msg	40	static
../drivers/usb/host/molchip_dwc2.c:1270:12:dwc2_submit_int_msg	24	static
