../drivers/usb/host/usb-uclass.c:692:12:usb_child_post_bind	16	static
../drivers/usb/host/usb-uclass.c:218:13:remove_inactive_children.constprop	24	static
../drivers/usb/host/usb-uclass.c:457:12:usb_match_one_id	12	static
../drivers/usb/host/usb-uclass.c:28:5:usb_disable_asynch	0	static
../drivers/usb/host/usb-uclass.c:36:5:submit_int_msg	16	static
../drivers/usb/host/usb-uclass.c:48:5:submit_control_msg	24	static
../drivers/usb/host/usb-uclass.c:71:5:submit_bulk_msg	16	static
../drivers/usb/host/usb-uclass.c:83:19:create_int_queue	24	static
../drivers/usb/host/usb-uclass.c:97:7:poll_int_queue	4	static
../drivers/usb/host/usb-uclass.c:108:5:destroy_int_queue	4	static
../drivers/usb/host/usb-uclass.c:119:5:usb_alloc_device	0	static
../drivers/usb/host/usb-uclass.c:131:5:usb_reset_root_port	0	static
../drivers/usb/host/usb-uclass.c:142:5:usb_update_hub_device	0	static
../drivers/usb/host/usb-uclass.c:153:5:usb_stop	32	static
../drivers/usb/host/usb-uclass.c:360:5:usb_setup_ehci_gadget	24	static
../drivers/usb/host/usb-uclass.c:652:5:usb_detect_change	32	static
../drivers/usb/host/usb-uclass.c:715:17:usb_get_bus	8	static
../drivers/usb/host/usb-uclass.c:563:5:usb_scan_device	2528	static
../drivers/usb/host/usb-uclass.c:197:13:usb_scan_bus.constprop	24	static
../drivers/usb/host/usb-uclass.c:232:5:usb_init	40	static
../drivers/usb/host/usb-uclass.c:730:5:usb_child_pre_probe	16	static
