../board/molchip/flash/molchip_nor_spl.c:61:5:spi_nor_read_reg	16	static
../board/molchip/flash/molchip_nor_spl.c:93:5:spi_nor_write_reg	16	static
../board/molchip/flash/molchip_nor_spl.c:364:6:spi_nor_set_winbond_adr_3mod	16	static
../board/molchip/flash/molchip_nor_spl.c:121:6:spi_nor_wait_ready	16	static
../board/molchip/flash/molchip_nor_spl.c:137:6:spi_nor_erase_block	16	static
../board/molchip/flash/molchip_nor_spl.c:160:6:spi_nor_write_enable	0	static
../board/molchip/flash/molchip_nor_spl.c:376:6:spi_enable_qe	8	static
../board/molchip/flash/molchip_nor_spl.c:465:6:spi_nor_set_gd256_extern	16	static
../board/molchip/flash/molchip_nor_spl.c:482:6:spi_nor_set_qe_enable_gd	16	static
../board/molchip/flash/molchip_nor_spl.c:494:6:spi_nor_set_status_fudan	16	static
../board/molchip/flash/molchip_nor_spl.c:166:6:spi_nor_read_data	24	static
../board/molchip/flash/molchip_nor_spl.c:214:5:spi_transaction_dma_read	40	static
../board/molchip/flash/molchip_nor_spl.c:288:5:spi_nor_write_data	24	static
../board/molchip/flash/molchip_nor_spl.c:339:6:spi_nor_erase_sector	16	static
../board/molchip/flash/molchip_nor_spl.c:357:6:spi_nor_reset	8	static
../board/molchip/flash/molchip_nor_spl.c:395:5:spi_nor_set_DS_Qual_enable	16	static
../board/molchip/flash/molchip_nor_spl.c:446:6:spi_nor_set_ds_extern	16	static
../board/molchip/flash/molchip_nor_spl.c:453:6:spi_nor_set_ds_25m4ba_extern	16	static
../board/molchip/flash/molchip_nor_spl.c:421:5:spi_nor_set_DS_3byte_addr_mode	0	static
../board/molchip/flash/molchip_nor_spl.c:514:5:spi_nor_read_id	32	static
../board/molchip/flash/molchip_nor_spl.c:536:5:spi_nor_write_with_addr	16	static
../board/molchip/flash/molchip_nor_spl.c:561:5:spi_nor_erase	40	static
../board/molchip/flash/molchip_nor_spl.c:616:6:spi_nor_reset_dummy_data	8	static
../board/molchip/flash/molchip_nor_spl.c:622:5:spi_nor_program_image	16	static
../board/molchip/flash/molchip_nor_spl.c:647:5:sched_nor_load_image	16	static
