../net/net.c:351:13:net_clear_handlers	0	static
../net/net.c:668:13:start_again_timeout_handler	0	static
../net/net.c:732:13:dummy_handler	0	static
../net/net.c:229:12:on_ipaddr	8	static
../net/net.c:241:12:on_gatewayip	8	static
../net/net.c:253:12:on_netmask	8	static
../net/net.c:265:12:on_serverip	8	static
../net/net.c:302:12:on_dnsip	8	static
../net/net.c:343:13:net_init_loop	8	static
../net/net.c:319:6:net_auto_load	8	static
../net/net.c:363:6:net_init	8	static
../net/net.c:673:5:net_start_again	8	static
../net/net.c:396:5:net_loop	40	static
../net/net.c:738:11:net_get_udp_handler	0	static
../net/net.c:743:6:net_set_udp_handler	0	static
../net/net.c:752:11:net_get_arp_handler	0	static
../net/net.c:757:6:net_set_arp_handler	0	static
../net/net.c:767:6:net_set_icmp_handler	0	static
../net/net.c:773:6:net_set_timeout_handler	8	static
../net/net.c:1038:6:net_process_received_packet	48	static
../net/net.c:1378:1:net_eth_hdr_size	0	static
../net/net.c:1390:5:net_set_ether	24	static
../net/net.c:1415:5:net_update_ether	16	static
../net/net.c:1438:6:net_set_ip_header	16	static
../net/net.c:1459:6:net_set_udp_header	24	static
../net/net.c:788:5:net_send_udp_packet	40	static
../net/net.c:1483:6:copy_filename	0	static
../net/net.c:209:12:on_bootfile	8	static
../net/net.c:1503:14:random_port	8	static
../net/net.c:1509:6:ip_to_string	16	static
../net/net.c:1520:6:vlan_to_string	0	static
../net/net.c:1533:8:string_to_vlan	8	static
../net/net.c:277:12:on_nvlan	8	static
../net/net.c:289:12:on_vlan	8	static
../net/net.c:1548:8:env_get_vlan	8	static
