../fs/fat/fat.c:33:13:downcase	0	static
../fs/fat/fat.c:125:12:dirdelim	0	static
../fs/fat/fat.c:561:13:mkcksum	0	static
../fs/fat/fat.c:48:12:disk_read	8	static
../fs/fat/fat.c:264:1:get_cluster	40	dynamic
../fs/fat/fat.c:140:13:get_name	24	static
../fs/fat/fat.c:744:1:read_bootsectandvi	24	static
../fs/fat/fat_write.c:31:12:disk_write	8	static
../fs/fat/fat_write.c:107:12:flush_dirty_fat_buffer	24	static
../fs/fat/fat.c:179:14:get_fatent	32	static
../fs/fat/fat_write.c:559:12:find_empty_cluster	16	static
../fs/fat/fat_write.c:497:1:set_cluster	40	dynamic
../fs/fat/fat_write.c:54:13:set_name	280	static
../fs/fat/fat_write.c:749:12:check_overflow	16	static
../fs/fat/fat.c:445:12:slot2str	12	static
../fs/fat/fat.c:478:1:get_vfatname.constprop.isra	40	static
../fs/fat/fat_write.c:366:12:set_fatent_value.isra	32	static
../fs/fat/fat_write.c:576:13:flush_dir_table.constprop	16	static
../fs/fat/fat_write.c:906:12:do_fat_write	1096	static
../fs/fat/fat.c:63:5:fat_set_blk_dev	24	dynamic
../fs/fat/fat.c:92:5:fat_register_device	104	static
../fs/fat/fat.c:814:5:do_fat_read_at	2592	static
../fs/fat/fat.c:1235:5:do_fat_read	40	static
../fs/fat/fat.c:1241:5:file_fat_detectfs	120	static
../fs/fat/fat.c:1303:5:file_fat_ls	24	static
../fs/fat/fat.c:1310:5:fat_exists	48	static
../fs/fat/fat.c:1319:5:fat_size	40	static
../fs/fat/fat.c:1324:5:file_fat_read_at	48	static
../fs/fat/fat.c:1332:5:file_fat_read	40	static
../fs/fat/fat.c:1344:5:fat_read_file	48	static
../fs/fat/fat.c:1356:6:fat_close	0	static
../fs/fat/fat_write.c:1080:5:file_fat_write	24	static
