../drivers/core/device.c:575:24:_device_find_global_by_of_offset	16	static
../drivers/core/device.c:252:14:alloc_priv	16	static
../drivers/core/device.c:31:12:device_bind_common.constprop	40	static
../drivers/core/device.c:215:5:device_bind_with_driver_data	24	static
../drivers/core/device.c:224:5:device_bind	24	static
../drivers/core/device.c:232:5:device_bind_by_name	40	static
../drivers/core/device.c:295:5:device_probe	16	static
../drivers/core/device.c:422:7:dev_get_platdata	8	static
../drivers/core/device.c:432:7:dev_get_parent_platdata	8	static
../drivers/core/device.c:442:7:dev_get_uclass_platdata	8	static
../drivers/core/device.c:452:7:dev_get_priv	8	static
../drivers/core/device.c:462:7:dev_get_uclass_priv	8	static
../drivers/core/device.c:472:7:dev_get_parent_priv	8	static
../drivers/core/device.c:497:5:device_get_child	16	static
../drivers/core/device.c:509:5:device_find_child_by_seq	12	static
../drivers/core/device.c:529:5:device_get_child_by_seq	24	static
../drivers/core/device.c:547:5:device_find_child_by_of_offset	4	static
../drivers/core/device.c:564:5:device_get_child_by_of_offset	24	static
../drivers/core/device.c:592:5:device_get_global_by_of_offset	16	static
../drivers/core/device.c:600:5:device_find_first_child	0	static
../drivers/core/device.c:612:5:device_find_next_child	0	static
../drivers/core/device.c:627:17:dev_get_parent	0	static
../drivers/core/device.c:632:7:dev_get_driver_data	0	static
../drivers/core/device.c:637:13:dev_get_driver_ops	0	static
../drivers/core/device.c:645:16:device_get_uclass_id	0	static
../drivers/core/device.c:650:13:dev_get_uclass_name	0	static
../drivers/core/device.c:658:6:device_has_children	0	static
../drivers/core/device.c:663:6:device_has_active_children	16	static
../drivers/core/device.c:677:6:device_is_last_sibling	0	static
../drivers/core/device.c:686:6:device_set_name_alloced	0	static
../drivers/core/device.c:691:5:device_set_name	8	static
../drivers/core/device.c:702:6:device_is_compatible	8	static
../drivers/core/device.c:709:6:of_machine_is_compatible	8	static
