../arch/arm/lib/bootm.c:267:13:boot_prep_linux	632	static
../arch/arm/lib/bootm.c:51:6:mc_bringup_ca7	0	static
../arch/arm/lib/bootm.c:96:6:arch_lmb_reserve	0	static
../arch/arm/lib/bootm.c:118:13:board_quiesce_devices	0	static
../arch/arm/lib/bootm.c:382:13:boot_jump_linux	24	static
../arch/arm/lib/bootm.c:256:13:setup_board_tags	0	static
../arch/arm/lib/bootm.c:334:13:armv7_boot_nonsec_default	0	static
../arch/arm/lib/bootm.c:481:5:do_bootm_linux	24	static
../arch/arm/lib/bootm.c:504:6:boot_prep_vxworks	8	static
../arch/arm/lib/bootm.c:519:6:boot_jump_vxworks	0	static
