../common/mc/lcm/clk/vou_clk_v01_drv.c:70:9:vou_clk_calc	56	static
../common/mc/lcm/clk/vou_clk_v01_drv.c:143:9:vou_clk_on	16	static
../common/mc/lcm/clk/vou_clk_v01_drv.c:177:9:vou_reset	16	static
../common/mc/lcm/clk/vou_clk_v01_drv.c:203:9:vou_clk_on_reset	16	static
../common/mc/lcm/clk/vou_clk_v01_drv.c:221:9:vou_clk_off	24	static
../common/mc/lcm/clk/vou_clk_v01_drv.c:254:9:dsi_host_clk_on	8	static
../common/mc/lcm/clk/vou_clk_v01_drv.c:281:9:dsi_host_reset	16	static
../common/mc/lcm/clk/vou_clk_v01_drv.c:307:9:dsi_host_clk_on_reset	16	static
../common/mc/lcm/clk/vou_clk_v01_drv.c:325:9:dsi_host_clk_off	8	static
../common/mc/lcm/clk/vou_clk_v01_drv.c:352:9:dsi_phy_clk_on	8	static
../common/mc/lcm/clk/vou_clk_v01_drv.c:379:9:dsi_phy_reset	16	static
../common/mc/lcm/clk/vou_clk_v01_drv.c:405:9:dsi_phy_clk_on_reset	16	static
../common/mc/lcm/clk/vou_clk_v01_drv.c:423:9:dsi_phy_clk_off	8	static
../common/mc/lcm/clk/vou_clk_v01_drv.c:450:9:lcm_clk_off	16	static
../common/mc/lcm/clk/vou_clk_v01_drv.c:485:9:lcm_clk_on	16	static
../common/mc/lcm/clk/vou_clk_v01_drv.c:519:9:lcm_clk_status_clean	8	static
../common/mc/lcm/clk/vou_clk_v01_drv.c:537:9:vou_dhd_clk_on	16	static
../common/mc/lcm/clk/vou_clk_v01_drv.c:565:9:vou_dhd_rst	16	static
../common/mc/lcm/clk/vou_clk_v01_drv.c:604:9:vou_dhd_clk_off	16	static
../common/mc/lcm/clk/vou_clk_v01_drv.c:632:9:vou_dhd_out_mode	16	static
../common/mc/lcm/clk/vou_clk_v01_drv.c:658:9:vou_dhd_force_update	8	static
../common/mc/lcm/clk/vou_clk_v01_drv.c:682:9:vou_lcd_src_sel	16	static
../common/mc/lcm/clk/vou_clk_v01_drv.c:706:9:vou_dhd_src_sel	16	static
