../board/molchip/sdcard/sd_reg.c:24:6:mci_addr_selection	16	static
../board/molchip/sdcard/sd_reg.c:47:6:mci_drive_strength	0	static
../board/molchip/sdcard/sd_reg.c:110:6:mci_pull_up	0	static
../board/molchip/sdcard/sd_reg.c:173:6:mci_io_mux	0	static
../board/molchip/sdcard/sd_reg.c:194:6:mci_clk_enable	0	static
../board/molchip/sdcard/sd_reg.c:209:6:mci_ctl_reset	16	static
../board/molchip/sdcard/sd_reg.c:221:6:dw_mci_ctrl_reset	4	static
../board/molchip/sdcard/sd_reg.c:248:6:dw_mci_idmac_reset	0	static
../board/molchip/sdcard/sd_reg.c:257:6:dw_mci_select_idmac_interface	0	static
../board/molchip/sdcard/sd_reg.c:266:6:dw_mci_deable_idmac	0	static
../board/molchip/sdcard/sd_reg.c:275:6:dw_mci_start_run	0	static
../board/molchip/sdcard/sd_reg.c:280:6:dw_mci_idmac_stop_dma	0	static
../board/molchip/sdcard/sd_reg.c:297:6:dw_mci_mask_interrupts	0	static
../board/molchip/sdcard/sd_reg.c:305:6:dw_mci_set_descriptor	0	static
../board/molchip/sdcard/sd_reg.c:310:6:dw_mci_cmd_start	0	static
../board/molchip/sdcard/sd_reg.c:315:5:dw_mci_wait_while_busy	4	static
../board/molchip/sdcard/sd_reg.c:336:6:mci_send_cmd	16	static
../board/molchip/sdcard/sd_reg.c:354:5:wait_cmd_done	12	static
../board/molchip/sdcard/sd_reg.c:381:6:dw_mci_cmdarg	0	static
../board/molchip/sdcard/sd_reg.c:386:6:dw_mci_enable_dma_interface	0	static
../board/molchip/sdcard/sd_reg.c:395:6:dw_mci_disable_irq	0	static
../board/molchip/sdcard/sd_reg.c:404:6:dw_mci_tmout	0	static
../board/molchip/sdcard/sd_reg.c:409:6:dw_mci_bytcnt	0	static
../board/molchip/sdcard/sd_reg.c:414:6:dw_mci_blksz	0	static
../board/molchip/sdcard/sd_reg.c:419:5:dw_mci_card_busy	0	static
../board/molchip/sdcard/sd_reg.c:432:6:dw_mci_reset	16	static
../board/molchip/sdcard/sd_reg.c:445:5:dw_mci_interrupt	0	static
../board/molchip/sdcard/sd_reg.c:480:6:dw_mci_disable_clk	0	static
../board/molchip/sdcard/sd_reg.c:488:6:dw_mci_div	0	static
../board/molchip/sdcard/sd_reg.c:495:6:dw_mci_enable_clk	0	static
../board/molchip/sdcard/sd_reg.c:504:6:dw_mci_slot_bus	0	static
../board/molchip/sdcard/sd_reg.c:510:6:dw_mci_sdr_mode_set	0	static
../board/molchip/sdcard/sd_reg.c:526:5:wait_dll_ready	4	static
../board/molchip/sdcard/sd_reg.c:550:5:sdio_cfg_init	0	static
../board/molchip/sdcard/sd_reg.c:566:5:mci_init	0	static
