../lib/rbtree.c:355:6:__rb_erase_color	24	static
../lib/rbtree.c:377:6:rb_insert_color	8	static
../lib/rbtree.c:383:6:rb_erase	12	static
../lib/rbtree.c:399:6:__rb_insert_augmented	24	static
../lib/rbtree.c:409:17:rb_first	0	static
../lib/rbtree.c:422:17:rb_last	0	static
../lib/rbtree.c:435:17:rb_next	0	static
../lib/rbtree.c:467:17:rb_prev	0	static
../lib/rbtree.c:496:6:rb_replace_node	0	static
../lib/rbtree.c:525:17:rb_next_postorder	0	static
../lib/rbtree.c:544:17:rb_first_postorder	0	static
