../common/console.c:105:12:console_setfile	16	static
../common/console.c:487:6:putc	0	static
../common/console.c:527:6:puts	8	static
../common/console.c:293:5:serial_printf	552	static
../common/console.c:311:5:fgetc	0	static
../common/console.c:384:5:getc	0	static
../common/console.c:343:5:ftstc	0	static
../common/console.c:416:5:tstc	0	static
../common/console.c:351:6:fputc	0	static
../common/console.c:357:6:fputs	0	static
../common/console.c:363:5:fprintf	556	static
../common/console.c:562:5:ctrlc	8	static
../common/console.c:583:5:confirm_yesno	32	static
../common/console.c:610:5:disable_ctrlc	0	static
../common/console.c:618:5:had_ctrlc	0	static
../common/console.c:623:6:clear_ctrlc	0	static
../common/console.c:630:19:search_device	8	static
../common/console.c:646:5:console_assign	8	static
../common/console.c:25:12:on_console	24	static
../common/console.c:684:5:console_announce_r	208	static
../common/console.c:698:5:console_init_f	0	static
../common/console.c:709:6:stdio_print_current_devices	8	static
../common/console.c:830:5:console_init_r	16	static
