../common/fdt_support.c:976:12:of_bus_default_map	20	static
../common/fdt_support.c:1503:12:fdt_read_prop	8	static
../common/fdt_support.c:993:12:of_bus_default_translate	32	static
../common/fdt_support.c:959:6:fdt_support_default_count_cells	24	static
../common/fdt_support.c:33:5:fdt_getprop_u32_default_node	24	static
../common/fdt_support.c:63:5:fdt_getprop_u32_default	24	static
../common/fdt_support.c:87:5:fdt_find_and_setprop	32	static
../common/fdt_support.c:111:5:fdt_find_or_add_subnode	24	static
../common/fdt_support.c:189:5:fdt_root	24	static
../common/fdt_support.c:215:5:fdt_initrd	64	static
../common/fdt_support.c:275:5:fdt_chosen	24	static
../common/fdt_support.c:308:6:do_fixup_by_path	24	static
../common/fdt_support.c:324:6:do_fixup_by_path_u32	24	static
../common/fdt_support.c:331:6:do_fixup_by_prop	40	static
../common/fdt_support.c:352:6:do_fixup_by_prop_u32	32	static
../common/fdt_support.c:360:6:do_fixup_by_compat	40	static
../common/fdt_support.c:379:6:do_fixup_by_compat_u32	24	static
../common/fdt_support.c:420:5:fdt_fixup_memory_banks	64	static
../common/fdt_support.c:469:5:fdt_fixup_cpu_freq	32	static
../common/fdt_support.c:491:5:fdt_fixup_memory	16	static
../common/fdt_support.c:496:6:fdt_fixup_ethernet	72	static
../common/fdt_support.c:558:5:fdt_shrink_to_minimum	48	static
../common/fdt_support.c:671:5:fdt_increase_size	0	static
../common/fdt_support.c:690:5:fdt_del_subnodes	32	static
../common/fdt_support.c:715:5:fdt_del_partitions	32	static
../common/fdt_support.c:743:5:fdt_node_set_part_info	120	static
../common/fdt_support.c:854:6:fdt_fixup_mtdparts	32	static
../common/fdt_support.c:885:6:fdt_del_node_and_alias	16	static
../common/fdt_support.c:1237:5:fdt_translate_address	96	static
../common/fdt_support.c:1252:5:fdt_node_offset_by_compat_reg	32	static
../common/fdt_support.c:1273:5:fdt_alloc_phandle	16	static
../common/fdt_support.c:1293:5:fdt_set_phandle	40	static
../common/fdt_support.c:1332:14:fdt_create_phandle	16	static
../common/fdt_support.c:1362:5:fdt_set_node_status	40	static
../common/fdt_support.c:1403:5:fdt_set_status_by_alias	16	static
../common/fdt_support.c:1449:5:fdt_verify_alias_address	48	static
../common/fdt_support.c:1490:5:fdt_get_base_address	24	static
../common/fdt_support.c:1539:5:fdt_read_range	56	static
../common/fdt_support.c:1607:5:fdt_setup_simplefb_node	104	static
../common/fdt_support.c:1660:5:fdt_fixup_display	40	static
