../common/image.c:455:12:on_loadaddr	8	static
../common/image.c:202:5:image_check_hcrc	72	static
../common/image.c:217:5:image_check_dcrc	8	static
../common/image.c:239:7:image_multi_count	0	static
../common/image.c:272:6:image_multi_getimg	16	static
../common/image.c:471:7:env_get_bootm_low	8	static
../common/image.c:488:13:env_get_bootm_size	16	static
../common/image.c:515:13:env_get_bootm_mapsize	8	static
../common/image.c:531:6:memmove_wd	0	static
../common/image.c:561:6:genimg_print_size	8	static
../common/image.c:574:6:genimg_print_time	64	static
../common/image.c:589:22:get_table_entry	0	static
../common/image.c:710:20:genimg_get_short_name	8	static
../common/image.c:620:13:genimg_get_cat_name	16	static
../common/image.c:644:13:genimg_get_cat_short_name	16	static
../common/image.c:658:5:genimg_get_cat_count	0	static
../common/image.c:663:13:genimg_get_cat_desc	0	static
../common/image.c:682:7:get_table_entry_name	8	static
../common/image.c:694:13:genimg_get_os_name	0	static
../common/image.c:699:13:genimg_get_arch_name	0	static
../common/image.c:705:13:genimg_get_type_name	0	static
../common/image.c:722:13:genimg_get_type_short_name	0	static
../common/image.c:727:13:genimg_get_comp_name	0	static
../common/image.c:332:6:image_print_contents	40	static
../common/image.c:733:13:genimg_get_comp_short_name	0	static
../common/image.c:738:13:genimg_get_os_short_name	0	static
../common/image.c:743:13:genimg_get_arch_short_name	0	static
../common/image.c:762:5:get_table_entry_id	16	static
../common/image.c:780:5:genimg_get_os_id	0	static
../common/image.c:785:5:genimg_get_arch_id	0	static
../common/image.c:790:5:genimg_get_type_id	0	static
../common/image.c:795:5:genimg_get_comp_id	0	static
../common/image.c:816:7:genimg_get_kernel_addr_fit	0	static
../common/image.c:850:7:genimg_get_kernel_addr	16	static
../common/image.c:873:5:genimg_get_format	8	static
../common/image.c:908:7:genimg_get_image	0	static
../common/image.c:984:5:genimg_has_config	0	static
../common/image.c:1015:5:boot_get_ramdisk	40	static
../common/image.c:1227:5:boot_ramdisk_high	32	static
../common/image.c:1306:5:boot_get_setup	0	static
../common/image.c:1584:5:image_setup_linux	24	static
