../common/usb.c:323:1:usb_set_maxpacket_ep	0	static
../common/usb.c:206:5:usb_submit_int_msg	0	static
../common/usb.c:221:5:usb_control_msg	152	static
../common/usb.c:562:12:usb_get_descriptor	32	static
../common/usb.c:927:12:get_descriptor_len	608	static
../common/usb.c:728:12:usb_get_string	56	static
../common/usb.c:764:12:usb_string_sub	32	static
../common/usb.c:273:5:usb_bulk_msg	16	static
../common/usb.c:302:5:usb_maxpacket	0	static
../common/usb.c:533:5:usb_clear_halt	48	static
../common/usb.c:574:5:usb_get_configuration_len	152	static
../common/usb.c:597:5:usb_get_configuration_no	16	static
../common/usb.c:627:5:usb_set_interface	40	static
../common/usb.c:685:5:usb_set_protocol	32	static
../common/usb.c:695:5:usb_set_idle	32	static
../common/usb.c:705:5:usb_get_report	32	static
../common/usb.c:717:5:usb_get_class_descriptor	32	static
../common/usb.c:804:5:usb_string	600	static
../common/usb.c:1064:5:usb_select_config	64	static
../common/usb.c:1147:5:usb_setup_device	48	static
../common/usb.c:1201:5:board_usb_init	0	static
../common/usb.c:1207:5:board_usb_cleanup	0	static
../common/usb.c:1212:6:usb_device_has_child_on_port	0	static
../common/usb.c:1222:6:usb_find_usb2_hub_address_port	24	static
