../common/usb_hub.c:109:12:usb_set_port_feature	32	static
../common/usb_hub.c:90:12:usb_get_hub_descriptor	32	static
../common/usb_hub.c:102:12:usb_clear_port_feature.isra	32	static
../common/usb_hub.c:60:13:usb_hub_reset_devices	0	static
../common/usb_hub.c:71:6:usb_hub_is_root_hub	8	static
../common/usb_hub.c:123:5:usb_get_port_status	40	static
../common/usb_hub.c:345:5:usb_hub_port_connect_change	288	static
../common/usb_hub.c:614:12:usb_hub_configure	768	static
../common/usb_hub.c:921:5:usb_hub_probe	0	static
../common/usb_hub.c:933:5:usb_hub_scan	8	static
../common/usb_hub.c:940:12:usb_hub_post_probe	0	static
