../common/quaming/udisk_flash.c:82:10:script_get_header_size	8	static
../common/quaming/udisk_flash.c:90:7:script_get_header	8	static
../common/quaming/udisk_flash.c:101:7:script_get_data	8	static
../common/quaming/udisk_flash.c:110:5:script_check_header	0	static
../common/quaming/udisk_flash.c:115:7:get_key_value	272	static
../common/quaming/udisk_flash.c:158:5:script_check_config	16	static
../common/quaming/udisk_flash.c:171:5:script_get_num	16	static
../common/quaming/udisk_flash.c:181:6:parse_ethaddr	24	static
../common/quaming/udisk_flash.c:196:6:ethaddr2int	24	static
../common/quaming/udisk_flash.c:204:6:int2ethaddr	24	static
../common/quaming/udisk_flash.c:220:5:script_check_ethaddr	48	static
../common/quaming/udisk_flash.c:271:5:led_control	64	static
../common/quaming/udisk_flash.c:296:5:flash_commands	112	static
../common/quaming/udisk_flash.c:369:5:macid_commands	696	static
../common/quaming/udisk_flash.c:613:5:isFlashMode	2176	static
../common/quaming/udisk_flash.c:647:5:write_misc	2192	static
../common/quaming/udisk_flash.c:685:5:ota_commands	2312	static
../common/quaming/udisk_flash.c:970:5:script_check_sn	40	static
../common/quaming/udisk_flash.c:1011:5:sn_commands	656	static
../common/quaming/udisk_flash.c:484:5:bootup_commands	632	static
