../cmd/ethsw.c:121:12:ethsw_port_aggr_help_key_func	8	static
../cmd/ethsw.c:110:12:ethsw_ingr_fltr_help_key_func	8	static
../cmd/ethsw.c:99:12:ethsw_vlan_learn_help_key_func	8	static
../cmd/ethsw.c:88:12:ethsw_egr_tag_help_key_func	8	static
../cmd/ethsw.c:76:12:ethsw_port_untag_help_key_func	8	static
../cmd/ethsw.c:65:12:ethsw_vlan_help_key_func	8	static
../cmd/ethsw.c:54:12:ethsw_pvid_help_key_func	8	static
../cmd/ethsw.c:43:12:ethsw_fdb_help_key_func	8	static
../cmd/ethsw.c:31:12:ethsw_learn_help_key_func	8	static
../cmd/ethsw.c:20:12:ethsw_port_stats_help_key_func	8	static
../cmd/ethsw.c:750:12:keyword_match_gen	16	static
../cmd/ethsw.c:880:12:keyword_match_aggr	40	static
../cmd/ethsw.c:829:12:keyword_match_pvid	40	static
../cmd/ethsw.c:851:12:keyword_match_mac_addr	32	static
../cmd/ethsw.c:786:12:keyword_match_vlan	40	static
../cmd/ethsw.c:763:12:keyword_match_port	40	static
../cmd/ethsw.c:1067:12:do_ethsw	152	static
../cmd/ethsw.c:721:5:ethsw_define_functions	0	static
