../cmd/mmc.c:812:12:do_mmcops	32	static
../cmd/mmc.c:734:12:do_mmc_setdsr	16	static
../cmd/mmc.c:85:20:init_mmc_device	16	static
../cmd/mmc.c:360:12:do_mmc_rescan	8	static
../cmd/mmc.c:506:12:do_mmc_hwpartition	96	static
../cmd/mmc.c:431:12:do_mmc_list	8	static
../cmd/mmc.c:390:12:do_mmc_dev	24	static
../cmd/mmc.c:100:12:do_mmcinfo	40	static
../cmd/mmc.c:371:12:do_mmc_part	8	static
../cmd/mmc.c:332:12:do_mmc_erase	24	static
../cmd/mmc.c:302:12:do_mmc_write	24	static
../cmd/mmc.c:274:12:do_mmc_read	24	static
