../cmd/mtdparts.c:493:13:part_delall	16	static
../cmd/mtdparts.c:173:12:memsize_parse	8	static
../cmd/mtdparts.c:1537:20:env_get_mtdparts	8	static
../cmd/mtdparts.c:206:13:memsize_format	4	static
../cmd/mtdparts.c:1210:12:generate_mtdparts_save.constprop	80	static
../cmd/mtdparts.c:735:12:device_delall.constprop	24	static
../cmd/mtdparts.c:302:12:get_mtd_info.constprop	24	static
../cmd/mtdparts.c:413:12:part_validate	64	static
../cmd/mtdparts.c:1873:26:mtd_part_info	16	static
../cmd/mtdparts.c:227:13:index_partitions	16	static
../cmd/mtdparts.c:270:13:current_save	32	static
../cmd/mtdparts.c:972:12:mtd_devices_init	8	static
../cmd/mtdparts.c:759:12:device_del	16	static
../cmd/mtdparts.c:514:12:part_sort_add	24	static
../cmd/mtdparts.c:791:20:device_find	8	static
../cmd/mtdparts.c:838:12:device_parse	96	static
../cmd/mtdparts.c:1043:5:mtd_id_parse	32	static
../cmd/mtdparts.c:1348:5:find_dev_and_part	40	static
../cmd/mtdparts.c:1723:5:mtdparts_init	1104	static
../cmd/mtdparts.c:1920:12:do_chpart	32	static
../cmd/mtdparts.c:1958:12:do_mtdparts	136	static
