../cmd/nvedit.c:785:12:do_env_delete	24	static
../cmd/nvedit.c:706:12:do_env_save	8	static
../cmd/nvedit.c:1163:12:do_env	24	static
../cmd/nvedit.c:86:12:env_print	56	static
../cmd/nvedit.c:117:12:do_env_print	24	static
../cmd/nvedit.c:987:12:do_env_import	56	static
../cmd/nvedit.c:748:12:do_env_default	8	static
../cmd/nvedit.c:214:12:_do_env_set.constprop	72	static
../cmd/nvedit.c:346:12:do_env_set	0	static
../cmd/nvedit.c:75:5:get_env_id	0	static
../cmd/nvedit.c:286:5:env_set	24	static
../cmd/nvedit.c:307:5:env_set_ulong	8	static
../cmd/nvedit.c:322:5:env_set_hex	32	static
../cmd/nvedit.c:866:12:do_env_export	96	static
../cmd/nvedit.c:732:5:envmatch	24	static
../cmd/nvedit.c:649:5:env_get_f	32	static
../cmd/nvedit.c:625:7:env_get	48	static
../cmd/nvedit.c:330:7:env_get_hex	24	static
../cmd/nvedit.c:693:7:env_get_ulong	16	static
