../cmd/pxe.c:145:12:do_get_ext2	0	static
../cmd/pxe.c:1014:13:eol_or_eof	0	static
../cmd/pxe.c:1611:12:do_pxe	24	static
../cmd/pxe.c:563:13:label_print	0	static
../cmd/pxe.c:129:12:do_get_tftp	24	static
../cmd/pxe.c:40:14:from_env	16	static
../cmd/pxe.c:534:13:label_destroy	8	static
../cmd/pxe.c:1384:13:destroy_pxe_menu	16	static
../cmd/pxe.c:158:12:do_get_fat	8	static
../cmd/pxe.c:171:12:do_get_any	0	static
../cmd/pxe.c:63:12:format_mac_pxe.constprop	32	static
../cmd/pxe.c:192:12:get_relfile	176	static
../cmd/pxe.c:232:12:get_pxe_file	16	static
../cmd/pxe.c:275:12:get_pxelinux_path	152	static
../cmd/pxe.c:369:1:do_pxe_get	64	static
../cmd/pxe.c:424:12:get_relfile_envaddr	24	static
../cmd/pxe.c:900:14:get_string.isra	32	static
../cmd/pxe.c:969:13:get_token	32	static
../cmd/pxe.c:1031:12:parse_sliteral	24	static
../cmd/pxe.c:1051:12:parse_integer	32	static
../cmd/pxe.c:1305:12:parse_pxefile_top	88	static
../cmd/pxe.c:1081:12:handle_include	48	static
../cmd/pxe.c:1413:25:parse_pxefile	24	static
../cmd/pxe.c:616:12:label_boot	1240	static
../cmd/pxe.c:1523:13:handle_pxe_menu	56	static
../cmd/pxe.c:1566:1:do_pxe_boot	24	static
../cmd/pxe.c:1645:12:do_sysboot	32	static
