../drivers/mtd/spi/mc_flash.c:1480:5:spi_nor_read_mode	8	static
../drivers/mtd/spi/mc_flash.c:175:5:spi_nor_read_reg	16	static
../drivers/mtd/spi/mc_flash.c:202:5:spi_nor_write_reg	16	static
../drivers/mtd/spi/mc_flash.c:226:5:spi_nor_wait_ready	16	static
../drivers/mtd/spi/mc_flash.c:242:6:spi_nor_write_enable	0	static
../drivers/mtd/spi/mc_flash.c:795:5:spi_quad_enable	16	static
../drivers/mtd/spi/mc_flash.c:824:5:spi_mx_quad_enable	16	static
../drivers/mtd/spi/mc_flash.c:881:5:spi_giga_quad_enable	16	static
../drivers/mtd/spi/mc_flash.c:247:6:spi_nor_write_enable_volatile	0	static
../drivers/mtd/spi/mc_flash.c:852:5:spi_spansion_quad_enable	16	static
../drivers/mtd/spi/mc_flash.c:252:6:spi_nor_write_disable	0	static
../drivers/mtd/spi/mc_flash.c:256:5:spi_nor_get_dummy	0	static
../drivers/mtd/spi/mc_flash.c:279:6:spi_nor_ops	40	static
../drivers/mtd/spi/mc_flash.c:340:5:spi_nor_read_data	24	static
../drivers/mtd/spi/mc_flash.c:359:5:spi_nor_write_data	24	static
../drivers/mtd/spi/mc_flash.c:666:5:spi_nor_program	48	static
../drivers/mtd/spi/mc_flash.c:373:6:spi_dtr_enable	0	static
../drivers/mtd/spi/mc_flash.c:385:6:spi_dtr_disable	0	static
../drivers/mtd/spi/mc_flash.c:395:6:nfc_set_dtr_enable	0	static
../drivers/mtd/spi/mc_flash.c:416:6:spi_nor_read_setfreq	8	static
../drivers/mtd/spi/mc_flash.c:424:5:spi_nor_dma_read	48	static
../drivers/mtd/spi/mc_flash.c:508:6:spi_dma_linklist_read_start	64	static
../drivers/mtd/spi/mc_flash.c:593:5:spi_dma_linklist_read_stop	8	static
../drivers/mtd/spi/mc_flash.c:620:5:spi_nor_read	32	static
../drivers/mtd/spi/mc_flash.c:1509:5:spi_nor_cont_read_done	16	static
../drivers/mtd/spi/mc_flash.c:712:6:spi_nor_erase_sector	16	static
../drivers/mtd/spi/mc_flash.c:720:5:spi_nor_erase	32	static
../drivers/mtd/spi/mc_flash.c:759:24:spi_nor_read_id	32	static
../drivers/mtd/spi/mc_flash.c:783:4:spi_nor_convert_opcode	4	static
../drivers/mtd/spi/mc_flash.c:909:6:spi_nor_set_read_settings	0	static
../drivers/mtd/spi/mc_flash.c:920:6:spi_nor_set_pp_settings	0	static
../drivers/mtd/spi/mc_flash.c:928:5:spi_nor_init_params	16	static
../drivers/mtd/spi/mc_flash.c:1002:5:spi_nor_hwcaps2cmd	4	static
../drivers/mtd/spi/mc_flash.c:1013:5:spi_nor_hwcaps_read2cmd	0	static
../drivers/mtd/spi/mc_flash.c:1037:5:spi_nor_hwcaps_pp2cmd	0	static
../drivers/mtd/spi/mc_flash.c:1053:5:spi_nor_select_read	16	static
../drivers/mtd/spi/mc_flash.c:1086:5:spi_nor_select_pp	16	static
../drivers/mtd/spi/mc_flash.c:1106:5:spi_nor_select_erase	0	static
../drivers/mtd/spi/mc_flash.c:1169:5:spi_nor_init	8	static
../drivers/mtd/spi/mc_flash.c:1183:5:spi_nor_setup	24	static
../drivers/mtd/spi/mc_flash.c:1287:5:spi_nor_scan	232	static
../drivers/mtd/spi/mc_flash.c:1375:19:spi_nor_flash	16	static
../drivers/mtd/spi/mc_flash.c:1410:19:spi_nand_flash	8	static
../drivers/mtd/spi/mc_flash.c:1436:4:nvm_boot_device	0	static
../drivers/mtd/spi/mc_flash.c:1448:19:spi_flash_probe	24	static
../drivers/mtd/spi/mc_flash.c:1474:6:spi_flash_free	0	static
