../common/mc/lcm/dsi/dsi_host_v01_drv_mpi.c:946:17:_dsi_hal_gen_cmd_fifo_full	8	static
../common/mc/lcm/dsi/dsi_host_v01_drv_mpi.c:571:16:_dsi_host_bus_mode_cfg	8	static
../common/mc/lcm/dsi/dsi_host_v01_drv_mpi.c:960:16:_dsi_hal_gen_packet_header.part.0	24	static
../common/mc/lcm/dsi/dsi_host_v01_drv_mpi.c:285:25:dsi_host_mipi_context_get	0	static
../common/mc/lcm/dsi/dsi_host_v01_drv_mpi.c:290:18:dsi_host_core_context_get	0	static
../common/mc/lcm/dsi/dsi_host_v01_drv_mpi.c:880:10:_dsi_hal_gen_rd_cmd_busy	8	static
../common/mc/lcm/dsi/dsi_host_v01_drv_mpi.c:889:10:_dsi_hal_gen_read_fifo_empty	8	static
../common/mc/lcm/dsi/dsi_host_v01_drv_mpi.c:898:9:_dsi_hal_gen_read_payload	16	static
../common/mc/lcm/dsi/dsi_host_v01_drv_mpi.c:993:16:_dsi_gen_rd_packet.constprop.isra	48	static
../common/mc/lcm/dsi/dsi_host_v01_drv_mpi.c:913:10:_dsi_hal_gen_write_fifo_full	8	static
../common/mc/lcm/dsi/dsi_host_v01_drv_mpi.c:927:16:_dsi_hal_gen_packet_payload	16	static
../common/mc/lcm/dsi/dsi_host_v01_drv_mpi.c:1173:16:_dsi_gen_wr_packet.constprop	56	static
../common/mc/lcm/dsi/dsi_host_v01_drv_mpi.c:1322:10:_dsi_dcs_rd_cmd	48	static
../common/mc/lcm/dsi/dsi_host_v01_drv_mpi.c:1351:9:dsi_gen_wr_cmd	16	static
../common/mc/lcm/dsi/dsi_host_v01_drv_mpi.c:1385:9:dsi_gen_rd_cmd	32	static
../common/mc/lcm/dsi/dsi_host_v01_drv_mpi.c:1430:9:dsi_dcs_wr_cmd	16	static
../common/mc/lcm/dsi/dsi_host_v01_drv_mpi.c:1468:9:dsi_dcs_rd_cmd	56	static
../common/mc/lcm/dsi/dsi_host_v01_drv_mpi.c:1548:9:dsi_host_v0_init	32	static
../common/mc/lcm/dsi/dsi_host_v01_drv_mpi.c:1586:9:dsi_host_v0_deinit	16	static
../common/mc/lcm/dsi/dsi_host_v01_drv_mpi.c:1613:9:dsi_host_hs_mode	16	static
../common/mc/lcm/dsi/dsi_host_v01_drv_mpi.c:1642:9:dsi_host_lp_mode	16	static
../common/mc/lcm/dsi/dsi_host_v01_drv_mpi.c:1671:9:dsi_host_power_on	24	static
../common/mc/lcm/dsi/dsi_host_v01_drv_mpi.c:1735:9:dsi_host_power_off	16	static
