../common/mc/lcm/dsi/dsi_phy_v01_drv.c:39:9:dsi_phy_set_lpx	16	static
../common/mc/lcm/dsi/dsi_phy_v01_drv.c:50:9:dsi_phy_set_txreadyesc_mode	16	static
../common/mc/lcm/dsi/dsi_phy_v01_drv.c:61:9:dsi_phy_set_auto_ckgate_en	16	static
../common/mc/lcm/dsi/dsi_phy_v01_drv.c:72:9:dsi_phy_set_link_mode	16	static
../common/mc/lcm/dsi/dsi_phy_v01_drv.c:83:9:dsi_phy_set_txreadyesc_extend_vld	16	static
../common/mc/lcm/dsi/dsi_phy_v01_drv.c:94:9:dsi_phy_set_rxvalidesc_extend_vld	16	static
../common/mc/lcm/dsi/dsi_phy_v01_drv.c:106:9:dsi_phy_get_afifo_info	16	static
../common/mc/lcm/dsi/dsi_phy_v01_drv.c:117:9:dsi_phy_set_afifo_cfg	16	static
../common/mc/lcm/dsi/dsi_phy_v01_drv.c:129:9:dsi_phy_set_rcal_pluse_period	16	static
../common/mc/lcm/dsi/dsi_phy_v01_drv.c:140:9:dsi_phy_set_t_ipcd_det_time_d0	16	static
../common/mc/lcm/dsi/dsi_phy_v01_drv.c:151:9:dsi_phy_set_en_deskew	16	static
../common/mc/lcm/dsi/dsi_phy_v01_drv.c:163:9:dsi_phy_set_en_period_deskew	16	static
../common/mc/lcm/dsi/dsi_phy_v01_drv.c:174:9:dsi_phy_set_init_deskew_time	16	static
../common/mc/lcm/dsi/dsi_phy_v01_drv.c:185:9:dsi_phy_set_period_deskew_time	16	static
../common/mc/lcm/dsi/dsi_phy_v01_drv.c:196:9:dsi_phy_set_cl_en_deskew	16	static
../common/mc/lcm/dsi/dsi_phy_v01_drv.c:207:9:dsi_phy_get_cl_init_deskew_done	16	static
../common/mc/lcm/dsi/dsi_phy_v01_drv.c:218:9:dsi_phy_set_cl_deskew_time	16	static
../common/mc/lcm/dsi/dsi_phy_v01_drv.c:229:9:dsi_phy_set_su_iddq_en_soft	16	static
../common/mc/lcm/dsi/dsi_phy_v01_drv.c:240:9:dsi_phy_set_atest_en	16	static
../common/mc/lcm/dsi/dsi_phy_v01_drv.c:251:9:dsi_phy_set_atest_sel	16	static
../common/mc/lcm/dsi/dsi_phy_v01_drv.c:262:9:dsi_phy_set_fset_en	16	static
../common/mc/lcm/dsi/dsi_phy_v01_drv.c:273:9:dsi_phy_set_bg_en	16	static
../common/mc/lcm/dsi/dsi_phy_v01_drv.c:284:9:dsi_phy_set_bg_rbias	16	static
../common/mc/lcm/dsi/dsi_phy_v01_drv.c:295:9:dsi_phy_set_bg_trim	16	static
../common/mc/lcm/dsi/dsi_phy_v01_drv.c:306:9:dsi_phy_get_vbg_rdy	16	static
../common/mc/lcm/dsi/dsi_phy_v01_drv.c:318:9:dsi_phy_set_bist_en	16	static
../common/mc/lcm/dsi/dsi_phy_v01_drv.c:329:9:dsi_phy_set_bist_sel	16	static
../common/mc/lcm/dsi/dsi_phy_v01_drv.c:340:9:dsi_phy_set_bist_bit_error	16	static
../common/mc/lcm/dsi/dsi_phy_v01_drv.c:351:9:dsi_phy_get_bist_out	16	static
../common/mc/lcm/dsi/dsi_phy_v01_drv.c:362:9:dsi_phy_set_rcal_trim_init_time	16	static
../common/mc/lcm/dsi/dsi_phy_v01_drv.c:373:9:dsi_phy_set_rcal_sel	16	static
../common/mc/lcm/dsi/dsi_phy_v01_drv.c:384:9:dsi_phy_set_rcal_pn_swap_i	16	static
../common/mc/lcm/dsi/dsi_phy_v01_drv.c:395:9:dsi_phy_set_rcal_en_i	16	static
../common/mc/lcm/dsi/dsi_phy_v01_drv.c:406:9:dsi_phy_set_rcal_soft_rst	16	static
../common/mc/lcm/dsi/dsi_phy_v01_drv.c:417:9:dsi_phy_set_rcal_trim_soft	16	static
../common/mc/lcm/dsi/dsi_phy_v01_drv.c:428:9:dsi_phy_get_rcal_comp_out	16	static
../common/mc/lcm/dsi/dsi_phy_v01_drv.c:439:9:dsi_phy_get_rcal_done	16	static
../common/mc/lcm/dsi/dsi_phy_v01_drv.c:450:9:dsi_phy_set_rcal_ctrl	16	static
../common/mc/lcm/dsi/dsi_phy_v01_drv.c:461:9:dsi_phy_set_ft_sel	16	static
../common/mc/lcm/dsi/dsi_phy_v01_drv.c:472:9:dsi_phy_set_lpcd_vref_trim	16	static
../common/mc/lcm/dsi/dsi_phy_v01_drv.c:483:9:dsi_phy_set_lprx_vref_trim	16	static
../common/mc/lcm/dsi/dsi_phy_v01_drv.c:494:9:dsi_phy_set_rg_ibias_sel	16	static
../common/mc/lcm/dsi/dsi_phy_v01_drv.c:506:9:dsi_phy_set_rcal_done_bypass	16	static
../common/mc/lcm/dsi/dsi_phy_v01_drv.c:517:9:dsi_phy_set_clane_rst2enlptx	24	static
../common/mc/lcm/dsi/dsi_phy_v01_drv.c:531:9:dsi_phy_set_clane_inittime	24	static
../common/mc/lcm/dsi/dsi_phy_v01_drv.c:545:9:dsi_phy_set_clane_clkprepare	24	static
../common/mc/lcm/dsi/dsi_phy_v01_drv.c:559:9:dsi_phy_set_clane_clkzero	24	static
../common/mc/lcm/dsi/dsi_phy_v01_drv.c:573:9:dsi_phy_set_clane_clkpre	24	static
../common/mc/lcm/dsi/dsi_phy_v01_drv.c:587:9:dsi_phy_set_clane_clkpost	24	static
../common/mc/lcm/dsi/dsi_phy_v01_drv.c:601:9:dsi_phy_set_clane_clktrail	24	static
../common/mc/lcm/dsi/dsi_phy_v01_drv.c:615:9:dsi_phy_set_clane_hsexit	24	static
../common/mc/lcm/dsi/dsi_phy_v01_drv.c:629:9:dsi_phy_set_clane_pulldwn_mode	16	static
../common/mc/lcm/dsi/dsi_phy_v01_drv.c:641:9:dsi_phy_set_clane_wakeup	24	static
../common/mc/lcm/dsi/dsi_phy_v01_drv.c:655:9:dsi_phy_set_dlane_rst2enlptx	32	static
../common/mc/lcm/dsi/dsi_phy_v01_drv.c:675:9:dsi_phy_set_dlane_inittime	32	static
../common/mc/lcm/dsi/dsi_phy_v01_drv.c:695:9:dsi_phy_set_dlane_hsprepare	32	static
../common/mc/lcm/dsi/dsi_phy_v01_drv.c:715:9:dsi_phy_set_dlane_hszero	32	static
../common/mc/lcm/dsi/dsi_phy_v01_drv.c:736:9:dsi_phy_set_dlane_hstrail	32	static
../common/mc/lcm/dsi/dsi_phy_v01_drv.c:756:9:dsi_phy_set_dlane_hsexit	32	static
../common/mc/lcm/dsi/dsi_phy_v01_drv.c:777:9:dsi_phy_set_dlane_wakeup	32	static
../common/mc/lcm/dsi/dsi_phy_v01_drv.c:798:9:dsi_phy_set_dlane_tago	24	static
../common/mc/lcm/dsi/dsi_phy_v01_drv.c:812:9:dsi_phy_set_dlane_tasure	24	static
../common/mc/lcm/dsi/dsi_phy_v01_drv.c:826:9:dsi_phy_set_dlane_taget	24	static
../common/mc/lcm/dsi/dsi_phy_v01_drv.c:841:9:dsi_phy_set_dlane_pulldwn_mode	16	static
../common/mc/lcm/dsi/dsi_phy_v01_drv.c:855:9:dsi_phy_get_dlane_init_deskew_done	16	static
../common/mc/lcm/dsi/dsi_phy_v01_drv.c:870:9:dsi_phy_get_dlane_period_deskew_done	16	static
../common/mc/lcm/dsi/dsi_phy_v01_drv.c:885:9:dsi_phy_set_lane_ck8t_reverse	16	static
../common/mc/lcm/dsi/dsi_phy_v01_drv.c:897:9:dsi_phy_set_lane_predrv_by_dly	24	static
../common/mc/lcm/dsi/dsi_phy_v01_drv.c:917:9:dsi_phy_set_lane_predrv_dly_sel	24	static
../common/mc/lcm/dsi/dsi_phy_v01_drv.c:937:9:dsi_phy_set_lane_hstx_phase	24	static
../common/mc/lcm/dsi/dsi_phy_v01_drv.c:957:9:dsi_phy_set_lane_hs_8t_clk_sel	16	static
../common/mc/lcm/dsi/dsi_phy_v01_drv.c:973:9:dsi_phy_set_lane_lptx_vb_sel	16	static
../common/mc/lcm/dsi/dsi_phy_v01_drv.c:989:9:dsi_phy_get_lane_bist_done	16	static
../common/mc/lcm/dsi/dsi_phy_v01_drv.c:1005:9:dsi_phy_get_lane_bist_ok	16	static
../common/mc/lcm/dsi/dsi_phy_v01_drv.c:1021:9:dsi_phy_set_lane_bist_pattern_mode	16	static
../common/mc/lcm/dsi/dsi_phy_v01_drv.c:1037:9:dsi_phy_set_lane_prbs_check_num	32	static
../common/mc/lcm/dsi/dsi_phy_v01_drv.c:1059:9:dsi_phy_set_lane_prbs_seed	24	static
../common/mc/lcm/dsi/dsi_phy_v01_drv.c:1077:9:dsi_phy_set_lane_prbs_err_th	24	static
../common/mc/lcm/dsi/dsi_phy_v01_drv.c:1097:9:dsi_phy_get_lane_prbs_err_num	24	static
../common/mc/lcm/dsi/dsi_phy_v01_drv.c:1118:9:dsi_phy_set_core_dll_sel	16	static
../common/mc/lcm/dsi/dsi_phy_v01_drv.c:1131:9:dsi_phy_set_core_lane_num	16	static
../common/mc/lcm/dsi/dsi_phy_v01_drv.c:1143:9:dsi_phy_set_core_clksel	16	static
../common/mc/lcm/dsi/dsi_phy_v01_drv.c:1155:9:dsi_phy_set_core_phyerr_mask	24	static
../common/mc/lcm/dsi/dsi_phy_v01_drv.c:1169:9:dsi_phy_set_core_ulprx_sel	16	static
../common/mc/lcm/dsi/dsi_phy_v01_drv.c:1181:9:dsi_phy_set_core_dphy_soft_rst	16	static
../common/mc/lcm/dsi/dsi_phy_v01_drv.c:1207:9:dsi_phy_set_core_pwon_sel	16	static
../common/mc/lcm/dsi/dsi_phy_v01_drv.c:1225:9:dsi_phy_set_core_pwon_dsi_soft	24	static
../common/mc/lcm/dsi/dsi_phy_v01_drv.c:1246:9:dsi_phy_set_core_pwon_pll_soft	24	static
../common/mc/lcm/dsi/dsi_phy_v01_drv.c:1268:9:dsi_phy_set_core_da_clk1_en	24	static
../common/mc/lcm/dsi/dsi_phy_v01_drv.c:1282:9:dsi_phy_set_core_pixelclkl_div	24	static
../common/mc/lcm/dsi/dsi_phy_v01_drv.c:1296:9:dsi_phy_set_core_pll_soft_rst	24	static
../common/mc/lcm/dsi/dsi_phy_v01_drv.c:1323:9:dsi_phy_set_core_pll_bist_en	24	static
../common/mc/lcm/dsi/dsi_phy_v01_drv.c:1338:9:dsi_phy_set_core_pll_bist_ctrl	24	static
../common/mc/lcm/dsi/dsi_phy_v01_drv.c:1352:9:dsi_phy_set_core_pll_bist_cnt	24	static
../common/mc/lcm/dsi/dsi_phy_v01_drv.c:1366:9:dsi_phy_set_core_pll_div_s	24	static
../common/mc/lcm/dsi/dsi_phy_v01_drv.c:1381:9:dsi_phy_set_core_pll_freq_doubler_en	24	static
../common/mc/lcm/dsi/dsi_phy_v01_drv.c:1396:9:dsi_phy_set_core_pll_ref24m_sel	24	static
../common/mc/lcm/dsi/dsi_phy_v01_drv.c:1410:9:dsi_phy_set_core_pll_pdiv	24	static
../common/mc/lcm/dsi/dsi_phy_v01_drv.c:1424:9:dsi_phy_set_core_pll_ssc_en	24	static
../common/mc/lcm/dsi/dsi_phy_v01_drv.c:1438:9:dsi_phy_set_core_pll_ssc_ctrl	24	static
../common/mc/lcm/dsi/dsi_phy_v01_drv.c:1452:9:dsi_phy_set_core_pll_lpf_r2	24	static
../common/mc/lcm/dsi/dsi_phy_v01_drv.c:1466:9:dsi_phy_set_core_pll_lpf_r3	24	static
../common/mc/lcm/dsi/dsi_phy_v01_drv.c:1480:9:dsi_phy_set_core_pll_lpf_cl	24	static
../common/mc/lcm/dsi/dsi_phy_v01_drv.c:1494:9:dsi_phy_set_core_pll_lpf_c2	24	static
../common/mc/lcm/dsi/dsi_phy_v01_drv.c:1508:9:dsi_phy_set_core_pll_ldo_test_en	24	static
../common/mc/lcm/dsi/dsi_phy_v01_drv.c:1522:9:dsi_phy_set_core_pll_ldo_vref	24	static
../common/mc/lcm/dsi/dsi_phy_v01_drv.c:1537:9:dsi_phy_set_core_pll_ldo_vout	24	static
../common/mc/lcm/dsi/dsi_phy_v01_drv.c:1551:9:dsi_phy_set_core_pll_kint	24	static
../common/mc/lcm/dsi/dsi_phy_v01_drv.c:1566:9:dsi_phy_set_core_pll_nint	24	static
../common/mc/lcm/dsi/dsi_phy_v01_drv.c:1580:9:dsi_phy_set_core_pll_n	24	static
../common/mc/lcm/dsi/dsi_phy_v01_drv.c:1594:9:dsi_phy_set_core_pll_icp	24	static
../common/mc/lcm/dsi/dsi_phy_v01_drv.c:1609:9:dsi_phy_set_core_pll_icp_of_fset	24	static
../common/mc/lcm/dsi/dsi_phy_v01_drv.c:1623:9:dsi_phy_get_core_pll_lock	24	static
../common/mc/lcm/dsi/dsi_phy_v01_drv.c:1638:9:dsi_phy_set_core_rg_dslpll_ssc_step_wicith_ctrl	24	static
../common/mc/lcm/dsi/dsi_phy_v01_drv.c:1652:9:dsi_phy_set_core_rg_dslpll_ssc_step_number_ctrl	24	static
../common/mc/lcm/dsi/dsi_phy_v01_drv.c:1667:9:dsi_phy_set_core_pll_lock_bypass	24	static
../common/mc/lcm/dsi/dsi_phy_v01_drv.c:1682:9:dsi_phy_set_core_pll_lock_time	24	static
../common/mc/lcm/dsi/dsi_phy_v01_drv.c:1697:9:dsi_phy_set_core_pll_lock_cnt	24	static
../common/mc/lcm/dsi/dsi_phy_v01_drv.c:1711:9:dsi_phy_set_core_hstx_sr	24	static
../common/mc/lcm/dsi/dsi_phy_v01_drv.c:1725:9:dsi_phy_set_core_hstx_amp_trim	24	static
../common/mc/lcm/dsi/dsi_phy_v01_drv.c:1739:9:dsi_phy_set_core_lptx_sr_trim	24	static
../common/mc/lcm/dsi/dsi_phy_v01_drv.c:1753:9:dsi_phy_set_core_lptx_amp_trim	24	static
../common/mc/lcm/dsi/dsi_phy_v01_drv.c:1767:9:dsi_phy_set_core_en_lpcd	24	static
../common/mc/lcm/dsi/dsi_phy_v01_drv.c:1781:9:dsi_phy_set_core_en_lprx	24	static
../common/mc/lcm/dsi/dsi_phy_v01_drv.c:1796:9:dsi_phy_set_core_en_ulprx	24	static
../common/mc/lcm/dsi/dsi_phy_v01_drv.c:1810:9:dsi_phy_set_core_lpcd_fl0	24	static
../common/mc/lcm/dsi/dsi_phy_v01_drv.c:1824:9:dsi_phy_set_core_lpcd_fl1	24	static
../common/mc/lcm/dsi/dsi_phy_v01_drv.c:1838:9:dsi_phy_get_core_lprx_vinit	24	static
../common/mc/lcm/dsi/dsi_phy_v01_drv.c:1853:9:dsi_phy_get_core_lpcd_vinit	24	static
../common/mc/lcm/dsi/dsi_phy_v01_drv.c:1869:9:dsi_phy_set_mode_ext_loop_mode_cfg	24	static
../common/mc/lcm/dsi/dsi_phy_v01_drv.c:1883:9:dsi_phy_set_mode_en_ext_loop_cfg	24	static
../common/mc/lcm/dsi/dsi_phy_v01_drv.c:1898:9:dsi_phy_set_mode_txclkreq_loop_cfg	24	static
../common/mc/lcm/dsi/dsi_phy_v01_drv.c:1912:9:dsi_phy_set_mode_txdatareq_loop_cfg	24	static
../common/mc/lcm/dsi/dsi_phy_v01_drv.c:1926:9:dsi_phy_set_mode_txdatasel_loop_cfg	24	static
../common/mc/lcm/dsi/dsi_phy_v01_drv.c:1940:9:dsi_phy_set_mode_txdata_loop_cfg	24	static
../common/mc/lcm/dsi/dsi_phy_v01_drv.c:1955:9:dsi_phy_set_mode_txdatanum_loop_cfg	24	static
../common/mc/lcm/dsi/dsi_phy_v01_drv.c:1969:9:dsi_phy_set_mode_ext_loop_bist_bit_error_cfg	24	static
../common/mc/lcm/dsi/dsi_phy_v01_drv.c:1983:9:dsi_phy_set_mode_ext_loop_prbs_pattern_mode_cfg	24	static
../common/mc/lcm/dsi/dsi_phy_v01_drv.c:1997:9:dsi_phy_set_mode_ext_loop_prbs_seed_cfg	24	static
