../board/molchip/usb2/usb_drv.c:105:6:usb_vpid	0	static
../board/molchip/usb2/usb_drv.c:151:6:dwc2_start_req	56	static
../board/molchip/usb2/usb_drv.c:227:6:dwc2_program_zlp	0	static
../board/molchip/usb2/usb_drv.c:245:6:dwc2_ep_enable	4	static
../board/molchip/usb2/usb_drv.c:269:5:dwc2_setup_process	16	static
../board/molchip/usb2/usb_drv.c:544:6:dwc2_complete_request	0	static
../board/molchip/usb2/usb_drv.c:552:6:dwc2_enqueue_setup	0	static
../board/molchip/usb2/usb_drv.c:423:6:dwc2_process_control	8	static
../board/molchip/usb2/usb_drv.c:486:6:dwc2_irq_enumdone	0	static
../board/molchip/usb2/usb_drv.c:566:6:dwc2_complete_in	8	static
../board/molchip/usb2/usb_drv.c:625:6:dwc2_handle_outdone	8	static
../board/molchip/usb2/usb_drv.c:666:6:dwc2_epint	8	static
../board/molchip/usb2/usb_drv.c:699:6:dwc2_irq	24	static
../board/molchip/usb2/usb_drv.c:748:6:dwc2_init	16	static
../board/molchip/usb2/usb_drv.c:944:6:dwc2_sw_init	16	static
../board/molchip/usb2/usb_drv.c:1011:6:usb_enumerate_device	16	static
../board/molchip/usb2/usb_drv.c:1035:5:usb_xfr_data	16	static
../board/molchip/usb2/usb_drv.c:1079:5:usb_get_data	24	static
