../include/bootstage.h:374:19:bootstage_relocate	0	static
../common/board_r.c:109:12:initr_trace	0	static
../common/board_r.c:118:12:initr_reloc	0	static
../common/board_r.c:144:12:initr_reloc_global_data	0	static
../common/board_r.c:484:12:intr_pin_driving	0	static
../common/board_r.c:861:12:run_main_loop	8	static
../common/board_r.c:624:12:initr_ethaddr	8	static
../common/board_r.c:616:12:initr_enable_interrupts	8	static
../common/board_r.c:599:12:initr_jumptable	8	static
../common/board_r.c:570:12:initr_env	8	static
../common/board_r.c:457:12:initr_mmc	8	static
../common/board_r.c:437:12:initr_nand	8	static
../common/board_r.c:514:12:initr_gpios	16	static
../common/board_r.c:191:12:initr_serial	8	static
../common/board_r.c:318:12:initr_dm	0	static
../common/board_r.c:295:12:initr_noncached	8	static
../common/board_r.c:343:12:initr_bootstage	8	static
../common/board_r.c:270:12:initr_malloc	8	static
../common/board_r.c:131:12:initr_caches	8	static
../common/board_r.c:844:12:initr_aes	16	static
../common/board_r.c:355:12:initr_announce	0	static
../common/board_r.c:261:12:initr_barrier	0	static
../common/board_r.c:285:12:initr_console_record	0	static
../common/board_r.c:350:12:power_init_board	0	static
../common/board_r.c:69:12:board_flash_wp_on	0	static
../common/board_r.c:79:13:cpu_secondary_init_r	0	static
../common/board_r.c:95:12:initr_secondary_cpu	8	static
../common/board_r.c:139:12:fixup_cpu	0	static
../common/board_r.c:689:5:initr_net	8	static
../common/board_r.c:790:5:uclass_get_efuse_dev_by_driver_in_turn	32	static
../common/board_r.c:816:12:initr_efuse	16	static
../common/board_r.c:1103:6:board_init_r	8	static
