../common/board_f.c:125:12:display_text_info	0	static
../common/board_f.c:154:12:show_dram_config	0	static
../common/board_f.c:216:12:setup_mon_len	0	static
../common/board_f.c:237:12:arch_cpu_init	0	static
../common/board_f.c:334:12:reserve_round_4k	0	static
../common/board_f.c:341:12:reserve_mmu	0	static
../common/board_f.c:411:12:reserve_uboot	0	static
../common/board_f.c:437:12:reserve_malloc	0	static
../common/board_f.c:466:12:reserve_global_data	0	static
../common/board_f.c:475:12:reserve_fdt	0	static
../common/board_f.c:182:12:dram_init_banksize	8	static
../common/board_f.c:634:12:setup_reloc	8	static
../common/board_f.c:602:12:reloc_fdt	8	static
../common/board_f.c:446:12:reserve_board	8	static
../common/board_f.c:119:12:init_baud_rate	8	static
../common/board_f.c:739:12:initf_dm	0	static
../common/board_f.c:705:12:initf_bootstage	8	static
../common/board_f.c:765:12:arch_cpu_init_dm	0	static
../common/board_f.c:242:12:mach_cpu_init	0	static
../common/board_f.c:368:12:reserve_video	0	static
../common/board_f.c:399:12:reserve_trace	0	static
../common/board_f.c:458:12:setup_machine	0	static
../common/board_f.c:496:12:reserve_bootstage	0	static
../common/board_f.c:528:12:display_new_sp	0	static
../common/board_f.c:616:12:reloc_bootstage	0	static
../common/board_f.c:730:12:initf_console_record	0	static
../common/board_f.c:760:12:reserve_arch	0	static
../common/board_f.c:69:13:coloured_LED_init	0	static
../common/board_f.c:70:13:red_led_on	0	static
../common/board_f.c:71:13:red_led_off	0	static
../common/board_f.c:72:13:green_led_on	0	static
../common/board_f.c:73:13:green_led_off	0	static
../common/board_f.c:74:13:yellow_led_on	0	static
../common/board_f.c:75:13:yellow_led_off	0	static
../common/board_f.c:76:13:blue_led_on	0	static
../common/board_f.c:77:13:blue_led_off	0	static
../common/board_f.c:114:13:board_add_ram_info	0	static
../common/board_f.c:248:14:board_get_usable_ram_top	0	static
../common/board_f.c:265:12:setup_dest_addr	8	static
../common/board_f.c:510:5:arch_reserve_stacks	0	static
../common/board_f.c:515:12:reserve_stacks	0	static
../common/board_f.c:915:6:board_init_f	8	static
