../arch/arm/lib/interrupts.c:29:5:interrupt_init	0	static
../arch/arm/lib/interrupts.c:39:6:enable_interrupts	0	static
../arch/arm/lib/interrupts.c:43:5:disable_interrupts	0	static
../arch/arm/lib/interrupts.c:48:6:bad_mode	8	static
../arch/arm/lib/interrupts.c:100:6:show_regs	272	static
../arch/arm/lib/interrupts.c:151:6:do_undefined_instruction	8	static
../arch/arm/lib/interrupts.c:160:6:do_software_interrupt	8	static
../arch/arm/lib/interrupts.c:169:6:do_prefetch_abort	8	static
../arch/arm/lib/interrupts.c:178:6:do_data_abort	8	static
../arch/arm/lib/interrupts.c:187:6:do_not_used	8	static
../arch/arm/lib/interrupts.c:196:6:do_fiq	8	static
../arch/arm/lib/interrupts.c:205:6:do_irq	8	static
