../drivers/mtd/nand/mc_spi_nfc.c:102:13:mc_spi_nfc_cmd	0	static
../drivers/mtd/nand/mc_spi_nfc.c:247:13:mc_spi_nfc_data_type	0	static
../drivers/mtd/nand/mc_spi_nfc.c:1436:5:mc_spi_nfc_hw_ecc_read_subpage	0	static
../drivers/mtd/nand/mc_spi_nfc.c:1523:12:mc_spi_nfc_hw_ecc_write_subpage	0	static
../drivers/mtd/nand/mc_spi_nfc.c:861:13:mc_cmdfunc	8	static
../drivers/mtd/nand/mc_spi_nfc.c:222:13:mc_spi_nfc_rtx_dir.part.0	0	static
../drivers/mtd/nand/mc_spi_nfc.c:842:13:mc_select_chip	16	static
../drivers/mtd/nand/mc_spi_nfc.c:222:13:mc_spi_nfc_rtx_dir.constprop	0	static
../drivers/mtd/nand/mc_spi_nfc.c:41:6:mc_ecc_sts_clr	0	static
../drivers/mtd/nand/mc_spi_nfc.c:50:6:mc_sfc_ecc_clr	8	static
../drivers/mtd/nand/mc_spi_nfc.c:58:6:mc_sfc_default_ecc_cfg	0	static
../drivers/mtd/nand/mc_spi_nfc.c:66:13:mc_spi_nfc_cmd_init	0	static
../drivers/mtd/nand/mc_spi_nfc.c:114:6:mc_sfc_addr_length	0	static
../drivers/mtd/nand/mc_spi_nfc.c:128:13:mc_spi_nfc_addr	16	static
../drivers/mtd/nand/mc_spi_nfc.c:156:6:mc_nfc_data_length	0	static
../drivers/mtd/nand/mc_spi_nfc.c:169:13:mc_spi_nfc_data_len.part.0	16	static
../drivers/mtd/nand/mc_spi_nfc.c:187:6:mc_sfc_spare_length	0	static
../drivers/mtd/nand/mc_spi_nfc.c:202:6:mc_sfc_spare_len_1k	0	static
../drivers/mtd/nand/mc_spi_nfc.c:213:13:mc_spi_nfc_spare_len	16	static
../drivers/mtd/nand/mc_spi_nfc.c:322:6:mc_nfc_dev_mode_clr	0	static
../drivers/mtd/nand/mc_spi_nfc.c:327:6:mc_nfc_set_tmod	0	static
../drivers/mtd/nand/mc_spi_nfc.c:336:6:mc_nfc_set_fldform	0	static
../drivers/mtd/nand/mc_spi_nfc.c:345:6:mc_nfc_set_frmform	0	static
../drivers/mtd/nand/mc_spi_nfc.c:354:6:mc_nfc_set_phase_vld	0	static
../drivers/mtd/nand/mc_spi_nfc.c:366:6:mc_nfc_set_cmd_wmode	0	static
../drivers/mtd/nand/mc_spi_nfc.c:375:6:mc_nfc_set_data_wmode	0	static
../drivers/mtd/nand/mc_spi_nfc.c:384:6:mc_nfc_set_addr_wmode	0	static
../drivers/mtd/nand/mc_spi_nfc.c:393:6:mc_sfc_dev_mode_reg_set	24	static
../drivers/mtd/nand/mc_spi_nfc.c:425:5:mc_sfc_wait_fbuf2_ready	16	static
../drivers/mtd/nand/mc_spi_nfc.c:810:13:mc_read_buf	24	static
../drivers/mtd/nand/mc_spi_nfc.c:769:13:mc_write_buf	24	static
../drivers/mtd/nand/mc_spi_nfc.c:745:23:mc_read_word	8	static
../drivers/mtd/nand/mc_spi_nfc.c:702:22:mc_read_byte	24	static
../drivers/mtd/nand/mc_spi_nfc.c:441:6:mc_sfc_fbuf2_ack	0	static
../drivers/mtd/nand/mc_spi_nfc.c:447:5:mc_sfc_wait_fbuf2_sta	8	static
../drivers/mtd/nand/mc_spi_nfc.c:460:6:mc_spi_nfc_start_ops	16	static
../drivers/mtd/nand/mc_spi_nfc.c:660:13:mc_send_cmd_status	16	static
../drivers/mtd/nand/mc_spi_nfc.c:916:12:mc_dev_ready	16	static
../drivers/mtd/nand/mc_spi_nfc.c:562:13:spi_nand_write_enable	8	static
../drivers/mtd/nand/mc_spi_nfc.c:608:13:spi_nand_program_execute	16	static
../drivers/mtd/nand/mc_spi_nfc.c:970:13:mc_send_cmd_pageprog	32	static
../drivers/mtd/nand/mc_spi_nfc.c:1545:5:mc_spi_nfc_write_page_raw	8	static
../drivers/mtd/nand/mc_spi_nfc.c:1556:5:mc_spi_nand_write_oob	16	static
../drivers/mtd/nand/mc_spi_nfc.c:646:13:mc_send_cmd_reset	8	static
../drivers/mtd/nand/mc_spi_nfc.c:627:13:mc_send_cmd_readid	16	static
../drivers/mtd/nand/mc_spi_nfc.c:681:13:mc_send_cmd_erase	16	static
../drivers/mtd/nand/mc_spi_nfc.c:982:13:spi_nand_write_feature	24	static
../drivers/mtd/nand/mc_spi_nfc.c:478:6:mc_spi_nfc_fb_incdec_mode	0	static
../drivers/mtd/nand/mc_spi_nfc.c:491:6:spi_nand_read_page_to_cache	16	static
../drivers/mtd/nand/mc_spi_nfc.c:512:6:spi_nand_read_from_cache	24	static
../drivers/mtd/nand/mc_spi_nfc.c:935:6:mc_spi_nand_init	8	static
../drivers/mtd/nand/mc_spi_nfc.c:1013:5:spi_nand_wait	24	static
../drivers/mtd/nand/mc_spi_nfc.c:1036:6:mc_send_cmd_readstart	16	static
../drivers/mtd/nand/mc_spi_nfc.c:1533:5:mc_spi_nfc_read_page_raw	24	static
../drivers/mtd/nand/mc_spi_nfc.c:1053:6:mc_sfc_ecc_enc_mode	0	static
../drivers/mtd/nand/mc_spi_nfc.c:1065:6:mc_sfc_ecc_mode	0	static
../drivers/mtd/nand/mc_spi_nfc.c:1077:6:mc_sfc_ecc_pos	0	static
../drivers/mtd/nand/mc_spi_nfc.c:1095:7:mc_sfc_spare_ecc_byte	0	static
../drivers/mtd/nand/mc_spi_nfc.c:1113:6:mc_sfc_ecc_page_size	0	static
../drivers/mtd/nand/mc_spi_nfc.c:1125:6:mc_sfc_ecc_enable	0	static
../drivers/mtd/nand/mc_spi_nfc.c:1169:6:mc_spi_nfc_hw_ecc_enable	16	static
../drivers/mtd/nand/mc_spi_nfc.c:1190:6:mc_spi_nfc_hw_ecc_disable	0	static
../drivers/mtd/nand/mc_spi_nfc.c:1198:5:mc_spi_nfc_hw_common_ecc_ctrl_init	24	static
../drivers/mtd/nand/mc_spi_nfc.c:1261:5:nand_check_erased_buf	20	static
../drivers/mtd/nand/mc_spi_nfc.c:1292:5:nand_check_ecc_chunk	32	static
../drivers/mtd/nand/mc_spi_nfc.c:1326:5:mc_spi_nfc_hw_ecc_read	56	static
../drivers/mtd/nand/mc_spi_nfc.c:1415:5:mc_spi_nfc_hw_ecc_read_page	40	static
../drivers/mtd/nand/mc_spi_nfc.c:1445:5:mc_spi_nfc_hw_ecc_write	40	static
../drivers/mtd/nand/mc_spi_nfc.c:1499:5:mc_spi_nfc_hw_ecc_write_page	40	static
../drivers/mtd/nand/mc_spi_nfc.c:1573:5:mc_spi_nfc_hw_ecc_ctrl_init	32	static
../drivers/mtd/nand/mc_spi_nfc.c:1624:5:mc_snfc_ecc_init	16	static
../drivers/mtd/nand/mc_spi_nfc.c:1661:5:mc_snfc_host_init	0	static
../drivers/mtd/nand/mc_spi_nfc.c:1694:6:mc_spi_nfc_probe	16	static
../drivers/mtd/nand/mc_spi_nfc.c:1750:5:mc_spi_nand_pre_probe	24	static
../drivers/mtd/nand/mc_spi_nfc.c:1779:6:board_nand_init	16	static
