../drivers/mmc/mmc-uclass.c:260:12:mmc_blk_probe	8	static
../drivers/mmc/mmc-uclass.c:40:5:dm_mmc_set_ios	0	static
../drivers/mmc/mmc-uclass.c:49:5:mmc_set_ios	0	static
../drivers/mmc/mmc-uclass.c:54:5:dm_mmc_get_wp	0	static
../drivers/mmc/mmc-uclass.c:63:5:mmc_getwp	0	static
../drivers/mmc/mmc-uclass.c:68:5:dm_mmc_get_cd	0	static
../drivers/mmc/mmc-uclass.c:77:5:mmc_getcd	0	static
../drivers/mmc/mmc-uclass.c:82:13:mmc_get_mmc_dev	8	static
../drivers/mmc/mmc-uclass.c:18:5:dm_mmc_send_cmd	16	static
../drivers/mmc/mmc-uclass.c:35:5:mmc_send_cmd	0	static
../drivers/mmc/mmc-uclass.c:245:12:mmc_select_hwpart	16	static
../drivers/mmc/mmc-uclass.c:93:13:find_mmc_device	16	static
../drivers/mmc/mmc-uclass.c:114:5:get_mmc_num	8	static
../drivers/mmc/mmc-uclass.c:119:5:mmc_get_next_devnum	0	static
../drivers/mmc/mmc-uclass.c:124:18:mmc_get_blk_desc	16	static
../drivers/mmc/mmc-uclass.c:137:6:mmc_do_preinit	16	static
../drivers/mmc/mmc-uclass.c:160:6:print_mmc_devices	40	static
../drivers/mmc/mmc-uclass.c:193:5:mmc_bind	48	static
../drivers/mmc/mmc-uclass.c:232:5:mmc_unbind	16	static
