../drivers/core/root.c:261:12:dm_scan_fdt_node	24	static
../drivers/core/root.c:37:17:dm_root	8	static
../drivers/core/root.c:47:6:dm_fixup_for_gd_move	0	static
../drivers/core/root.c:56:12:dm_get_translation_offset	8	static
../drivers/core/root.c:64:6:dm_set_translation_offset	8	static
../drivers/core/root.c:153:5:dm_init	8	static
../drivers/core/root.c:187:5:dm_uninit	8	static
../drivers/core/root.c:196:5:dm_remove_devices_flags	8	static
../drivers/core/root.c:204:5:dm_scan_platdata	8	static
../drivers/core/root.c:290:5:dm_scan_fdt_dev	0	static
../drivers/core/root.c:305:5:dm_scan_fdt	0	static
../drivers/core/root.c:317:12:dm_scan_other	0	static
../drivers/core/root.c:322:5:dm_init_and_scan	8	static
