../common/mc/lcm/mcu/mol_lcm_mcu_api.c:44:24:_lcmMcuApiGetConext	0	static
../common/mc/lcm/mcu/mol_lcm_mcu_api.c:49:22:_lcmMcuApiGetHandle	0	static
../common/mc/lcm/mcu/mol_lcm_mcu_api.c:56:9:_lcmMcuApiCheckHandle	8	static
../common/mc/lcm/mcu/mol_lcm_mcu_api.c:84:22:_lcmMcuApiGetValidHandle	0	static
../common/mc/lcm/mcu/mol_lcm_mcu_api.c:111:9:_lcmMcuApiCheckStatus	16	static
../common/mc/lcm/mcu/mol_lcm_mcu_api.c:139:9:_lcmMcuApiCheckCmdDone	16	static
../common/mc/lcm/mcu/mol_lcm_mcu_api.c:163:9:_lcmMcuApiCheckRdFifo	24	static
../common/mc/lcm/mcu/mol_lcm_mcu_api.c:194:9:_lcmMcuApiSetStatus	16	static
../common/mc/lcm/mcu/mol_lcm_mcu_api.c:213:9:_lcmMcuApiSetTiming	8	static
../common/mc/lcm/mcu/mol_lcm_mcu_api.c:237:9:_lcmMcuApiSetIf	8	static
../common/mc/lcm/mcu/mol_lcm_mcu_api.c:259:9:_lcmMcuApiSetFormat	8	static
../common/mc/lcm/mcu/mol_lcm_mcu_api.c:281:9:_lcmMcuApiSetTeType	8	static
../common/mc/lcm/mcu/mol_lcm_mcu_api.c:301:9:_lcmMcuApiMapParamCfg	8	static
../common/mc/lcm/mcu/mol_lcm_mcu_api.c:376:22:_lcmMcuApiHandleInit	24	static
../common/mc/lcm/mcu/mol_lcm_mcu_api.c:551:7:lcmMcuApiInit	16	static
../common/mc/lcm/mcu/mol_lcm_mcu_api.c:604:9:lcmMcuApiDeInit	16	static
../common/mc/lcm/mcu/mol_lcm_mcu_api.c:640:9:lcmMcuApiWriteCmd	24	static
../common/mc/lcm/mcu/mol_lcm_mcu_api.c:667:9:lcmMcuApiWriteData	24	static
../common/mc/lcm/mcu/mol_lcm_mcu_api.c:693:9:lcmMcuApiWriteBurstData	32	static
../common/mc/lcm/mcu/mol_lcm_mcu_api.c:732:9:lcmMcuApiReadData	16	static
../common/mc/lcm/mcu/mol_lcm_mcu_api.c:764:9:lcmMcuApiReadRegData	96	static
../common/mc/lcm/mcu/mol_lcm_mcu_api.c:802:9:lcmMcuApiReadBurstData	32	static
../common/mc/lcm/mcu/mol_lcm_mcu_api.c:844:9:lcmMcuApiPushTable	32	static
../common/mc/lcm/mcu/mol_lcm_mcu_api.c:897:9:lcmMcuApiSwitchShow	16	static
