../board/molchip/download/download_drv.c:30:19:get_cur_downinfo	0	static
../board/molchip/download/download_drv.c:35:5:get_downmap_info	0	static
../board/molchip/download/download_drv.c:66:6:uart_xfr_data	16	static
../board/molchip/download/download_drv.c:89:6:uart_rcv_data	32	static
../board/molchip/download/download_drv.c:147:6:send_ack	16	static
../board/molchip/download/download_drv.c:200:6:down_connect	0	static
../board/molchip/download/download_drv.c:207:6:down_start	0	static
../board/molchip/download/download_drv.c:227:6:down_continue	16	static
../board/molchip/download/download_drv.c:245:6:down_finish	0	static
../board/molchip/download/download_drv.c:259:6:down_execute	0	static
../board/molchip/download/download_drv.c:278:6:xch_baudrate	16	static
../board/molchip/download/download_drv.c:165:6:complete_info	16	static
../board/molchip/download/download_drv.c:291:6:down_comp_info	0	static
../board/molchip/download/download_drv.c:309:6:uart_send_heart_beat	0	static
../board/molchip/download/download_drv.c:320:6:uart_handshake	16	static
../board/molchip/download/download_drv.c:332:6:uart_identify	16	static
../board/molchip/download/download_drv.c:351:6:send_string	32	static
../board/molchip/download/download_drv.c:371:6:crc_check	8	static
../board/molchip/download/download_drv.c:389:6:lookfor_func	0	static
../board/molchip/download/download_drv.c:403:6:uart_preboot	0	static
../board/molchip/download/download_drv.c:412:6:uart_boot	32	static
