41600000 T __image_copy_start
41600000 T _start
41600020 T _undefined_instruction
41600024 T _software_interrupt
41600028 T _prefetch_abort
4160002c T _data_abort
41600030 T _not_used
41600034 T _irq
41600038 T _fiq
41600040 T IRQ_STACK_START_IN
41600060 t undefined_instruction
416000c0 t software_interrupt
41600120 t prefetch_abort
41600180 t data_abort
416001e0 t not_used
41600240 t irq
416002a0 t fiq
416002e8 T reset
416002ec T save_boot_params_ret
41600328 T c_runtime_cpu_setup
41600338 W save_boot_params
4160033c T cpu_init_cp15
41600390 T cpu_init_crit
41600398 T __v7_flush_dcache_all
416003ac t start_flush_levels
416003b0 t flush_levels
416003ec t loop1
416003f0 t loop2
4160040c t skip
41600418 t finished
4160042c T v7_flush_dcache_all
4160043c T __v7_invalidate_dcache_all
41600454 t inval_levels
41600490 t inval_loop1
41600494 t inval_loop2
416004b0 t inval_skip
416004bc t inval_finished
416004d0 T v7_invalidate_dcache_all
416004e0 T invalidate_icache_all
416004f8 W v7_outer_cache_enable
416004fc W v7_outer_cache_disable
41600500 W v7_outer_cache_flush_all
41600504 T flush_dcache_all
41600514 W v7_outer_cache_inval_all
41600518 T invalidate_dcache_all
41600528 T arm_init_before_mmu
41600550 W v7_outer_cache_flush_range
41600554 T flush_dcache_range
416005a8 T mmu_page_table_flush
416005cc W v7_outer_cache_inval_range
416005d0 T invalidate_dcache_range
41600634 W cpu_cache_initialization
41600638 T cleanup_before_linux_select
41600698 T cleanup_before_linux
416006a0 T _main
416006ec t here
41600740 T memset
4160081c T memcpy
41600bc8 W relocate_vectors
41600bd4 T relocate_code
41600be4 t copy_loop
41600bfc t fixloop
41600c1c t fixnext
41600c24 t relocate_done
41600c38 T arch_fixup_fdt
41600c6c t boot_prep_linux
41600d94 T arch_lmb_reserve
41600db8 W board_quiesce_devices
41600dbc t boot_jump_linux
41600e60 T do_bootm_linux
41600ec4 T boot_prep_vxworks
41600f10 T boot_jump_vxworks
41600f1c T bootz_setup
41600fa8 W arch_reserve_stacks
41600fc4 T interrupt_init
41600fe0 T enable_interrupts
41600fe4 T disable_interrupts
41600fec T bad_mode
41600ffc T show_regs
416012a8 T do_undefined_instruction
416012d4 T do_software_interrupt
41601300 T do_prefetch_abort
4160132c T do_data_abort
41601358 T do_not_used
41601384 T do_fiq
416013b0 T do_irq
416013dc T do_reset
416013f4 W flush_cache
416013fc T check_cache_range
41601430 T noncached_init
41601478 T noncached_alloc
416014cc W arm_init_domains
416014d0 T set_section_dcache
416014e4 T mmu_set_region_dcache_behaviour
41601538 W dram_bank_mmu_setup
41601574 T icache_enable
41601588 T icache_disable
416015a0 T icache_status
416015ac T dcache_enable
4160162c T dcache_disable
41601654 T dcache_status
41601660 T arch_cpu_init
41601668 T enable_caches
4160166c T init_iram_reboot
416016e0 T do_reboot
416016f4 t dmajti_lp_start
41601714 T do_print_ddr_cali_info
41601880 T board_init
4160190c T dram_init
4160191c T dram_init_banksize
41601990 T lowlevel_init
41601994 T board_early_init_f
416019f0 T uart_putc
41601a0c t uart_put_int
41601b08 T uart_puts
41601b48 T mc_printf
41601ccc t spi_nand_check_erased_buf
41601e00 t spi_nand_send_cmd
41602150 t spi_nand_read_page_to_cache
416021a0 t spi_nand_write_enable
416021d0 t spi_nand_set_otp.isra.0
4160221c t spi_nand_get_otp.isra.0
41602268 t spi_nand_read_id.isra.0
416022b0 t spi_nand_wait
4160231c T ilog2
41602338 t spi_nand_scan_id_table
41602424 T get_ecc_sts_with_check_ecc_chunk
41602568 t spi_nand_read_from_cache.constprop.0
4160262c t spi_nand_do_read_page.constprop.0
416027e8 T spi_nand_scan
41602858 T spi_nand_disable_ecc
416028b0 T spi_nand_read
41602990 T spi_nand_program
41602b68 T spi_nand_erase
41602c8c T mc_get_cpu_clk
41602cb8 W do_go_exec
41602cc8 t do_go
41602d34 T do_bootm
41602e9c t image_info
41602f68 t do_iminfo
41602fc4 T bootm_maybe_autostart
4160303c t do_help
41603080 t do_version
416030c0 T blk_common_cmd
416033d8 T source
41603500 t do_source
41603548 t print_num
4160355c t do_bdinfo
41603658 T do_bootz
416037a8 T do_bootx
4160387c t parse_argv
416038dc t do_icache
41603964 t do_dcache
416039ec t cnvrt2
41603a30 T mk_date
41603bf8 t do_date
41603d80 t do_echo
41603e34 t load_elf_image_shdr
41603ec0 T valid_elf_image
41603f0c T do_bootelf
416040d8 T do_bootvx
41604408 T do_fat_size
41604420 T do_fat_fsload
41604438 t do_fat_ls
41604450 t do_fat_fsinfo
416044dc t do_fat_fswrite
41604600 t fdt_valid
416046bc t is_printable_string
4160473c t print_data.part.0
416048a8 T set_working_fdt_addr
416048c4 t do_fdt
416057f4 t get_option
41605834 t get_option_value
41605858 t do_gpio_test
416059d8 t do_mem_md
41605ac0 t do_mem_base
41605b00 t do_mem_crc
41605b6c t do_mem_mw
41605c2c t do_mem_loop
41605d14 t do_mem_cmp
41605e64 t mod_mem.part.0
41605fc8 t do_mem_mm
41605fe4 t do_mem_nm
41606000 t do_mem_cp
416060a8 t extract_range
416060fc t extract_range
41606188 t do_mii
41606a7c t do_mdio
41606f60 t do_mmcops
41607018 t do_mmc_setdsr
416070bc t init_mmc_device
4160710c t do_mmc_rescan
41607130 t do_mmc_hwpartition
41607638 t do_mmc_list
4160764c t do_mmc_dev
4160777c t do_mmcinfo
41607aec t do_mmc_part
41607b4c t do_mmc_erase
41607c34 t do_mmc_write
41607d34 t do_mmc_read
41607e20 t part_delall
41607e60 t memsize_parse
41607ee0 t env_get_mtdparts
41607f20 t memsize_format
41607f98 t generate_mtdparts_save.constprop.0
41608278 t device_delall.constprop.0
416082d8 t get_mtd_info.constprop.0
41608358 t part_validate
41608658 t mtd_part_info
416086f4 t index_partitions
416087a0 t current_save
41608858 t mtd_devices_init
41608884 t device_del
41608900 t part_sort_add
41608a38 T device_find
41608a98 t device_parse
41608f70 T mtd_id_parse
4160908c T find_dev_and_part
41609230 T mtdparts_init
41609888 t do_chpart
41609954 t do_mtdparts
41609f08 t set_dev
41609f64 t nand_load_image
4160a120 t do_nandboot
4160a34c t nand_print_and_set_info.constprop.0
4160a454 T get_yaffs2_version
4160a48c t do_nand
4160b2b4 t netboot_common
4160b594 t do_bootp
4160b5a0 t do_tftpput
4160b5ac t do_tftpsrv
4160b5b8 T do_rarpb
4160b5c4 t do_dhcp
4160b5d0 t do_nfs
4160b5dc T do_tftpb
4160b61c T do_cdp
4160b700 T do_sntp
4160b7bc T do_dns
4160b850 t do_link_local
4160b8fc t do_ping
4160b974 t do_get_ext2
4160b97c t eol_or_eof
4160b99c t do_pxe
4160ba18 t label_print
4160ba34 t do_get_tftp
4160ba74 t from_env
4160baa0 t label_destroy
4160bb14 t destroy_pxe_menu
4160bb70 t do_get_fat
4160bbac t do_get_any
4160bbb4 t format_mac_pxe.constprop.0
4160bc28 t get_relfile
4160bd60 t get_pxe_file
4160bdb8 t get_pxelinux_path
4160be34 t do_pxe_get
4160bf94 t get_relfile_envaddr
4160bfe4 t get_string.isra.0
4160c0a4 t get_token
4160c1b8 t parse_sliteral
4160c20c t parse_integer
4160c27c t parse_pxefile_top
4160c6e0 t handle_include
4160c784 t parse_pxefile
4160c7f4 t label_boot
4160cd88 t handle_pxe_menu
4160cee8 t do_pxe_boot
4160cfc8 t do_sysboot
4160d1b4 t bytes_per_second
4160d204 t do_spi_flash
4160d9f0 t ubi_find_volume
4160da60 t ubi_volume_continue_write
4160daf4 T ubi_volume_begin_write
4160db94 T ubi_volume_write
4160db9c T ubi_volume_read
4160dd70 T ubi_detach
4160dde4 T ubi_part
4160dfe4 t do_ubi
4160e870 t do_ubifs_mount
4160e8d4 t do_ubifs_ls
4160e938 t do_ubifs_load
4160e9fc T ubifs_is_mounted
4160ea0c T cmd_ubifs_umount
4160ea34 t do_ubifs_umount
4160ea7c t do_lzmadec
4160eb20 t usb_get_class_desc
4160ebe8 t usb_display_class_sub
4160ed5c t usb_display_desc
4160eeac t usb_show_tree_graph
4160f084 t usb_show_subtree
4160f0b4 t usb_for_each_root_dev
4160f120 t usb_display_string
4160f164 t usb_display_config
4160f374 t usb_show_info
4160f3c8 t usb_find_device
4160f47c t do_usbboot
4160f488 t do_usb_start
4160f4b8 T usb_show_tree
4160f4c4 t do_usb
4160f8b0 T common_diskboot
4160fad8 t ethsw_port_aggr_help_key_func
4160faf0 t ethsw_ingr_fltr_help_key_func
4160fb08 t ethsw_vlan_learn_help_key_func
4160fb20 t ethsw_egr_tag_help_key_func
4160fb38 t ethsw_port_untag_help_key_func
4160fb50 t ethsw_vlan_help_key_func
4160fb68 t ethsw_pvid_help_key_func
4160fb80 t ethsw_fdb_help_key_func
4160fb98 t ethsw_learn_help_key_func
4160fbb0 t ethsw_port_stats_help_key_func
4160fbc8 t keyword_match_gen
4160fc08 t keyword_match_aggr
4160fc80 t keyword_match_pvid
4160fcf8 t keyword_match_mac_addr
4160fe08 t keyword_match_vlan
4160ff34 t keyword_match_port
4160ffb4 t do_ethsw
41610220 t gpio_led_init
4161024c t led_blink
416102a8 T do_led_blink
416103a4 T do_arcgo
4161044c t do_env_delete
416104f0 t do_env_save
41610518 t do_env
41610580 t env_print
41610644 t do_env_print
41610704 t do_env_import
41610984 t do_env_default
41610a10 t _do_env_set.constprop.0
41610bc4 t do_env_set
41610be4 T get_env_id
41610bf4 T env_set
41610c54 T env_set_ulong
41610c74 T env_set_hex
41610ca8 t do_env_export
41610ef0 T envmatch
41610f5c T env_get_f
41611014 T env_get
4161108c T env_get_hex
416110c4 T env_get_ulong
416110f4 T board_init_f_alloc_reserve
41611104 T board_init_f_init_reserve
41611124 W show_boot_progress
4161112c T main_loop
41611174 t mdelay
41611194 t dummy
41611198 T get_version
416111a0 T jumptable_init
41611380 t hash_finish_crc32
416113b0 t hash_update_crc32
416113d4 t hash_init_crc32
416113f8 t hash_show
4161144c T hash_lookup_algo
41611474 T hash_parse_string
416114dc T hash_command
416117b8 T bootdelay_process
41611878 T autoboot_command
41611958 t display_text_info
41611960 t show_dram_config
41611970 t setup_mon_len
41611990 t reserve_round_4k
416119a8 W reserve_mmu
416119e0 t reserve_uboot
41611a10 t reserve_malloc
41611a24 t reserve_global_data
41611a40 t reserve_fdt
41611a8c t setup_reloc
41611acc t reloc_fdt
41611b10 t reserve_board
41611b50 t init_baud_rate
41611b7c t initf_dm
41611b84 t initf_bootstage
41611b98 W arch_cpu_init_dm
41611ba0 W mach_cpu_init
41611ba8 t reserve_video
41611bb0 t reserve_trace
41611bb8 t setup_machine
41611bc0 t reserve_bootstage
41611bc8 t display_new_sp
41611bd0 t reloc_bootstage
41611bd8 t initf_console_record
41611be0 W reserve_arch
41611be8 W coloured_LED_init
41611bec W red_led_on
41611bf0 W board_get_usable_ram_top
41611c04 t setup_dest_addr
41611c40 t reserve_stacks
41611c5c T board_init_f
41611c84 t bootstage_relocate
41611c8c t initr_trace
41611c94 t initr_reloc
41611cac t initr_reloc_global_data
41611cd4 t intr_pin_driving
41611d44 t run_main_loop
41611d54 t initr_ethaddr
41611d74 t initr_enable_interrupts
41611d84 t initr_jumptable
41611d94 t initr_env
41611df8 t initr_mmc
41611e0c t initr_nand
41611e3c t initr_gpios
41611e98 t initr_serial
41611ea8 t initr_dm
41611ebc t initr_noncached
41611ecc t initr_bootstage
41611ee0 t initr_malloc
41611efc t initr_caches
41611f0c t initr_aes
41611f5c t initr_announce
41611f64 t initr_barrier
41611f6c t initr_console_record
41611f74 W power_init_board
41611f7c W cpu_secondary_init_r
41611f80 t initr_secondary_cpu
41611f90 T initr_net
41611fa0 T uclass_get_efuse_dev_by_driver_in_turn
41612040 t initr_efuse
4161205c T board_init_r
41612070 T bootm_find_images
41612118 T bootm_decomp_image
416122c4 T bootm_disable_interrupts
416122f4 T do_bootm_states
41612a2c t copy_args
41612a74 t do_bootm_plan9
41612b18 t do_bootm_netbsd
41612c10 t do_bootm_qnxelf
41612c88 t do_bootm_standalone
41612cec t do_bootm_rtems
41612d2c T do_bootvx_fdt
41612e40 t do_bootm_vxworks
41612e64 W arch_preboot_os
41612e68 T boot_selected_os
41612ec0 T bootm_os_get_boot_func
41612ed0 t of_bus_default_map
41612f8c t of_bus_default_translate
41613024 T fdt_support_default_count_cells
4161307c T fdt_find_and_setprop
416130ec T fdt_find_or_add_subnode
4161314c T fdt_root
416131dc T fdt_initrd
416133a0 T fdt_chosen
41613454 T do_fixup_by_path
416134a8 T fdt_fixup_memory_banks
41613660 T fdt_fixup_memory
41613680 T fdt_fixup_ethernet
4161382c T fdt_shrink_to_minimum
416138fc T fdt_translate_address
41613b5c T miiphy_get_dev_by_name
41613bb0 T miiphy_init
41613bd4 T mdio_alloc
41613c04 T mdio_free
41613c08 T mdio_register
41613c90 T mdio_unregister
41613ccc T mdio_list_devices
41613d7c T miiphy_set_current_dev
41613dbc t miiphy_get_active_dev
41613e0c T mdio_get_current_dev
41613e1c T mdio_phydev_for_ethname
41613ea4 T miiphy_get_current_dev
41613ebc T miiphy_read
41613f08 T miiphy_write
41613f48 T miiphy_listdev
41613fbc T miiphy_info
41614044 T miiphy_speed
41614108 T miiphy_duplex
416141c4 T miiphy_is_1000base_x
416141cc t usb_set_maxpacket_ep
41614230 T usb_control_msg
416142cc t usb_get_descriptor
41614320 t get_descriptor_len
416143b0 t usb_get_string
41614428 t usb_string_sub
41614528 T usb_bulk_msg
41614598 T usb_maxpacket
416145b0 T usb_clear_halt
4161463c T usb_get_configuration_len
416146b0 T usb_get_configuration_no
416146e0 T usb_set_interface
41614794 T usb_string
416148a0 T usb_select_config
41614d1c T usb_setup_device
41614ea0 T usb_device_has_child_on_port
41614ea8 T usb_find_usb2_hub_address_port
41614f20 t usb_set_port_feature
41614f6c t usb_get_hub_descriptor
41614fd0 t usb_clear_port_feature.isra.0
4161501c W usb_hub_reset_devices
41615020 T usb_hub_is_root_hub
41615038 T usb_get_port_status
416150e4 T usb_hub_port_connect_change
4161524c t usb_hub_configure
416157d8 T usb_hub_scan
416157e8 t usb_hub_post_probe
416157ec t usb_stor_irq
41615808 t usb_stor_BBB_reset
41615910 t usb_stor_CB_reset
416159f4 t usb_stor_CB_comdat
41615bfc t usb_stor_CBI_get_status
41615cd4 t usb_stor_CB_transport
41615ed8 t usb_request_sense.constprop.0.isra.0
41615f44 t usb_stor_write
41616088 t usb_stor_read
416161cc t usb_stor_BBB_clear_endpt_stall.isra.0
4161620c t usb_stor_BBB_transport
41616494 T usb_stor_info
41616508 T usb_stor_reset
4161651c T usb_stor_scan
41616560 T usb_storage_probe
41616768 T usb_stor_get_info
41616a80 t usb_mass_storage_probe
41616bf8 W menu_display_statusline
41616bfc T menu_default_set
41616c74 T menu_get_choice
41616e64 T menu_item_add
41616f2c T menu_create
41616fbc T menu_destroy
41617028 t delete_char
41617108 T cli_readline_into_buffer
41617328 T cli_readline
4161733c T cli_simple_parse_line
416173cc T cli_simple_process_macros
416175b0 T cli_simple_run_command
41617704 T cli_simple_loop
41617784 T cli_simple_run_command_list
416177f4 t console_setfile
416178ac T putc
416178e0 T puts
416178fc T fgetc
41617920 T getc
41617944 T ftstc
41617968 T tstc
4161798c T ctrlc
416179ec T confirm_yesno
41617abc T disable_ctrlc
41617ad4 T had_ctrlc
41617ae4 T clear_ctrlc
41617af8 T search_device
41617b20 T console_assign
41617b60 t on_console
41617c18 T console_init_f
41617c28 T console_init_r
41617cfc T sbrk
41617d64 T mem_malloc_init
41617d98 t malloc_trim
41617e64 t free
416180a4 t malloc
416186b0 t calloc
416187f0 t memalign
41618964 T initf_malloc
4161897c T malloc_simple
416189ac t on_loadaddr
416189e0 T image_check_hcrc
41618a2c T image_check_dcrc
41618a64 T image_multi_count
41618a80 T image_multi_getimg
41618af8 T env_get_bootm_low
41618b28 T env_get_bootm_size
41618b90 T env_get_bootm_mapsize
41618bc0 T memmove_wd
41618bcc T genimg_print_size
41618bfc T genimg_print_time
41618c44 T get_table_entry
41618c68 T get_table_entry_name
41618c88 T genimg_get_os_name
41618ca0 T genimg_get_arch_name
41618cb8 T genimg_get_type_name
41618cd0 T genimg_get_comp_name
41618ce8 T image_print_contents
41618eb8 T genimg_get_kernel_addr_fit
41618edc T genimg_get_kernel_addr
41618f00 T genimg_get_format
41618f50 T genimg_get_image
41618f54 T genimg_has_config
41618f5c T boot_get_ramdisk
416191d8 T boot_ramdisk_high
416192fc T boot_get_setup
41619304 T image_setup_linux
41619364 t fdt_error
41619390 T boot_fdt_add_mem_rsv_regions
4161941c T boot_relocate_fdt
4161957c T boot_get_fdt
416197e8 W ft_verify_fdt
416197f0 T image_setup_libfdt
41619900 T get_ram_size
41619908 W get_effective_memsize
41619910 t stdio_serial_tstc
41619914 t stdio_serial_getc
41619918 t stdio_serial_puts
41619920 t stdio_serial_putc
41619928 T stdio_get_list
41619934 T stdio_get_by_name
41619980 T stdio_clone
416199b8 T stdio_register_dev
41619a08 T stdio_register
41619a10 T stdio_init_tables
41619a2c T stdio_add_devices
41619aa8 T run_command
41619ac0 T run_command_repeatable
41619ac4 T run_command_list
41619b58 T do_run
41619bcc T cli_process_fdt
41619c0c T cli_secure_boot_cmd
41619c84 T cli_loop
41619c88 T cli_init
41619c8c T find_cmd_tbl
41619d30 T find_cmd
41619d58 T cmd_usage
41619db4 T _do_help
41619f3c T var_complete
41619fc8 T cmd_auto_complete
4161a464 T cmd_get_data_size
4161a4b4 T cmd_process
4161a570 T cmd_process_error
4161a5a0 T script_get_header
4161a5e0 T script_get_data
4161a5fc T script_check_header
4161a610 T get_key_value
4161a6c8 T script_check_config
4161a710 T led_control
4161a7a4 T flash_commands
4161a904 T isFlashMode
4161aa3c T write_misc
4161abe4 T ota_commands
4161b1b8 T script_check_sn
4161b308 T sn_commands
4161b5e0 T bootup_commands
4161b84c T flashing_fw_requested
4161b8a0 T get_board_id
4161b940 T qua_boot_logo
4161b944 T qua_writel
4161b94c T qua_set_lcm_bootargs
4161bb6c T resource_image_check_header
4161bc28 T mc_read_resource_file
4161c024 t show_jpeg_from_part
4161c0d8 t __qua_lcm_mipi_jd9365d_hrst
4161c26c T display_logo_id
4161c3cc T display_logo_id_addr
4161c4a4 t show_qua_boot_logo
4161c514 T qua_boot_logo_jd9365d
4161c534 T qua_lcm_mipi_jd9365d_hrst
4161c5b4 T readl
4161c5bc T writel
4161c5c4 T writelr
4161c5f4 T set_global
4161c63c T set_display_format
4161c698 T set_tve_sync_info
4161c6fc T set_intf_common_para
4161c7c0 T set_display_info
4161c844 T set_chn_minor_cfg
4161c888 T set_active_info
4161c8b4 T set_blank_info
4161c924 T set_y2r_matrix
4161c9cc T set_bg_info
4161c9ec T set_chn_cfg
4161ca04 T set_img_layer_cfg
4161ca24 T set_irq_mask
4161ca40 T set_work_ctrl
4161ca7c T set_image_block
4161cba0 T lcm_config
4161cbf4 T vou_dev_kickoff
4161ccf8 t jpeg_clk_off
4161cda8 T JPEG_WaitIRQ_Timeout
4161ce18 T hw_jpeg_dec
4161cf44 T show_boot_logo
4161cf54 t sync_info_gen.isra.0
4161d02c T fast_osd_by_id
4161d22c T boot_logo
4161d230 T get_lcm_cfg_tab
4161d240 t qua_lcm_mipi_jd9365d_PowerOff
4161d25c t qua_lcm_mipi_jd9365d_deinit
4161d260 t qua_lcm_mipi_jd9365d_suspend
4161d264 t qua_lcm_mipi_jd9365d_resume
4161d280 t qua_lcm_mipi_jd9365d_identify
4161d438 t qua_lcm_mipi_jd9365d_PowerOn
4161d4dc t qua_lcm_mipi_jd9365d_init
4161d55c T regRead32
4161d594 T regWrite32
4161d5c0 T regWriteBits32
4161d618 T reg_log_enable
4161d628 T getRegValuePtr
4161d6a8 T getRegPtr
4161d738 t _get_lcm_pin_ptr
4161d7a8 T lcm_bus_pin_cfg
4161d87c T lcm_bus_pin_default_cfg
4161d8f0 T lcm_dvdd_set
4161d8f8 T lcm_avdd_set
4161d900 T lcm_iovdd_set
4161d908 T lcm_vcom_set
4161d910 T lcm_vgh_set
4161d918 T lcm_vgl_set
4161d920 T lcm_reset_set
4161d928 T lcm_standby_set
4161d930 T lcm_back_light_gpio_set
4161d938 T lcm_back_light_pwm_set
4161d940 T lcm_power_pwm_set
4161d948 T vou_clk_calc
4161da2c T vou_clk_on
4161da68 T vou_reset
4161dab8 T vou_clk_off
4161db00 T dsi_host_clk_on
4161db24 T dsi_host_reset
4161db74 T dsi_host_clk_off
4161db98 T dsi_phy_clk_on
4161dbbc T dsi_phy_reset
4161dc0c T dsi_phy_clk_off
4161dc30 T lcm_clk_off
4161dcb0 T lcm_clk_on
4161dd30 T vou_dhd_clk_on
4161dd78 T vou_dhd_out_mode
4161ddb8 T vou_dhd_force_update
4161dde4 T vou_lcd_src_sel
4161de10 T vou_dhd_src_sel
4161de58 T _lcmMcuApiCheckHandle
4161dec4 T _lcmMcuApiGetValidHandle
4161defc T _lcmMcuApiCheckStatus
4161df5c T _lcmMcuApiCheckCmdDone
4161dfbc T _lcmMcuApiSetStatus
4161e040 T _lcmMcuApiSetTiming
4161e0cc T _lcmMcuApiSetIf
4161e140 T _lcmMcuApiSetFormat
4161e19c T _lcmMcuApiSetTeType
4161e1f8 T _lcmMcuApiMapParamCfg
4161e250 T _lcmMcuApiHandleInit
4161e53c T lcmMcuApiInit
4161e724 T lcmMcuApiDeInit
4161e7d8 T lcmMcuApiWriteCmd
4161e8cc T lcmMcuApiWriteData
4161e9b4 T lcmMcuApiWriteBurstData
4161eac8 T lcmMcuApiReadRegData
4161ec1c T lcmMcuApiPushTable
4161ed44 T lcmMcuApiSwitchShow
4161edb4 T _lcmMcuDrvGetRegList
4161ede0 T _lcmGetRegDefault
4161ee1c T lcmGetRegDefault
4161efd0 T lcmSetMcuBitDepth
4161f044 T lcmSetMcuRgbOrder
4161f0b8 T lcmSetMcuMode
4161f12c T lcmSetMcuTeEnable
4161f1a0 T lcmSetMcuTeEdge
4161f214 T lcmSetMcuIfType
4161f288 T lcmSetRgbIfType
4161f2fc T lcmSetCsType
4161f370 T lcmSetTeType
4161f3e4 T lcmSetSendEndain
4161f458 T lcmSetTrans3
4161f4cc T lcmSetBitMap
4161f888 T lcmSetTimingWrSetup
4161f8fc T lcmSetTimingWrHold
4161f970 T lcmSetTimingWrDestory
4161f9e4 T lcmSetTimingRdSetup
4161fa58 T lcmSetTimingRdHold
4161facc T lcmSetTimingRdDestory
4161fb40 T lcmSetStatusSwitchTrigger
4161fbbc T lcmSetStageStatus
4161fc30 T lcmGetStageStatus
4161fc98 T lcmClearCmdStatus
4161fd10 T lcmGetCmdStatus
4161fd94 T lcmSetCmdRun
4161fe10 T lcmSetCmdRW
4161fe84 T lcmSetCmdDummyNum
4161fef8 T lcmSetCmdDataNum
4161ff6c T lcmSetCmdAddrNum
4161ffe0 T lcmSetWData
41620034 T lcmGetRData
41620088 T lcmSetWCmd
416200dc T rgb_init
41620504 T rgb_deinit
41620608 T dsi_mipi_set_err_code
4162062c T dsi_mipi_get_err_code
4162063c T dsi_generic_write
4162066c T dsi_dcs_write
4162069c T dsi_dcs_read
416206d8 T dsi_push_table
41620798 T dsi_init
41620bb8 T dsi_deinit
41620df0 T dsi_lp_mode
41620e30 T dsi_hs_mode
41620e70 T get_phy_work_mode
41620ebc T dsi_host_set_power_up
41620ef8 T dsi_host_set_tx_esc_clk_division
41620f38 T dsi_host_set_to_clk_division
41620f78 T dsi_host_set_dpi_vcid
41620fb4 T dsi_host_set_dpi_color_format
41620ff0 T dsi_host_set_dpi_vsync_pol
4162102c T dsi_host_set_dpi_hsync_pol
41621068 T dsi_host_set_invact_lpcmd_time
416210a8 T dsi_host_set_outvact_lpcmd_time
416210e8 T dsi_host_set_dbi_vcid
41621124 T dsi_host_set_in_dbi_conf
41621160 T dsi_host_set_lut_size_conf
4162119c T dsi_host_set_partitioning
416211d8 T dsi_host_set_dbi_wr_cmd_size
41621218 T dsi_host_set_dbi_allowed_cmd_size
41621254 T dsi_host_set_pckhdl_eotp_tx_en
41621290 T dsi_host_set_pckhdl_eotp_rx_en
416212cc T dsi_host_set_pckhdl_bta_en
41621308 T dsi_host_set_pckhdl_ecc_rx_en
41621344 T dsi_host_set_pckhdl_crc_rx_en
41621380 T dsi_host_set_gen_vcid_rx
416213bc T dsi_host_set_cmd_video_mode
416213f8 T dsi_host_set_vid_mode_type
41621434 T dsi_host_set_vid_lp_vsa_en
41621470 T dsi_host_set_vid_lp_vbp_en
416214ac T dsi_host_set_vid_lp_vfp_en
416214e8 T dsi_host_set_vid_lp_vact_en
41621524 T dsi_host_set_vid_lp_hbp_en
41621560 T dsi_host_set_vid_lp_hfp_en
4162159c T dsi_host_set_vid_pkt_size
416215d8 T dsi_host_set_vid_num_chunks
41621614 T dsi_host_set_vid_null_size
41621650 T dsi_host_set_vid_hsa_time
4162168c T dsi_host_set_vid_hbp_time
416216c8 T dsi_host_set_vid_hline_time
41621704 T dsi_host_set_vid_vsa_lines
41621740 T dsi_host_set_vid_vbp_lines
4162177c T dsi_host_set_vid_vfp_lines
416217b8 T dsi_host_set_vid_vactive_line
416217f4 T dsi_host_set_edpi_allowed_cmd_size
41621834 T dsi_host_set_tear_fx_en
41621870 T dsi_host_set_ack_rqst_en
416218ac T dsi_host_set_gen_sw_0p_tx
416218e8 T dsi_host_set_gen_sw_1p_tx
41621924 T dsi_host_set_gen_sw_2p_tx
41621960 T dsi_host_set_gen_sr_0p_tx
4162199c T dsi_host_set_gen_sr_1p_tx
416219d8 T dsi_host_set_gen_sr_2p_tx
41621a14 T dsi_host_set_gen_lw_tx
41621a50 T dsi_host_set_dcs_sw_0p_tx
41621a8c T dsi_host_set_dcs_sw_1p_tx
41621ac8 T dsi_host_set_dcs_sr_0p_tx
41621b04 T dsi_host_set_dcs_lw_tx
41621b40 T dsi_host_set_max_rd_pkt_size
41621b7c T dsi_host_set_gen_dt
41621ba8 T dsi_host_set_gen_vc
41621bd4 T dsi_host_set_gen_wc_lsbyte
41621c04 T dsi_host_set_gen_wc_msbyte
41621c34 T dsi_host_set_gen_packet_header_cfg
41621c60 T dsi_host_set_gen_pld_data
41621c94 T dsi_host_get_gen_pld_data
41621cd0 T dsi_host_get_gen_cmd_full
41621d10 T dsi_host_get_gen_pld_w_full
41621d50 T dsi_host_get_gen_pld_r_empty
41621d90 T dsi_host_get_gen_rd_cmd_busy
41621dd0 T dsi_host_set_lprx_to_cnt
41621e10 T dsi_host_set_hstx_to_cnt
41621e50 T dsi_host_set_hs_rd_to_cnt
41621e90 T dsi_host_set_lp_rd_to_cnt
41621ed0 T dsi_host_set_hs_wr_to_cnt
41621f10 T dsi_host_set_presp_to_mode
41621f4c T dsi_host_set_lp_wr_to_cnt
41621f8c T dsi_host_set_bta_to_cnt
41621fcc T dsi_host_set_phy_txrequestclkhs
41622008 T dsi_host_set_phy_clklp2hs_time
41622044 T dsi_host_set_phy_clkhs2lp_time
41622080 T dsi_host_set_phy_lp2hs_time
416220bc T dsi_host_set_phy_hs2lp_time
416220f8 T dsi_host_set_phy_shutdownz
41622134 T dsi_host_set_phy_rstz
41622170 T dsi_host_set_phy_enableclk
416221ac T dsi_host_set_phy_forcepll
416221e8 T dsi_host_set_n_lanes
41622224 T dsi_host_set_phy_stop_wait_time
41622264 T dsi_host_set_phy_txrequlpsclk
416222a0 T dsi_host_set_phy_txexitulpsclk
416222dc T dsi_host_set_phy_txrequlpslan
41622318 T dsi_host_set_phy_txexitulpslan
41622354 T dsi_host_set_phy_tx_triggers
41622390 T dsi_host_get_phy_direction
416223d0 T dsi_host_set_phy_testclr
4162240c T dsi_host_set_phy_testclk
41622448 T dsi_host_set_phy_testen
41622484 T dsi_host_get_int0_status_ack_with_err_0
416224b0 T dsi_host_get_int0_status_ack_with_err_8
416224dc T dsi_host_get_int0_status_ack_with_err_9
41622508 T dsi_host_get_int0_status_ack_with_err_10
41622534 T dsi_host_get_int0_status
41622570 T dsi_host_set_int0
416225a4 T dsi_host_set_int1
416225d8 T dsi_host_set_vid_shadow_en
41622614 T dsi_host_set_vid_shadow_req
41622650 T dsi_host_set_vid_shadow_pin_req
4162268c t _dsi_hal_gen_cmd_fifo_full
416226bc t _dsi_host_bus_mode_cfg
416227c4 t _dsi_hal_gen_packet_header.part.0
41622838 T _dsi_hal_gen_rd_cmd_busy
41622868 T _dsi_hal_gen_read_fifo_empty
41622898 T _dsi_hal_gen_read_payload
416228d4 T _dsi_hal_gen_write_fifo_full
41622904 t _dsi_hal_gen_packet_payload
41622948 t _dsi_gen_wr_packet.constprop.0
41622aec T _dsi_dcs_rd_cmd
41622d14 T dsi_gen_wr_cmd
41622d8c T dsi_dcs_wr_cmd
41622e1c T dsi_dcs_rd_cmd
4162315c T dsi_host_v0_init
416242f4 T dsi_host_v0_deinit
4162439c T dsi_host_hs_mode
41624478 T dsi_host_lp_mode
41624554 T dsi_host_power_on
416246a8 T dsi_host_power_off
41624824 T dsi_host_get_reg_default_tab
41624830 T dsi_phy_set_lpx
41624870 T dsi_phy_set_txreadyesc_mode
416248ac T dsi_phy_set_auto_ckgate_en
416248e8 T dsi_phy_set_link_mode
41624924 T dsi_phy_set_txreadyesc_extend_vld
41624964 T dsi_phy_set_rxvalidesc_extend_vld
416249a4 T dsi_phy_set_afifo_cfg
416249e0 T dsi_phy_set_rcal_pluse_period
41624a1c T dsi_phy_set_t_ipcd_det_time_d0
41624a58 T dsi_phy_set_en_deskew
41624a94 T dsi_phy_set_en_period_deskew
41624ad0 T dsi_phy_set_init_deskew_time
41624b0c T dsi_phy_set_period_deskew_time
41624b48 T dsi_phy_set_cl_en_deskew
41624b84 T dsi_phy_set_cl_deskew_time
41624bc0 T dsi_phy_set_su_iddq_en_soft
41624bfc T dsi_phy_set_atest_en
41624c38 T dsi_phy_set_atest_sel
41624c74 T dsi_phy_set_fset_en
41624cb0 T dsi_phy_set_bg_en
41624cec T dsi_phy_set_bg_rbias
41624d28 T dsi_phy_set_bg_trim
41624d64 T dsi_phy_set_bist_en
41624da0 T dsi_phy_set_bist_sel
41624ddc T dsi_phy_set_bist_bit_error
41624e18 T dsi_phy_set_rcal_trim_init_time
41624e58 T dsi_phy_set_rcal_sel
41624e94 T dsi_phy_set_rcal_pn_swap_i
41624ed0 T dsi_phy_set_rcal_en_i
41624f0c T dsi_phy_set_rcal_soft_rst
41624f48 T dsi_phy_set_rcal_trim_soft
41624f84 T dsi_phy_set_rcal_ctrl
41624fc4 T dsi_phy_set_ft_sel
41625000 T dsi_phy_set_lpcd_vref_trim
4162503c T dsi_phy_set_lprx_vref_trim
41625078 T dsi_phy_set_rg_ibias_sel
416250b4 T dsi_phy_set_rcal_done_bypass
416250f0 T dsi_phy_set_clane_rst2enlptx
41625164 T dsi_phy_set_clane_inittime
416251c8 T dsi_phy_set_clane_clkprepare
4162523c T dsi_phy_set_clane_clkzero
416252b0 T dsi_phy_set_clane_clkpre
41625324 T dsi_phy_set_clane_clkpost
4162539c T dsi_phy_set_clane_clktrail
41625414 T dsi_phy_set_clane_hsexit
41625488 T dsi_phy_set_clane_pulldwn_mode
416254d8 T dsi_phy_set_clane_wakeup
4162553c T dsi_phy_set_dlane_rst2enlptx
41625610 T dsi_phy_set_dlane_inittime
416256c4 T dsi_phy_set_dlane_hsprepare
41625798 T dsi_phy_set_dlane_hszero
4162586c T dsi_phy_set_dlane_hstrail
41625940 T dsi_phy_set_dlane_hsexit
41625a14 T dsi_phy_set_dlane_wakeup
41625ac8 T dsi_phy_set_dlane_tago
41625b3c T dsi_phy_set_dlane_tasure
41625bb0 T dsi_phy_set_dlane_taget
41625c24 T dsi_phy_set_dlane_pulldwn_mode
41625c94 T dsi_phy_set_lane_ck8t_reverse
41625cd4 T dsi_phy_set_lane_predrv_by_dly
41625da8 T dsi_phy_set_lane_predrv_dly_sel
41625e7c T dsi_phy_set_lane_hstx_phase
41625f50 T dsi_phy_set_lane_hs_8t_clk_sel
41625fe0 T dsi_phy_set_lane_lptx_vb_sel
41626070 T dsi_phy_set_lane_bist_pattern_mode
41626100 T dsi_phy_set_lane_prbs_check_num
416261f4 T dsi_phy_set_lane_prbs_seed
416262a8 T dsi_phy_set_lane_prbs_err_th
4162637c T dsi_phy_set_core_dll_sel
416263cc T dsi_phy_set_core_lane_num
4162641c T dsi_phy_set_core_clksel
4162646c T dsi_phy_set_core_phyerr_mask
416264e0 T dsi_phy_set_core_ulprx_sel
41626530 T dsi_phy_set_core_dphy_soft_rst
416265e8 T dsi_phy_set_core_pwon_sel
4162667c T dsi_phy_set_core_pwon_dsi_soft
416266f0 T dsi_phy_set_core_pwon_pll_soft
41626764 T dsi_phy_set_core_da_clk1_en
416267d8 T dsi_phy_set_core_pixelclkl_div
4162684c T dsi_phy_set_core_pll_soft_rst
416268f0 T dsi_phy_set_core_pll_bist_en
41626964 T dsi_phy_set_core_pll_bist_ctrl
416269d8 T dsi_phy_set_core_pll_bist_cnt
41626a4c T dsi_phy_set_core_pll_div_s
41626ac0 T dsi_phy_set_core_pll_freq_doubler_en
41626b34 T dsi_phy_set_core_pll_ref24m_sel
41626ba8 T dsi_phy_set_core_pll_pdiv
41626c1c T dsi_phy_set_core_pll_ssc_en
41626c90 T dsi_phy_set_core_pll_ssc_ctrl
41626d04 T dsi_phy_set_core_pll_lpf_r2
41626d78 T dsi_phy_set_core_pll_lpf_r3
41626dec T dsi_phy_set_core_pll_lpf_cl
41626e60 T dsi_phy_set_core_pll_lpf_c2
41626ed4 T dsi_phy_set_core_pll_ldo_test_en
41626f48 T dsi_phy_set_core_pll_ldo_vref
41626fbc T dsi_phy_set_core_pll_ldo_vout
41627030 T dsi_phy_set_core_pll_kint
416270a4 T dsi_phy_set_core_pll_nint
41627118 T dsi_phy_set_core_pll_n
4162718c T dsi_phy_set_core_pll_icp
41627200 T dsi_phy_set_core_pll_icp_of_fset
41627274 T dsi_phy_get_core_pll_lock
416272e0 T dsi_phy_set_core_rg_dslpll_ssc_step_wicith_ctrl
41627354 T dsi_phy_set_core_rg_dslpll_ssc_step_number_ctrl
416273c8 T dsi_phy_set_core_pll_lock_bypass
4162743c T dsi_phy_set_core_pll_lock_time
416274b0 T dsi_phy_set_core_pll_lock_cnt
41627524 T dsi_phy_set_core_hstx_sr
41627598 T dsi_phy_set_core_hstx_amp_trim
4162760c T dsi_phy_set_core_lptx_sr_trim
41627680 T dsi_phy_set_core_lptx_amp_trim
416276f4 T dsi_phy_set_core_en_lpcd
41627768 T dsi_phy_set_core_en_lprx
416277dc T dsi_phy_set_core_en_ulprx
41627850 T dsi_phy_set_core_lpcd_fl0
416278c4 T dsi_phy_set_core_lpcd_fl1
41627938 T dsi_phy_set_mode_ext_loop_mode_cfg
416279ac T dsi_phy_set_mode_en_ext_loop_cfg
41627a20 T dsi_phy_set_mode_txclkreq_loop_cfg
41627a94 T dsi_phy_set_mode_txdatareq_loop_cfg
41627b08 T dsi_phy_set_mode_txdatasel_loop_cfg
41627b7c T dsi_phy_set_mode_txdata_loop_cfg
41627bf0 T dsi_phy_set_mode_txdatanum_loop_cfg
41627c64 T dsi_phy_set_mode_ext_loop_bist_bit_error_cfg
41627cd8 T dsi_phy_set_mode_ext_loop_prbs_pattern_mode_cfg
41627d4c T dsi_phy_set_mode_ext_loop_prbs_seed_cfg
41627dc0 t _dsi_phy_v0_pll_lock_checker
41627e28 T dsi_phy_v0_init
41629074 T dsi_phy_v0_deinit
41629154 T dsi_phy_power_on
41629250 T dsi_phy_power_off
416293d4 T _dsi_phy_pll_v1_cfg
41629740 T dsi_phy_pll_v1_on
41629904 T dsi_phy_get_reg_default_tab
41629910 T dsi_pixel_clk_get
41629964 T dsi_bits_per_pixel_get
416299b0 t _ui_time_to_reg_carry.constprop.0.isra.0
416299e0 T dsi_phy_timing_calc
41629d38 T dsi_phy_pll_cfg_get
4162a3d4 T sfc_read
4162a3ec T sfc_write
4162a400 T sfc_earse
4162a408 T lcm_sfc_init
4162a430 T lcm_probe_info_update
4162a54c T lcm_func_probe
4162a6a4 T lcm_func_init
4162a764 t _mol_lcm_bus_deinit
4162a884 t _mol_lcm_bus_init
4162aac8 t _mol_lcm_ops_cfg
4162ac2c t _mipi_bus_lp_cfg
4162ac8c t _mipi_push_table
4162acd8 t _mipi_bus_hs_cfg
4162ad38 T mol_lcm_init
4162af74 T read_tab_index
4162b040 T store_tab_index
4162b168 T mol_lcm_scan
4162b6d4 T mol_lcm_probe
4162b790 T get_lcm_work_mode
4162b8cc T set_lcm_work_mode
4162b8e0 T check_lcm_work_mode
4162bae8 T get_lcm_handle
4162bb28 T mc_lcm_probe
4162bc50 T delayUs
4162bc54 T delayMs
4162bc74 T os_k_malloc
4162bc78 T os_strcmp
4162bc7c T do_div64_u64
4162bc88 T debug_fun
4162bd04 T dev_print
4162bf28 T part_init
4162bf78 T part_print
4162c0b4 T part_get_info
4162c114 T blk_get_device_by_str
4162c268 T blk_get_device_part_str
4162c6c8 T part_set_generic_name
4162c714 t test_block_type
4162c790 t print_partition_extended
4162c9f0 T part_print_dos
4162ca24 t part_test_dos
4162ca7c t part_get_info_extended.constprop.0
4162ccd8 T part_get_info_dos
4162ccf8 t alloc_priv
4162cd48 t device_bind_common.constprop.0
4162d0a0 T device_bind_with_driver_data
4162d0c4 T device_bind
4162d0ec T device_bind_by_name
4162d158 T device_probe
4162d378 T dev_get_platdata
4162d3a4 T dev_get_parent_platdata
4162d3d0 T dev_get_uclass_platdata
4162d3fc T dev_get_priv
4162d428 T dev_get_uclass_priv
4162d454 T dev_get_parent_priv
4162d480 T device_find_first_child
4162d49c T device_find_next_child
4162d4c4 T dev_get_parent
4162d4cc T dev_get_driver_data
4162d4d4 T device_get_uclass_id
4162d4e4 T device_has_active_children
4162d524 T device_is_last_sibling
4162d54c T device_set_name_alloced
4162d55c T devfdt_get_addr_index
4162d604 T devfdt_get_addr
4162d60c T lists_driver_lookup_name
4162d654 T lists_uclass_lookup
4162d68c T lists_bind_drivers
4162d718 T device_bind_driver_to_node
4162d760 T device_bind_driver
4162d778 T lists_bind_fdt
4162d8dc t dm_scan_fdt_node
4162d994 T dm_root
4162d9c0 T dm_get_translation_offset
4162d9d4 T dm_init
4162da34 T dm_remove_devices_flags
4162da50 T dm_scan_platdata
4162da7c T dm_scan_fdt_dev
4162daa4 T dm_scan_fdt
4162dabc W dm_scan_other
4162dac4 T dm_init_and_scan
4162db0c T uclass_find
4162db58 T uclass_get
4162dc70 T uclass_find_device
4162dce4 T uclass_find_first_device
4162dd20 T uclass_find_next_device
4162dd4c T uclass_find_device_by_seq
4162ddc8 T uclass_find_device_by_of_offset
4162de30 T uclass_get_device_by_driver
4162de9c T uclass_get_device_tail
4162decc T uclass_get_device
4162defc T uclass_get_device_by_seq
4162df50 T uclass_get_device_by_of_offset
4162df80 T uclass_first_device
4162dfb8 T uclass_next_device
4162dff8 T uclass_bind_device
4162e074 T uclass_unbind_device
4162e0c0 T uclass_resolve_seq
4162e174 T uclass_pre_probe_device
4162e1d4 T uclass_post_probe_device
4162e1f4 T uclass_pre_remove_device
4162e214 T dm_warn
4162e23c T dm_fdt_pre_reloc
4162e2a0 T device_unbind
4162e3e4 T device_free
4162e474 T device_remove
4162e5cc t simple_bus_post_bind
4162e624 t show_devices
4162e724 T dm_dump_all
4162e760 T dm_dump_uclass
4162e84c T ofnode_read_u32
4162e8a0 T ofnode_read_u32_default
4162e8bc T ofnode_read_u32_array
4162e8e4 T ofnode_get_name
4162e8f4 T ofnode_get_property
4162e90c T ofnode_read_bool
4162e924 t get_desc
4162e9d0 T blk_get_if_type_name
4162e9e0 T blk_get_devnum_by_typename
4162eac8 T blk_list_part
4162eb3c T blk_print_part_devnum
4162eb74 T blk_list_devices
4162ebdc T blk_print_device_num
4162ec18 T blk_show_device
4162ec90 T blk_select_hwpart
4162ecc0 T blk_dselect_hwpart
4162ecc8 T blk_first_device
4162ed28 T blk_next_device
4162ed78 T blk_find_device
4162edf8 T blk_get_device
4162ee18 T blk_get_devnum_by_type
4162ee40 T blk_select_hwpart_devnum
4162ee6c T blk_dread
4162ee9c T blk_read_devnum
4162eefc T blk_dwrite
4162ef2c T blk_write_devnum
4162ef64 T blk_derase
4162ef88 T blk_prepare_device
4162ef9c T blk_find_max_devnum
4162f014 T blk_create_device
4162f17c T blk_create_devicef
4162f21c T blk_unbind_all
4162f2c0 T misc_read
4162f2ec T misc_write
4162f318 t dump_efuses
4162f3d0 t mc_efuse_ofdata_to_platdata
4162f3f4 t write_efuse
4162f4a0 t efuse_init
4162f4f8 t mc_efuse_probe
4162f53c t mc_efuse_read
4162f650 t mc_efuse_write
4162f798 T aes_init_chn_reg
4162f7c8 T aes_enable_channel
4162f7dc T aes_request_cid
4162f7f4 T aes_dma_int_enable
4162f80c T aes_dma_fix_enable
4162f834 T aes_dma_trsc_len
4162f88c T aes_dma_trac_init
4162f944 T aes_dma_trac
4162f990 t mc_aes_ofdata_to_platdata
4162f9b4 T mc_aes_call
416300a4 T aes_enable
416300cc t aes_test
41630824 t mmc_send_op_cond_iter
4163089c t mmc_send_ext_csd
41630930 t mmc_go_idle
4163097c t mmc_set_capacity
41630a24 T mmc_send_status
41630af4 T mmc_set_blocklen
41630b34 T mmc_bread
41630c98 T mmc_switch
41630d00 T mmc_switch_part
41630d64 T mmc_hwpart_config
416311b8 T mmc_set_clock
416311dc t mmc_startup
41632108 T mmc_start_init
41632328 T mmc_init
41632468 T mmc_set_dsr
41632474 T mmc_initialize
4163253c t mmc_blk_probe
41632554 T dm_mmc_set_ios
41632574 T mmc_set_ios
4163257c T dm_mmc_get_wp
4163259c T mmc_getwp
416325a4 T dm_mmc_get_cd
416325c4 T mmc_getcd
416325cc T mmc_get_mmc_dev
416325f0 T dm_mmc_send_cmd
41632634 T mmc_send_cmd
4163263c t mmc_select_hwpart
41632694 T find_mmc_device
416326e0 T get_mmc_num
416326f8 T mmc_get_blk_desc
41632720 T mmc_do_preinit
41632788 T print_mmc_devices
41632870 T mmc_bind
41632938 T mmc_berase
41632af4 T mmc_bwrite
41632c88 t dwmci_wait_reset
41632cc0 t dwmci_setup_bus.isra.0
41632dbc t dwmci_set_ios
41632e40 t dwmci_bounce_buffer_start.isra.0
41632ebc t dwmci_send_cmd
416333f8 T mc_dwmmc_clk_cfg
416334d4 T dwmci_probe
416335d8 T dwmci_setup_cfg
41633624 T dwmci_bind
41633628 t mc_dwmmc_probe
41633700 t mc_dwmmc_bind
41633720 T dm_rtc_get
41633740 T dm_rtc_set
41633760 T dm_rtc_reset
41633780 T rtc_calc_weekday
41633844 T rtc_to_tm
41633940 T rtc_mktime
416339ec t mc_rtc_clk_init_fy00
41633a20 t molchip_remove
41633a28 t mc_rtc_poll_reg.constprop.0
41633a7c t molchip_rtc_get
41633afc t mc_rtc_core_write
41633b48 t molchip_rtc_set
41633c3c t molchip_rtc_reset
41633c84 t molchip_probe
41633d34 T pwm_set_config
41633d60 T pwm_set_enable
41633d80 T pwm_open
41633da0 T pwm_get_dev_by_name
41633e14 t molchip_pwm_set_enable
41633e78 t molchip_pwm_open
41633f94 t molchip_pwm_set_config
41634150 t molchip_pwm_probe
4163424c t pwm_test
41634368 T dma_reset
41634384 T init_chn_reg
416343b4 T enable_channel
416343cc T dma_chn_src
416343dc T dma_chn_dst
416343ec T dma_trsc_len
41634444 T dma_set_trsf_step
41634444 t dma_trsf_step
41634460 T dma_int_enable
41634478 T dma_int_disable
41634490 T dma_int_clear
416344a8 T dma_wait_complete
416344ec T dma_llist_wait_complete
41634534 T spic_request_cid
4163454c T dma_init
416345f0 T llist_enable
41634608 T dma_link_list
41634828 T nor_dma_node_fill_new
416348b0 t gpio_set_mask.isra.0
416348d8 T gpio_set_value
41634920 T gpio_direction_output
41634968 T gpio_direction_input
416349ac T gpio_get_value
416349d8 T gpio_request
41634a10 T idr_remove
41634a24 T idr_find
41634a38 T idr_get_next
41634a74 T idr_alloc
41634ab0 T __mtd_next_device
41634ad0 T del_mtd_device
41634b2c T __get_mtd_device
41634b64 T get_mtd_device
41634be8 T get_mtd_device_nm
41634c44 T __put_mtd_device
41634c90 T put_mtd_device
41634c94 T mtd_erase
41634d24 T mtd_read
41634dc0 T mtd_write
41634e4c T mtd_read_oob
41634eac T mtd_unlock
41634f24 T add_mtd_device
416350e8 T mtd_block_isbad
41635138 T mtd_block_markbad
4163519c T mtd_arg_off
41635294 T mtd_arg_off_size
41635384 t part_get_unmapped_area
416353a8 t part_read_user_prot_reg
416353b4 t part_get_user_prot_info
416353cc t part_read_fact_prot_reg
416353d8 t part_get_fact_prot_info
416353f0 t part_write
41635418 t part_panic_write
41635440 t part_write_oob
416354b0 t part_write_user_prot_reg
416354bc t part_lock_user_prot_reg
416354c8 t part_lock
416354f0 t part_unlock
41635518 t part_is_locked
41635540 t part_sync
4163554c t part_block_isreserved
41635568 t part_block_isbad
41635584 t part_block_markbad
416355bc t part_read
41635640 t part_read_oob
416357cc t part_erase
41635854 T kstrdup
41635898 T mtd_erase_callback
41635904 T del_mtd_partitions
41635994 T add_mtd_partitions
41636084 T mtd_is_partition
416360c0 T mtd_get_device_size
416360e8 t mc_spi_nfc_cmd
4163610c t mc_spi_nfc_data_type
41636130 T mc_spi_nfc_hw_ecc_read_subpage
41636138 t mc_spi_nfc_hw_ecc_write_subpage
41636140 t mc_cmdfunc
41636264 t mc_spi_nfc_rtx_dir.part.0
416362b0 t mc_select_chip
41636328 t mc_spi_nfc_rtx_dir.constprop.0
41636374 T mc_ecc_sts_clr
41636394 T mc_sfc_ecc_clr
416363c8 T mc_sfc_default_ecc_cfg
416363fc t mc_spi_nfc_cmd_init
41636488 T mc_sfc_addr_length
416364bc t mc_spi_nfc_addr
4163650c T mc_nfc_data_length
41636540 t mc_spi_nfc_data_len.part.0
41636588 T mc_sfc_spare_length
416365c0 T mc_sfc_spare_len_1k
416365ec t mc_spi_nfc_spare_len
41636624 T mc_nfc_dev_mode_clr
41636638 T mc_nfc_set_tmod
41636664 T mc_nfc_set_fldform
41636690 T mc_nfc_set_frmform
416366bc T mc_nfc_set_phase_vld
416366e4 T mc_nfc_set_cmd_wmode
41636710 T mc_nfc_set_data_wmode
41636738 T mc_nfc_set_addr_wmode
41636764 T mc_sfc_dev_mode_reg_set
416367fc T mc_sfc_wait_fbuf2_ready
4163683c t mc_read_buf
416368d4 t mc_write_buf
416369a4 t mc_read_word
41636a0c t mc_read_byte
41636ab0 T mc_sfc_fbuf2_ack
41636ac8 T mc_sfc_wait_fbuf2_sta
41636af4 T mc_spi_nfc_start_ops
41636b7c t mc_send_cmd_status
41636bfc t mc_dev_ready
41636c44 t spi_nand_write_enable
41636c78 t spi_nand_program_execute
41636ce8 t mc_send_cmd_pageprog
41636e08 T mc_spi_nfc_write_page_raw
41636e24 T mc_spi_nand_write_oob
41636e60 t mc_send_cmd_reset
41636e9c t mc_send_cmd_readid
41636f14 t mc_send_cmd_erase
41636f8c t spi_nand_write_feature
41636ff4 T mc_spi_nfc_fb_incdec_mode
4163701c T spi_nand_read_page_to_cache
41637094 T spi_nand_read_from_cache
416371d0 T mc_spi_nand_init
41637274 T spi_nand_wait
416372c8 T mc_send_cmd_readstart
41637308 T mc_spi_nfc_read_page_raw
4163735c T mc_sfc_ecc_enc_mode
41637384 T mc_sfc_ecc_mode
416373ac T mc_sfc_ecc_pos
416373fc T mc_sfc_spare_ecc_byte
41637440 T mc_sfc_ecc_page_size
4163746c T mc_sfc_ecc_enable
416374b4 T mc_spi_nfc_hw_ecc_enable
41637504 T mc_spi_nfc_hw_ecc_disable
41637510 T mc_spi_nfc_hw_common_ecc_ctrl_init
416375fc T nand_check_erased_buf
41637734 t nand_check_erased_buf
4163786c T nand_check_ecc_chunk
41637914 T mc_spi_nfc_hw_ecc_read
41637b28 T mc_spi_nfc_hw_ecc_read_page
41637ba0 T mc_spi_nfc_hw_ecc_write
41637ce4 T mc_spi_nfc_hw_ecc_write_page
41637d64 T mc_spi_nfc_hw_ecc_ctrl_init
41637e88 T mc_snfc_ecc_init
41637f40 T mc_snfc_host_init
41638034 T mc_spi_nfc_probe
41638164 T mc_spi_nand_pre_probe
41638224 T board_nand_init
41638260 T get_nand_dev_by_index
41638294 T nand_register
41638324 T nand_size
41638334 T nand_init
41638354 t verify_bbt_descr
4163850c t create_bbt
41638728 t read_bbt
41638918 t read_abs_bbt
41638a08 t write_bbt
41638ff0 t nand_update_bbt
41639110 t mark_bbt_region
416392c4 t scan_read.isra.0
416393a0 t search_bbt.isra.0
41639578 T nand_default_bbt
41639b38 T nand_isreserved_bbt
41639b7c T nand_isbad_bbt
41639bcc T nand_markbad_bbt
41639c20 t check_skip_len
41639cc8 T nand_erase_opts
4163a00c T nand_verify_page_oob
4163a0cc T nand_verify
4163a1c0 T nand_write_skip_bad
4163a470 T nand_read_skip_bad
4163a69c T nand_write_yaffs_skip_bad
4163aa94 T nand_fill_ecc
4163ab10 T nand_read_yaffs_skip_bad
4163ae9c T nand_calculate_ecc
4163afc4 T nand_correct_data
4163b0e4 t nand_release_device
4163b0f0 T nand_read_byte
4163b104 t nand_read_byte16
4163b11c t nand_read_word
4163b130 t nand_write_byte
4163b150 t nand_write_byte16
4163b170 T nand_write_buf
4163b194 T nand_read_buf
4163b1bc T nand_write_buf16
4163b1e8 T nand_read_buf16
4163b218 t nand_read_page_raw_syndrome
4163b2ec t nand_read_page_swecc
4163b41c t nand_read_oob_std
4163b458 t nand_read_oob_syndrome
4163b568 t nand_write_oob_std
4163b5d8 t nand_write_oob_syndrome
4163b768 t nand_write_page_raw_syndrome
4163b83c t nand_write_page_swecc
4163b8f4 t nand_write_page_hwecc
4163b9bc t nand_write_page_syndrome
4163bab0 t single_erase
4163baf8 t nand_sync
4163bb04 t nand_onfi_set_features
4163bb60 t nand_onfi_get_features
4163bba4 t nand_set_defaults
4163bd2c t nand_write_subpage_hwecc
4163bea8 t nand_block_bad
4163bff0 t nand_write_page
4163c138 t nand_block_checkbad
4163c1ac t nand_block_isbad
4163c224 t nand_fill_oob
4163c334 t nand_transfer_oob
4163c430 t nand_wait
4163c4e4 t sanitize_string
4163c51c t nand_block_isreserved
4163c534 t nand_check_wp
4163c580 t nand_do_write_oob
4163c718 t nand_default_block_markbad
4163c7e8 t nand_do_write_ops
4163cb28 t nand_write_oob
4163cbbc t nand_write
4163cc3c t nand_read_page_raw
4163cc80 t nand_write_page_raw
4163ccc4 t nand_select_chip
4163cd10 t panic_nand_write
4163cdd0 t nand_wait_status_ready.constprop.0
4163ce0c T nand_wait_ready
4163ce5c t nand_command
4163d034 t nand_command_lp
4163d288 t nand_do_read_ops
4163d6fc t nand_read_oob
4163d994 t nand_read
4163da14 T nand_check_erased_ecc_chunk
4163dac4 t nand_read_page_syndrome
4163dc78 t nand_read_subpage
4163df40 t nand_read_page_hwecc
4163e0d8 t nand_read_page_hwecc_oob_first
4163e264 T nand_erase_nand
4163e4d4 t nand_block_markbad
4163e5bc t nand_erase
4163e5c4 T nand_scan_ident
4163f394 T nand_scan_tail
4163f974 T spi_nor_read_mode
4163f9e4 T spi_nor_read_reg
4163fa7c T spi_nor_write_reg
4163fb0c T spi_nor_wait_ready
4163fb60 T spi_nor_write_enable
4163fb70 T spi_quad_enable
4163fbf8 T spi_mx_quad_enable
4163fc80 T spi_giga_quad_enable
4163fd08 T spi_nor_write_enable_volatile
4163fd18 T spi_spansion_quad_enable
4163fda4 T spi_nor_write_disable
4163fdb4 T spi_nor_get_dummy
4163fe4c T spi_nor_ops
4163ff60 T spi_nor_read_data
41640000 T spi_nor_write_data
41640060 T spi_nor_program
41640168 T spi_dtr_enable
41640180 T spi_dtr_disable
41640194 T nfc_set_dtr_enable
416401cc T spi_nor_read_setfreq
416401f8 T spi_dma_linklist_read_start
41640448 T spi_dma_linklist_read_stop
416404d8 T spi_nor_read
4164058c T spi_nor_cont_read_done
416405fc T spi_nor_erase_sector
41640620 T spi_nor_erase
416406b8 T spi_nor_read_id
4164075c T spi_nor_convert_opcode
41640794 T spi_nor_init_params
41640900 T spi_nor_hwcaps2cmd
41640944 T spi_nor_hwcaps_read2cmd
41640954 T spi_nor_hwcaps_pp2cmd
41640964 T spi_nor_select_read
41640a04 T spi_nor_select_pp
41640a84 T spi_nor_select_erase
41640ac4 T spi_nor_init
41640af8 T spi_nor_setup
41640bd8 T spi_nor_scan
41640dfc T spi_nor_flash
41640e7c T spi_nand_flash
41640ef0 T nvm_boot_device
41640f38 T spi_flash_probe
41640f80 T spi_flash_free
41640f84 t add_to_list
41641058 t destroy_ai
41641260 t validate_vid_hdr.constprop.0
41641338 T ubi_compare_lebs
41641588 T ubi_add_to_av
41641a0c T ubi_find_av
41641a40 T ubi_remove_av
41641aa8 T ubi_early_get_peb
41641c14 T ubi_attach
41642a64 t kill_volumes
41642a9c T ubi_volume_notify
41642ad0 T ubi_notify_all
41642b2c T ubi_get_device
41642b4c T ubi_put_device
41642b5c T ubi_free_internal_volumes
41642b98 T ubi_attach_mtd_dev
41643298 T ubi_detach_mtd_dev
41643380 T ubi_init
416434c0 T ubi_exit
4164351c T kstrtoint
41643538 T ubi_mtd_param_parse
41643720 t ubi_update_layout_vol
41643778 t vtbl_check
41643a18 t create_vtbl
41643bfc T ubi_change_vtbl_record
41643cbc T ubi_read_volume_table
41644398 t vol_release
416443b4 t self_check_volumes.isra.0
416446c0 T ubi_create_volume
41644ad0 T ubi_resize_volume
41644d0c T ubi_add_volume
41644d3c T ubi_free_volume
41644d54 t clear_update_marker
41644e1c t write_leb
41644ed4 T ubi_start_update
4164504c T ubi_more_update_data
416452ac T ubi_do_get_device_info
416452e0 T ubi_get_device_info
41645320 T ubi_do_get_volume_info
41645390 T ubi_get_volume_info
416453a0 T ubi_close_volume
41645420 T ubi_open_volume
416455d4 T ubi_open_volume_nm
41645698 T ubi_leb_read
41645780 T ubi_leb_unmap
416457e4 T ubi_is_mapped
4164582c t is_error_sane
41645858 t ltree_lookup.isra.0
41645890 t leb_read_unlock
41645890 t leb_write_unlock
416458cc t leb_read_lock
416458cc t leb_write_lock
416458cc t leb_write_trylock
416459ac T ubi_eba_unmap_leb
41645a2c T ubi_eba_read_leb
41645c54 T ubi_eba_write_leb
4164621c T ubi_eba_write_leb_st
41646570 T ubi_eba_atomic_leb_change
416468cc T ubi_eba_copy_leb
41646c4c T ubi_eba_init
41646e50 t erase_callback
41646e54 t validate_ec_hdr
41646f24 t self_check_ec_hdr.part.0
41646f78 t validate_vid_hdr.isra.0
41647154 t self_check_vid_hdr.part.0
416471ac T ubi_io_is_bad
416471cc t self_check_not_bad
41647200 T ubi_io_read
416472d8 t self_check_peb_ec_hdr.part.0
416473b8 T ubi_io_mark_bad
416473ec T ubi_io_read_ec_hdr
4164752c T ubi_io_read_vid_hdr
41647670 T ubi_self_check_all_ff
4164773c T ubi_io_write
41647a40 T ubi_io_write_ec_hdr
41647b74 T ubi_io_write_vid_hdr
41647c60 t do_sync_erase.part.0
41647d2c T ubi_io_sync_erase
41647fb8 t shutdown_work
4164800c t prot_queue_del
4164808c t find_wl_entry
41648110 t wl_tree_add
41648170 t in_wl_tree.isra.0
416481ec t self_check_in_wl_tree.isra.0
41648208 t get_peb_for_wl
41648258 t wl_entry_destroy.isra.0
41648270 t tree_destroy.isra.0
416482d0 T do_work
4164831c t schedule_erase
416483a4 t ensure_wear_leveling
41648494 t erase_worker
41648880 t do_sync_erase
416488d4 t wear_leveling_worker
41648cec T ubi_wl_put_peb
41648e44 T ubi_wl_scrub_peb
41648f38 T ubi_wl_flush
41648fdc T ubi_wl_init
416492b8 T ubi_wl_close
41649354 T ubi_wl_get_peb
4164947c T crc32_le
4164955c T ubi_calc_data_len
41649590 T ubi_check_volume
41649640 T ubi_update_reserved
41649694 T ubi_calculate_reserved
416496ac T ubi_check_pattern
416496d8 T ubi_dump_flash
41649764 T ubi_dump_ec_hdr
41649768 T ubi_dump_vid_hdr
4164976c T ubi_dump_vol_info
416498b8 T ubi_dump_vtbl_record
416498f4 T ubi_dump_av
416498f8 T ubi_dump_aeb
416498fc T ubi_debugfs_init
41649904 T ubi_debugfs_exit
41649908 T ubi_debugfs_init_dev
41649910 T ubi_debugfs_exit_dev
41649914 T ubi_dbg_power_cut
4164991c t _dw_write_hwaddr
41649964 t designware_eth_bind
4164996c T designware_eth_free_pkt
416499b8 t dw_mdio_write
41649a40 t dw_mdio_read
41649ac8 T designware_eth_recv
41649b30 T designware_eth_send
41649c1c T designware_eth_stop
41649c68 T designware_eth_write_hwaddr
41649c8c T designware_eth_ofdata_to_platdata
41649d24 t designware_eth_remove
41649d50 T designware_eth_probe
41649e68 T designware_eth_init
4164a0e8 T designware_eth_enable
4164a124 t designware_eth_start
4164a15c t nc_wait_arp_handler
4164a170 t nc_handler
4164a194 t nc_timeout_handler
4164a1a8 t is_broadcast
4164a250 t nc_stdio_getc
4164a2d8 t nc_send_packet
4164a42c t nc_stdio_putc
4164a464 t refresh_settings_from_env
4164a58c t nc_stdio_start
4164a5c4 t nc_stdio_tstc
4164a640 t nc_stdio_puts
4164a6a4 T nc_start
4164a780 T nc_input_packet
4164a86c T drv_nc_init
4164a8f0 T qos_free_pkt
4164a974 T qos_stop
4164aa44 t qos_set_full_duplex
4164aa80 T qos_send
4164ab48 T qos_recv
4164aba8 t qos_write_hwaddr
4164ac04 t qos_probe_resources_core
4164acc4 t qos_remove
4164acf4 t qos_mdio_wait_idle.isra.0
4164ad58 t qos_mdio_read
4164ae08 t qos_mdio_write
4164aebc t bit_modify_rdata.isra.0
4164aed8 t bit_check_and_modify.isra.0
4164aefc t bit_check_and_modify.isra.0
4164af20 t qos_probe
4164bd30 t qos_start
4164c3a0 T change_loopback
4164c5a0 t init_gmac
4164c6b8 t scan_function.isra.0
4164d2b0 t do_dpll_scan
4164d4d0 T gmac_loopback_autoscan
4164d700 T genphy_shutdown
4164d708 T genphy_restart_aneg
4164d764 T genphy_config_aneg
4164d960 T genphy_config
4164da24 T genphy_update_link
4164db74 T genphy_parse_link
4164dd10 T genphy_startup
4164dd30 T phy_init
4164dd44 T phy_register
4164dd6c T phy_set_supported
4164ddc4 W get_phy_id
4164de34 t get_phy_device_by_mask
4164e0c8 T phy_reset
4164e180 T phy_find_by_mask
4164e1bc T phy_connect_dev
4164e224 T phy_connect
4164e274 T phy_startup
4164e290 W board_phy_config
4164e2ac T phy_config
4164e2b0 T phy_shutdown
4164e2d8 T phy_get_interface_by_name
4164e318 t rtl8211b_probe
4164e320 t rtl8201f_config
4164e4dc t rtl8211x_config
4164e59c t rtl8211f_config
4164e654 t rtl8211x_startup
4164e768 t rtl8211f_startup
4164e864 t rtl8211e_startup
4164e884 T phy_realtek_init
4164e8cc t mochip7c01_phy_reset
4164e8d4 T mochip7c01_startup
4164e8f4 t mochip7c01_config
4164e914 T auto_find_phy
4164ebfc T phy_molchip_init
4164ec14 t _serial_putc
4164ec54 t __serial_getc
4164ec80 t __serial_tstc
4164eca4 t serial_stub_putc
4164ecac t serial_stub_puts
4164ecd0 t serial_stub_getc
4164ecd8 t serial_stub_tstc
4164ece0 t serial_pre_remove
4164ece8 t serial_post_probe
4164eda8 T serial_init
4164ef04 T serial_initialize
4164ef08 T serial_putc
4164ef20 T serial_puts
4164ef50 T serial_getc
4164ef64 T serial_tstc
4164ef78 T serial_setbrg
4164efa8 t on_baudrate
4164f094 T serial_stdio_init
4164f098 T ts01_serial_setbrg
4164f110 t ts01_serial_probe
4164f170 t ts01_serial_getc
4164f194 t ts01_serial_putc
4164f1bc t ts01_serial_pending
4164f1e0 t ts01_serial_ofdata_to_platdata
4164f228 T enalbe_spic
4164f244 T reset_spic
4164f280 T clk_select_spic
4164f2a8 T spi_enable
4164f2bc T spi_set_polarity
4164f2dc T spi_set_phase
4164f2fc T spi_set_baudrate
4164f30c T spi_set_dummy_byte
4164f32c T spi_rx_sample_delay
4164f33c T sfc_cmd_write
4164f354 T sfc_cmd_read
4164f36c T sfc_ecc_enable
4164f3a0 T sfc_data_type
4164f3c0 T sfc_addr_length
4164f3e8 T sfc_spare_length
4164f414 T sfc_spare_len_1k
4164f43c T nfc_data_length
4164f464 T sfc_data_length
4164f4a0 T ecc_sts_clr
4164f4b4 T sfc_ecc_clr
4164f4d4 T sfc_start_exec
4164f550 T sfc_cmd
4164f56c T sfc_addr
4164f5dc T nfc_fb_incdec_mode
4164f5f8 T nfc_set_tmod
4164f618 T nfc_set_fldform
4164f638 T nfc_set_frmform
4164f658 T nfc_set_cmd_wmode
4164f678 T nfc_set_phase_vld
4164f694 T nfc_set_data_wmode
4164f6b0 T nfc_set_addr_wmode
4164f6d0 T sfc_dev_mode_reg_set
4164f770 T sfc_write_reg
4164f780 T sfc_ecc_pos
4164f7b8 T sfc_write_data
4164f840 T sfc_read_reg
4164f850 T sfc_wait_fbuf2_ready
4164f884 T sfc_fbuf2_ack
4164f894 T sfc_read_data
4164f90c T sfc_dma_rx0_stop
4164f91c T sfc_dma_wait_ready
4164f924 T sfc_write_spare
4164f984 T sfc_read_spare
4164fa10 T sfc_ecc_enc_mode
4164fa2c T sfc_spare_ecc_byte
4164fa58 T sfc_ecc_page_size
4164fa78 T nfc_dma_reg_inter_num
4164fa90 T spi_cs_holdtime
4164faac T spi_set_rd_delay_cnt
4164fac4 T sfc_ecc_mode
4164fae0 T spi_init
4164fb88 T board_spic_init
4164fb90 T nfc_all_clr
4164fbc0 T sfc_all_clr
4164fbc4 T sfc_access_start
4164fbd4 T nfc_flowbuf_clr
4164fbe4 T nfc_cmd_set_clr
4164fc10 T nfc_dma_en
4164fc2c T nfc_dma_common_reg_set
4164fc68 T nfc_dma_rx_ch0_start
4164fca0 T nfc_dma_rx_ch0_reg_set
4164fca4 T nfc_ccmd_datalength
4164fcd0 T nfc_dev_mode_reg_set
4164fd24 T nfc_cmd
4164fd3c T sfc_done
4164fd80 T spi_set_4_bit_address_mode
4164fdb0 T nfc_data_type
4164fdd0 T nfc_set_page_size
4164fdfc T nfc_cmd_type
4164fe1c T nfc_cmd_mode_reg_set
4164fe40 T nfc_read_en
4164fe44 T nfc_check_buf_p2_rdy
4164fe74 T nfc_addr_length
4164fe94 T spic_addr
4164ff04 T nfc_cmd_set_reg_set
4164ff5c T write_nfc_soft_fb_p2_ack
4164ff70 T sfc_dma_nor_read_data
4164ffb0 t usb_child_post_bind
41650020 t remove_inactive_children.constprop.0
4165008c t usb_match_one_id
416501f8 T usb_disable_asynch
41650218 T submit_int_msg
4165025c T submit_control_msg
416502e0 T submit_bulk_msg
41650320 T usb_alloc_device
41650348 T usb_reset_root_port
41650370 T usb_update_hub_device
41650398 T usb_stop
41650448 T usb_get_bus
41650478 T usb_scan_device
416506f8 t usb_scan_bus.constprop.0
4165076c T usb_init
4165093c T usb_child_pre_probe
416509a4 t dwc_otg_core_reset
41650a44 t dwc2_usb_remove
41650a70 t dwc2_usb_ofdata_to_platdata
41650ad0 t dwc2_usb_probe
41650ea8 T wait_for_chhltd
41650f44 T chunk_msg
41651374 t dwc2_submit_control_msg
416518c4 T _submit_bulk_msg
41651938 t dwc2_submit_bulk_msg
41651968 T _submit_int_msg
416519e8 t dwc2_submit_int_msg
41651a20 T env_get_yesno
41651a5c T env_get_default
41651a8c T set_default_env
41651b34 T set_default_vars
41651b70 T env_import
41651c50 T env_export
41651cf0 T env_relocate
41651d1c T env_complete
41651df8 T env_driver_lookup_default
41651e2c T env_get_char
41651e80 T env_load
41651eac T env_save
41651ee0 T env_init
41651f30 T env_attr_walk
41652044 T env_attr_lookup
416521c8 t clear_callback
416521d8 t find_env_callback
41652234 t on_callbacks
41652284 t set_callback
41652320 T env_callback_init
416523e4 t skip_num
41652450 t clear_flags
41652460 t on_flags
416524b0 T env_flags_parse_vartype
41652500 T env_flags_parse_varaccess
41652550 t env_parse_flags_to_bin
4165257c t set_flags
41652610 T eth_validate_ethaddr_str
416526a4 T env_flags_init
41652760 T env_flags_validate
416529e4 t env_nand_init
41652a00 t env_nand_load
41652ae8 t env_nand_save
41652c1c t fs_probe_unsupported
41652c34 t fs_ls_unsupported
41652c3c t fs_exists_unsupported
41652c44 t fs_size_unsupported
41652c4c t fs_read_unsupported
41652c54 t fs_close_unsupported
41652c58 t fs_get_info
41652c84 t fs_close
41652cac t fs_write_unsupported
41652cb4 t fs_uuid_unsupported
41652cbc T fs_set_blk_dev
41652d70 T fs_ls
41652dac T fs_size
41652de0 T fs_read
41652e7c T do_size
41652edc T do_load
4165310c T do_ls
41653170 t downcase
416531a0 t dirdelim
416531d0 t mkcksum
41653220 t disk_read
4165327c t get_cluster
416533f8 t get_name
416534a4 t read_bootsectandvi
416535b8 t disk_write
41653648 t flush_dirty_fat_buffer
416536f0 t get_fatent
4165387c t find_empty_cluster
416538a8 t set_cluster
41653a20 t set_name
41653b64 t check_overflow
41653bdc t slot2str
41653ca0 t get_vfatname.constprop.0.isra.0
41653e50 t set_fatent_value.isra.0
41654018 t flush_dir_table.constprop.0
416540ec t do_fat_write
41654d24 T fat_set_blk_dev
41654df0 T do_fat_read_at
41655a80 T do_fat_read
41655abc T file_fat_detectfs
41655c04 T file_fat_ls
41655c30 T fat_exists
41655c74 T fat_size
41655cac T file_fat_read_at
41655d0c T fat_read_file
41655d54 T fat_close
41655d58 T file_fat_write
41655db4 t gzip_decompress
41655de0 t compr_init
41655e88 t ubifs_findfile
416561e0 T kmemdup
41656214 T ubifs_decompress
416562a4 t read_block
416563cc T ubifs_compressors_init
41656408 T ubifs_set_blk_dev
41656430 T ubifs_ls
41656928 T ubifs_exists
41656978 T ubifs_size
41656a14 T ubifs_read
41656d84 T ubifs_close
41656d88 T ubifs_load
41656e08 T uboot_ubifs_umount
41656e4c T ubifs_ro_mode
41656e80 T ubifs_leb_read
41656e90 T ubifs_leb_unmap
41656ed0 T ubifs_is_mapped
41656ed8 T ubifs_check_node
41657004 T ubifs_pad
416570f8 T ubifs_wbuf_seek_nolock
41657154 T ubifs_read_node
41657220 T ubifs_read_node_wbuf
41657354 T ubifs_wbuf_init
41657404 t ubifs_dirty_inode
41657418 t sb_test
4165743c t sb_set
41657448 t free_orphans
416574d4 t kill_ubifs_super
416574dc t ubifs_alloc_inode
41657514 t bud_wbuf_callback
41657530 t free_wbufs.part.0
41657584 T iget_locked
416575d4 T ubifs_iput
41657600 T iput
41657658 T clear_nlink
41657690 T set_nlink
416576d4 T ubifs_iget
41657afc T ubifs_umount
41657bbc T sget
41657c5c t ubifs_mount
416589c0 T ubifs_init
416589e8 T uboot_ubifs_mount
41658a50 t key_r5_hash
41658a8c t key_test_hash
41658ac8 T ubifs_read_sb_node
41658b38 T ubifs_read_superblock
41659114 T ubifs_read_master
41659ce0 t do_calc_lpt_geom
4165a0d8 t calc_nnode_num_from_parent
4165a110 t validate_nnode
4165a1d8 t update_cats
4165a218 t calc_pnode_num_from_parent.isra.0
4165a254 t validate_pnode
4165a300 T ubifs_calc_lpt_geom
4165a390 T ubifs_unpack_bits
4165a4c8 t check_lpt_crc.constprop.0
4165a518 t unpack_pnode
4165a5f8 T ubifs_add_lpt_dirt
4165a628 T ubifs_add_nnode_dirt
4165a684 t dirty_cow_nnode
4165a77c T ubifs_unpack_nnode
4165a834 T ubifs_read_nnode
4165a978 T ubifs_get_nnode
4165a9a4 T ubifs_get_pnode
4165ab68 T ubifs_lpt_lookup_dirty
4165ad64 T ubifs_lpt_init
4165af50 T ubifs_lpt_free
4165b104 T ubifs_scan_a_node
4165b254 T ubifs_start_scan
4165b2e4 T ubifs_end_scan
4165b300 T ubifs_add_snod
4165b3e8 T ubifs_scanned_corruption
4165b3ec T ubifs_scan_destroy
4165b430 T ubifs_scan
4165b5b0 t get_heap_comp_val
4165b5dc t adjust_lpt_heap.constprop.0
4165b720 t move_up_lpt_heap.constprop.0
4165b78c T ubifs_add_to_cat
4165b930 T ubifs_replace_cat
4165b990 T ubifs_categorize_lprops
4165ba38 T ubifs_calc_dark
4165ba5c T ubifs_change_lp
4165bdec T ubifs_change_one_lp
4165be4c T ubifs_update_one_lp
4165beb0 t insert_zbranch
4165bf80 t lnc_free
4165bfa4 t insert_old_idx
4165c044 t get_znode
4165c078 t tnc_prev
4165c100 t tnc_next
4165c194 t fallible_read_node
4165c2cc t matches_name
4165c3a0 t resolve_collision
4165c560 t tnc_read_node_nm
4165c5e4 t correct_parent_keys.constprop.0
4165c64c t tnc_insert.constprop.0
4165ca8c t fallible_matches_name
4165cb6c t fallible_resolve_collision
4165cdd8 t dirty_cow_znode
4165cff0 t dirty_cow_bottom_up
4165d0f4 t lookup_level0_dirty
4165d2b4 T insert_old_idx_znode
4165d300 t tnc_delete
4165d5d0 T destroy_old_idx
4165d614 T ubifs_lookup_level0
4165d77c T ubifs_tnc_locate
4165d8dc T ubifs_tnc_add
4165d9b0 T ubifs_tnc_remove
4165da04 T ubifs_tnc_remove_nm
4165dae0 T ubifs_tnc_add_nm
4165dca0 T ubifs_tnc_remove_range
4165df14 T ubifs_tnc_next_ent
4165e01c T ubifs_tnc_remove_ino
4165e14c T ubifs_tnc_close
4165e1e0 T ubifs_search_zbranch
4165e260 T ubifs_tnc_postorder_first
4165e2b4 T ubifs_tnc_postorder_next
4165e30c T ubifs_destroy_tnc_subtree
4165e3a0 T ubifs_load_znode
4165e694 T ubifs_tnc_read_node
4165e728 T ubifs_dump_inode
4165e72c T ubifs_dump_node
4165e730 T ubifs_dump_znode
4165e734 T ubifs_dump_pnode
4165e738 T dbg_check_dir
4165e740 T dbg_debugfs_exit_fs
4165e744 T ubifs_debugging_init
4165e74c T ubifs_debugging_exit
4165e750 T dbg_check_filesystem
4165e758 T dbg_debugfs_init_fs
4165e760 T dbg_check_tnc
4165e768 T dbg_check_idx_size
4165e770 T crc16
4165e7a0 T ubifs_calc_min_idx_lebs
4165e82c T ubifs_reported_space
4165e898 T ubifs_search_bud
4165e8c8 T ubifs_get_wbuf
4165e910 T ubifs_add_bud
4165e9c0 T ubifs_clear_orphans
4165ea08 T ubifs_mount_orphans
4165ed80 t is_empty
4165edac t find_ino
4165edd4 t get_master_node
4165efc4 t add_ino
4165f060 T ubifs_recover_master_node
4165f278 T ubifs_recover_leb
4165f6d0 T ubifs_recover_log_leb
4165f8e8 T ubifs_destroy_size_tree
4165f940 T ubifs_recover_size_accum
4165fa48 T ubifs_recover_size
4165fbd0 t replay_entries_cmp
4165fc04 t insert_node
4165fcc8 T ubifs_validate_entry
4165fdb4 T ubifs_replay_journal
41660b00 T ubifs_destroy_idx_gc
41660b44 t LzmaDec_WriteRem
41660bdc t LzmaDec_DecodeReal2
416617e4 t LzmaDec_TryDummy
41661d44 T LzmaDec_Init
41661d6c T LzmaDec_DecodeToDic
416620fc T LzmaDec_FreeProbs
41662120 t LzmaDec_AllocateProbs2
41662194 T LzmaProps_Decode
41662238 T LzmaDec_AllocateProbs
41662280 T LzmaDecode
41662354 t SzFree
4166235c t SzAlloc
41662364 T lzmaBuffToBuffDecompress
41662460 T lzo1x_decompress_safe
41662a58 T lzop_decompress
41662be4 T zcalloc
41662bec T zcfree
41662bf4 T inflate_fast
4166316c T inflate_table
41663668 T inflateReset
416636e0 T inflateInit2_
416637e0 T inflateEnd
41663844 T adler32
41663b8c T inflate
41665088 T gzalloc
41665098 T gzfree
416650a0 T zunzip
416651bc T gunzip
41665278 T initcall_run_list
416652d4 t lmb_add_region
41665460 T lmb_init
41665488 T lmb_add
4166548c T lmb_free
41665574 T lmb_reserve
4166557c T __lmb_alloc_base
416656a8 T lmb_alloc_base
416656dc T lmb_alloc
416656e4 W board_lmb_reserve
416656e8 T string_to_ip
41665778 T qsort
41665860 T strcmp_compar
4166586c T rb_insert_color
416659fc T rb_erase
41665d1c T rb_first
41665d40 T rb_last
41665d64 T rb_next
41665dbc T rb_next_postorder
41665e04 T rb_first_postorder
41665e34 t merge
41665e9c T list_sort
4166603c T fdt_check_header
416660b0 T fdt_offset_ptr
4166611c T fdt_next_tag
41666210 T _fdt_check_node_offset
4166624c T _fdt_check_prop_offset
41666288 T fdt_next_node
41666344 T fdt_first_subnode
41666378 T fdt_next_subnode
416663c4 T _fdt_find_string
4166641c T fdt_move
41666460 t fdt_path_next_separator
416664b0 t _nextprop
41666504 T fdt_string
41666518 T fdt_get_mem_rsv
41666574 T fdt_num_mem_rsv
416665a0 T fdt_subnode_offset_namelen
41666670 T fdt_subnode_offset
416666a0 T fdt_get_name
41666714 T fdt_first_property_offset
41666734 T fdt_next_property_offset
41666754 T fdt_get_property_by_offset
416667a4 T fdt_get_property_namelen
41666860 T fdt_get_property
4166689c T fdt_getprop_namelen
416668bc T fdt_getprop_by_offset
41666900 T fdt_getprop
4166693c T fdt_get_alias_namelen
41666980 T fdt_path_offset_namelen
41666a58 T fdt_path_offset
41666a80 T fdt_supernode_atdepth_offset
41666b1c T fdt_node_depth
41666b44 T fdt_parent_offset
41666b74 t _fdt_blocks_misordered
41666bd8 t _fdt_splice
41666c74 t _fdt_splice_mem_rsv
41666cc8 t _fdt_splice_struct
41666d14 t _fdt_packblocks
41666da0 t _fdt_find_add_string
41666e44 t _fdt_add_property
41666ed4 t _fdt_rw_check_header
41666f34 T fdt_add_mem_rsv
41666fb8 T fdt_del_mem_rsv
41667010 T fdt_setprop
416670fc T fdt_delprop
41667164 T fdt_add_subnode_namelen
41667254 T fdt_add_subnode
41667284 T fdt_del_node
416672d4 T fdt_open_into
41667460 T fdt_strerror
416674b8 T _fdt_node_end_offset
416674f8 T fdt_address_cells
41667544 T fdt_size_cells
4166758c T fdtdec_get_int
416675c0 T fdtdec_get_uint
416675f4 t get_prop_check_min_len
41667630 T fdtdec_get_is_enabled
4166766c T fdtdec_get_alias_seq
41667784 T fdtdec_get_chosen_prop
416677b8 T fdtdec_get_chosen_node
416677e0 T fdtdec_prepare_fdt
41667824 T fdtdec_get_int_array
41667888 T fdtdec_get_bool
416678a4 T fdtdec_get_config_int
416678e4 T fdtdec_get_config_string
41667920 T fdtdec_setup
41667950 t cmpkey
41667964 t drop_var_from_set.part.0
416679b4 t match_string.constprop.0
41667a14 t _hdelete.constprop.0
41667a64 T hcreate_r
41667b00 T hdestroy_r
41667b6c T hmatch_r
41667c08 T hsearch_r
4166807c T hdelete_r
4166816c T hexport_r
41668458 T himport_r
41668850 T hwalk_r
416688ac T display_options_get_banner_priv
41668944 T display_options_get_banner
41668954 T display_options
41668988 T print_size
41668aac T print_buffer
41668c7c T crc32_no_comp
41668d54 T crc32
41668d68 T crc32_wd
41668d6c T crc32_wd_buf
41668da4 W __div64_32
41668e6c T hang
41668e88 T copy_from_user
41668e98 T kmalloc
41668ed0 T get_mem
41668eec T kmem_cache_alloc
41668ef8 T skip_spaces
41668f20 T strim
41668f7c T strcpy
41668f94 T strncpy
41668fb8 T strcat
41668fe8 T strncat
41669038 T strcmp
41669060 T strncmp
4166909c T strchr
416690c8 T strlen
416690e8 T strlcpy
41669138 T strrchr
41669170 T strnlen
4166919c T strdup
416691d0 T strspn
4166921c T strpbrk
41669270 T strtok
416692d8 T strsep
4166930c T memmove
41669348 T memcmp
4166937c T strstr
416693dc T memchr
4166940c t tick_to_time
416694bc W get_ticks
416694ec W timer_init
416694f4 W get_timer
4166950c T udelay
41669628 T uuid_str_valid
416696b8 T uuid_str_to_bin
41669824 T rand_r
41669840 t put_dec_trunc
41669920 t put_dec
41669a68 t number
41669d48 t string
41669e38 t vsnprintf_internal
4166a4fc T vscnprintf
4166a520 T snprintf
4166a548 T vsprintf
4166a558 T sprintf
4166a580 T printf
4166a5c4 T vprintf
4166a5f8 T simple_itoa
4166a650 T str2off
4166a68c T str2long
4166a6c8 t panic_finish
4166a6f8 T panic_str
4166a704 T panic
4166a720 T simple_strtoul
4166a7d0 T strict_strtoul
4166a848 T simple_strtol
4166a86c T ustrtoul
4166a8dc T simple_strtoull
4166a9a8 T ustrtoull
4166aa30 T trailing_strtoln
4166aa9c T trailing_strtol
4166aaa4 T compute_ip_checksum
4166ab14 T ip_checksum_ok
4166ab30 T arp_init
4166ab80 T arp_raw_request
4166ac50 T arp_request
4166acd0 T arp_timeout_check
4166ad60 T arp_receive
4166afcc t dhcp_extended
4166b1fc t dhcp_process_options
4166b42c t dhcp_packet_process_options
4166b4b8 t dhcp_handler
4166b88c T bootp_reset
4166b8d0 T bootp_request
4166bb50 t bootp_timeout_handler
4166bbc0 T dhcp_request
4166bbc4 t cdp_compute_csum
4166bc80 t cdp_send_trigger.isra.0
4166bd34 t cdp_timeout_handler
4166bd98 T cdp_receive
4166bee0 T cdp_start
4166bf48 t dns_timeout_handler
4166bf6c t dns_handler
4166c13c T dns_start
4166c280 t eth_get_uclass_priv
4166c2a0 t eth_pre_remove
4166c2d0 t eth_post_probe
4166c46c t eth_post_bind
4166c4a0 t eth_write_hwaddr.isra.0
4166c564 t on_ethaddr
4166c5e4 T eth_set_current_to_next
4166c620 T eth_get_dev
4166c658 T eth_set_dev
4166c698 t eth_pre_unbind
4166c6c0 T eth_get_dev_by_name
4166c7b0 T eth_get_ethaddr
4166c7d0 T eth_init_state_only
4166c808 T eth_halt_state_only
4166c830 T eth_get_dev_index
4166c854 T eth_init
4166c950 T eth_halt
4166c98c T eth_is_active
4166c9c4 T eth_send
4166ca14 T eth_rx
4166cac0 T eth_initialize
4166cb9c T eth_parse_enetaddr
4166cbf8 T eth_env_get_enetaddr
4166cc54 T eth_env_set_enetaddr
4166cca0 T eth_env_get_enetaddr_by_index
4166cce4 T eth_env_set_enetaddr_by_index
4166cd28 T eth_common_init
4166cd40 T eth_mac_skip
4166cd7c T eth_get_name
4166cda4 T eth_current_changed
4166ce34 T eth_try_another
4166ceb4 T eth_set_current
4166cf40 t pick
4166cf84 t configure_wait
4166cfec t link_local_timeout
4166d1a4 T link_local_start
4166d2cc t net_clear_handlers
4166d300 t start_again_timeout_handler
4166d314 t dummy_handler
4166d318 t on_ipaddr
4166d348 t on_gatewayip
4166d378 t on_netmask
4166d3a8 t on_serverip
4166d3d8 t on_dnsip
4166d408 t net_init_loop
4166d434 T net_auto_load
4166d498 T net_init
4166d508 T net_start_again
4166d66c T net_loop
4166dae0 T net_set_udp_handler
4166db00 T net_get_arp_handler
4166db10 T net_set_arp_handler
4166db30 T net_set_icmp_handler
4166db40 T net_set_timeout_handler
4166db94 T net_process_received_packet
4166df80 T net_eth_hdr_size
4166dfc0 T net_set_ether
4166e064 T net_update_ether
4166e0e8 T net_set_ip_header
4166e180 T net_set_udp_header
4166e230 T net_send_udp_packet
4166e334 T copy_filename
4166e378 t on_bootfile
4166e3ac T random_port
4166e3c4 T ip_to_string
4166e400 T vlan_to_string
4166e440 T string_to_vlan
4166e490 t on_nvlan
4166e4c0 t on_vlan
4166e4f0 t rpc_lookup_reply
4166e59c t nfs_mount_reply
4166e638 t nfs_umountall_reply
4166e6c8 t nfs_lookup_reply
4166e7d4 t nfs3_get_attributes_offset
4166e7e8 t nfs_readlink_reply
4166e91c t basename
4166e954 t rpc_req
4166ea80 t nfs_mount_req
4166eb40 t nfs_read_reply.constprop.0
4166ecc4 t nfs_readlink_req
4166ed90 t nfs_read_req
4166ee8c t nfs_lookup_req
4166f018 t nfs_umountall_req
4166f09c t nfs_send
4166f200 t nfs_handler
4166f43c t nfs_timeout_handler
4166f49c T nfs_start
4166f60c t ping_timeout_handler
4166f628 T ping_start
4166f764 T ping_receive
4166f864 T rarp_receive
4166f938 T rarp_request
4166fa28 t rarp_timeout_handler
4166fa6c t sntp_handler
4166fa90 t sntp_timeout_handler
4166fab4 T sntp_start
4166fb74 t new_transfer
4166fbac t tftp_complete
4166fc24 t icmp_handler
4166fc50 t tftp_send
4166feb8 t update_block_number
4166ff6c t tftp_handler
416702bc t tftp_timeout_handler
41670344 T tftp_start
41670754 T tftp_start_server
41670854 t do_dm_dump_devres
4167085c t do_dm
416708d0 t do_dm_dump_uclass
416708e0 t do_dm_dump_all
416708f0 T __aeabi_uidiv
416708f0 T __udivsi3
4167098c T __aeabi_idiv
4167098c T __divsi3
41670a58 T __aeabi_uidivmod
41670a70 T __aeabi_idivmod
41670a88 t Ldiv0
41670a98 T __aeabi_uldivmod
41670ac0 t L_div_64_64
41670ad0 t L_lsl_4
41670afc t L_lsl_1
41670b28 t L_subtract
41670b44 t L_update
41670b68 t L_exit
41670b7c t L_div_32_32
41670b94 t L_pow2
41670c04 t L_div_by_0
41670c1c T __div0
41670c40 R logo_jpg_welcome_w320h160_map
41673a28 r location.0
41673b30 r CSWTCH.2
41673b40 r CSWTCH.28
41673b60 r CSWTCH.40
41673b74 r board_init_gpios
41673bb0 r boot_os
41673c10 r crc32table_le
41674010 r crc_table
41674410 r desc_and_len_tbl
41674440 r designware_eth_ids
41674470 R designware_eth_ops
4167448c R dm_dwmci_ops
4167449c r dwc2_eptype
416744ac r dwc2_usb_ids
416744c4 r ecctype_str.1
416744e4 r env_flags_varaccess_mask
416744f4 r ext_csd_bits.3
4167450c r ext_to_hostcaps.2
41674728 r fbase
41674738 r fdt_errtable
41674780 r fy00_data
41674784 r generic_simple_bus_ids
4167479c r gpio_base_tab
416747bc r hub_id_table
416747ec r hwcaps_pp2cmd.3
41674824 r hwcaps_read2cmd.4
4167489c r if_type_uclass_id
416748cc r if_typename_str
416748fc r init_sequence_f
41674998 r keywords
41674a30 r mass_storage_id_table
41674a60 r mc_aes_ids
41674a70 r mc_dwmmc_ids
41674a80 r mc_efuse_ids
41674a90 r mc_efuse_ops
41674aa0 r mmc_blk_ops
41674ab0 r molchip_pwm_match
41674ac0 r molchip_pwm_ops
41674ad0 r molchip_rtc_ids
41674ae0 r molchip_rtc_ops
41674af4 r mon_lengths.5
41674b54 r month_offset
41674b84 r phy_interface_strings
41674bc8 r qos_ids
41674bd8 r qos_ops
41674bf4 R qua_lcm_mipi_jd9365d_jlm101b021_info
41674e14 r reg_0_5_desc_tbl
41674e44 r reg_0_desc_tbl
41674ebc r reg_1_desc_tbl
41674f7c r reg_2_desc_tbl
41674f88 r reg_3_desc_tbl
41674fac r reg_4_desc_tbl
4167503c r reg_5_desc_tbl
416750cc r root_info
416750d4 r sd_au_size
41675114 r ts01_serial_ids
41675124 R ubifs_super_operations
41675160 r uimage_arch
41675298 r uimage_comp
416752ec r uimage_os
41675364 r uimage_type
416754e4 r usb_hub_ids
416754f4 r usb_mass_storage_ids
41675504 r usb_storage_ops
41675514 r weekdays
41675530 r widths.1
41675548 r year_lengths.6
41675550 R crc16_table
41675750 r dbase.2
41675790 r dext.1
416757d0 r distfix
41675850 r lbase.4
4167588e r lenfix
4167608e r lext.3
416760cc r order.0
416761fc r CSWTCH.4
416761ff r CSWTCH.60
41676215 r CSWTCH.8
4167622a r __FUNCTION__.0
41676241 r __FUNCTION__.0
4167625a r __FUNCTION__.0
41676275 r __FUNCTION__.0
41676291 r __FUNCTION__.0
416762af r __FUNCTION__.0
416762ca r __FUNCTION__.0
416762e5 r __FUNCTION__.0
41676303 r __FUNCTION__.0
41676313 r __FUNCTION__.0
41676328 r __FUNCTION__.0
4167633c r __FUNCTION__.0
41676348 r __FUNCTION__.0
4167635f r __FUNCTION__.0
4167636a r __FUNCTION__.0
41676379 r __FUNCTION__.0
4167638d r __FUNCTION__.0
4167639c r __FUNCTION__.0
416763a6 r __FUNCTION__.0
416763b9 r __FUNCTION__.0
416763ca r __FUNCTION__.0
416763dc r __FUNCTION__.0
416763ec r __FUNCTION__.1
41676403 r __FUNCTION__.1
4167641d r __FUNCTION__.1
41676439 r __FUNCTION__.1
41676456 r __FUNCTION__.1
41676475 r __FUNCTION__.1
41676494 r __FUNCTION__.1
4167649e r __FUNCTION__.1
416764b1 r __FUNCTION__.1
416764bc r __FUNCTION__.1
416764c8 r __FUNCTION__.1
416764db r __FUNCTION__.1
416764ed r __FUNCTION__.1
41676501 r __FUNCTION__.1
41676511 r __FUNCTION__.1
41676521 r __FUNCTION__.1
4167652c r __FUNCTION__.1
4167653b r __FUNCTION__.10
41676550 r __FUNCTION__.10
41676562 r __FUNCTION__.10
41676573 r __FUNCTION__.10
41676585 r __FUNCTION__.10
41676596 r __FUNCTION__.11
416765ac r __FUNCTION__.11
416765bb r __FUNCTION__.11
416765cc r __FUNCTION__.12
416765e0 r __FUNCTION__.12
416765ef r __FUNCTION__.12
416765ff r __FUNCTION__.13
41676613 r __FUNCTION__.13
41676622 r __FUNCTION__.13
4167662f r __FUNCTION__.14
4167663f r __FUNCTION__.14
4167664e r __FUNCTION__.14
4167666d r __FUNCTION__.15
41676681 r __FUNCTION__.15
41676691 r __FUNCTION__.16
416766a5 r __FUNCTION__.18
416766bc r __FUNCTION__.19
416766d2 r __FUNCTION__.2
416766ec r __FUNCTION__.2
41676708 r __FUNCTION__.2
41676724 r __FUNCTION__.2
41676742 r __FUNCTION__.2
41676760 r __FUNCTION__.2
4167676f r __FUNCTION__.2
41676789 r __FUNCTION__.2
416767a0 r __FUNCTION__.2
416767b4 r __FUNCTION__.2
416767c3 r __FUNCTION__.2
416767d7 r __FUNCTION__.2
416767e8 r __FUNCTION__.2
416767f7 r __FUNCTION__.2
41676808 r __FUNCTION__.21
4167681e r __FUNCTION__.3
41676834 r __FUNCTION__.3
4167684c r __FUNCTION__.3
41676864 r __FUNCTION__.3
4167687e r __FUNCTION__.3
41676898 r __FUNCTION__.3
416768a6 r __FUNCTION__.3
416768b7 r __FUNCTION__.3
416768cc r __FUNCTION__.3
416768d5 r __FUNCTION__.3
416768e0 r __FUNCTION__.3
416768f2 r __FUNCTION__.3
41676902 r __FUNCTION__.3
41676910 r __FUNCTION__.3
4167691e r __FUNCTION__.4
41676937 r __FUNCTION__.4
41676952 r __FUNCTION__.4
4167696d r __FUNCTION__.4
4167698a r __FUNCTION__.4
416769a7 r __FUNCTION__.4
416769b9 r __FUNCTION__.4
416769d1 r __FUNCTION__.4
416769e3 r __FUNCTION__.4
416769f1 r __FUNCTION__.4
41676a02 r __FUNCTION__.4
41676a10 r __FUNCTION__.4
41676a1d r __FUNCTION__.5
41676a35 r __FUNCTION__.5
41676a4f r __FUNCTION__.5
41676a69 r __FUNCTION__.5
41676a85 r __FUNCTION__.5
41676aa1 r __FUNCTION__.5
41676aba r __FUNCTION__.5
41676ad2 r __FUNCTION__.5
41676ae6 r __FUNCTION__.5
41676af7 r __FUNCTION__.5
41676b09 r __FUNCTION__.5
41676b18 r __FUNCTION__.5
41676b28 r __FUNCTION__.6
41676b40 r __FUNCTION__.6
41676b5a r __FUNCTION__.6
41676b74 r __FUNCTION__.6
41676b90 r __FUNCTION__.6
41676bac r __FUNCTION__.6
41676bbd r __FUNCTION__.6
41676bd0 r __FUNCTION__.6
41676bd9 r __FUNCTION__.6
41676bec r __FUNCTION__.6
41676bfb r __FUNCTION__.7
41676c11 r __FUNCTION__.7
41676c29 r __FUNCTION__.7
41676c39 r __FUNCTION__.7
41676c4b r __FUNCTION__.7
41676c58 r __FUNCTION__.7
41676c69 r __FUNCTION__.7
41676c7a r __FUNCTION__.8
41676c8a r __FUNCTION__.8
41676c98 r __FUNCTION__.8
41676ca9 r __FUNCTION__.8
41676cbb r __FUNCTION__.9
41676cc9 r __FUNCTION__.9
41676cda r __FUNCTION__.9
41676cee r __func__.0
41676d01 r __func__.0
41676d0f r __func__.0
41676d19 r __func__.0
41676d27 r __func__.0
41676d34 r __func__.0
41676d49 r __func__.0
41676d64 r __func__.0
41676d81 r __func__.0
41676d95 r __func__.0
41676da3 r __func__.0
41676db1 r __func__.0
41676dcb r __func__.0
41676ddd r __func__.0
41676df0 r __func__.0
41676e06 r __func__.0
41676e11 r __func__.0
41676e1d r __func__.1
41676e2b r __func__.1
41676e52 r __func__.1
41676e6b r __func__.1
41676e90 r __func__.1
41676ea4 r __func__.1
41676eb2 r __func__.1
41676ec5 r __func__.1
41676edb r __func__.1
41676ee6 r __func__.1
41676ef1 r __func__.2
41676efc r __func__.2
41676f14 r __func__.2
41676f30 r __func__.2
41676f4e r __func__.2
41676f5b r __func__.2
41676f65 r __func__.2
41676f7c r __func__.2
41676f8c r __func__.2
41676f97 r __func__.3
41676fb1 r __func__.3
41676fcb r __func__.3
41676fe3 r __func__.3
41676ff2 r __func__.3
41677005 r __func__.4
4167701d r __func__.4
41677026 r __func__.4
41677030 r __func__.4
41677040 r __func__.5
41677051 r __func__.5
4167706a r __func__.6
41677077 r __func__.6
41677087 r __func__.7
41677091 r __func__.7
41677099 r __func__.8
416770a9 r __func__.8
416770b7 r __func__.9
41677116 R _ctype
416785b0 r cdp_snap_hdr
416788f4 r day_name.4
41678920 R default_environment
41678ba9 r delims.0
416790f8 r digits
41679108 r digits.1
4167d8e2 r env_flags_varaccess_rep
4167d8e7 r env_flags_vartype_rep
4167da13 r erase_seq
4167ec1c r hex_asc
4167f924 r lzop_magic
4168099c r mon_name.3
41680cc4 r multipliers
41680cd4 r names.0
41680cda r nand_ecc_precalc_table
416814d9 R net_bcast_ethaddr
416814df R net_cdp_ethaddr
41681614 R net_null_ethaddr
41681f25 r patterns
41683002 r spi_nor_3to4_erase.0
41683008 r spi_nor_3to4_program.1
4168300c r spi_nor_3to4_read.2
41688449 r tab_seq
416892dc r us_direction
41689d41 V version_string
41689e80 D cfg_reg
41689f00 D cfg_reg_len
41689f04 D iram_mach_code
4168a304 D spi_nand_table
4168a5d4 d bootm_help_text
4168a960 d cmd_bootm_sub
4168aa5c d source_help_text
4168aaaa d bootz_help_text
4168acb2 d bootx_help_text
4168ad98 d default_tm
4168adbc d fdt_help_text
4168b3c6 d root.1
4168b3c8 d tabs.0
4168b3ec d dp_last_length
4168b3f0 d cmd_mmc
4168b508 d curr_device
4168b50c d mtdparts_help_text
4168b9e0 d mc_support_yaffs2
4168ba10 d nand_help_text
4168bec0 d cmd_pxe_sub
4168bef8 D pxe_default_paths
4168bf08 d usb_stor_curr_dev
4168bf0c D cmd_opt_def
4168bffc d ethsw_cmd_def
4168d184 D keyword
4168d254 d arcgo_help_text
4168d2dc d cmd_env_sub
4168d3bc d env_help_text
4168d5b0 d env_id
4168d5b4 d hash_algo
4168d5d0 d init_sequence_r
4168d64c d of_busses
4168d664 d usb_scan_list
4168d66c d av_
4168da74 d sbrk_base
4168da78 d trim_threshold
4168da7c D load_addr
4168da80 D stdio_names
4168da8c D Config
4168da94 d entrys_head
4168da9c D chn_base
4168daa4 D lcm_main_tab
4168daac D lcm_sub_tab
4168dab4 D s_lcm_tab
4168dac0 d qua_lcm_mipi_jd9365d_dp_info
4168dae0 d qua_lcm_mipi_jd9365d_jlm101b021_init_setting
41691488 d qua_lcm_mipi_jd9365d_mipi_info
4169149c d qua_lcm_mipi_jd9365d_timing
41691528 D qua_lcm_mipi_jlm101b021_ctrl
41691544 D s_lcm_pin_table
41691564 D s_mcu_18_pin_table
416916e4 D s_mipi0_1c2d_pin_table
41691754 D s_mipi1_1c2d_pin_table
416917c4 D s_mipi_1c4d_pin_table
41691894 D s_rgb_16_pin_table
416919e4 D s_rgb_18_pin_table
41691b54 D s_rgb_24_pin_table
41691d24 D s_rgb_6_pin_table
41691dd4 D s_lcm_mcu_reg
41692884 D s_dsi_host_reg_default
41692acc D s_dsi_phy_reg_default
41692eec D lcm_sfc_rw
41692ef8 D s_lcm_status_note
41693090 D s_lcm_work_mode_description
41693558 D des_iv
41693560 D des_key
41693568 D iv
41693578 D key_128
41693588 D key_192
416935a0 D key_256
416935c0 D src_text
41693680 D triple_des_iv
41693688 D triple_des_key
416936a0 d month_days
416936d0 d pin_func_arr
41693700 d mtd_partitions
41693708 D nand_curr_device
4169370c d bbt_main_descr
41693730 d bbt_main_no_oob_descr
41693754 d bbt_mirror_descr
41693778 d bbt_mirror_no_oob_descr
4169379c d bbt_pattern
416937a0 d mirror_pattern
416937a4 d scan_ff_pattern
416937a8 D nand_flash_ids
41694810 d nand_oob_128
416953b8 d nand_oob_16
41695f60 d nand_oob_64
41696b08 d nand_oob_8
416976b0 d continue_read_wait
416976b4 D spi_nor_ids
41697af4 d supported
41697b2c d prbs7
41697b40 d scan_step
41697b44 d scanrx_end_val
41697b48 d scantx_end_val
41697b4c d genphy_driver
41697b84 d phy_drivers
41697b8c d RTL8201F_driver
41697bc4 d RTL8211B_driver
41697bfc d RTL8211DN_driver
41697c34 d RTL8211E_driver
41697c6c d RTL8211F_driver
41697ca4 d MOL7c01_driver
41697cdc d ts01_serial_ops
41697cf0 D dwc2_usb_ops
41697d14 d root_hub_config_des
41697d2d d root_hub_dev_des
41697d3f d root_hub_str_index0
41697d43 d root_hub_str_index1
41697d64 D env_htab
41697d74 d first_call
41697d78 d first_call
41697d7c d fstypes
41697e00 d lzo_compr
41697e1c d none_compr
41697e38 d zlib_compr
41697e54 d ubifs_fs_type
41697e70 d state
41697e74 d timeout_ms
41697e78 d timeout_ms
41697e7c d first_call.0
41697e80 D net_native_vlan
41697e82 D net_our_vlan
41697e84 d nfs_offset
41697e88 d supported_nfs_versions
41697e8a d tftp_block_size
41697e8c d tftp_block_size_option
41697e90 D tftp_timeout_count_max
41697e94 d timeout_count_max
41697e98 d test_commands
41697ef8 D _u_boot_list_2_cmd_2_arcgo
41697ef8 d start.1
41697ef8 d start.2
41697ef8 d start.2
41697ef8 d start.3
41697ef8 d start.5
41697ef8 d start.6
41697f14 D _u_boot_list_2_cmd_2_base
41697f30 D _u_boot_list_2_cmd_2_bdinfo
41697f4c D _u_boot_list_2_cmd_2_blinkled
41697f68 D _u_boot_list_2_cmd_2_bootelf
41697f84 D _u_boot_list_2_cmd_2_bootm
41697fa0 D _u_boot_list_2_cmd_2_bootp
41697fbc D _u_boot_list_2_cmd_2_bootvx
41697fd8 D _u_boot_list_2_cmd_2_bootx
41697ff4 D _u_boot_list_2_cmd_2_bootz
41698010 D _u_boot_list_2_cmd_2_cdp
4169802c D _u_boot_list_2_cmd_2_chpart
41698048 D _u_boot_list_2_cmd_2_cmp
41698064 D _u_boot_list_2_cmd_2_cp
41698080 D _u_boot_list_2_cmd_2_crc32
4169809c D _u_boot_list_2_cmd_2_date
416980b8 D _u_boot_list_2_cmd_2_dcache
416980d4 D _u_boot_list_2_cmd_2_ddr_info
416980f0 D _u_boot_list_2_cmd_2_dhcp
4169810c D _u_boot_list_2_cmd_2_dm
41698128 D _u_boot_list_2_cmd_2_dns
41698144 D _u_boot_list_2_cmd_2_dump_efuse
41698160 D _u_boot_list_2_cmd_2_echo
4169817c D _u_boot_list_2_cmd_2_efuse_write
41698198 D _u_boot_list_2_cmd_2_env
416981b4 D _u_boot_list_2_cmd_2_ethsw
416981d0 D _u_boot_list_2_cmd_2_fatinfo
416981ec D _u_boot_list_2_cmd_2_fatload
41698208 D _u_boot_list_2_cmd_2_fatls
41698224 D _u_boot_list_2_cmd_2_fatsize
41698240 D _u_boot_list_2_cmd_2_fatwrite
4169825c D _u_boot_list_2_cmd_2_fdt
41698278 D _u_boot_list_2_cmd_2_gmac_dpll_scan
41698294 D _u_boot_list_2_cmd_2_go
416982b0 D _u_boot_list_2_cmd_2_gpio
416982cc D _u_boot_list_2_cmd_2_help
416982e8 D _u_boot_list_2_cmd_2_icache
41698304 D _u_boot_list_2_cmd_2_iminfo
41698320 D _u_boot_list_2_cmd_2_linklocal
4169833c D _u_boot_list_2_cmd_2_logo
41698358 D _u_boot_list_2_cmd_2_loop
41698374 D _u_boot_list_2_cmd_2_lzmadec
41698390 D _u_boot_list_2_cmd_2_md
416983ac D _u_boot_list_2_cmd_2_mdio
416983c8 D _u_boot_list_2_cmd_2_mii
416983e4 D _u_boot_list_2_cmd_2_mm
41698400 D _u_boot_list_2_cmd_2_mmc
4169841c D _u_boot_list_2_cmd_2_mmcinfo
41698438 D _u_boot_list_2_cmd_2_mtdparts
41698454 D _u_boot_list_2_cmd_2_mw
41698470 D _u_boot_list_2_cmd_2_nand
4169848c D _u_boot_list_2_cmd_2_nboot
416984a8 D _u_boot_list_2_cmd_2_nfs
416984c4 D _u_boot_list_2_cmd_2_nm
416984e0 D _u_boot_list_2_cmd_2_ping
416984fc D _u_boot_list_2_cmd_2_printenv
41698518 D _u_boot_list_2_cmd_2_pxe
41698534 D _u_boot_list_2_cmd_2_qua_logo
41698550 D _u_boot_list_2_cmd_2_question_mark
4169856c D _u_boot_list_2_cmd_2_rarpboot
41698588 D _u_boot_list_2_cmd_2_reboot
416985a4 D _u_boot_list_2_cmd_2_reset
416985c0 D _u_boot_list_2_cmd_2_run
416985dc D _u_boot_list_2_cmd_2_saveenv
416985f8 D _u_boot_list_2_cmd_2_setenv
41698614 D _u_boot_list_2_cmd_2_sf
41698630 D _u_boot_list_2_cmd_2_sfrd
4169864c D _u_boot_list_2_cmd_2_sfrm
41698668 D _u_boot_list_2_cmd_2_sntp
41698684 D _u_boot_list_2_cmd_2_source
416986a0 D _u_boot_list_2_cmd_2_sysboot
416986bc D _u_boot_list_2_cmd_2_test_aes
416986d8 D _u_boot_list_2_cmd_2_test_pwm
416986f4 D _u_boot_list_2_cmd_2_tftpboot
41698710 D _u_boot_list_2_cmd_2_tftpput
4169872c D _u_boot_list_2_cmd_2_tftpsrv
41698748 D _u_boot_list_2_cmd_2_ubi
41698764 D _u_boot_list_2_cmd_2_ubifsload
41698780 D _u_boot_list_2_cmd_2_ubifsls
4169879c D _u_boot_list_2_cmd_2_ubifsmount
416987b8 D _u_boot_list_2_cmd_2_ubifsumount
416987d4 D _u_boot_list_2_cmd_2_usb
416987f0 D _u_boot_list_2_cmd_2_usbboot
4169880c D _u_boot_list_2_cmd_2_version
41698828 D _u_boot_list_2_driver_2_eth_designware
41698828 d end.0
41698828 d end.1
41698828 d end.4
41698828 d start.1
41698828 d start.10
41698828 d start.11
41698828 d start.2
4169886c D _u_boot_list_2_driver_2_eth_molchip_eqos
416988b0 D _u_boot_list_2_driver_2_mc_aes
416988f4 D _u_boot_list_2_driver_2_mc_efuse
41698938 D _u_boot_list_2_driver_2_mc_sdmmc_dev
4169897c D _u_boot_list_2_driver_2_mmc
416989c0 D _u_boot_list_2_driver_2_mmc_blk
41698a04 D _u_boot_list_2_driver_2_molchip_pwm
41698a48 D _u_boot_list_2_driver_2_root_driver
41698a8c D _u_boot_list_2_driver_2_rtc_molchip
41698ad0 D _u_boot_list_2_driver_2_serial_ts01
41698b14 D _u_boot_list_2_driver_2_simple_bus_drv
41698b58 D _u_boot_list_2_driver_2_usb_dev_generic_drv
41698b9c D _u_boot_list_2_driver_2_usb_generic_hub
41698be0 D _u_boot_list_2_driver_2_usb_mass_storage
41698c24 D _u_boot_list_2_driver_2_usb_molchip_dwc2
41698c68 D _u_boot_list_2_driver_2_usb_storage_blk
41698cac D _u_boot_list_2_env_clbk_2_baudrate
41698cac d end.0
41698cac d end.3
41698cac d end.9
41698cac d start.0
41698cac d start.2
41698cac d start.4
41698cac d start.5
41698cb4 D _u_boot_list_2_env_clbk_2_bootfile
41698cbc D _u_boot_list_2_env_clbk_2_callbacks
41698cc4 D _u_boot_list_2_env_clbk_2_console
41698ccc D _u_boot_list_2_env_clbk_2_dnsip
41698cd4 D _u_boot_list_2_env_clbk_2_ethaddr
41698cdc D _u_boot_list_2_env_clbk_2_flags
41698ce4 D _u_boot_list_2_env_clbk_2_gatewayip
41698cec D _u_boot_list_2_env_clbk_2_ipaddr
41698cf4 D _u_boot_list_2_env_clbk_2_loadaddr
41698cfc D _u_boot_list_2_env_clbk_2_netmask
41698d04 D _u_boot_list_2_env_clbk_2_nvlan
41698d0c D _u_boot_list_2_env_clbk_2_serverip
41698d14 D _u_boot_list_2_env_clbk_2_vlan
41698d1c D _u_boot_list_2_env_driver_2_nand
41698d1c d end.1
41698d1c d start.0
41698d1c d start.2
41698d34 D _u_boot_list_2_part_driver_2_dos
41698d34 d end.1
41698d34 d start.1
41698d34 d start.2
41698d34 d start.4
41698d34 d start.5
41698d34 d start.7
41698d34 d start.8
41698d4c D _u_boot_list_2_pci_driver_entry_2_eth_designware
41698d4c d end.0
41698d4c d end.3
41698d4c d end.6
41698d54 D _u_boot_list_2_uclass_2_blk
41698d54 d start.7
41698d54 d start.8
41698d9c D _u_boot_list_2_uclass_2_eth
41698de4 D _u_boot_list_2_uclass_2_misc
41698e2c D _u_boot_list_2_uclass_2_mmc
41698e74 D _u_boot_list_2_uclass_2_mtd
41698ebc D _u_boot_list_2_uclass_2_pwm
41698f04 D _u_boot_list_2_uclass_2_root
41698f4c D _u_boot_list_2_uclass_2_rtc
41698f94 D _u_boot_list_2_uclass_2_serial
41698fdc D _u_boot_list_2_uclass_2_simple_bus
41699024 D _u_boot_list_2_uclass_2_usb
4169906c D _u_boot_list_2_uclass_2_usb_dev_generic
416990b4 D _u_boot_list_2_uclass_2_usb_hub
416990fc D _u_boot_list_2_uclass_2_usb_mass_storage
41699144 D _u_boot_list_2_usb_driver_entry_2_usb_generic_hub
41699144 d end.6
41699144 d start.1
41699144 d start.2
4169914c D _u_boot_list_2_usb_driver_entry_2_usb_mass_storage
41699154 ? __bss_base
41699154 ? __bss_start
41699154 ? noncached_end
41699154 D __image_copy_end
41699154 D __rel_dyn_start
41699154 d end.0
41699158 ? noncached_next
4169915c ? chip
41699160 ? nand_chip
41699184 ? page_buf
4169a284 ? argv2.0
4169a2a4 ? nargv.1
4169a2b0 ? data.2
4169a6b0 ? working_fdt
4169a6b4 ? base_address
4169a6b8 ? dp_last_addr
4169a6bc ? dp_last_size
4169a6c0 ? mm_last_addr
4169a6c4 ? mm_last_size
4169a6c8 ? last_addr_hi
4169a6cc ? last_addr_hi
4169a6d0 ? last_addr_lo
4169a6d4 ? last_addr_lo
4169a6d8 ? last_data
4169a6dc ? last_data
4169a6e0 ? last_mask
4169a6e4 ? last_op
4169a6e6 ? last_op
4169a6e8 ? last_reg_hi
4169a6ec ? last_reg_hi
4169a6f0 ? last_reg_lo
4169a6f4 ? last_reg_lo
4169a6f8 ? last_devad_hi
4169a6fc ? last_devad_lo
4169a700 ? current_mtd_dev
4169a704 ? current_mtd_partnum
4169a708 ? devices
4169a710 ? initialized.0
4169a714 ? last_ids
4169a795 ? last_partition
4169a7a6 ? last_parts
4169a9a8 ? mtdids
4169a9b0 ? use_defaults
4169a9b8 ? last.3
4169a9c0 ? do_getfile
4169a9c4 ? fs_argv
4169a9d8 ? is_pxe
4169a9dc ? flash
4169a9e0 ? buffer
4169aa30 ? ubi
4169aa34 ? ubi_dev
4169aa90 ? ubi_initialized
4169aa94 ? ubifs_initialized
4169aa98 ? ubifs_mounted
4169aa9c ? ethsw_name
4169aaa0 ? led_gpio
4169aaa4 ? stored_bootdelay
4169aaa8 ? monitor_flash_len
4169aaac ? images
4169abdc ? current_mii
4169abe0 ? mii_devs
4169abe8 ? usb_started
4169abec ? running.0
4169abf0 ? CBWTag
4169ac00 ? usb_ccb
4169acc0 ? usb_max_devs
4169acc4 ? console_buffer
4169aec5 ? lastcommand.0
4169b0c8 ? ctrlc_disabled
4169b0cc ? ctrlc_was_pressed
4169b0d0 ? current_mallinfo
4169b0f8 ? max_sbrked_mem
4169b0fc ? max_total_mem
4169b100 ? mem_malloc_brk
4169b104 ? mem_malloc_end
4169b108 ? mem_malloc_start
4169b10c ? top_pad
4169b110 ? save_addr
4169b114 ? save_size
4169b118 ? devs
4169b164 ? stdio_devices
4169b170 ? tmp_buf
4169b370 ? tmp_buf.0
4169b570 ? global_script
4169b678 ? sf_probe.1
4169b67c ? rsce_base
4169b680 ? DHD1_LCM_PROBED
4169b681 ? DHD_LCM_PROBED
4169b684 ? context
4169b894 ? _identify_1st_exited_flag
4169b898 ? _identify_2nd_exited_flag
4169b89c ? _identify_lcm_idenfy_flag
4169b8a0 ? _identify_lcm_idenfy_virt
4169b8a4 ? _pwron_1st_exited_flag
4169b8a8 ? _pwron_2nd_exited_flag
4169b8ac ? s_reg_log
4169b8b0 ? s_lcm_clk_context
4169b8c0 ? s_lcm_mcu_api_context
4169bcc8 ? s_lcm_mcu_reg_list
4169bcdc ? s_rgb_mpi_context
4169be50 ? s_dsi_mipi_err_code
4169be54 ? s_dsi_mpi_context
4169c2c4 ? s_dsi_host_mpi_context
4169c8d8 ? s_dsi_phy_mpi_context
4169cf60 ? s_dsi_pll_context
4169cff8 ? s_lcm_register_id
4169d000 ? s_lcm_work_mode
4169d008 ? gHandle
4169d010 ? mc_efuse_dev
4169d020 ? dst1_text
4169d0e0 ? dst_text
4169d1a0 ? mc_aes_dev
4169d1a4 ? initialized.0
4169d1a8 ? mtd_idr
4169d3a8 ? cs.0
4169d3b0 ? mc_chip
4169d7c0 ? mc_snfc_host
4169d824 ? dev_name
4169d82c ? initialized.0
4169d830 ? nand_info
4169d834 ? total_nand_size
4169d838 ? ecc0_flag
4169d83c ? node_sfc_out
4169d840 ? ech
4169d844 ? vidh
4169d848 ? mtd_dev_param
4169e1c8 ? mtd_devs
4169e1cc ? ubi_devices
4169e24c ? ubi_wl_entry_slab
4169e250 ? empty_vtbl_record
4169e2fc ? env_changed_id.2
4169e300 ? input_buffer
4169e500 ? input_offset
4169e504 ? input_recursion
4169e508 ? input_size
4169e50c ? nc_ether
4169e512 ? nc_in_port
4169e514 ? nc_ip
4169e518 ? nc_out_port
4169e51c ? net_loop_last_protocol
4169e520 ? net_timeout
4169e524 ? netmask.1
4169e528 ? our_ip.0
4169e52c ? output_packet
4169e530 ? output_packet_len
4169e534 ? output_recursion
4169e538 ? record_eths
4169e558 ? current_eth
4169e55c ? ipaddr
4169e56c ? log_level
4169e570 ? loop_scan
4169e574 ? loopback_auto_scan
4169e578 ? scan_result
416a5ea4 R __rel_dyn_end
416a5ea4 R _end
416a5ea4 R _image_binary_end
416de578 ? scan_rx_buf
416de57c ? scan_tx_buf
416de580 ? scanrx_base_val
416de584 ? scantx_base_val
416de588 ? tx_replace2rxneg
416de58c ? used_rxdelay
416de590 ? used_txdelay
416de594 ? train_data
416de598 ? flash_size
416de59c ? asynch_allowed
416de5a0 ? callback_list
416de5a4 ? flags_list
416de5a8 ? fs_dev_desc
416de5ac ? fs_partition
416de600 ? fs_type
416de604 ? cur_dev
416de608 ? cur_part_info
416de65c ? dir_curclust
416de680 ? do_fat_read_at_block
416ee680 ? empty_dentptr
416ee6c0 ? get_contents_vfatname_block
416fe6c0 ? get_dentfromdir_block
4170e6c0 ? num_of_fats
4170e6c4 ? total_sector
4170e6c8 ? ubifs_clean_zn_cnt
4170e6cc ? ubifs_compressors
4170e6d8 ? inodes_locked_down
4170e7d8 ? ubifs_inode_slab
4170e7dc ? ubifs_sb
4170e7e0 ? errno
4170e7e4 ? ___strtok
4170e7e8 ? local.0
4170e800 ? arp_tx_packet
4170e804 ? arp_tx_packet_buf
4170ee44 ? arp_wait_packet_ethaddr
4170ee48 ? arp_wait_timer_start
4170ee4c ? arp_wait_try
4170ee50 ? arp_wait_tx_packet_size
4170ee54 ? net_arp_wait_packet_ip
4170ee58 ? net_arp_wait_reply_ip
4170ee5c ? bootp_ids
4170ee6c ? bootp_num_ids
4170ee70 ? bootp_start
4170ee74 ? bootp_timeout
4170ee78 ? bootp_try
4170ee7c ? dhcp_leasetime
4170ee80 ? dhcp_option_overload
4170ee84 ? dhcp_server_ip
4170ee88 ? dhcp_state
4170ee8c ? net_hostname
4170eeac ? net_nis_domain
4170eecc ? net_root_path
4170ef0c ? time_taken_max
4170ef10 ? cdp_appliance_vlan
4170ef12 ? cdp_native_vlan
4170ef14 ? cdp_ok
4170ef18 ? cdp_seq
4170ef1c ? dns_our_port
4170ef20 ? net_dns_env_var
4170ef24 ? net_dns_resolve
4170ef28 ? eth_errno
4170ef2c ? act.1
4170ef30 ? env_changed_id.0
4170ef34 ? first_failed.2
4170ef38 ? conflicts
4170ef3c ? deadline_ms
4170ef40 ? ip
4170ef44 ? nclaims
4170ef48 ? nprobes
4170ef4c ? seed
4170ef50 ? arp_packet_handler
4170ef54 ? net_boot_file_expected_size_in_blocks
4170ef58 ? net_boot_file_name
4170f358 ? net_boot_file_size
4170f35c ? net_dev_exists
4170f360 ? net_dns_server
4170f364 ? net_ethaddr
4170f36c ? net_gateway
4170f370 ? net_init_flag
4170f374 ? net_ip
4170f378 ? net_ip_id
4170f37c ? net_netmask
4170f380 ? net_ntp_server
4170f384 ? net_ntp_time_offset
4170f388 ? net_pkt_buf
417111c8 ? net_restart_wrap
417111cc ? net_restarted
417111d0 ? net_rx_packet
417111d4 ? net_rx_packet_len
417111d8 ? net_rx_packets
417111e8 ? net_server_ethaddr
417111f0 ? net_server_ip
417111f4 ? net_state
417111f8 ? net_try_count
417111fc ? net_tx_packet
41711200 ? packet_icmp_handler
41711204 ? time_delta
41711208 ? time_handler
4171120c ? time_start
41711210 ? time_start
41711214 ? udp_packet_handler
41711218 ? dirfh
41711238 ? filefh
41711278 ? filefh3_length
4171127c ? fs_mounted
41711280 ? nfs_download_state
41711284 ? nfs_filename
41711288 ? nfs_len
4171128c ? nfs_our_port
41711290 ? nfs_path
41711294 ? nfs_path_buff
41711a94 ? nfs_server_ip
41711a98 ? nfs_server_mount_port
41711a9c ? nfs_server_port
41711aa0 ? nfs_state
41711aa4 ? nfs_timeout_count
41711aa8 ? rpc_id
41711aac ? net_ping_ip
41711ab0 ? ping_seq_number
41711ab4 ? rarp_try
41711ab8 ? sntp_our_port
41711abc ? default_filename
41711acc ? tftp_block_wrap
41711ad0 ? tftp_block_wrap_offset
41711ad4 ? tftp_cur_block
41711ad8 ? tftp_filename
41711b58 ? tftp_our_port
41711b5c ? tftp_prev_block
41711b60 ? tftp_put_active
41711b64 ? tftp_put_final_block_sent
41711b68 ? tftp_remote_ip
41711b6c ? tftp_remote_port
41711b70 ? tftp_state
41711b74 ? timeout_count
41711b78 ? __bss_end
41711b78 ? __bss_limit
