Archive member included to satisfy reference by file (symbol)

arch/arm/lib/lib.a(lib1funcs.o)
                              board/molchip/built-in.o (__aeabi_uidiv)
arch/arm/lib/lib.a(uldivmod.o)
                              board/molchip/built-in.o (__aeabi_uldivmod)
arch/arm/lib/lib.a(div0.o)    arch/arm/lib/lib.a(lib1funcs.o) (__div0)

Discarded input sections

 .data          0x0000000000000000        0x0 arch/arm/cpu/armv7/start.o
 .bss           0x0000000000000000        0x0 arch/arm/cpu/armv7/start.o
 .text.v7_arch_cp15_set_l2aux_ctrl
                0x0000000000000000        0x8 arch/arm/cpu/armv7/built-in.o
 .text.v7_arch_cp15_set_acr
                0x0000000000000000        0x8 arch/arm/cpu/armv7/built-in.o
 .text.sdelay   0x0000000000000000        0xc arch/arm/cpu/armv7/built-in.o
 .text.wait_on_value
                0x0000000000000000       0x38 arch/arm/cpu/armv7/built-in.o
 .text.s_init   0x0000000000000000        0x4 arch/arm/cpu/armv7/built-in.o
 .text.lowlevel_init
                0x0000000000000000       0x24 arch/arm/cpu/armv7/built-in.o
 .data          0x0000000000000000        0x0 arch/arm/cpu/armv7/built-in.o
 .bss           0x0000000000000000        0x0 arch/arm/cpu/armv7/built-in.o
 .text.mc_bringup_ca7
                0x0000000000000000      0x11c arch/arm/lib/built-in.o
 .text.setup_board_tags
                0x0000000000000000        0x4 arch/arm/lib/built-in.o
 .text.armv7_boot_nonsec_default
                0x0000000000000000        0x8 arch/arm/lib/built-in.o
 .text.reset_misc
                0x0000000000000000        0x4 arch/arm/lib/built-in.o
 .text.enable_caches
                0x0000000000000000        0xc arch/arm/lib/built-in.o
 .text.invalidate_dcache_range
                0x0000000000000000        0x4 arch/arm/lib/built-in.o
 .text.flush_dcache_range
                0x0000000000000000        0x4 arch/arm/lib/built-in.o
 .text.flush_dcache_all
                0x0000000000000000        0xc arch/arm/lib/built-in.o
 .text.arm_init_before_mmu
                0x0000000000000000        0x4 arch/arm/lib/built-in.o
 .text.mmu_page_table_flush
                0x0000000000000000        0x4 arch/arm/lib/built-in.o
 .text.fdt_psci
                0x0000000000000000        0x8 arch/arm/lib/built-in.o
 .rodata.enable_caches.str1.1
                0x0000000000000000       0x1d arch/arm/lib/built-in.o
 .data          0x0000000000000000        0x0 arch/arm/lib/built-in.o
 .__efi_runtime_rel_start
                0x0000000000000000        0x0 arch/arm/lib/built-in.o
 .__efi_runtime_rel_stop
                0x0000000000000000        0x0 arch/arm/lib/built-in.o
 .__efi_runtime_start
                0x0000000000000000        0x0 arch/arm/lib/built-in.o
 .__efi_runtime_stop
                0x0000000000000000        0x0 arch/arm/lib/built-in.o
 .__secure_end  0x0000000000000000        0x0 arch/arm/lib/built-in.o
 .__secure_stack_end
                0x0000000000000000        0x0 arch/arm/lib/built-in.o
 .__secure_stack_start
                0x0000000000000000        0x0 arch/arm/lib/built-in.o
 .__secure_start
                0x0000000000000000        0x0 arch/arm/lib/built-in.o
 .bss           0x0000000000000000        0x0 arch/arm/lib/built-in.o
 .text          0x0000000000000000        0x0 arch/arm/mach-molchip/built-in.o
 .data          0x0000000000000000        0x0 arch/arm/mach-molchip/built-in.o
 .bss           0x0000000000000000        0x0 arch/arm/mach-molchip/built-in.o
 .text          0x0000000000000000        0x0 board/molchip/built-in.o
 .text.MC_GetResetType
                0x0000000000000000      0x10c board/molchip/built-in.o
 .text.print_reset_type
                0x0000000000000000       0x58 board/molchip/built-in.o
 .text.MC_ExtResetEnable
                0x0000000000000000       0x14 board/molchip/built-in.o
 .text.board_eth_init
                0x0000000000000000        0x8 board/molchip/built-in.o
 .text.v2m_cfg_write
                0x0000000000000000        0x8 board/molchip/built-in.o
 .text.reset_cpu
                0x0000000000000000        0x4 board/molchip/built-in.o
 .text.get_board_rev
                0x0000000000000000        0x8 board/molchip/built-in.o
 .text.uart_reset
                0x0000000000000000       0x20 board/molchip/built-in.o
 .text.uart_set_baudrate
                0x0000000000000000       0x50 board/molchip/built-in.o
 .text.uart_select_data_len
                0x0000000000000000       0x1c board/molchip/built-in.o
 .text.uart_pority_enable
                0x0000000000000000       0x20 board/molchip/built-in.o
 .text.uart_select_pority
                0x0000000000000000       0x20 board/molchip/built-in.o
 .text.uart_config_stop
                0x0000000000000000       0x20 board/molchip/built-in.o
 .text.uart_fifo_reset
                0x0000000000000000       0x34 board/molchip/built-in.o
 .text.uart_fifo_enable
                0x0000000000000000       0x20 board/molchip/built-in.o
 .text.uart_init
[...]
Memory Configuration

Name             Origin             Length             Attributes
*default*        0x0000000000000000 0xffffffffffffffff

Linker script and memory map

Address of section .text set to 0x41600000
                0x0000000000000000                . = 0x0
                0x0000000000000000                . = ALIGN (0x4)

.text           0x0000000041600000    0x70c20
 *(.__image_copy_start)
 .__image_copy_start
                0x0000000041600000        0x0 arch/arm/lib/built-in.o
                0x0000000041600000                __image_copy_start
 *(.vectors)
 .vectors       0x0000000041600000      0x2e8 arch/arm/lib/built-in.o
                0x0000000041600000                _start
                0x0000000041600020                _undefined_instruction
                0x0000000041600024                _software_interrupt
                0x0000000041600028                _prefetch_abort
                0x000000004160002c                _data_abort
                0x0000000041600030                _not_used
                0x0000000041600034                _irq
                0x0000000041600038                _fiq
                0x0000000041600040                IRQ_STACK_START_IN
 arch/arm/cpu/armv7/start.o(.text*)
 .text          0x00000000416002e8       0xb0 arch/arm/cpu/armv7/start.o
                0x00000000416002e8                reset
                0x00000000416002ec                save_boot_params_ret
                0x0000000041600328                c_runtime_cpu_setup
                0x0000000041600338                save_boot_params
                0x000000004160033c                cpu_init_cp15
                0x0000000041600390                cpu_init_crit
 *(.text*)
 .text          0x0000000041600398      0x148 arch/arm/cpu/armv7/built-in.o
                0x0000000041600398                __v7_flush_dcache_all
                0x000000004160042c                v7_flush_dcache_all
                0x000000004160043c                __v7_invalidate_dcache_all
                0x00000000416004d0                v7_invalidate_dcache_all
 .text.invalidate_icache_all
                0x00000000416004e0       0x18 arch/arm/cpu/armv7/built-in.o
                0x00000000416004e0                invalidate_icache_all
 .text.v7_outer_cache_enable
                0x00000000416004f8        0x4 arch/arm/cpu/armv7/built-in.o
                0x00000000416004f8                v7_outer_cache_enable
 .text.v7_outer_cache_disable
                0x00000000416004fc        0x4 arch/arm/cpu/armv7/built-in.o
                0x00000000416004fc                v7_outer_cache_disable
 .text.v7_outer_cache_flush_all
                0x0000000041600500        0x4 arch/arm/cpu/armv7/built-in.o
                0x0000000041600500                v7_outer_cache_flush_all
 .text.flush_dcache_all
                0x0000000041600504       0x10 arch/arm/cpu/armv7/built-in.o
                0x0000000041600504                flush_dcache_all
 .text.v7_outer_cache_inval_all
                0x0000000041600514        0x4 arch/arm/cpu/armv7/built-in.o
                0x0000000041600514                v7_outer_cache_inval_all
 .text.invalidate_dcache_all
                0x0000000041600518       0x10 arch/arm/cpu/armv7/built-in.o
                0x0000000041600518                invalidate_dcache_all
 .text.arm_init_before_mmu
                0x0000000041600528       0x28 arch/arm/cpu/armv7/built-in.o
                0x0000000041600528                arm_init_before_mmu
 .text.v7_outer_cache_flush_range
                0x0000000041600550        0x4 arch/arm/cpu/armv7/built-in.o
                0x0000000041600550                v7_outer_cache_flush_range
 .text.flush_dcache_range
                0x0000000041600554       0x54 arch/arm/cpu/armv7/built-in.o
                0x0000000041600554                flush_dcache_range
 .text.mmu_page_table_flush
                0x00000000416005a8       0x24 arch/arm/cpu/armv7/built-in.o
                0x00000000416005a8                mmu_page_table_flush
 .text.v7_outer_cache_inval_range
                0x00000000416005cc        0x4 arch/arm/cpu/armv7/built-in.o
                0x00000000416005cc                v7_outer_cache_inval_range
 .text.invalidate_dcache_range
                0x00000000416005d0       0x64 arch/arm/cpu/armv7/built-in.o
                0x00000000416005d0                invalidate_dcache_range
 .text.cpu_cache_initialization
                0x0000000041600634        0x4 arch/arm/cpu/armv7/built-in.o
                0x0000000041600634                cpu_cache_initialization
 .text.cleanup_before_linux_select
                0x0000000041600638       0x60 arch/arm/cpu/armv7/built-in.o
                0x0000000041600638                cleanup_before_linux_select
 .text.cleanup_before_linux
                0x0000000041600698        0x8 arch/arm/cpu/armv7/built-in.o
                0x0000000041600698                cleanup_before_linux
 .text          0x00000000416006a0      0x528 arch/arm/lib/built-in.o
                0x00000000416006a0                _main
                0x0000000041600740                memset
                0x000000004160081c                memcpy
 .text.relocate_vectors
                0x0000000041600bc8       0x70 arch/arm/lib/built-in.o
                0x0000000041600bc8                relocate_vectors
                0x0000000041600bd4                relocate_code
 .text.arch_fixup_fdt
                0x0000000041600c38       0x34 arch/arm/lib/built-in.o
                0x0000000041600c38                arch_fixup_fdt
 .text.boot_prep_linux
                0x0000000041600c6c      0x128 arch/arm/lib/built-in.o
 .text.arch_lmb_reserve
                0x0000000041600d94       0x24 arch/arm/lib/built-in.o
                0x0000000041600d94                arch_lmb_reserve
 .text.board_quiesce_devices
                0x0000000041600db8        0x4 arch/arm/lib/built-in.o
                0x0000000041600db8                board_quiesce_devices
 .text.boot_jump_linux
                0x0000000041600dbc       0xa4 arch/arm/lib/built-in.o
 .text.do_bootm_linux
                0x0000000041600e60       0x64 arch/arm/lib/built-in.o
                0x0000000041600e60                do_bootm_linux
 .text.boot_prep_vxworks
                0x0000000041600ec4       0x4c arch/arm/lib/built-in.o
                0x0000000041600ec4                boot_prep_vxworks
 .text.boot_jump_vxworks
                0x0000000041600f10        0xc arch/arm/lib/built-in.o
                0x0000000041600f10                boot_jump_vxworks
 .text.bootz_setup
                0x0000000041600f1c       0x8c arch/arm/lib/built-in.o
                0x0000000041600f1c                bootz_setup
 .text.arch_reserve_stacks
                0x0000000041600fa8       0x1c arch/arm/lib/built-in.o
                0x0000000041600fa8                arch_reserve_stacks
 .text.interrupt_init
                0x0000000041600fc4       0x1c arch/arm/lib/built-in.o
                0x0000000041600fc4                interrupt_init
 .text.enable_interrupts
                0x0000000041600fe0        0x4 arch/arm/lib/built-in.o
                0x0000000041600fe0                enable_interrupts
 .text.disable_interrupts
                0x0000000041600fe4        0x8 arch/arm/lib/built-in.o
                0x0000000041600fe4                disable_interrupts
 .text.bad_mode
                0x0000000041600fec       0x10 arch/arm/lib/built-in.o
                0x0000000041600fec                bad_mode
 .text.show_regs
                0x0000000041600ffc      0x2ac arch/arm/lib/built-in.o
                0x0000000041600ffc                show_regs
 .text.do_undefined_instruction
                0x00000000416012a8       0x2c arch/arm/lib/built-in.o
                0x00000000416012a8                do_undefined_instruction
 .text.do_software_interrupt
                0x00000000416012d4       0x2c arch/arm/lib/built-in.o
                0x00000000416012d4                do_software_interrupt
 .text.do_prefetch_abort
                0x0000000041601300       0x2c arch/arm/lib/built-in.o
                0x0000000041601300                do_prefetch_abort
 .text.do_data_abort
                0x000000004160132c       0x2c arch/arm/lib/built-in.o
                0x000000004160132c                do_data_abort
 .text.do_not_used
                0x0000000041601358       0x2c arch/arm/lib/built-in.o
                0x0000000041601358                do_not_used
 .text.do_fiq   0x0000000041601384       0x2c arch/arm/lib/built-in.o
                0x0000000041601384                do_fiq
 .text.do_irq   0x00000000416013b0       0x2c arch/arm/lib/built-in.o
                0x00000000416013b0                do_irq
 .text.do_reset
                0x00000000416013dc       0x18 arch/arm/lib/built-in.o
                0x00000000416013dc                do_reset
 .text.flush_cache
                0x00000000416013f4        0x8 arch/arm/lib/built-in.o
                0x00000000416013f4                flush_cache
 .text.check_cache_range
                0x00000000416013fc       0x34 arch/arm/lib/built-in.o
                0x00000000416013fc                check_cache_range
 .text.noncached_init
                0x0000000041601430       0x48 arch/arm/lib/built-in.o
                0x0000000041601430                noncached_init
 .text.noncached_alloc
                0x0000000041601478       0x54 arch/arm/lib/built-in.o
                0x0000000041601478                noncached_alloc
 .text.arm_init_domains
                0x00000000416014cc        0x4 arch/arm/lib/built-in.o
                0x00000000416014cc                arm_init_domains
 .text.set_section_dcache
                0x00000000416014d0       0x14 arch/arm/lib/built-in.o
                0x00000000416014d0                set_section_dcache
 .text.mmu_set_region_dcache_behaviour
                0x00000000416014e4       0x54 arch/arm/lib/built-in.o
                0x00000000416014e4                mmu_set_region_dcache_behaviour
 .text.dram_bank_mmu_setup
                0x0000000041601538       0x3c arch/arm/lib/built-in.o
                0x0000000041601538                dram_bank_mmu_setup
 .text.icache_enable
                0x0000000041601574       0x14 arch/arm/lib/built-in.o
                0x0000000041601574                icache_enable
 .text.icache_disable
                0x0000000041601588       0x18 arch/arm/lib/built-in.o
                0x0000000041601588                icache_disable
 .text.icache_status
                0x00000000416015a0        0xc arch/arm/lib/built-in.o
                0x00000000416015a0                icache_status
 .text.dcache_enable
                0x00000000416015ac       0x80 arch/arm/lib/built-in.o
                0x00000000416015ac                dcache_enable
 .text.dcache_disable
                0x000000004160162c       0x28 arch/arm/lib/built-in.o
                0x000000004160162c                dcache_disable
 .text.dcache_status
                0x0000000041601654        0xc arch/arm/lib/built-in.o
                0x0000000041601654                dcache_status
 .text.arch_cpu_init
                0x0000000041601660        0x8 arch/arm/mach-molchip/built-in.o
                0x0000000041601660                arch_cpu_init
 .text.enable_caches
                0x0000000041601668        0x4 arch/arm/mach-molchip/built-in.o
                0x0000000041601668                enable_caches
 .text.init_iram_reboot
                0x000000004160166c       0x74 board/molchip/built-in.o
                0x000000004160166c                init_iram_reboot
 .text.do_reboot
                0x00000000416016e0       0x34 board/molchip/built-in.o
                0x00000000416016e0                do_reboot
 .text.do_print_ddr_cali_info
                0x0000000041601714      0x16c board/molchip/built-in.o
                0x0000000041601714                do_print_ddr_cali_info
 .text.board_init
                0x0000000041601880       0x8c board/molchip/built-in.o
                0x0000000041601880                board_init
 .text.dram_init
                0x000000004160190c       0x10 board/molchip/built-in.o
                0x000000004160190c                dram_init
 .text.dram_init_banksize
                0x000000004160191c       0x74 board/molchip/built-in.o
                0x000000004160191c                dram_init_banksize
 .text.lowlevel_init
                0x0000000041601990        0x4 board/molchip/built-in.o
                0x0000000041601990                lowlevel_init
 .text.board_early_init_f
                0x0000000041601994       0x5c board/molchip/built-in.o
                0x0000000041601994                board_early_init_f
 .text.uart_putc
                0x00000000416019f0       0x1c board/molchip/built-in.o
                0x00000000416019f0                uart_putc
 .text.uart_put_int
                0x0000000041601a0c       0xfc board/molchip/built-in.o
 .text.uart_puts
                0x0000000041601b08       0x40 board/molchip/built-in.o
                0x0000000041601b08                uart_puts
 .text.mc_printf
                0x0000000041601b48      0x184 board/molchip/built-in.o
                0x0000000041601b48                mc_printf
 .text.spi_nand_check_erased_buf
                0x0000000041601ccc      0x134 board/molchip/built-in.o
 .text.spi_nand_send_cmd
                0x0000000041601e00      0x350 board/molchip/built-in.o
 .text.spi_nand_read_page_to_cache
                0x0000000041602150       0x50 board/molchip/built-in.o
 .text.spi_nand_write_enable
                0x00000000416021a0       0x30 board/molchip/built-in.o
 .text.spi_nand_set_otp.isra.0
                0x00000000416021d0       0x4c board/molchip/built-in.o
 .text.spi_nand_get_otp.isra.0
                0x000000004160221c       0x4c board/molchip/built-in.o
 .text.spi_nand_read_id.isra.0
                0x0000000041602268       0x48 board/molchip/built-in.o
 .text.spi_nand_wait
                0x00000000416022b0       0x6c board/molchip/built-in.o
 .text.ilog2    0x000000004160231c       0x1c board/molchip/built-in.o
                0x000000004160231c                ilog2
 .text.spi_nand_scan_id_table
                0x0000000041602338       0xec board/molchip/built-in.o
 .text.get_ecc_sts_with_check_ecc_chunk
                0x0000000041602424      0x144 board/molchip/built-in.o
                0x0000000041602424                get_ecc_sts_with_check_ecc_chunk
 .text.spi_nand_read_from_cache.constprop.0
                0x0000000041602568       0xc4 board/molchip/built-in.o
 .text.spi_nand_do_read_page.constprop.0
                0x000000004160262c      0x1bc board/molchip/built-in.o
 .text.spi_nand_scan
                0x00000000416027e8       0x70 board/molchip/built-in.o
                0x00000000416027e8                spi_nand_scan
 .text.spi_nand_disable_ecc
                0x0000000041602858       0x58 board/molchip/built-in.o
                0x0000000041602858                spi_nand_disable_ecc
 .text.spi_nand_read
                0x00000000416028b0       0xe0 board/molchip/built-in.o
                0x00000000416028b0                spi_nand_read
 .text.spi_nand_program
                0x0000000041602990      0x1d8 board/molchip/built-in.o
                0x0000000041602990                spi_nand_program
 .text.spi_nand_erase
                0x0000000041602b68      0x124 board/molchip/built-in.o
                0x0000000041602b68                spi_nand_erase
 .text.mc_get_cpu_clk
                0x0000000041602c8c       0x2c board/molchip/built-in.o
                0x0000000041602c8c                mc_get_cpu_clk
 .text.do_go_exec
                0x0000000041602cb8       0x10 cmd/built-in.o
                0x0000000041602cb8                do_go_exec
 .text.do_go    0x0000000041602cc8       0x6c cmd/built-in.o
 .text.do_bootm
                0x0000000041602d34      0x168 cmd/built-in.o
                0x0000000041602d34                do_bootm
 .text.image_info
                0x0000000041602e9c       0xcc cmd/built-in.o
 .text.do_iminfo
                0x0000000041602f68       0x5c cmd/built-in.o
 .text.bootm_maybe_autostart
                0x0000000041602fc4       0x78 cmd/built-in.o
                0x0000000041602fc4                bootm_maybe_autostart
 .text.do_help  0x000000004160303c       0x44 cmd/built-in.o
 .text.do_version
                0x0000000041603080       0x40 cmd/built-in.o
 .text.blk_common_cmd
                0x00000000416030c0      0x318 cmd/built-in.o
                0x00000000416030c0                blk_common_cmd
 .text.source   0x00000000416033d8      0x128 cmd/built-in.o
                0x00000000416033d8                source
 .text.do_source
                0x0000000041603500       0x48 cmd/built-in.o
 .text.print_num
                0x0000000041603548       0x14 cmd/built-in.o
 .text.do_bdinfo
                0x000000004160355c       0xfc cmd/built-in.o
 .text.do_bootz
                0x0000000041603658      0x150 cmd/built-in.o
                0x0000000041603658                do_bootz
 .text.do_bootx
                0x00000000416037a8       0xd4 cmd/built-in.o
                0x00000000416037a8                do_bootx
 .text.parse_argv
                0x000000004160387c       0x60 cmd/built-in.o
 .text.do_icache
                0x00000000416038dc       0x88 cmd/built-in.o
 .text.do_dcache
                0x0000000041603964       0x88 cmd/built-in.o
 .text.cnvrt2   0x00000000416039ec       0x44 cmd/built-in.o
 .text.mk_date  0x0000000041603a30      0x1c8 cmd/built-in.o
                0x0000000041603a30                mk_date
 .text.do_date  0x0000000041603bf8      0x188 cmd/built-in.o
 .text.do_echo  0x0000000041603d80       0xb4 cmd/built-in.o
 .text.load_elf_image_shdr
                0x0000000041603e34       0x8c cmd/built-in.o
 .text.valid_elf_image
                0x0000000041603ec0       0x4c cmd/built-in.o
                0x0000000041603ec0                valid_elf_image
 .text.do_bootelf
                0x0000000041603f0c      0x1cc cmd/built-in.o
                0x0000000041603f0c                do_bootelf
 .text.do_bootvx
                0x00000000416040d8      0x330 cmd/built-in.o
                0x00000000416040d8                do_bootvx
 .text.do_fat_size
                0x0000000041604408       0x18 cmd/built-in.o
                0x0000000041604408                do_fat_size
 .text.do_fat_fsload
                0x0000000041604420       0x18 cmd/built-in.o
                0x0000000041604420                do_fat_fsload
 .text.do_fat_ls
                0x0000000041604438       0x18 cmd/built-in.o
 .text.do_fat_fsinfo
                0x0000000041604450       0x8c cmd/built-in.o
 .text.do_fat_fswrite
                0x00000000416044dc      0x124 cmd/built-in.o
 .text.fdt_valid
                0x0000000041604600       0xbc cmd/built-in.o
 .text.is_printable_string
                0x00000000416046bc       0x80 cmd/built-in.o
 .text.print_data.part.0
                0x000000004160473c      0x16c cmd/built-in.o
 .text.set_working_fdt_addr
                0x00000000416048a8       0x1c cmd/built-in.o
                0x00000000416048a8                set_working_fdt_addr
 .text.do_fdt   0x00000000416048c4      0xf30 cmd/built-in.o
 .text.get_option
                0x00000000416057f4       0x40 cmd/built-in.o
 .text.get_option_value
                0x0000000041605834       0x24 cmd/built-in.o
 .text.do_gpio_test
                0x0000000041605858      0x180 cmd/built-in.o
 .text.do_mem_md
                0x00000000416059d8       0xe8 cmd/built-in.o
 .text.do_mem_base
                0x0000000041605ac0       0x40 cmd/built-in.o
 .text.do_mem_crc
                0x0000000041605b00       0x6c cmd/built-in.o
 .text.do_mem_mw
                0x0000000041605b6c       0xc0 cmd/built-in.o
 .text.do_mem_loop
                0x0000000041605c2c       0xe8 cmd/built-in.o
 .text.do_mem_cmp
                0x0000000041605d14      0x150 cmd/built-in.o
 .text.mod_mem.part.0
                0x0000000041605e64      0x164 cmd/built-in.o
 .text.do_mem_mm
                0x0000000041605fc8       0x1c cmd/built-in.o
 .text.do_mem_nm
                0x0000000041605fe4       0x1c cmd/built-in.o
 .text.do_mem_cp
                0x0000000041606000       0xa8 cmd/built-in.o
 .text.extract_range
                0x00000000416060a8       0xe0 cmd/built-in.o
 .text.do_mii   0x0000000041606188      0x8f4 cmd/built-in.o
 .text.do_mdio  0x0000000041606a7c      0x4e4 cmd/built-in.o
 .text.do_mmcops
                0x0000000041606f60       0xb8 cmd/built-in.o
 .text.do_mmc_setdsr
                0x0000000041607018       0xa4 cmd/built-in.o
 .text.init_mmc_device
                0x00000000416070bc       0x50 cmd/built-in.o
 .text.do_mmc_rescan
                0x000000004160710c       0x24 cmd/built-in.o
 .text.do_mmc_hwpartition
                0x0000000041607130      0x508 cmd/built-in.o
 .text.do_mmc_list
                0x0000000041607638       0x14 cmd/built-in.o
 .text.do_mmc_dev
                0x000000004160764c      0x130 cmd/built-in.o
 .text.do_mmcinfo
                0x000000004160777c      0x370 cmd/built-in.o
 .text.do_mmc_part
                0x0000000041607aec       0x60 cmd/built-in.o
 .text.do_mmc_erase
                0x0000000041607b4c       0xe8 cmd/built-in.o
 .text.do_mmc_write
                0x0000000041607c34      0x100 cmd/built-in.o
 .text.do_mmc_read
                0x0000000041607d34       0xec cmd/built-in.o
 .text.part_delall
                0x0000000041607e20       0x40 cmd/built-in.o
 .text.memsize_parse
                0x0000000041607e60       0x80 cmd/built-in.o
 .text.env_get_mtdparts
                0x0000000041607ee0       0x40 cmd/built-in.o
 .text.memsize_format
                0x0000000041607f20       0x78 cmd/built-in.o
 .text.generate_mtdparts_save.constprop.0
                0x0000000041607f98      0x2e0 cmd/built-in.o
 .text.device_delall.constprop.0
                0x0000000041608278       0x60 cmd/built-in.o
 .text.get_mtd_info.constprop.0
                0x00000000416082d8       0x80 cmd/built-in.o
 .text.part_validate
                0x0000000041608358      0x300 cmd/built-in.o
 .text.mtd_part_info
                0x0000000041608658       0x9c cmd/built-in.o
 .text.index_partitions
                0x00000000416086f4       0xac cmd/built-in.o
 .text.current_save
                0x00000000416087a0       0xb8 cmd/built-in.o
 .text.mtd_devices_init
                0x0000000041608858       0x2c cmd/built-in.o
 .text.device_del
                0x0000000041608884       0x7c cmd/built-in.o
 .text.part_sort_add
                0x0000000041608900      0x138 cmd/built-in.o
 .text.device_find
                0x0000000041608a38       0x60 cmd/built-in.o
                0x0000000041608a38                device_find
 .text.device_parse
                0x0000000041608a98      0x4d8 cmd/built-in.o
 .text.mtd_id_parse
                0x0000000041608f70      0x11c cmd/built-in.o
                0x0000000041608f70                mtd_id_parse
 .text.find_dev_and_part
                0x000000004160908c      0x1a4 cmd/built-in.o
                0x000000004160908c                find_dev_and_part
 .text.mtdparts_init
                0x0000000041609230      0x658 cmd/built-in.o
                0x0000000041609230                mtdparts_init
 .text.do_chpart
                0x0000000041609888       0xcc cmd/built-in.o
 .text.do_mtdparts
                0x0000000041609954      0x5b4 cmd/built-in.o
 .text.set_dev  0x0000000041609f08       0x5c cmd/built-in.o
 .text.nand_load_image
                0x0000000041609f64      0x1bc cmd/built-in.o
 .text.do_nandboot
                0x000000004160a120      0x22c cmd/built-in.o
 .text.nand_print_and_set_info.constprop.0
                0x000000004160a34c      0x108 cmd/built-in.o
 .text.get_yaffs2_version
                0x000000004160a454       0x38 cmd/built-in.o
                0x000000004160a454                get_yaffs2_version
 .text.do_nand  0x000000004160a48c      0xe28 cmd/built-in.o
 .text.netboot_common
                0x000000004160b2b4      0x2e0 cmd/built-in.o
 .text.do_bootp
                0x000000004160b594        0xc cmd/built-in.o
 .text.do_tftpput
                0x000000004160b5a0        0xc cmd/built-in.o
 .text.do_tftpsrv
                0x000000004160b5ac        0xc cmd/built-in.o
 .text.do_rarpb
                0x000000004160b5b8        0xc cmd/built-in.o
                0x000000004160b5b8                do_rarpb
 .text.do_dhcp  0x000000004160b5c4        0xc cmd/built-in.o
 .text.do_nfs   0x000000004160b5d0        0xc cmd/built-in.o
 .text.do_tftpb
                0x000000004160b5dc       0x40 cmd/built-in.o
                0x000000004160b5dc                do_tftpb
 .text.do_cdp   0x000000004160b61c       0xe4 cmd/built-in.o
                0x000000004160b61c                do_cdp
 .text.do_sntp  0x000000004160b700       0xbc cmd/built-in.o
                0x000000004160b700                do_sntp
 .text.do_dns   0x000000004160b7bc       0x94 cmd/built-in.o
                0x000000004160b7bc                do_dns
 .text.do_link_local
                0x000000004160b850       0xac cmd/built-in.o
 .text.do_ping  0x000000004160b8fc       0x78 cmd/built-in.o
 .text.do_get_ext2
                0x000000004160b974        0x8 cmd/built-in.o
 .text.eol_or_eof
                0x000000004160b97c       0x20 cmd/built-in.o
 .text.do_pxe   0x000000004160b99c       0x7c cmd/built-in.o
 .text.label_print
                0x000000004160ba18       0x1c cmd/built-in.o
 .text.do_get_tftp
                0x000000004160ba34       0x40 cmd/built-in.o
 .text.from_env
                0x000000004160ba74       0x2c cmd/built-in.o
 .text.label_destroy
                0x000000004160baa0       0x74 cmd/built-in.o
 .text.destroy_pxe_menu
                0x000000004160bb14       0x5c cmd/built-in.o
 .text.do_get_fat
                0x000000004160bb70       0x3c cmd/built-in.o
 .text.do_get_any
                0x000000004160bbac        0x8 cmd/built-in.o
 .text.format_mac_pxe.constprop.0
                0x000000004160bbb4       0x74 cmd/built-in.o
 .text.get_relfile
                0x000000004160bc28      0x138 cmd/built-in.o
 .text.get_pxe_file
                0x000000004160bd60       0x58 cmd/built-in.o
 .text.get_pxelinux_path
                0x000000004160bdb8       0x7c cmd/built-in.o
 .text.do_pxe_get
                0x000000004160be34      0x160 cmd/built-in.o
 .text.get_relfile_envaddr
                0x000000004160bf94       0x50 cmd/built-in.o
 .text.get_string.isra.0
                0x000000004160bfe4       0xc0 cmd/built-in.o
 .text.get_token
                0x000000004160c0a4      0x114 cmd/built-in.o
 .text.parse_sliteral
                0x000000004160c1b8       0x54 cmd/built-in.o
 .text.parse_integer
                0x000000004160c20c       0x70 cmd/built-in.o
 .text.parse_pxefile_top
                0x000000004160c27c      0x464 cmd/built-in.o
 .text.handle_include
                0x000000004160c6e0       0xa4 cmd/built-in.o
 .text.parse_pxefile
                0x000000004160c784       0x70 cmd/built-in.o
 .text.label_boot
                0x000000004160c7f4      0x594 cmd/built-in.o
 .text.handle_pxe_menu
                0x000000004160cd88      0x160 cmd/built-in.o
 .text.do_pxe_boot
                0x000000004160cee8       0xe0 cmd/built-in.o
 .text.do_sysboot
                0x000000004160cfc8      0x1ec cmd/built-in.o
 .text.bytes_per_second
                0x000000004160d1b4       0x50 cmd/built-in.o
 .text.do_spi_flash
                0x000000004160d204      0x7ec cmd/built-in.o
 .text.ubi_find_volume
                0x000000004160d9f0       0x70 cmd/built-in.o
 .text.ubi_volume_continue_write
                0x000000004160da60       0x94 cmd/built-in.o
 .text.ubi_volume_begin_write
                0x000000004160daf4       0xa0 cmd/built-in.o
                0x000000004160daf4                ubi_volume_begin_write
 .text.ubi_volume_write
                0x000000004160db94        0x8 cmd/built-in.o
                0x000000004160db94                ubi_volume_write
 .text.ubi_volume_read
                0x000000004160db9c      0x1d4 cmd/built-in.o
                0x000000004160db9c                ubi_volume_read
 .text.ubi_detach
                0x000000004160dd70       0x74 cmd/built-in.o
                0x000000004160dd70                ubi_detach
 .text.ubi_part
                0x000000004160dde4      0x200 cmd/built-in.o
                0x000000004160dde4                ubi_part
 .text.do_ubi   0x000000004160dfe4      0x88c cmd/built-in.o
 .text.do_ubifs_mount
                0x000000004160e870       0x64 cmd/built-in.o
 .text.do_ubifs_ls
                0x000000004160e8d4       0x64 cmd/built-in.o
 .text.do_ubifs_load
                0x000000004160e938       0xc4 cmd/built-in.o
 .text.ubifs_is_mounted
                0x000000004160e9fc       0x10 cmd/built-in.o
                0x000000004160e9fc                ubifs_is_mounted
 .text.cmd_ubifs_umount
                0x000000004160ea0c       0x28 cmd/built-in.o
                0x000000004160ea0c                cmd_ubifs_umount
 .text.do_ubifs_umount
                0x000000004160ea34       0x48 cmd/built-in.o
 .text.do_lzmadec
                0x000000004160ea7c       0xa4 cmd/built-in.o
 .text.usb_get_class_desc
                0x000000004160eb20       0xc8 cmd/built-in.o
 .text.usb_display_class_sub
                0x000000004160ebe8      0x174 cmd/built-in.o
 .text.usb_display_desc
                0x000000004160ed5c      0x150 cmd/built-in.o
 .text.usb_show_tree_graph
                0x000000004160eeac      0x1d8 cmd/built-in.o
 .text.usb_show_subtree
                0x000000004160f084       0x30 cmd/built-in.o
 .text.usb_for_each_root_dev
                0x000000004160f0b4       0x6c cmd/built-in.o
 .text.usb_display_string
                0x000000004160f120       0x44 cmd/built-in.o
 .text.usb_display_config
                0x000000004160f164      0x210 cmd/built-in.o
 .text.usb_show_info
                0x000000004160f374       0x54 cmd/built-in.o
 .text.usb_find_device
                0x000000004160f3c8       0xb4 cmd/built-in.o
 .text.do_usbboot
                0x000000004160f47c        0xc cmd/built-in.o
 .text.do_usb_start
                0x000000004160f488       0x30 cmd/built-in.o
 .text.usb_show_tree
                0x000000004160f4b8        0xc cmd/built-in.o
                0x000000004160f4b8                usb_show_tree
 .text.do_usb   0x000000004160f4c4      0x3ec cmd/built-in.o
 .text.common_diskboot
                0x000000004160f8b0      0x228 cmd/built-in.o
                0x000000004160f8b0                common_diskboot
 .text.ethsw_port_aggr_help_key_func
                0x000000004160fad8       0x18 cmd/built-in.o
 .text.ethsw_ingr_fltr_help_key_func
                0x000000004160faf0       0x18 cmd/built-in.o
 .text.ethsw_vlan_learn_help_key_func
                0x000000004160fb08       0x18 cmd/built-in.o
 .text.ethsw_egr_tag_help_key_func
                0x000000004160fb20       0x18 cmd/built-in.o
 .text.ethsw_port_untag_help_key_func
                0x000000004160fb38       0x18 cmd/built-in.o
 .text.ethsw_vlan_help_key_func
                0x000000004160fb50       0x18 cmd/built-in.o
 .text.ethsw_pvid_help_key_func
                0x000000004160fb68       0x18 cmd/built-in.o
 .text.ethsw_fdb_help_key_func
                0x000000004160fb80       0x18 cmd/built-in.o
 .text.ethsw_learn_help_key_func
                0x000000004160fb98       0x18 cmd/built-in.o
 .text.ethsw_port_stats_help_key_func
                0x000000004160fbb0       0x18 cmd/built-in.o
 .text.keyword_match_gen
                0x000000004160fbc8       0x40 cmd/built-in.o
 .text.keyword_match_aggr
                0x000000004160fc08       0x78 cmd/built-in.o
 .text.keyword_match_pvid
                0x000000004160fc80       0x78 cmd/built-in.o
 .text.keyword_match_mac_addr
                0x000000004160fcf8      0x110 cmd/built-in.o
 .text.keyword_match_vlan
                0x000000004160fe08      0x12c cmd/built-in.o
 .text.keyword_match_port
                0x000000004160ff34       0x80 cmd/built-in.o
 .text.do_ethsw
                0x000000004160ffb4      0x26c cmd/built-in.o
 .text.gpio_led_init
                0x0000000041610220       0x2c cmd/built-in.o
 .text.led_blink
                0x000000004161024c       0x5c cmd/built-in.o
 .text.do_led_blink
                0x00000000416102a8       0xfc cmd/built-in.o
                0x00000000416102a8                do_led_blink
 .text.do_arcgo
                0x00000000416103a4       0xa8 cmd/built-in.o
                0x00000000416103a4                do_arcgo
 .text.do_env_delete
                0x000000004161044c       0xa4 cmd/built-in.o
 .text.do_env_save
                0x00000000416104f0       0x28 cmd/built-in.o
 .text.do_env   0x0000000041610518       0x68 cmd/built-in.o
 .text.env_print
                0x0000000041610580       0xc4 cmd/built-in.o
 .text.do_env_print
                0x0000000041610644       0xc0 cmd/built-in.o
 .text.do_env_import
                0x0000000041610704      0x280 cmd/built-in.o
 .text.do_env_default
                0x0000000041610984       0x8c cmd/built-in.o
 .text._do_env_set.constprop.0
                0x0000000041610a10      0x1b4 cmd/built-in.o
 .text.do_env_set
                0x0000000041610bc4       0x20 cmd/built-in.o
 .text.get_env_id
                0x0000000041610be4       0x10 cmd/built-in.o
                0x0000000041610be4                get_env_id
 .text.env_set  0x0000000041610bf4       0x60 cmd/built-in.o
                0x0000000041610bf4                env_set
 .text.env_set_ulong
                0x0000000041610c54       0x20 cmd/built-in.o
                0x0000000041610c54                env_set_ulong
 .text.env_set_hex
                0x0000000041610c74       0x34 cmd/built-in.o
                0x0000000041610c74                env_set_hex
 .text.do_env_export
                0x0000000041610ca8      0x248 cmd/built-in.o
 .text.envmatch
                0x0000000041610ef0       0x6c cmd/built-in.o
                0x0000000041610ef0                envmatch
 .text.env_get_f
                0x0000000041610f5c       0xb8 cmd/built-in.o
                0x0000000041610f5c                env_get_f
 .text.env_get  0x0000000041611014       0x78 cmd/built-in.o
                0x0000000041611014                env_get
 .text.env_get_hex
                0x000000004161108c       0x38 cmd/built-in.o
                0x000000004161108c                env_get_hex
 .text.env_get_ulong
                0x00000000416110c4       0x30 cmd/built-in.o
                0x00000000416110c4                env_get_ulong
 .text.board_init_f_alloc_reserve
                0x00000000416110f4       0x10 common/built-in.o
                0x00000000416110f4                board_init_f_alloc_reserve
 .text.board_init_f_init_reserve
                0x0000000041611104       0x20 common/built-in.o
                0x0000000041611104                board_init_f_init_reserve
 .text.show_boot_progress
                0x0000000041611124        0x8 common/built-in.o
                0x0000000041611124                show_boot_progress
 .text.main_loop
                0x000000004161112c       0x48 common/built-in.o
                0x000000004161112c                main_loop
 .text.mdelay   0x0000000041611174       0x20 common/built-in.o
 .text.dummy    0x0000000041611194        0x4 common/built-in.o
 .text.get_version
                0x0000000041611198        0x8 common/built-in.o
                0x0000000041611198                get_version
 .text.jumptable_init
                0x00000000416111a0      0x1e0 common/built-in.o
                0x00000000416111a0                jumptable_init
 .text.hash_finish_crc32
                0x0000000041611380       0x30 common/built-in.o
 .text.hash_update_crc32
                0x00000000416113b0       0x24 common/built-in.o
 .text.hash_init_crc32
                0x00000000416113d4       0x24 common/built-in.o
 .text.hash_show
                0x00000000416113f8       0x54 common/built-in.o
 .text.hash_lookup_algo
                0x000000004161144c       0x28 common/built-in.o
                0x000000004161144c                hash_lookup_algo
 .text.hash_parse_string
                0x0000000041611474       0x68 common/built-in.o
                0x0000000041611474                hash_parse_string
 .text.hash_command
                0x00000000416114dc      0x2dc common/built-in.o
                0x00000000416114dc                hash_command
 .text.bootdelay_process
                0x00000000416117b8       0xc0 common/built-in.o
                0x00000000416117b8                bootdelay_process
 .text.autoboot_command
                0x0000000041611878       0xe0 common/built-in.o
                0x0000000041611878                autoboot_command
 .text.display_text_info
                0x0000000041611958        0x8 common/built-in.o
 .text.show_dram_config
                0x0000000041611960       0x10 common/built-in.o
 .text.setup_mon_len
                0x0000000041611970       0x20 common/built-in.o
 .text.reserve_round_4k
                0x0000000041611990       0x18 common/built-in.o
 .text.reserve_mmu
                0x00000000416119a8       0x38 common/built-in.o
                0x00000000416119a8                reserve_mmu
 .text.reserve_uboot
                0x00000000416119e0       0x30 common/built-in.o
 .text.reserve_malloc
                0x0000000041611a10       0x14 common/built-in.o
 .text.reserve_global_data
                0x0000000041611a24       0x1c common/built-in.o
 .text.reserve_fdt
                0x0000000041611a40       0x4c common/built-in.o
 .text.setup_reloc
                0x0000000041611a8c       0x40 common/built-in.o
 .text.reloc_fdt
                0x0000000041611acc       0x44 common/built-in.o
 .text.reserve_board
                0x0000000041611b10       0x40 common/built-in.o
 .text.init_baud_rate
                0x0000000041611b50       0x2c common/built-in.o
 .text.initf_dm
                0x0000000041611b7c        0x8 common/built-in.o
 .text.initf_bootstage
                0x0000000041611b84       0x14 common/built-in.o
 .text.arch_cpu_init_dm
                0x0000000041611b98        0x8 common/built-in.o
                0x0000000041611b98                arch_cpu_init_dm
 .text.mach_cpu_init
                0x0000000041611ba0        0x8 common/built-in.o
                0x0000000041611ba0                mach_cpu_init
 .text.reserve_video
                0x0000000041611ba8        0x8 common/built-in.o
 .text.reserve_trace
                0x0000000041611bb0        0x8 common/built-in.o
 .text.setup_machine
                0x0000000041611bb8        0x8 common/built-in.o
 .text.reserve_bootstage
                0x0000000041611bc0        0x8 common/built-in.o
 .text.display_new_sp
                0x0000000041611bc8        0x8 common/built-in.o
 .text.reloc_bootstage
                0x0000000041611bd0        0x8 common/built-in.o
 .text.initf_console_record
                0x0000000041611bd8        0x8 common/built-in.o
 .text.reserve_arch
                0x0000000041611be0        0x8 common/built-in.o
                0x0000000041611be0                reserve_arch
 .text.coloured_LED_init
                0x0000000041611be8        0x4 common/built-in.o
                0x0000000041611be8                coloured_LED_init
 .text.red_led_on
                0x0000000041611bec        0x4 common/built-in.o
                0x0000000041611bec                red_led_on
 .text.board_get_usable_ram_top
                0x0000000041611bf0       0x14 common/built-in.o
                0x0000000041611bf0                board_get_usable_ram_top
 .text.setup_dest_addr
                0x0000000041611c04       0x3c common/built-in.o
 .text.reserve_stacks
                0x0000000041611c40       0x1c common/built-in.o
 .text.board_init_f
                0x0000000041611c5c       0x28 common/built-in.o
                0x0000000041611c5c                board_init_f
 .text.bootstage_relocate
                0x0000000041611c84        0x8 common/built-in.o
 .text.initr_trace
                0x0000000041611c8c        0x8 common/built-in.o
 .text.initr_reloc
                0x0000000041611c94       0x18 common/built-in.o
 .text.initr_reloc_global_data
                0x0000000041611cac       0x28 common/built-in.o
 .text.intr_pin_driving
                0x0000000041611cd4       0x70 common/built-in.o
 .text.run_main_loop
                0x0000000041611d44       0x10 common/built-in.o
 .text.initr_ethaddr
                0x0000000041611d54       0x20 common/built-in.o
 .text.initr_enable_interrupts
                0x0000000041611d74       0x10 common/built-in.o
 .text.initr_jumptable
                0x0000000041611d84       0x10 common/built-in.o
 .text.initr_env
                0x0000000041611d94       0x64 common/built-in.o
 .text.initr_mmc
                0x0000000041611df8       0x14 common/built-in.o
 .text.initr_nand
                0x0000000041611e0c       0x30 common/built-in.o
 .text.initr_gpios
                0x0000000041611e3c       0x5c common/built-in.o
 .text.initr_serial
                0x0000000041611e98       0x10 common/built-in.o
 .text.initr_dm
                0x0000000041611ea8       0x14 common/built-in.o
 .text.initr_noncached
                0x0000000041611ebc       0x10 common/built-in.o
 .text.initr_bootstage
                0x0000000041611ecc       0x14 common/built-in.o
 .text.initr_malloc
                0x0000000041611ee0       0x1c common/built-in.o
 .text.initr_caches
                0x0000000041611efc       0x10 common/built-in.o
 .text.initr_aes
                0x0000000041611f0c       0x50 common/built-in.o
 .text.initr_announce
                0x0000000041611f5c        0x8 common/built-in.o
 .text.initr_barrier
                0x0000000041611f64        0x8 common/built-in.o
 .text.initr_console_record
                0x0000000041611f6c        0x8 common/built-in.o
 .text.power_init_board
                0x0000000041611f74        0x8 common/built-in.o
                0x0000000041611f74                power_init_board
 .text.cpu_secondary_init_r
                0x0000000041611f7c        0x4 common/built-in.o
                0x0000000041611f7c                cpu_secondary_init_r
 .text.initr_secondary_cpu
                0x0000000041611f80       0x10 common/built-in.o
 .text.initr_net
                0x0000000041611f90       0x10 common/built-in.o
                0x0000000041611f90                initr_net
 .text.uclass_get_efuse_dev_by_driver_in_turn
                0x0000000041611fa0       0xa0 common/built-in.o
                0x0000000041611fa0                uclass_get_efuse_dev_by_driver_in_turn
 .text.initr_efuse
                0x0000000041612040       0x1c common/built-in.o
 .text.board_init_r
                0x000000004161205c       0x14 common/built-in.o
                0x000000004161205c                board_init_r
 .text.bootm_find_images
                0x0000000041612070       0xa8 common/built-in.o
                0x0000000041612070                bootm_find_images
 .text.bootm_decomp_image
                0x0000000041612118      0x1ac common/built-in.o
                0x0000000041612118                bootm_decomp_image
 .text.bootm_disable_interrupts
                0x00000000416122c4       0x30 common/built-in.o
                0x00000000416122c4                bootm_disable_interrupts
 .text.do_bootm_states
                0x00000000416122f4      0x738 common/built-in.o
                0x00000000416122f4                do_bootm_states
 .text.copy_args
                0x0000000041612a2c       0x48 common/built-in.o
 .text.do_bootm_plan9
                0x0000000041612a74       0xa4 common/built-in.o
 .text.do_bootm_netbsd
                0x0000000041612b18       0xf8 common/built-in.o
 .text.do_bootm_qnxelf
                0x0000000041612c10       0x78 common/built-in.o
 .text.do_bootm_standalone
                0x0000000041612c88       0x64 common/built-in.o
 .text.do_bootm_rtems
                0x0000000041612cec       0x40 common/built-in.o
 .text.do_bootvx_fdt
                0x0000000041612d2c      0x114 common/built-in.o
                0x0000000041612d2c                do_bootvx_fdt
 .text.do_bootm_vxworks
                0x0000000041612e40       0x24 common/built-in.o
 .text.arch_preboot_os
                0x0000000041612e64        0x4 common/built-in.o
                0x0000000041612e64                arch_preboot_os
 .text.boot_selected_os
                0x0000000041612e68       0x58 common/built-in.o
                0x0000000041612e68                boot_selected_os
 .text.bootm_os_get_boot_func
                0x0000000041612ec0       0x10 common/built-in.o
                0x0000000041612ec0                bootm_os_get_boot_func
 .text.of_bus_default_map
                0x0000000041612ed0       0xbc common/built-in.o
 .text.of_bus_default_translate
                0x0000000041612f8c       0x98 common/built-in.o
 .text.fdt_support_default_count_cells
                0x0000000041613024       0x58 common/built-in.o
                0x0000000041613024                fdt_support_default_count_cells
 .text.fdt_find_and_setprop
                0x000000004161307c       0x70 common/built-in.o
                0x000000004161307c                fdt_find_and_setprop
 .text.fdt_find_or_add_subnode
                0x00000000416130ec       0x60 common/built-in.o
                0x00000000416130ec                fdt_find_or_add_subnode
 .text.fdt_root
                0x000000004161314c       0x90 common/built-in.o
                0x000000004161314c                fdt_root
 .text.fdt_initrd
                0x00000000416131dc      0x1c4 common/built-in.o
                0x00000000416131dc                fdt_initrd
 .text.fdt_chosen
                0x00000000416133a0       0xb4 common/built-in.o
                0x00000000416133a0                fdt_chosen
 .text.do_fixup_by_path
                0x0000000041613454       0x54 common/built-in.o
                0x0000000041613454                do_fixup_by_path
 .text.fdt_fixup_memory_banks
                0x00000000416134a8      0x1b8 common/built-in.o
                0x00000000416134a8                fdt_fixup_memory_banks
 .text.fdt_fixup_memory
                0x0000000041613660       0x20 common/built-in.o
                0x0000000041613660                fdt_fixup_memory
 .text.fdt_fixup_ethernet
                0x0000000041613680      0x1ac common/built-in.o
                0x0000000041613680                fdt_fixup_ethernet
 .text.fdt_shrink_to_minimum
                0x000000004161382c       0xd0 common/built-in.o
                0x000000004161382c                fdt_shrink_to_minimum
 .text.fdt_translate_address
                0x00000000416138fc      0x260 common/built-in.o
                0x00000000416138fc                fdt_translate_address
 .text.miiphy_get_dev_by_name
                0x0000000041613b5c       0x54 common/built-in.o
                0x0000000041613b5c                miiphy_get_dev_by_name
 .text.miiphy_init
                0x0000000041613bb0       0x24 common/built-in.o
                0x0000000041613bb0                miiphy_init
 .text.mdio_alloc
                0x0000000041613bd4       0x30 common/built-in.o
                0x0000000041613bd4                mdio_alloc
 .text.mdio_free
                0x0000000041613c04        0x4 common/built-in.o
                0x0000000041613c04                mdio_free
 .text.mdio_register
                0x0000000041613c08       0x88 common/built-in.o
                0x0000000041613c08                mdio_register
 .text.mdio_unregister
                0x0000000041613c90       0x3c common/built-in.o
                0x0000000041613c90                mdio_unregister
 .text.mdio_list_devices
                0x0000000041613ccc       0xb0 common/built-in.o
                0x0000000041613ccc                mdio_list_devices
 .text.miiphy_set_current_dev
                0x0000000041613d7c       0x40 common/built-in.o
                0x0000000041613d7c                miiphy_set_current_dev
 .text.miiphy_get_active_dev
                0x0000000041613dbc       0x50 common/built-in.o
 .text.mdio_get_current_dev
                0x0000000041613e0c       0x10 common/built-in.o
                0x0000000041613e0c                mdio_get_current_dev
 .text.mdio_phydev_for_ethname
                0x0000000041613e1c       0x88 common/built-in.o
                0x0000000041613e1c                mdio_phydev_for_ethname
 .text.miiphy_get_current_dev
                0x0000000041613ea4       0x18 common/built-in.o
                0x0000000041613ea4                miiphy_get_current_dev
 .text.miiphy_read
                0x0000000041613ebc       0x4c common/built-in.o
                0x0000000041613ebc                miiphy_read
 .text.miiphy_write
                0x0000000041613f08       0x40 common/built-in.o
                0x0000000041613f08                miiphy_write
 .text.miiphy_listdev
                0x0000000041613f48       0x74 common/built-in.o
                0x0000000041613f48                miiphy_listdev
 .text.miiphy_info
                0x0000000041613fbc       0x88 common/built-in.o
                0x0000000041613fbc                miiphy_info
 .text.miiphy_speed
                0x0000000041614044       0xc4 common/built-in.o
                0x0000000041614044                miiphy_speed
 .text.miiphy_duplex
                0x0000000041614108       0xbc common/built-in.o
                0x0000000041614108                miiphy_duplex
 .text.miiphy_is_1000base_x
                0x00000000416141c4        0x8 common/built-in.o
                0x00000000416141c4                miiphy_is_1000base_x
 .text.usb_set_maxpacket_ep
                0x00000000416141cc       0x64 common/built-in.o
 .text.usb_control_msg
                0x0000000041614230       0x9c common/built-in.o
                0x0000000041614230                usb_control_msg
 .text.usb_get_descriptor
                0x00000000416142cc       0x54 common/built-in.o
 .text.get_descriptor_len
                0x0000000041614320       0x90 common/built-in.o
 .text.usb_get_string
                0x00000000416143b0       0x78 common/built-in.o
 .text.usb_string_sub
                0x0000000041614428      0x100 common/built-in.o
 .text.usb_bulk_msg
                0x0000000041614528       0x70 common/built-in.o
                0x0000000041614528                usb_bulk_msg
 .text.usb_maxpacket
                0x0000000041614598       0x18 common/built-in.o
                0x0000000041614598                usb_maxpacket
 .text.usb_clear_halt
                0x00000000416145b0       0x8c common/built-in.o
                0x00000000416145b0                usb_clear_halt
 .text.usb_get_configuration_len
                0x000000004161463c       0x74 common/built-in.o
                0x000000004161463c                usb_get_configuration_len
 .text.usb_get_configuration_no
                0x00000000416146b0       0x30 common/built-in.o
                0x00000000416146b0                usb_get_configuration_no
 .text.usb_set_interface
                0x00000000416146e0       0xb4 common/built-in.o
                0x00000000416146e0                usb_set_interface
 .text.usb_string
                0x0000000041614794      0x10c common/built-in.o
                0x0000000041614794                usb_string
 .text.usb_select_config
                0x00000000416148a0      0x47c common/built-in.o
                0x00000000416148a0                usb_select_config
 .text.usb_setup_device
                0x0000000041614d1c      0x184 common/built-in.o
                0x0000000041614d1c                usb_setup_device
 .text.usb_device_has_child_on_port
                0x0000000041614ea0        0x8 common/built-in.o
                0x0000000041614ea0                usb_device_has_child_on_port
 .text.usb_find_usb2_hub_address_port
                0x0000000041614ea8       0x78 common/built-in.o
                0x0000000041614ea8                usb_find_usb2_hub_address_port
 .text.usb_set_port_feature
                0x0000000041614f20       0x4c common/built-in.o
 .text.usb_get_hub_descriptor
                0x0000000041614f6c       0x64 common/built-in.o
 .text.usb_clear_port_feature.isra.0
                0x0000000041614fd0       0x4c common/built-in.o
 .text.usb_hub_reset_devices
                0x000000004161501c        0x4 common/built-in.o
                0x000000004161501c                usb_hub_reset_devices
 .text.usb_hub_is_root_hub
                0x0000000041615020       0x18 common/built-in.o
                0x0000000041615020                usb_hub_is_root_hub
 .text.usb_get_port_status
                0x0000000041615038       0xac common/built-in.o
                0x0000000041615038                usb_get_port_status
 .text.usb_hub_port_connect_change
                0x00000000416150e4      0x168 common/built-in.o
                0x00000000416150e4                usb_hub_port_connect_change
 .text.usb_hub_configure
                0x000000004161524c      0x58c common/built-in.o
 .text.usb_hub_scan
                0x00000000416157d8       0x10 common/built-in.o
                0x00000000416157d8                usb_hub_scan
 .text.usb_hub_post_probe
                0x00000000416157e8        0x4 common/built-in.o
 .text.usb_stor_irq
                0x00000000416157ec       0x1c common/built-in.o
 .text.usb_stor_BBB_reset
                0x0000000041615808      0x108 common/built-in.o
 .text.usb_stor_CB_reset
                0x0000000041615910       0xe4 common/built-in.o
 .text.usb_stor_CB_comdat
                0x00000000416159f4      0x208 common/built-in.o
 .text.usb_stor_CBI_get_status
                0x0000000041615bfc       0xd8 common/built-in.o
 .text.usb_stor_CB_transport
                0x0000000041615cd4      0x204 common/built-in.o
 .text.usb_request_sense.constprop.0.isra.0
                0x0000000041615ed8       0x6c common/built-in.o
 .text.usb_stor_write
                0x0000000041615f44      0x144 common/built-in.o
 .text.usb_stor_read
                0x0000000041616088      0x144 common/built-in.o
 .text.usb_stor_BBB_clear_endpt_stall.isra.0
                0x00000000416161cc       0x40 common/built-in.o
 .text.usb_stor_BBB_transport
                0x000000004161620c      0x288 common/built-in.o
 .text.usb_stor_info
                0x0000000041616494       0x74 common/built-in.o
                0x0000000041616494                usb_stor_info
 .text.usb_stor_reset
                0x0000000041616508       0x14 common/built-in.o
                0x0000000041616508                usb_stor_reset
 .text.usb_stor_scan
                0x000000004161651c       0x44 common/built-in.o
                0x000000004161651c                usb_stor_scan
 .text.usb_storage_probe
                0x0000000041616560      0x208 common/built-in.o
                0x0000000041616560                usb_storage_probe
 .text.usb_stor_get_info
                0x0000000041616768      0x318 common/built-in.o
                0x0000000041616768                usb_stor_get_info
 .text.usb_mass_storage_probe
                0x0000000041616a80      0x178 common/built-in.o
 .text.menu_display_statusline
                0x0000000041616bf8        0x4 common/built-in.o
                0x0000000041616bf8                menu_display_statusline
 .text.menu_default_set
                0x0000000041616bfc       0x78 common/built-in.o
                0x0000000041616bfc                menu_default_set
 .text.menu_get_choice
                0x0000000041616c74      0x1f0 common/built-in.o
                0x0000000041616c74                menu_get_choice
 .text.menu_item_add
                0x0000000041616e64       0xc8 common/built-in.o
                0x0000000041616e64                menu_item_add
 .text.menu_create
                0x0000000041616f2c       0x90 common/built-in.o
                0x0000000041616f2c                menu_create
 .text.menu_destroy
                0x0000000041616fbc       0x6c common/built-in.o
                0x0000000041616fbc                menu_destroy
 .text.delete_char
                0x0000000041617028       0xe0 common/built-in.o
 .text.cli_readline_into_buffer
                0x0000000041617108      0x220 common/built-in.o
                0x0000000041617108                cli_readline_into_buffer
 .text.cli_readline
                0x0000000041617328       0x14 common/built-in.o
                0x0000000041617328                cli_readline
 .text.cli_simple_parse_line
                0x000000004161733c       0x90 common/built-in.o
                0x000000004161733c                cli_simple_parse_line
 .text.cli_simple_process_macros
                0x00000000416173cc      0x1e4 common/built-in.o
                0x00000000416173cc                cli_simple_process_macros
 .text.cli_simple_run_command
                0x00000000416175b0      0x154 common/built-in.o
                0x00000000416175b0                cli_simple_run_command
 .text.cli_simple_loop
                0x0000000041617704       0x80 common/built-in.o
                0x0000000041617704                cli_simple_loop
 .text.cli_simple_run_command_list
                0x0000000041617784       0x70 common/built-in.o
                0x0000000041617784                cli_simple_run_command_list
 .text.console_setfile
                0x00000000416177f4       0xb8 common/built-in.o
 .text.putc     0x00000000416178ac       0x34 common/built-in.o
                0x00000000416178ac                putc
 .text.puts     0x00000000416178e0       0x1c common/built-in.o
                0x00000000416178e0                puts
 .text.fgetc    0x00000000416178fc       0x24 common/built-in.o
                0x00000000416178fc                fgetc
 .text.getc     0x0000000041617920       0x24 common/built-in.o
                0x0000000041617920                getc
 .text.ftstc    0x0000000041617944       0x24 common/built-in.o
                0x0000000041617944                ftstc
 .text.tstc     0x0000000041617968       0x24 common/built-in.o
                0x0000000041617968                tstc
 .text.ctrlc    0x000000004161798c       0x60 common/built-in.o
                0x000000004161798c                ctrlc
 .text.confirm_yesno
                0x00000000416179ec       0xd0 common/built-in.o
                0x00000000416179ec                confirm_yesno
 .text.disable_ctrlc
                0x0000000041617abc       0x18 common/built-in.o
                0x0000000041617abc                disable_ctrlc
 .text.had_ctrlc
                0x0000000041617ad4       0x10 common/built-in.o
                0x0000000041617ad4                had_ctrlc
 .text.clear_ctrlc
                0x0000000041617ae4       0x14 common/built-in.o
                0x0000000041617ae4                clear_ctrlc
 .text.search_device
                0x0000000041617af8       0x28 common/built-in.o
                0x0000000041617af8                search_device
 .text.console_assign
                0x0000000041617b20       0x40 common/built-in.o
                0x0000000041617b20                console_assign
 .text.on_console
                0x0000000041617b60       0xb8 common/built-in.o
 .text.console_init_f
                0x0000000041617c18       0x10 common/built-in.o
                0x0000000041617c18                console_init_f
 .text.console_init_r
                0x0000000041617c28       0xd4 common/built-in.o
                0x0000000041617c28                console_init_r
 .text.sbrk     0x0000000041617cfc       0x68 common/built-in.o
                0x0000000041617cfc                sbrk
 .text.mem_malloc_init
                0x0000000041617d64       0x34 common/built-in.o
                0x0000000041617d64                mem_malloc_init
 .text.malloc_trim
                0x0000000041617d98       0xcc common/built-in.o
                0x0000000041617d98                malloc_trim
 .text.free     0x0000000041617e64      0x240 common/built-in.o
                0x0000000041617e64                free
 .text.malloc   0x00000000416180a4      0x60c common/built-in.o
                0x00000000416180a4                malloc
 .text.calloc   0x00000000416186b0      0x140 common/built-in.o
                0x00000000416186b0                calloc
 .text.memalign
                0x00000000416187f0      0x174 common/built-in.o
                0x00000000416187f0                memalign
 .text.initf_malloc
                0x0000000041618964       0x18 common/built-in.o
                0x0000000041618964                initf_malloc
 .text.malloc_simple
                0x000000004161897c       0x30 common/built-in.o
                0x000000004161897c                malloc_simple
 .text.on_loadaddr
                0x00000000416189ac       0x34 common/built-in.o
 .text.image_check_hcrc
                0x00000000416189e0       0x4c common/built-in.o
                0x00000000416189e0                image_check_hcrc
 .text.image_check_dcrc
                0x0000000041618a2c       0x38 common/built-in.o
                0x0000000041618a2c                image_check_dcrc
 .text.image_multi_count
                0x0000000041618a64       0x1c common/built-in.o
                0x0000000041618a64                image_multi_count
 .text.image_multi_getimg
                0x0000000041618a80       0x78 common/built-in.o
                0x0000000041618a80                image_multi_getimg
 .text.env_get_bootm_low
                0x0000000041618af8       0x30 common/built-in.o
                0x0000000041618af8                env_get_bootm_low
 .text.env_get_bootm_size
                0x0000000041618b28       0x68 common/built-in.o
                0x0000000041618b28                env_get_bootm_size
 .text.env_get_bootm_mapsize
                0x0000000041618b90       0x30 common/built-in.o
                0x0000000041618b90                env_get_bootm_mapsize
 .text.memmove_wd
                0x0000000041618bc0        0xc common/built-in.o
                0x0000000041618bc0                memmove_wd
 .text.genimg_print_size
                0x0000000041618bcc       0x30 common/built-in.o
                0x0000000041618bcc                genimg_print_size
 .text.genimg_print_time
                0x0000000041618bfc       0x48 common/built-in.o
                0x0000000041618bfc                genimg_print_time
 .text.get_table_entry
                0x0000000041618c44       0x24 common/built-in.o
                0x0000000041618c44                get_table_entry
 .text.get_table_entry_name
                0x0000000041618c68       0x20 common/built-in.o
                0x0000000041618c68                get_table_entry_name
 .text.genimg_get_os_name
                0x0000000041618c88       0x18 common/built-in.o
                0x0000000041618c88                genimg_get_os_name
 .text.genimg_get_arch_name
                0x0000000041618ca0       0x18 common/built-in.o
                0x0000000041618ca0                genimg_get_arch_name
 .text.genimg_get_type_name
                0x0000000041618cb8       0x18 common/built-in.o
                0x0000000041618cb8                genimg_get_type_name
 .text.genimg_get_comp_name
                0x0000000041618cd0       0x18 common/built-in.o
                0x0000000041618cd0                genimg_get_comp_name
 .text.image_print_contents
                0x0000000041618ce8      0x1d0 common/built-in.o
                0x0000000041618ce8                image_print_contents
 .text.genimg_get_kernel_addr_fit
                0x0000000041618eb8       0x24 common/built-in.o
                0x0000000041618eb8                genimg_get_kernel_addr_fit
 .text.genimg_get_kernel_addr
                0x0000000041618edc       0x24 common/built-in.o
                0x0000000041618edc                genimg_get_kernel_addr
 .text.genimg_get_format
                0x0000000041618f00       0x50 common/built-in.o
                0x0000000041618f00                genimg_get_format
 .text.genimg_get_image
                0x0000000041618f50        0x4 common/built-in.o
                0x0000000041618f50                genimg_get_image
 .text.genimg_has_config
                0x0000000041618f54        0x8 common/built-in.o
                0x0000000041618f54                genimg_has_config
 .text.boot_get_ramdisk
                0x0000000041618f5c      0x27c common/built-in.o
                0x0000000041618f5c                boot_get_ramdisk
 .text.boot_ramdisk_high
                0x00000000416191d8      0x124 common/built-in.o
                0x00000000416191d8                boot_ramdisk_high
 .text.boot_get_setup
                0x00000000416192fc        0x8 common/built-in.o
                0x00000000416192fc                boot_get_setup
 .text.image_setup_linux
                0x0000000041619304       0x60 common/built-in.o
                0x0000000041619304                image_setup_linux
 .text.fdt_error
                0x0000000041619364       0x2c common/built-in.o
 .text.boot_fdt_add_mem_rsv_regions
                0x0000000041619390       0x8c common/built-in.o
                0x0000000041619390                boot_fdt_add_mem_rsv_regions
 .text.boot_relocate_fdt
                0x000000004161941c      0x160 common/built-in.o
                0x000000004161941c                boot_relocate_fdt
 .text.boot_get_fdt
                0x000000004161957c      0x26c common/built-in.o
                0x000000004161957c                boot_get_fdt
 .text.ft_verify_fdt
                0x00000000416197e8        0x8 common/built-in.o
                0x00000000416197e8                ft_verify_fdt
 .text.image_setup_libfdt
                0x00000000416197f0      0x110 common/built-in.o
                0x00000000416197f0                image_setup_libfdt
 .text.get_ram_size
                0x0000000041619900        0x8 common/built-in.o
                0x0000000041619900                get_ram_size
 .text.get_effective_memsize
                0x0000000041619908        0x8 common/built-in.o
                0x0000000041619908                get_effective_memsize
 .text.stdio_serial_tstc
                0x0000000041619910        0x4 common/built-in.o
 .text.stdio_serial_getc
                0x0000000041619914        0x4 common/built-in.o
 .text.stdio_serial_puts
                0x0000000041619918        0x8 common/built-in.o
 .text.stdio_serial_putc
                0x0000000041619920        0x8 common/built-in.o
 .text.stdio_get_list
                0x0000000041619928        0xc common/built-in.o
                0x0000000041619928                stdio_get_list
 .text.stdio_get_by_name
                0x0000000041619934       0x4c common/built-in.o
                0x0000000041619934                stdio_get_by_name
 .text.stdio_clone
                0x0000000041619980       0x38 common/built-in.o
                0x0000000041619980                stdio_clone
 .text.stdio_register_dev
                0x00000000416199b8       0x50 common/built-in.o
                0x00000000416199b8                stdio_register_dev
 .text.stdio_register
                0x0000000041619a08        0x8 common/built-in.o
                0x0000000041619a08                stdio_register
 .text.stdio_init_tables
                0x0000000041619a10       0x1c common/built-in.o
                0x0000000041619a10                stdio_init_tables
 .text.stdio_add_devices
                0x0000000041619a2c       0x7c common/built-in.o
                0x0000000041619a2c                stdio_add_devices
 .text.run_command
                0x0000000041619aa8       0x18 common/built-in.o
                0x0000000041619aa8                run_command
 .text.run_command_repeatable
                0x0000000041619ac0        0x4 common/built-in.o
                0x0000000041619ac0                run_command_repeatable
 .text.run_command_list
                0x0000000041619ac4       0x94 common/built-in.o
                0x0000000041619ac4                run_command_list
 .text.do_run   0x0000000041619b58       0x74 common/built-in.o
                0x0000000041619b58                do_run
 .text.cli_process_fdt
                0x0000000041619bcc       0x40 common/built-in.o
                0x0000000041619bcc                cli_process_fdt
 .text.cli_secure_boot_cmd
                0x0000000041619c0c       0x78 common/built-in.o
                0x0000000041619c0c                cli_secure_boot_cmd
 .text.cli_loop
                0x0000000041619c84        0x4 common/built-in.o
                0x0000000041619c84                cli_loop
 .text.cli_init
                0x0000000041619c88        0x4 common/built-in.o
                0x0000000041619c88                cli_init
 .text.find_cmd_tbl
                0x0000000041619c8c       0xa4 common/built-in.o
                0x0000000041619c8c                find_cmd_tbl
 .text.find_cmd
                0x0000000041619d30       0x28 common/built-in.o
                0x0000000041619d30                find_cmd
 .text.cmd_usage
                0x0000000041619d58       0x5c common/built-in.o
                0x0000000041619d58                cmd_usage
 .text._do_help
                0x0000000041619db4      0x188 common/built-in.o
                0x0000000041619db4                _do_help
 .text.var_complete
                0x0000000041619f3c       0x8c common/built-in.o
                0x0000000041619f3c                var_complete
 .text.cmd_auto_complete
                0x0000000041619fc8      0x49c common/built-in.o
                0x0000000041619fc8                cmd_auto_complete
 .text.cmd_get_data_size
                0x000000004161a464       0x50 common/built-in.o
                0x000000004161a464                cmd_get_data_size
 .text.cmd_process
                0x000000004161a4b4       0xbc common/built-in.o
                0x000000004161a4b4                cmd_process
 .text.cmd_process_error
                0x000000004161a570       0x30 common/built-in.o
                0x000000004161a570                cmd_process_error
 .text.script_get_header
                0x000000004161a5a0       0x40 common/built-in.o
                0x000000004161a5a0                script_get_header
 .text.script_get_data
                0x000000004161a5e0       0x1c common/built-in.o
                0x000000004161a5e0                script_get_data
 .text.script_check_header
                0x000000004161a5fc       0x14 common/built-in.o
                0x000000004161a5fc                script_check_header
 .text.get_key_value
                0x000000004161a610       0xb8 common/built-in.o
                0x000000004161a610                get_key_value
 .text.script_check_config
                0x000000004161a6c8       0x48 common/built-in.o
                0x000000004161a6c8                script_check_config
 .text.led_control
                0x000000004161a710       0x94 common/built-in.o
                0x000000004161a710                led_control
 .text.flash_commands
                0x000000004161a7a4      0x160 common/built-in.o
                0x000000004161a7a4                flash_commands
 .text.isFlashMode
                0x000000004161a904      0x138 common/built-in.o
                0x000000004161a904                isFlashMode
 .text.write_misc
                0x000000004161aa3c      0x1a8 common/built-in.o
                0x000000004161aa3c                write_misc
 .text.ota_commands
                0x000000004161abe4      0x5d4 common/built-in.o
                0x000000004161abe4                ota_commands
 .text.script_check_sn
                0x000000004161b1b8      0x150 common/built-in.o
                0x000000004161b1b8                script_check_sn
 .text.sn_commands
                0x000000004161b308      0x2d8 common/built-in.o
                0x000000004161b308                sn_commands
 .text.bootup_commands
                0x000000004161b5e0      0x26c common/built-in.o
                0x000000004161b5e0                bootup_commands
 .text.flashing_fw_requested
                0x000000004161b84c       0x54 common/built-in.o
                0x000000004161b84c                flashing_fw_requested
 .text.get_board_id
                0x000000004161b8a0       0xa0 common/built-in.o
                0x000000004161b8a0                get_board_id
 .text.qua_boot_logo
                0x000000004161b940        0x4 common/built-in.o
                0x000000004161b940                qua_boot_logo
 .text.qua_writel
                0x000000004161b944        0x8 common/built-in.o
                0x000000004161b944                qua_writel
 .text.qua_set_lcm_bootargs
                0x000000004161b94c      0x220 common/built-in.o
                0x000000004161b94c                qua_set_lcm_bootargs
 .text.resource_image_check_header
                0x000000004161bb6c       0xbc common/built-in.o
                0x000000004161bb6c                resource_image_check_header
 .text.mc_read_resource_file
                0x000000004161bc28      0x3fc common/built-in.o
                0x000000004161bc28                mc_read_resource_file
 .text.show_jpeg_from_part
                0x000000004161c024       0xb4 common/built-in.o
 .text.__qua_lcm_mipi_jd9365d_hrst
                0x000000004161c0d8      0x194 common/built-in.o
 .text.display_logo_id
                0x000000004161c26c      0x160 common/built-in.o
                0x000000004161c26c                display_logo_id
 .text.display_logo_id_addr
                0x000000004161c3cc       0xd8 common/built-in.o
                0x000000004161c3cc                display_logo_id_addr
 .text.show_qua_boot_logo
                0x000000004161c4a4       0x70 common/built-in.o
 .text.qua_boot_logo_jd9365d
                0x000000004161c514       0x20 common/built-in.o
                0x000000004161c514                qua_boot_logo_jd9365d
 .text.qua_lcm_mipi_jd9365d_hrst
                0x000000004161c534       0x80 common/built-in.o
                0x000000004161c534                qua_lcm_mipi_jd9365d_hrst
 .text.readl    0x000000004161c5b4        0x8 common/built-in.o
                0x000000004161c5b4                readl
 .text.writel   0x000000004161c5bc        0x8 common/built-in.o
                0x000000004161c5bc                writel
 .text.writelr  0x000000004161c5c4       0x30 common/built-in.o
                0x000000004161c5c4                writelr
 .text.set_global
                0x000000004161c5f4       0x48 common/built-in.o
                0x000000004161c5f4                set_global
 .text.set_display_format
                0x000000004161c63c       0x5c common/built-in.o
                0x000000004161c63c                set_display_format
 .text.set_tve_sync_info
                0x000000004161c698       0x64 common/built-in.o
                0x000000004161c698                set_tve_sync_info
 .text.set_intf_common_para
                0x000000004161c6fc       0xc4 common/built-in.o
                0x000000004161c6fc                set_intf_common_para
 .text.set_display_info
                0x000000004161c7c0       0x84 common/built-in.o
                0x000000004161c7c0                set_display_info
 .text.set_chn_minor_cfg
                0x000000004161c844       0x44 common/built-in.o
                0x000000004161c844                set_chn_minor_cfg
 .text.set_active_info
                0x000000004161c888       0x2c common/built-in.o
                0x000000004161c888                set_active_info
 .text.set_blank_info
                0x000000004161c8b4       0x70 common/built-in.o
                0x000000004161c8b4                set_blank_info
 .text.set_y2r_matrix
                0x000000004161c924       0xa8 common/built-in.o
                0x000000004161c924                set_y2r_matrix
 .text.set_bg_info
                0x000000004161c9cc       0x20 common/built-in.o
                0x000000004161c9cc                set_bg_info
 .text.set_chn_cfg
                0x000000004161c9ec       0x18 common/built-in.o
                0x000000004161c9ec                set_chn_cfg
 .text.set_img_layer_cfg
                0x000000004161ca04       0x20 common/built-in.o
                0x000000004161ca04                set_img_layer_cfg
 .text.set_irq_mask
                0x000000004161ca24       0x1c common/built-in.o
                0x000000004161ca24                set_irq_mask
 .text.set_work_ctrl
                0x000000004161ca40       0x3c common/built-in.o
                0x000000004161ca40                set_work_ctrl
 .text.set_image_block
                0x000000004161ca7c      0x124 common/built-in.o
                0x000000004161ca7c                set_image_block
 .text.lcm_config
                0x000000004161cba0       0x54 common/built-in.o
                0x000000004161cba0                lcm_config
 .text.vou_dev_kickoff
                0x000000004161cbf4      0x104 common/built-in.o
                0x000000004161cbf4                vou_dev_kickoff
 .text.jpeg_clk_off
                0x000000004161ccf8       0xb0 common/built-in.o
 .text.JPEG_WaitIRQ_Timeout
                0x000000004161cda8       0x70 common/built-in.o
                0x000000004161cda8                JPEG_WaitIRQ_Timeout
 .text.hw_jpeg_dec
                0x000000004161ce18      0x12c common/built-in.o
                0x000000004161ce18                hw_jpeg_dec
 .text.show_boot_logo
                0x000000004161cf44       0x10 common/built-in.o
                0x000000004161cf44                show_boot_logo
 .text.sync_info_gen.isra.0
                0x000000004161cf54       0xd8 common/built-in.o
 .text.fast_osd_by_id
                0x000000004161d02c      0x200 common/built-in.o
                0x000000004161d02c                fast_osd_by_id
 .text.boot_logo
                0x000000004161d22c        0x4 common/built-in.o
                0x000000004161d22c                boot_logo
 .text.get_lcm_cfg_tab
                0x000000004161d230       0x10 common/built-in.o
                0x000000004161d230                get_lcm_cfg_tab
 .text.qua_lcm_mipi_jd9365d_PowerOff
                0x000000004161d240       0x1c common/built-in.o
 .text.qua_lcm_mipi_jd9365d_deinit
                0x000000004161d25c        0x4 common/built-in.o
 .text.qua_lcm_mipi_jd9365d_suspend
                0x000000004161d260        0x4 common/built-in.o
 .text.qua_lcm_mipi_jd9365d_resume
                0x000000004161d264       0x1c common/built-in.o
 .text.qua_lcm_mipi_jd9365d_identify
                0x000000004161d280      0x1b8 common/built-in.o
 .text.qua_lcm_mipi_jd9365d_PowerOn
                0x000000004161d438       0xa4 common/built-in.o
 .text.qua_lcm_mipi_jd9365d_init
                0x000000004161d4dc       0x80 common/built-in.o
 .text.regRead32
                0x000000004161d55c       0x38 common/built-in.o
                0x000000004161d55c                regRead32
 .text.regWrite32
                0x000000004161d594       0x2c common/built-in.o
                0x000000004161d594                regWrite32
 .text.regWriteBits32
                0x000000004161d5c0       0x58 common/built-in.o
                0x000000004161d5c0                regWriteBits32
 .text.reg_log_enable
                0x000000004161d618       0x10 common/built-in.o
                0x000000004161d618                reg_log_enable
 .text.getRegValuePtr
                0x000000004161d628       0x80 common/built-in.o
                0x000000004161d628                getRegValuePtr
 .text.getRegPtr
                0x000000004161d6a8       0x90 common/built-in.o
                0x000000004161d6a8                getRegPtr
 .text._get_lcm_pin_ptr
                0x000000004161d738       0x70 common/built-in.o
 .text.lcm_bus_pin_cfg
                0x000000004161d7a8       0xd4 common/built-in.o
                0x000000004161d7a8                lcm_bus_pin_cfg
 .text.lcm_bus_pin_default_cfg
                0x000000004161d87c       0x74 common/built-in.o
                0x000000004161d87c                lcm_bus_pin_default_cfg
 .text.lcm_dvdd_set
                0x000000004161d8f0        0x8 common/built-in.o
                0x000000004161d8f0                lcm_dvdd_set
 .text.lcm_avdd_set
                0x000000004161d8f8        0x8 common/built-in.o
                0x000000004161d8f8                lcm_avdd_set
 .text.lcm_iovdd_set
                0x000000004161d900        0x8 common/built-in.o
                0x000000004161d900                lcm_iovdd_set
 .text.lcm_vcom_set
                0x000000004161d908        0x8 common/built-in.o
                0x000000004161d908                lcm_vcom_set
 .text.lcm_vgh_set
                0x000000004161d910        0x8 common/built-in.o
                0x000000004161d910                lcm_vgh_set
 .text.lcm_vgl_set
                0x000000004161d918        0x8 common/built-in.o
                0x000000004161d918                lcm_vgl_set
 .text.lcm_reset_set
                0x000000004161d920        0x8 common/built-in.o
                0x000000004161d920                lcm_reset_set
 .text.lcm_standby_set
                0x000000004161d928        0x8 common/built-in.o
                0x000000004161d928                lcm_standby_set
 .text.lcm_back_light_gpio_set
                0x000000004161d930        0x8 common/built-in.o
                0x000000004161d930                lcm_back_light_gpio_set
 .text.lcm_back_light_pwm_set
                0x000000004161d938        0x8 common/built-in.o
                0x000000004161d938                lcm_back_light_pwm_set
 .text.lcm_power_pwm_set
                0x000000004161d940        0x8 common/built-in.o
                0x000000004161d940                lcm_power_pwm_set
 .text.vou_clk_calc
                0x000000004161d948       0xe4 common/built-in.o
                0x000000004161d948                vou_clk_calc
 .text.vou_clk_on
                0x000000004161da2c       0x3c common/built-in.o
                0x000000004161da2c                vou_clk_on
 .text.vou_reset
                0x000000004161da68       0x50 common/built-in.o
                0x000000004161da68                vou_reset
 .text.vou_clk_off
                0x000000004161dab8       0x48 common/built-in.o
                0x000000004161dab8                vou_clk_off
 .text.dsi_host_clk_on
                0x000000004161db00       0x24 common/built-in.o
                0x000000004161db00                dsi_host_clk_on
 .text.dsi_host_reset
                0x000000004161db24       0x50 common/built-in.o
                0x000000004161db24                dsi_host_reset
 .text.dsi_host_clk_off
                0x000000004161db74       0x24 common/built-in.o
                0x000000004161db74                dsi_host_clk_off
 .text.dsi_phy_clk_on
                0x000000004161db98       0x24 common/built-in.o
                0x000000004161db98                dsi_phy_clk_on
 .text.dsi_phy_reset
                0x000000004161dbbc       0x50 common/built-in.o
                0x000000004161dbbc                dsi_phy_reset
 .text.dsi_phy_clk_off
                0x000000004161dc0c       0x24 common/built-in.o
                0x000000004161dc0c                dsi_phy_clk_off
 .text.lcm_clk_off
                0x000000004161dc30       0x80 common/built-in.o
                0x000000004161dc30                lcm_clk_off
 .text.lcm_clk_on
                0x000000004161dcb0       0x80 common/built-in.o
                0x000000004161dcb0                lcm_clk_on
 .text.vou_dhd_clk_on
                0x000000004161dd30       0x48 common/built-in.o
                0x000000004161dd30                vou_dhd_clk_on
 .text.vou_dhd_out_mode
                0x000000004161dd78       0x40 common/built-in.o
                0x000000004161dd78                vou_dhd_out_mode
 .text.vou_dhd_force_update
                0x000000004161ddb8       0x2c common/built-in.o
                0x000000004161ddb8                vou_dhd_force_update
 .text.vou_lcd_src_sel
                0x000000004161dde4       0x2c common/built-in.o
                0x000000004161dde4                vou_lcd_src_sel
 .text.vou_dhd_src_sel
                0x000000004161de10       0x48 common/built-in.o
                0x000000004161de10                vou_dhd_src_sel
 .text._lcmMcuApiCheckHandle
                0x000000004161de58       0x6c common/built-in.o
                0x000000004161de58                _lcmMcuApiCheckHandle
 .text._lcmMcuApiGetValidHandle
                0x000000004161dec4       0x38 common/built-in.o
                0x000000004161dec4                _lcmMcuApiGetValidHandle
 .text._lcmMcuApiCheckStatus
                0x000000004161defc       0x60 common/built-in.o
                0x000000004161defc                _lcmMcuApiCheckStatus
 .text._lcmMcuApiCheckCmdDone
                0x000000004161df5c       0x60 common/built-in.o
                0x000000004161df5c                _lcmMcuApiCheckCmdDone
 .text._lcmMcuApiSetStatus
                0x000000004161dfbc       0x84 common/built-in.o
                0x000000004161dfbc                _lcmMcuApiSetStatus
 .text._lcmMcuApiSetTiming
                0x000000004161e040       0x8c common/built-in.o
                0x000000004161e040                _lcmMcuApiSetTiming
 .text._lcmMcuApiSetIf
                0x000000004161e0cc       0x74 common/built-in.o
                0x000000004161e0cc                _lcmMcuApiSetIf
 .text._lcmMcuApiSetFormat
                0x000000004161e140       0x5c common/built-in.o
                0x000000004161e140                _lcmMcuApiSetFormat
 .text._lcmMcuApiSetTeType
                0x000000004161e19c       0x5c common/built-in.o
                0x000000004161e19c                _lcmMcuApiSetTeType
 .text._lcmMcuApiMapParamCfg
                0x000000004161e1f8       0x58 common/built-in.o
                0x000000004161e1f8                _lcmMcuApiMapParamCfg
 .text._lcmMcuApiHandleInit
                0x000000004161e250      0x2ec common/built-in.o
                0x000000004161e250                _lcmMcuApiHandleInit
 .text.lcmMcuApiInit
                0x000000004161e53c      0x1e8 common/built-in.o
                0x000000004161e53c                lcmMcuApiInit
 .text.lcmMcuApiDeInit
                0x000000004161e724       0xb4 common/built-in.o
                0x000000004161e724                lcmMcuApiDeInit
 .text.lcmMcuApiWriteCmd
                0x000000004161e7d8       0xf4 common/built-in.o
                0x000000004161e7d8                lcmMcuApiWriteCmd
 .text.lcmMcuApiWriteData
                0x000000004161e8cc       0xe8 common/built-in.o
                0x000000004161e8cc                lcmMcuApiWriteData
 .text.lcmMcuApiWriteBurstData
                0x000000004161e9b4      0x114 common/built-in.o
                0x000000004161e9b4                lcmMcuApiWriteBurstData
 .text.lcmMcuApiReadRegData
                0x000000004161eac8      0x154 common/built-in.o
                0x000000004161eac8                lcmMcuApiReadRegData
 .text.lcmMcuApiPushTable
                0x000000004161ec1c      0x128 common/built-in.o
                0x000000004161ec1c                lcmMcuApiPushTable
 .text.lcmMcuApiSwitchShow
                0x000000004161ed44       0x70 common/built-in.o
                0x000000004161ed44                lcmMcuApiSwitchShow
 .text._lcmMcuDrvGetRegList
                0x000000004161edb4       0x2c common/built-in.o
                0x000000004161edb4                _lcmMcuDrvGetRegList
 .text._lcmGetRegDefault
                0x000000004161ede0       0x3c common/built-in.o
                0x000000004161ede0                _lcmGetRegDefault
 .text.lcmGetRegDefault
                0x000000004161ee1c      0x1b4 common/built-in.o
                0x000000004161ee1c                lcmGetRegDefault
 .text.lcmSetMcuBitDepth
                0x000000004161efd0       0x74 common/built-in.o
                0x000000004161efd0                lcmSetMcuBitDepth
 .text.lcmSetMcuRgbOrder
                0x000000004161f044       0x74 common/built-in.o
                0x000000004161f044                lcmSetMcuRgbOrder
 .text.lcmSetMcuMode
                0x000000004161f0b8       0x74 common/built-in.o
                0x000000004161f0b8                lcmSetMcuMode
 .text.lcmSetMcuTeEnable
                0x000000004161f12c       0x74 common/built-in.o
                0x000000004161f12c                lcmSetMcuTeEnable
 .text.lcmSetMcuTeEdge
                0x000000004161f1a0       0x74 common/built-in.o
                0x000000004161f1a0                lcmSetMcuTeEdge
 .text.lcmSetMcuIfType
                0x000000004161f214       0x74 common/built-in.o
                0x000000004161f214                lcmSetMcuIfType
 .text.lcmSetRgbIfType
                0x000000004161f288       0x74 common/built-in.o
                0x000000004161f288                lcmSetRgbIfType
 .text.lcmSetCsType
                0x000000004161f2fc       0x74 common/built-in.o
                0x000000004161f2fc                lcmSetCsType
 .text.lcmSetTeType
                0x000000004161f370       0x74 common/built-in.o
                0x000000004161f370                lcmSetTeType
 .text.lcmSetSendEndain
                0x000000004161f3e4       0x74 common/built-in.o
                0x000000004161f3e4                lcmSetSendEndain
 .text.lcmSetTrans3
                0x000000004161f458       0x74 common/built-in.o
                0x000000004161f458                lcmSetTrans3
 .text.lcmSetBitMap
                0x000000004161f4cc      0x3bc common/built-in.o
                0x000000004161f4cc                lcmSetBitMap
 .text.lcmSetTimingWrSetup
                0x000000004161f888       0x74 common/built-in.o
                0x000000004161f888                lcmSetTimingWrSetup
 .text.lcmSetTimingWrHold
                0x000000004161f8fc       0x74 common/built-in.o
                0x000000004161f8fc                lcmSetTimingWrHold
 .text.lcmSetTimingWrDestory
                0x000000004161f970       0x74 common/built-in.o
                0x000000004161f970                lcmSetTimingWrDestory
 .text.lcmSetTimingRdSetup
                0x000000004161f9e4       0x74 common/built-in.o
                0x000000004161f9e4                lcmSetTimingRdSetup
 .text.lcmSetTimingRdHold
                0x000000004161fa58       0x74 common/built-in.o
                0x000000004161fa58                lcmSetTimingRdHold
 .text.lcmSetTimingRdDestory
                0x000000004161facc       0x74 common/built-in.o
                0x000000004161facc                lcmSetTimingRdDestory
 .text.lcmSetStatusSwitchTrigger
                0x000000004161fb40       0x7c common/built-in.o
                0x000000004161fb40                lcmSetStatusSwitchTrigger
 .text.lcmSetStageStatus
                0x000000004161fbbc       0x74 common/built-in.o
                0x000000004161fbbc                lcmSetStageStatus
 .text.lcmGetStageStatus
                0x000000004161fc30       0x68 common/built-in.o
                0x000000004161fc30                lcmGetStageStatus
 .text.lcmClearCmdStatus
                0x000000004161fc98       0x78 common/built-in.o
                0x000000004161fc98                lcmClearCmdStatus
 .text.lcmGetCmdStatus
                0x000000004161fd10       0x84 common/built-in.o
                0x000000004161fd10                lcmGetCmdStatus
 .text.lcmSetCmdRun
                0x000000004161fd94       0x7c common/built-in.o
                0x000000004161fd94                lcmSetCmdRun
 .text.lcmSetCmdRW
                0x000000004161fe10       0x74 common/built-in.o
                0x000000004161fe10                lcmSetCmdRW
 .text.lcmSetCmdDummyNum
                0x000000004161fe84       0x74 common/built-in.o
                0x000000004161fe84                lcmSetCmdDummyNum
 .text.lcmSetCmdDataNum
                0x000000004161fef8       0x74 common/built-in.o
                0x000000004161fef8                lcmSetCmdDataNum
 .text.lcmSetCmdAddrNum
                0x000000004161ff6c       0x74 common/built-in.o
                0x000000004161ff6c                lcmSetCmdAddrNum
 .text.lcmSetWData
                0x000000004161ffe0       0x54 common/built-in.o
                0x000000004161ffe0                lcmSetWData
 .text.lcmGetRData
                0x0000000041620034       0x54 common/built-in.o
                0x0000000041620034                lcmGetRData
 .text.lcmSetWCmd
                0x0000000041620088       0x54 common/built-in.o
                0x0000000041620088                lcmSetWCmd
 .text.rgb_init
                0x00000000416200dc      0x428 common/built-in.o
                0x00000000416200dc                rgb_init
 .text.rgb_deinit
                0x0000000041620504      0x104 common/built-in.o
                0x0000000041620504                rgb_deinit
 .text.dsi_mipi_set_err_code
                0x0000000041620608       0x24 common/built-in.o
                0x0000000041620608                dsi_mipi_set_err_code
 .text.dsi_mipi_get_err_code
                0x000000004162062c       0x10 common/built-in.o
                0x000000004162062c                dsi_mipi_get_err_code
 .text.dsi_generic_write
                0x000000004162063c       0x30 common/built-in.o
                0x000000004162063c                dsi_generic_write
 .text.dsi_dcs_write
                0x000000004162066c       0x30 common/built-in.o
                0x000000004162066c                dsi_dcs_write
 .text.dsi_dcs_read
                0x000000004162069c       0x3c common/built-in.o
                0x000000004162069c                dsi_dcs_read
 .text.dsi_push_table
                0x00000000416206d8       0xc0 common/built-in.o
                0x00000000416206d8                dsi_push_table
 .text.dsi_init
                0x0000000041620798      0x420 common/built-in.o
                0x0000000041620798                dsi_init
 .text.dsi_deinit
                0x0000000041620bb8      0x238 common/built-in.o
                0x0000000041620bb8                dsi_deinit
 .text.dsi_lp_mode
                0x0000000041620df0       0x40 common/built-in.o
                0x0000000041620df0                dsi_lp_mode
 .text.dsi_hs_mode
                0x0000000041620e30       0x40 common/built-in.o
                0x0000000041620e30                dsi_hs_mode
 .text.get_phy_work_mode
                0x0000000041620e70       0x4c common/built-in.o
                0x0000000041620e70                get_phy_work_mode
 .text.dsi_host_set_power_up
                0x0000000041620ebc       0x3c common/built-in.o