../board/molchip/flash/molchip_nand_spl.c:341:12:spi_nand_check_erased_buf	20	static
../board/molchip/flash/molchip_nand_spl.c:403:12:spi_nand_send_cmd	24	static
../board/molchip/flash/molchip_nand_spl.c:623:12:spi_nand_read_page_to_cache	48	static
../board/molchip/flash/molchip_nand_spl.c:614:12:spi_nand_write_enable	48	static
../board/molchip/flash/molchip_nand_spl.c:832:12:spi_nand_set_otp.isra	48	static
../board/molchip/flash/molchip_nand_spl.c:818:12:spi_nand_get_otp.isra	48	static
../board/molchip/flash/molchip_nand_spl.c:764:12:spi_nand_read_id.isra	48	static
../board/molchip/flash/molchip_nand_spl.c:582:12:spi_nand_wait	56	static
../board/molchip/flash/molchip_nand_spl.c:332:5:ilog2	0	static
../board/molchip/flash/molchip_nand_spl.c:777:12:spi_nand_scan_id_table	16	static
../board/molchip/flash/molchip_nand_spl.c:637:5:get_ecc_sts_with_check_ecc_chunk	48	static
../board/molchip/flash/molchip_nand_spl.c:669:12:spi_nand_read_from_cache.constprop	64	static
../board/molchip/flash/molchip_nand_spl.c:1058:12:spi_nand_do_read_page.constprop	72	static
../board/molchip/flash/molchip_nand_spl.c:805:5:spi_nand_scan	24	static
../board/molchip/flash/molchip_nand_spl.c:865:5:spi_nand_disable_ecc	16	static
../board/molchip/flash/molchip_nand_spl.c:1113:5:spi_nand_read_data	40	static
../board/molchip/flash/molchip_nand_spl.c:1146:5:spl_nand_ctroller_reset	56	static
../board/molchip/flash/molchip_nand_spl.c:1159:5:spl_nand_load_image	24	static
../board/molchip/flash/molchip_nand_spl.c:1212:5:spi_nand_read	40	static
../board/molchip/flash/molchip_nand_spl.c:1243:5:spi_nand_program	80	static
../board/molchip/flash/molchip_nand_spl.c:1276:5:spi_nand_erase	72	static
