Archive member included to satisfy reference by file (symbol)

arch/arm/lib/lib.a(lib1funcs.o)
                              drivers/built-in.o (__aeabi_uidiv)
arch/arm/lib/lib.a(div0.o)    arch/arm/lib/lib.a(lib1funcs.o) (__div0)

Discarded input sections

 .data          0x0000000000000000        0x0 arch/arm/cpu/armv7/start.o
 .bss           0x0000000000000000        0x0 arch/arm/cpu/armv7/start.o
 .text.mmu_page_table_flush
                0x0000000000000000       0x24 arch/arm/cpu/armv7/built-in.o
 .text.v7_outer_cache_inval_range
                0x0000000000000000        0x4 arch/arm/cpu/armv7/built-in.o
 .text.invalidate_dcache_range
                0x0000000000000000       0x64 arch/arm/cpu/armv7/built-in.o
 .text.v7_arch_cp15_set_l2aux_ctrl
                0x0000000000000000        0x8 arch/arm/cpu/armv7/built-in.o
 .text.v7_arch_cp15_set_acr
                0x0000000000000000        0x8 arch/arm/cpu/armv7/built-in.o
 .text.sdelay   0x0000000000000000        0xc arch/arm/cpu/armv7/built-in.o
 .text.wait_on_value
                0x0000000000000000       0x38 arch/arm/cpu/armv7/built-in.o
 .text.s_init   0x0000000000000000        0x4 arch/arm/cpu/armv7/built-in.o
 .text.lowlevel_init
                0x0000000000000000       0x24 arch/arm/cpu/armv7/built-in.o
 .data          0x0000000000000000        0x0 arch/arm/cpu/armv7/built-in.o
 .bss           0x0000000000000000        0x0 arch/arm/cpu/armv7/built-in.o
 .text.setup_board_tags
                0x0000000000000000        0x4 arch/arm/lib/built-in.o
 .text.armv7_boot_nonsec_default
                0x0000000000000000        0x8 arch/arm/lib/built-in.o
 .text.enable_caches
                0x0000000000000000        0xc arch/arm/lib/built-in.o
 .text.invalidate_dcache_range
                0x0000000000000000        0x4 arch/arm/lib/built-in.o
 .text.flush_dcache_range
                0x0000000000000000        0x4 arch/arm/lib/built-in.o
 .text.flush_dcache_all
                0x0000000000000000        0xc arch/arm/lib/built-in.o
 .text.arm_init_before_mmu
                0x0000000000000000        0x4 arch/arm/lib/built-in.o
 .text.mmu_page_table_flush
                0x0000000000000000        0x4 arch/arm/lib/built-in.o
 .text.mmu_set_region_dcache_behaviour
                0x0000000000000000       0x64 arch/arm/lib/built-in.o
 .text.icache_status
                0x0000000000000000       0x24 arch/arm/lib/built-in.o
 .text.fdt_psci
                0x0000000000000000        0x8 arch/arm/lib/built-in.o
 .rodata.enable_caches.str1.1
                0x0000000000000000       0x1d arch/arm/lib/built-in.o
 .data          0x0000000000000000        0x0 arch/arm/lib/built-in.o
 .__efi_runtime_rel_start
                0x0000000000000000        0x0 arch/arm/lib/built-in.o
 .__efi_runtime_rel_stop
                0x0000000000000000        0x0 arch/arm/lib/built-in.o
 .__efi_runtime_start
                0x0000000000000000        0x0 arch/arm/lib/built-in.o
 .__efi_runtime_stop
                0x0000000000000000        0x0 arch/arm/lib/built-in.o
 .__secure_end  0x0000000000000000        0x0 arch/arm/lib/built-in.o
 .__secure_stack_end
                0x0000000000000000        0x0 arch/arm/lib/built-in.o
 .__secure_stack_start
                0x0000000000000000        0x0 arch/arm/lib/built-in.o
 .__secure_start
                0x0000000000000000        0x0 arch/arm/lib/built-in.o
 .bss           0x0000000000000000        0x0 arch/arm/lib/built-in.o
 .text          0x0000000000000000        0x0 arch/arm/mach-molchip/built-in.o
 .data          0x0000000000000000        0x0 arch/arm/mach-molchip/built-in.o
 .bss           0x0000000000000000        0x0 arch/arm/mach-molchip/built-in.o
 .text          0x0000000000000000        0x0 board/molchip/built-in.o
 .text.board_eth_init
                0x0000000000000000        0x8 board/molchip/built-in.o
 .text.v2m_cfg_write
                0x0000000000000000        0x8 board/molchip/built-in.o
 .text.get_board_rev
                0x0000000000000000        0x4 board/molchip/built-in.o
 .data          0x0000000000000000        0x0 board/molchip/built-in.o
 .bss           0x0000000000000000        0x0 board/molchip/built-in.o
 .text          0x0000000000000000        0x0 cmd/built-in.o
 .text.bootm_maybe_autostart
                0x0000000000000000       0x78 cmd/built-in.o
 .text.blk_common_cmd
                0x0000000000000000      0x324 cmd/built-in.o
 .text.bootz_setup
                0x0000000000000000       0x18 cmd/built-in.o
 .text.get_env_id
                0x0000000000000000       0x10 cmd/built-in.o
 .rodata.bootm_maybe_autostart.str1.1
                0x0000000000000000       0x3b cmd/built-in.o
 .rodata.blk_common_cmd.str1.1
                0x0000000000000000      0x103 cmd/built-in.o
 .rodata.bootz_setup.str1.1
                0x0000000000000000       0x34 cmd/built-in.o
 .data          0x0000000000000000        0x0 cmd/built-in.o
 .bss           0x0000000000000000        0x0 cmd/built-in.o
[...]
Memory Configuration

Name             Origin             Length             Attributes
*default*        0x0000000000000000 0xffffffffffffffff

Linker script and memory map

Address of section .text set to 0x81600000
                0x0000000000000000                . = 0x0
                0x0000000000000000                . = ALIGN (0x4)

.text           0x0000000081600000    0x12ccc
 *(.__image_copy_start)
 .__image_copy_start
                0x0000000081600000        0x0 arch/arm/lib/built-in.o
                0x0000000081600000                __image_copy_start
 *(.vectors)
 .vectors       0x0000000081600000      0x2e8 arch/arm/lib/built-in.o
                0x0000000081600000                _start
                0x0000000081600020                _undefined_instruction
                0x0000000081600024                _software_interrupt
                0x0000000081600028                _prefetch_abort
                0x000000008160002c                _data_abort
                0x0000000081600030                _not_used
                0x0000000081600034                _irq
                0x0000000081600038                _fiq
                0x0000000081600040                IRQ_STACK_START_IN
 arch/arm/cpu/armv7/start.o(.text*)
 .text          0x00000000816002e8       0xc4 arch/arm/cpu/armv7/start.o
                0x00000000816002e8                reset
                0x00000000816002ec                save_boot_params_ret
                0x00000000816002fc                switch_to_hypervisor_ret
                0x0000000081600338                c_runtime_cpu_setup
                0x0000000081600348                save_boot_params
                0x000000008160034c                switch_to_hypervisor
                0x0000000081600350                cpu_init_cp15
                0x00000000816003a4                cpu_init_crit
 *(.text*)
 .text          0x00000000816003ac      0x148 arch/arm/cpu/armv7/built-in.o
                0x00000000816003ac                __v7_flush_dcache_all
                0x0000000081600440                v7_flush_dcache_all
                0x0000000081600450                __v7_invalidate_dcache_all
                0x00000000816004e4                v7_invalidate_dcache_all
 .text.invalidate_icache_all
                0x00000000816004f4       0x18 arch/arm/cpu/armv7/built-in.o
                0x00000000816004f4                invalidate_icache_all
 .text.v7_outer_cache_enable
                0x000000008160050c        0x4 arch/arm/cpu/armv7/built-in.o
                0x000000008160050c                v7_outer_cache_enable
 .text.v7_outer_cache_disable
                0x0000000081600510        0x4 arch/arm/cpu/armv7/built-in.o
                0x0000000081600510                v7_outer_cache_disable
 .text.v7_outer_cache_flush_all
                0x0000000081600514        0x4 arch/arm/cpu/armv7/built-in.o
                0x0000000081600514                v7_outer_cache_flush_all
 .text.flush_dcache_all
                0x0000000081600518       0x10 arch/arm/cpu/armv7/built-in.o
                0x0000000081600518                flush_dcache_all
 .text.v7_outer_cache_inval_all
                0x0000000081600528        0x4 arch/arm/cpu/armv7/built-in.o
                0x0000000081600528                v7_outer_cache_inval_all
 .text.invalidate_dcache_all
                0x000000008160052c       0x10 arch/arm/cpu/armv7/built-in.o
                0x000000008160052c                invalidate_dcache_all
 .text.arm_init_before_mmu
                0x000000008160053c       0x28 arch/arm/cpu/armv7/built-in.o
                0x000000008160053c                arm_init_before_mmu
 .text.v7_outer_cache_flush_range
                0x0000000081600564        0x4 arch/arm/cpu/armv7/built-in.o
                0x0000000081600564                v7_outer_cache_flush_range
 .text.flush_dcache_range
                0x0000000081600568       0x54 arch/arm/cpu/armv7/built-in.o
                0x0000000081600568                flush_dcache_range
 .text.cpu_cache_initialization
                0x00000000816005bc        0x4 arch/arm/cpu/armv7/built-in.o
                0x00000000816005bc                cpu_cache_initialization
 .text.cleanup_before_linux_select
                0x00000000816005c0       0x4c arch/arm/cpu/armv7/built-in.o
                0x00000000816005c0                cleanup_before_linux_select
 .text.cleanup_before_linux
                0x000000008160060c        0x8 arch/arm/cpu/armv7/built-in.o
                0x000000008160060c                cleanup_before_linux
 *fill*         0x0000000081600614        0xc 
 .text          0x0000000081600620      0x528 arch/arm/lib/built-in.o
                0x0000000081600620                _main
                0x00000000816006c0                memset
                0x000000008160079c                memcpy
 .text.relocate_vectors
                0x0000000081600b48       0x70 arch/arm/lib/built-in.o
                0x0000000081600b48                relocate_vectors
                0x0000000081600b54                relocate_code
 .text.arch_fixup_fdt
                0x0000000081600bb8       0x34 arch/arm/lib/built-in.o
                0x0000000081600bb8                arch_fixup_fdt
 .text.boot_prep_linux
                0x0000000081600bec       0x4c arch/arm/lib/built-in.o
 .text.arch_lmb_reserve
                0x0000000081600c38       0x24 arch/arm/lib/built-in.o
                0x0000000081600c38                arch_lmb_reserve
 .text.board_quiesce_devices
                0x0000000081600c5c        0x4 arch/arm/lib/built-in.o
                0x0000000081600c5c                board_quiesce_devices
 .text.boot_jump_linux
                0x0000000081600c60       0xc8 arch/arm/lib/built-in.o
 .text.do_bootm_linux
                0x0000000081600d28       0x58 arch/arm/lib/built-in.o
                0x0000000081600d28                do_bootm_linux
 .text.boot_prep_vxworks
                0x0000000081600d80       0x50 arch/arm/lib/built-in.o
                0x0000000081600d80                boot_prep_vxworks
 .text.boot_jump_vxworks
                0x0000000081600dd0        0xc arch/arm/lib/built-in.o
                0x0000000081600dd0                boot_jump_vxworks
 .text.bootz_setup
                0x0000000081600ddc       0xa0 arch/arm/lib/built-in.o
                0x0000000081600ddc                bootz_setup
 .text.arch_reserve_stacks
                0x0000000081600e7c       0x1c arch/arm/lib/built-in.o
                0x0000000081600e7c                arch_reserve_stacks
 .text.interrupt_init
                0x0000000081600e98       0x1c arch/arm/lib/built-in.o
                0x0000000081600e98                interrupt_init
 .text.enable_interrupts
                0x0000000081600eb4        0x4 arch/arm/lib/built-in.o
                0x0000000081600eb4                enable_interrupts
 .text.disable_interrupts
                0x0000000081600eb8        0x8 arch/arm/lib/built-in.o
                0x0000000081600eb8                disable_interrupts
 .text.bad_mode
                0x0000000081600ec0       0x10 arch/arm/lib/built-in.o
                0x0000000081600ec0                bad_mode
 .text.show_regs
                0x0000000081600ed0      0x174 arch/arm/lib/built-in.o
                0x0000000081600ed0                show_regs
 .text.do_undefined_instruction
                0x0000000081601044       0x2c arch/arm/lib/built-in.o
                0x0000000081601044                do_undefined_instruction
 .text.do_software_interrupt
                0x0000000081601070       0x2c arch/arm/lib/built-in.o
                0x0000000081601070                do_software_interrupt
 .text.do_prefetch_abort
                0x000000008160109c       0x2c arch/arm/lib/built-in.o
                0x000000008160109c                do_prefetch_abort
 .text.do_data_abort
                0x00000000816010c8       0x2c arch/arm/lib/built-in.o
                0x00000000816010c8                do_data_abort
 .text.do_not_used
                0x00000000816010f4       0x2c arch/arm/lib/built-in.o
                0x00000000816010f4                do_not_used
 .text.do_fiq   0x0000000081601120       0x2c arch/arm/lib/built-in.o
                0x0000000081601120                do_fiq
 .text.do_irq   0x000000008160114c       0x2c arch/arm/lib/built-in.o
                0x000000008160114c                do_irq
 .text.reset_misc
                0x0000000081601178        0x4 arch/arm/lib/built-in.o
                0x0000000081601178                reset_misc
 .text.do_reset
                0x000000008160117c       0x30 arch/arm/lib/built-in.o
                0x000000008160117c                do_reset
 .text.flush_cache
                0x00000000816011ac        0x8 arch/arm/lib/built-in.o
                0x00000000816011ac                flush_cache
 .text.check_cache_range
                0x00000000816011b4       0x34 arch/arm/lib/built-in.o
                0x00000000816011b4                check_cache_range
 .text.cache_disable
                0x00000000816011e8       0x88 arch/arm/lib/built-in.o
 .text.arm_init_domains
                0x0000000081601270        0x4 arch/arm/lib/built-in.o
                0x0000000081601270                arm_init_domains
 .text.set_section_dcache
                0x0000000081601274       0x1c arch/arm/lib/built-in.o
                0x0000000081601274                set_section_dcache
 .text.dram_bank_mmu_setup
                0x0000000081601290       0x44 arch/arm/lib/built-in.o
                0x0000000081601290                dram_bank_mmu_setup
 .text.cache_enable
                0x00000000816012d4      0x170 arch/arm/lib/built-in.o
 .text.icache_enable
                0x0000000081601444        0x8 arch/arm/lib/built-in.o
                0x0000000081601444                icache_enable
 .text.icache_disable
                0x000000008160144c        0x8 arch/arm/lib/built-in.o
                0x000000008160144c                icache_disable
 .text.dcache_enable
                0x0000000081601454        0x8 arch/arm/lib/built-in.o
                0x0000000081601454                dcache_enable
 .text.dcache_disable
                0x000000008160145c        0x8 arch/arm/lib/built-in.o
                0x000000008160145c                dcache_disable
 .text.dcache_status
                0x0000000081601464       0x24 arch/arm/lib/built-in.o
                0x0000000081601464                dcache_status
 .text.arch_cpu_init
                0x0000000081601488        0x8 arch/arm/mach-molchip/built-in.o
                0x0000000081601488                arch_cpu_init
 .text.enable_caches
                0x0000000081601490        0x4 arch/arm/mach-molchip/built-in.o
                0x0000000081601490                enable_caches
 .text.board_init
                0x0000000081601494       0x64 board/molchip/built-in.o
                0x0000000081601494                board_init
 .text.dram_init
                0x00000000816014f8       0x1c board/molchip/built-in.o
                0x00000000816014f8                dram_init
 .text.dram_init_banksize
                0x0000000081601514       0x28 board/molchip/built-in.o
                0x0000000081601514                dram_init_banksize
 .text.reset_cpu
                0x000000008160153c        0x4 board/molchip/built-in.o
                0x000000008160153c                reset_cpu
 .text.lowlevel_init
                0x0000000081601540        0x4 board/molchip/built-in.o
                0x0000000081601540                lowlevel_init
 .text.do_go_exec
                0x0000000081601544       0x10 cmd/built-in.o
                0x0000000081601544                do_go_exec
 .text.do_go    0x0000000081601554       0x6c cmd/built-in.o
 .text.do_bootm
                0x00000000816015c0      0x108 cmd/built-in.o
                0x00000000816015c0                do_bootm
 .text.image_info
                0x00000000816016c8       0xcc cmd/built-in.o
 .text.do_iminfo
                0x0000000081601794       0x54 cmd/built-in.o
 .text.do_help  0x00000000816017e8       0x44 cmd/built-in.o
 .text.do_version
                0x000000008160182c       0x40 cmd/built-in.o
 .text.source   0x000000008160186c       0xd8 cmd/built-in.o
                0x000000008160186c                source
 .text.do_source
                0x0000000081601944       0x48 cmd/built-in.o
 .text.print_num
                0x000000008160198c       0x14 cmd/built-in.o
 .text.do_bdinfo
                0x00000000816019a0       0xe8 cmd/built-in.o
 .text.do_bootz
                0x0000000081601a88       0xfc cmd/built-in.o
                0x0000000081601a88                do_bootz
 .text.do_echo  0x0000000081601b84       0xb4 cmd/built-in.o
 .text.load_elf_image_shdr
                0x0000000081601c38       0x8c cmd/built-in.o
 .text.valid_elf_image
                0x0000000081601cc4       0x4c cmd/built-in.o
                0x0000000081601cc4                valid_elf_image
 .text.do_bootelf
                0x0000000081601d10      0x1cc cmd/built-in.o
                0x0000000081601d10                do_bootelf
 .text.do_bootvx
                0x0000000081601edc      0x2ec cmd/built-in.o
                0x0000000081601edc                do_bootvx
 .text.fdt_valid
                0x00000000816021c8       0xbc cmd/built-in.o
 .text.is_printable_string
                0x0000000081602284       0x88 cmd/built-in.o
 .text.print_data
                0x000000008160230c      0x170 cmd/built-in.o
 .text.set_working_fdt_addr
                0x000000008160247c       0x1c cmd/built-in.o
                0x000000008160247c                set_working_fdt_addr
 .text.do_fdt   0x0000000081602498      0xebc cmd/built-in.o
 .text.do_mem_mw
                0x0000000081603354       0xc0 cmd/built-in.o
 .text.do_mem_loop
                0x0000000081603414       0xec cmd/built-in.o
 .text.do_mem_md
                0x0000000081603500       0xe8 cmd/built-in.o
 .text.do_mem_cmp
                0x00000000816035e8      0x154 cmd/built-in.o
 .text.do_mem_base
                0x000000008160373c       0x40 cmd/built-in.o
 .text.do_mem_cp
                0x000000008160377c       0xa8 cmd/built-in.o
 .text.do_mem_crc
                0x0000000081603824       0x48 cmd/built-in.o
 .text.mod_mem.isra.0
                0x000000008160386c      0x170 cmd/built-in.o
 .text.do_mem_mm
                0x00000000816039dc        0x8 cmd/built-in.o
 .text.do_mem_nm
                0x00000000816039e4        0x8 cmd/built-in.o
 .text.do_env_delete
                0x00000000816039ec       0xa0 cmd/built-in.o
 .text.do_env   0x0000000081603a8c       0x68 cmd/built-in.o
 .text.env_print
                0x0000000081603af4       0xc4 cmd/built-in.o
 .text.do_env_print
                0x0000000081603bb8       0xc0 cmd/built-in.o
 .text.do_env_import
                0x0000000081603c78      0x280 cmd/built-in.o
 .text.do_env_default
                0x0000000081603ef8       0x9c cmd/built-in.o
 .text._do_env_set.isra.0
                0x0000000081603f94      0x1b4 cmd/built-in.o
 .text.do_env_set
                0x0000000081604148       0x20 cmd/built-in.o
 .text.env_set  0x0000000081604168       0x60 cmd/built-in.o
                0x0000000081604168                env_set
 .text.env_set_ulong
                0x00000000816041c8       0x20 cmd/built-in.o
                0x00000000816041c8                env_set_ulong
 .text.env_set_hex
                0x00000000816041e8       0x34 cmd/built-in.o
                0x00000000816041e8                env_set_hex
 .text.do_env_export
                0x000000008160421c      0x248 cmd/built-in.o
 .text.envmatch
                0x0000000081604464       0x6c cmd/built-in.o
                0x0000000081604464                envmatch
 .text.env_get_f
                0x00000000816044d0       0xc8 cmd/built-in.o
                0x00000000816044d0                env_get_f
 .text.env_get  0x0000000081604598       0x78 cmd/built-in.o
                0x0000000081604598                env_get
 .text.env_get_hex
                0x0000000081604610       0x3c cmd/built-in.o
                0x0000000081604610                env_get_hex
 .text.env_get_ulong
                0x000000008160464c       0x30 cmd/built-in.o
                0x000000008160464c                env_get_ulong
 .text.board_init_f_alloc_reserve
                0x000000008160467c        0xc common/built-in.o
                0x000000008160467c                board_init_f_alloc_reserve
 .text.board_init_f_init_reserve
                0x0000000081604688        0xc common/built-in.o
                0x0000000081604688                board_init_f_init_reserve
 .text.show_boot_progress
                0x0000000081604694        0x8 common/built-in.o
                0x0000000081604694                show_boot_progress
 .text.main_loop
                0x000000008160469c       0x2c common/built-in.o
                0x000000008160469c                main_loop
 .text.mdelay   0x00000000816046c8       0x1c common/built-in.o
 .text.dummy    0x00000000816046e4        0x4 common/built-in.o
 .text.get_version
                0x00000000816046e8        0x8 common/built-in.o
                0x00000000816046e8                get_version
 .text.jumptable_init
                0x00000000816046f0      0x1e0 common/built-in.o
                0x00000000816046f0                jumptable_init
 .text.hash_command
                0x00000000816048d0       0xb0 common/built-in.o
                0x00000000816048d0                hash_command
 .text.bootdelay_process
                0x0000000081604980       0x4c common/built-in.o
                0x0000000081604980                bootdelay_process
 .text.display_text_info
                0x00000000816049cc        0x8 common/built-in.o
 .text.setup_mon_len
                0x00000000816049d4       0x20 common/built-in.o
 .text.reserve_round_4k
                0x00000000816049f4       0x18 common/built-in.o
 .text.reserve_mmu
                0x0000000081604a0c       0x38 common/built-in.o
                0x0000000081604a0c                reserve_mmu
 .text.reserve_uboot
                0x0000000081604a44       0x30 common/built-in.o
 .text.reserve_malloc
                0x0000000081604a74       0x14 common/built-in.o
 .text.reserve_global_data
                0x0000000081604a88       0x1c common/built-in.o
 .text.reserve_fdt
                0x0000000081604aa4       0x4c common/built-in.o
 .text.setup_reloc
                0x0000000081604af0       0x40 common/built-in.o
 .text.reloc_fdt
                0x0000000081604b30       0x44 common/built-in.o
 .text.reserve_board
                0x0000000081604b74       0x40 common/built-in.o
 .text.announce_dram_init
                0x0000000081604bb4       0x18 common/built-in.o
 .text.init_baud_rate
                0x0000000081604bcc       0x2c common/built-in.o
 .text.initf_bootstage
                0x0000000081604bf8       0x14 common/built-in.o
 .text.arch_cpu_init_dm
                0x0000000081604c0c        0x8 common/built-in.o
                0x0000000081604c0c                arch_cpu_init_dm
 .text.mach_cpu_init
                0x0000000081604c14        0x8 common/built-in.o
                0x0000000081604c14                mach_cpu_init
 .text.reserve_video
                0x0000000081604c1c        0x8 common/built-in.o
 .text.reserve_trace
                0x0000000081604c24        0x8 common/built-in.o
 .text.setup_machine
                0x0000000081604c2c        0x8 common/built-in.o
 .text.reserve_bootstage
                0x0000000081604c34        0x8 common/built-in.o
 .text.display_new_sp
                0x0000000081604c3c        0x8 common/built-in.o
 .text.reloc_bootstage
                0x0000000081604c44        0x8 common/built-in.o
 .text.initf_console_record
                0x0000000081604c4c        0x8 common/built-in.o
 .text.initf_dm
                0x0000000081604c54        0x8 common/built-in.o
 .text.reserve_arch
                0x0000000081604c5c        0x8 common/built-in.o
                0x0000000081604c5c                reserve_arch
 .text.coloured_LED_init
                0x0000000081604c64        0x4 common/built-in.o
                0x0000000081604c64                coloured_LED_init
 .text.red_led_on
                0x0000000081604c68        0x4 common/built-in.o
                0x0000000081604c68                red_led_on
 .text.board_add_ram_info
                0x0000000081604c6c        0x4 common/built-in.o
                0x0000000081604c6c                board_add_ram_info
 .text.show_dram_config
                0x0000000081604c70       0x38 common/built-in.o
 .text.board_get_usable_ram_top
                0x0000000081604ca8       0x14 common/built-in.o
                0x0000000081604ca8                board_get_usable_ram_top
 .text.setup_dest_addr
                0x0000000081604cbc       0x3c common/built-in.o
 .text.reserve_stacks
                0x0000000081604cf8       0x1c common/built-in.o
 .text.board_init_f
                0x0000000081604d14       0x28 common/built-in.o
                0x0000000081604d14                board_init_f
 .text.bootstage_relocate
                0x0000000081604d3c        0x8 common/built-in.o
 .text.initr_trace
                0x0000000081604d44        0x8 common/built-in.o
 .text.initr_reloc
                0x0000000081604d4c       0x18 common/built-in.o
 .text.initr_reloc_global_data
                0x0000000081604d64       0x28 common/built-in.o
 .text.run_main_loop
                0x0000000081604d8c        0xc common/built-in.o
 .text.initr_enable_interrupts
                0x0000000081604d98       0x10 common/built-in.o
 .text.initr_jumptable
                0x0000000081604da8       0x10 common/built-in.o
 .text.initr_env
                0x0000000081604db8       0x30 common/built-in.o
 .text.initr_mmc
                0x0000000081604de8       0x20 common/built-in.o
 .text.initr_serial
                0x0000000081604e08       0x10 common/built-in.o
 .text.initr_bootstage
                0x0000000081604e18       0x14 common/built-in.o
 .text.initr_malloc
                0x0000000081604e2c       0x1c common/built-in.o
 .text.initr_caches
                0x0000000081604e48       0x10 common/built-in.o
 .text.initr_announce
                0x0000000081604e58        0x8 common/built-in.o
 .text.initr_barrier
                0x0000000081604e60        0x8 common/built-in.o
 .text.initr_console_record
                0x0000000081604e68        0x8 common/built-in.o
 .text.power_init_board
                0x0000000081604e70        0x8 common/built-in.o
                0x0000000081604e70                power_init_board
 .text.cpu_secondary_init_r
                0x0000000081604e78        0x4 common/built-in.o
                0x0000000081604e78                cpu_secondary_init_r
 .text.initr_secondary_cpu
                0x0000000081604e7c       0x10 common/built-in.o
 .text.board_init_r
                0x0000000081604e8c       0x14 common/built-in.o
                0x0000000081604e8c                board_init_r
 .text.bootm_find_images
                0x0000000081604ea0       0xa8 common/built-in.o
                0x0000000081604ea0                bootm_find_images
 .text.bootm_decomp_image
                0x0000000081604f48      0x140 common/built-in.o
                0x0000000081604f48                bootm_decomp_image
 .text.bootm_disable_interrupts
                0x0000000081605088        0x4 common/built-in.o
                0x0000000081605088                bootm_disable_interrupts
 .text.do_bootm_states
                0x000000008160508c      0x720 common/built-in.o
                0x000000008160508c                do_bootm_states
 .text.copy_args
                0x00000000816057ac       0x4c common/built-in.o
 .text.do_bootm_rtems
                0x00000000816057f8       0x40 common/built-in.o
 .text.do_bootm_plan9
                0x0000000081605838       0xa4 common/built-in.o
 .text.do_bootm_standalone
                0x00000000816058dc       0x64 common/built-in.o
 .text.do_bootm_qnxelf
                0x0000000081605940       0x78 common/built-in.o
 .text.do_bootm_netbsd
                0x00000000816059b8       0xf8 common/built-in.o
 .text.do_bootvx_fdt
                0x0000000081605ab0      0x114 common/built-in.o
                0x0000000081605ab0                do_bootvx_fdt
 .text.do_bootm_vxworks
                0x0000000081605bc4       0x24 common/built-in.o
 .text.arch_preboot_os
                0x0000000081605be8        0x4 common/built-in.o
                0x0000000081605be8                arch_preboot_os
 .text.boot_selected_os
                0x0000000081605bec       0x58 common/built-in.o
                0x0000000081605bec                boot_selected_os
 .text.bootm_os_get_boot_func
                0x0000000081605c44       0x10 common/built-in.o
                0x0000000081605c44                bootm_os_get_boot_func
 .text.fdt_find_and_setprop
                0x0000000081605c54       0x70 common/built-in.o
                0x0000000081605c54                fdt_find_and_setprop
 .text.fdt_find_or_add_subnode
                0x0000000081605cc4       0x60 common/built-in.o
                0x0000000081605cc4                fdt_find_or_add_subnode
 .text.fdt_root
                0x0000000081605d24       0x90 common/built-in.o
                0x0000000081605d24                fdt_root
 .text.fdt_initrd
                0x0000000081605db4      0x1d0 common/built-in.o
                0x0000000081605db4                fdt_initrd
 .text.fdt_chosen
                0x0000000081605f84       0xa8 common/built-in.o
                0x0000000081605f84                fdt_chosen
 .text.do_fixup_by_path
                0x000000008160602c       0x54 common/built-in.o
                0x000000008160602c                do_fixup_by_path
 .text.fdt_fixup_memory_banks
                0x0000000081606080      0x1d8 common/built-in.o
                0x0000000081606080                fdt_fixup_memory_banks
 .text.fdt_fixup_memory
                0x0000000081606258       0x20 common/built-in.o
                0x0000000081606258                fdt_fixup_memory
 .text.fdt_fixup_ethernet
                0x0000000081606278      0x1b8 common/built-in.o
                0x0000000081606278                fdt_fixup_ethernet
 .text.fdt_shrink_to_minimum
                0x0000000081606430       0xd4 common/built-in.o
                0x0000000081606430                fdt_shrink_to_minimum
 .text.delete_char.part.0
                0x0000000081606504       0xd0 common/built-in.o
 .text.cli_readline_into_buffer
                0x00000000816065d4      0x214 common/built-in.o
                0x00000000816065d4                cli_readline_into_buffer
 .text.cli_readline
                0x00000000816067e8       0x14 common/built-in.o
                0x00000000816067e8                cli_readline
 .text.cli_simple_parse_line
                0x00000000816067fc       0x8c common/built-in.o
                0x00000000816067fc                cli_simple_parse_line
 .text.cli_simple_process_macros
                0x0000000081606888      0x200 common/built-in.o
                0x0000000081606888                cli_simple_process_macros
 .text.cli_simple_run_command
                0x0000000081606a88      0x150 common/built-in.o
                0x0000000081606a88                cli_simple_run_command
 .text.cli_simple_run_command_list
                0x0000000081606bd8       0x70 common/built-in.o
                0x0000000081606bd8                cli_simple_run_command_list
 .text.console_setfile
                0x0000000081606c48       0xb8 common/built-in.o
 .text.getc     0x0000000081606d00        0x8 common/built-in.o
                0x0000000081606d00                getc
 .text.ftstc    0x0000000081606d08       0x24 common/built-in.o
                0x0000000081606d08                ftstc
 .text.tstc     0x0000000081606d2c       0x24 common/built-in.o
                0x0000000081606d2c                tstc
 .text.fputc    0x0000000081606d50       0x1c common/built-in.o
                0x0000000081606d50                fputc
 .text.putc     0x0000000081606d6c       0x28 common/built-in.o
                0x0000000081606d6c                putc
 .text.puts     0x0000000081606d94       0x1c common/built-in.o
                0x0000000081606d94                puts
 .text.ctrlc    0x0000000081606db0       0x38 common/built-in.o
                0x0000000081606db0                ctrlc
 .text.had_ctrlc
                0x0000000081606de8       0x10 common/built-in.o
                0x0000000081606de8                had_ctrlc
 .text.clear_ctrlc
                0x0000000081606df8       0x14 common/built-in.o
                0x0000000081606df8                clear_ctrlc
 .text.search_device
                0x0000000081606e0c       0x28 common/built-in.o
                0x0000000081606e0c                search_device
 .text.console_assign
                0x0000000081606e34       0x40 common/built-in.o
                0x0000000081606e34                console_assign
 .text.on_console
                0x0000000081606e74       0xb8 common/built-in.o
 .text.console_init_f
                0x0000000081606f2c       0x10 common/built-in.o
                0x0000000081606f2c                console_init_f
 .text.stdio_print_current_devices
                0x0000000081606f3c       0xb0 common/built-in.o
                0x0000000081606f3c                stdio_print_current_devices
 .text.console_init_r
                0x0000000081606fec       0xdc common/built-in.o
                0x0000000081606fec                console_init_r
 .text.sbrk     0x00000000816070c8       0x6c common/built-in.o
                0x00000000816070c8                sbrk
 .text.mem_malloc_init
                0x0000000081607134       0x34 common/built-in.o
                0x0000000081607134                mem_malloc_init
 .text.malloc_trim
                0x0000000081607168       0xd0 common/built-in.o
                0x0000000081607168                malloc_trim
 .text.free     0x0000000081607238      0x22c common/built-in.o
                0x0000000081607238                free
 .text.malloc   0x0000000081607464      0x604 common/built-in.o
                0x0000000081607464                malloc
 .text.calloc   0x0000000081607a68       0xcc common/built-in.o
                0x0000000081607a68                calloc
 .text.initf_malloc
                0x0000000081607b34        0x8 common/built-in.o
                0x0000000081607b34                initf_malloc
 .text.on_loadaddr
                0x0000000081607b3c       0x40 common/built-in.o
 .text.image_check_hcrc
                0x0000000081607b7c       0x4c common/built-in.o
                0x0000000081607b7c                image_check_hcrc
 .text.image_check_dcrc
                0x0000000081607bc8       0x38 common/built-in.o
                0x0000000081607bc8                image_check_dcrc
 .text.image_multi_count
                0x0000000081607c00       0x1c common/built-in.o
                0x0000000081607c00                image_multi_count
 .text.image_multi_getimg
                0x0000000081607c1c       0x80 common/built-in.o
                0x0000000081607c1c                image_multi_getimg
 .text.env_get_bootm_low
                0x0000000081607c9c       0x30 common/built-in.o
                0x0000000081607c9c                env_get_bootm_low
 .text.env_get_bootm_size
                0x0000000081607ccc       0x68 common/built-in.o
                0x0000000081607ccc                env_get_bootm_size
 .text.env_get_bootm_mapsize
                0x0000000081607d34       0x30 common/built-in.o
                0x0000000081607d34                env_get_bootm_mapsize
 .text.memmove_wd
                0x0000000081607d64        0xc common/built-in.o
                0x0000000081607d64                memmove_wd
 .text.genimg_print_size
                0x0000000081607d70       0x30 common/built-in.o
                0x0000000081607d70                genimg_print_size
 .text.get_table_entry
                0x0000000081607da0       0x24 common/built-in.o
                0x0000000081607da0                get_table_entry
 .text.get_table_entry_name
                0x0000000081607dc4       0x20 common/built-in.o
                0x0000000081607dc4                get_table_entry_name
 .text.genimg_get_os_name
                0x0000000081607de4       0x18 common/built-in.o
                0x0000000081607de4                genimg_get_os_name
 .text.genimg_get_arch_name
                0x0000000081607dfc       0x18 common/built-in.o
                0x0000000081607dfc                genimg_get_arch_name
 .text.genimg_get_type_name
                0x0000000081607e14       0x18 common/built-in.o
                0x0000000081607e14                genimg_get_type_name
 .text.genimg_get_comp_name
                0x0000000081607e2c       0x18 common/built-in.o
                0x0000000081607e2c                genimg_get_comp_name
 .text.image_print_contents
                0x0000000081607e44      0x1b0 common/built-in.o
                0x0000000081607e44                image_print_contents
 .text.genimg_get_kernel_addr_fit
                0x0000000081607ff4       0x24 common/built-in.o
                0x0000000081607ff4                genimg_get_kernel_addr_fit
 .text.genimg_get_format
                0x0000000081608018       0x34 common/built-in.o
                0x0000000081608018                genimg_get_format
 .text.genimg_get_image
                0x000000008160804c        0x4 common/built-in.o
                0x000000008160804c                genimg_get_image
 .text.genimg_has_config
                0x0000000081608050        0x8 common/built-in.o
                0x0000000081608050                genimg_has_config
 .text.boot_get_ramdisk
                0x0000000081608058      0x27c common/built-in.o
                0x0000000081608058                boot_get_ramdisk
 .text.boot_ramdisk_high
                0x00000000816082d4      0x130 common/built-in.o
                0x00000000816082d4                boot_ramdisk_high
 .text.boot_get_setup
                0x0000000081608404        0x8 common/built-in.o
                0x0000000081608404                boot_get_setup
 .text.image_setup_linux
                0x000000008160840c       0x64 common/built-in.o
                0x000000008160840c                image_setup_linux
 .text.fdt_error
                0x0000000081608470       0x2c common/built-in.o
 .text.boot_fdt_add_mem_rsv_regions
                0x000000008160849c       0x8c common/built-in.o
                0x000000008160849c                boot_fdt_add_mem_rsv_regions
 .text.boot_relocate_fdt
                0x0000000081608528      0x194 common/built-in.o
                0x0000000081608528                boot_relocate_fdt
 .text.boot_get_fdt
                0x00000000816086bc      0x28c common/built-in.o
                0x00000000816086bc                boot_get_fdt
 .text.ft_verify_fdt
                0x0000000081608948        0x8 common/built-in.o
                0x0000000081608948                ft_verify_fdt
 .text.image_setup_libfdt
                0x0000000081608950      0x110 common/built-in.o
                0x0000000081608950                image_setup_libfdt
 .text.get_ram_size
                0x0000000081608a60       0xe0 common/built-in.o
                0x0000000081608a60                get_ram_size
 .text.get_effective_memsize
                0x0000000081608b40        0x8 common/built-in.o
                0x0000000081608b40                get_effective_memsize
 .text.stdio_serial_tstc
                0x0000000081608b48        0x4 common/built-in.o
 .text.stdio_serial_getc
                0x0000000081608b4c        0x4 common/built-in.o
 .text.stdio_serial_puts
                0x0000000081608b50        0x8 common/built-in.o
 .text.stdio_serial_putc
                0x0000000081608b58        0x8 common/built-in.o
 .text.stdio_get_list
                0x0000000081608b60        0xc common/built-in.o
                0x0000000081608b60                stdio_get_list
 .text.stdio_get_by_name
                0x0000000081608b6c       0x4c common/built-in.o
                0x0000000081608b6c                stdio_get_by_name
 .text.stdio_clone
                0x0000000081608bb8       0x38 common/built-in.o
                0x0000000081608bb8                stdio_clone
 .text.stdio_register_dev
                0x0000000081608bf0       0x50 common/built-in.o
                0x0000000081608bf0                stdio_register_dev
 .text.stdio_register
                0x0000000081608c40        0x8 common/built-in.o
                0x0000000081608c40                stdio_register
 .text.stdio_init_tables
                0x0000000081608c48       0x1c common/built-in.o
                0x0000000081608c48                stdio_init_tables
 .text.stdio_add_devices
                0x0000000081608c64       0x78 common/built-in.o
                0x0000000081608c64                stdio_add_devices
 .text.run_command
                0x0000000081608cdc       0x18 common/built-in.o
                0x0000000081608cdc                run_command
 .text.run_command_list
                0x0000000081608cf4       0x94 common/built-in.o
                0x0000000081608cf4                run_command_list
 .text.do_run   0x0000000081608d88       0x74 common/built-in.o
                0x0000000081608d88                do_run
 .text.cli_init
                0x0000000081608dfc        0x4 common/built-in.o
                0x0000000081608dfc                cli_init
 .text.find_cmd_tbl
                0x0000000081608e00       0xa4 common/built-in.o
                0x0000000081608e00                find_cmd_tbl
 .text.find_cmd
                0x0000000081608ea4       0x28 common/built-in.o
                0x0000000081608ea4                find_cmd
 .text.cmd_usage
                0x0000000081608ecc       0x5c common/built-in.o
                0x0000000081608ecc                cmd_usage
 .text._do_help
                0x0000000081608f28      0x184 common/built-in.o
                0x0000000081608f28                _do_help
 .text.var_complete
                0x00000000816090ac       0x88 common/built-in.o
                0x00000000816090ac                var_complete
 .text.cmd_auto_complete
                0x0000000081609134      0x4c0 common/built-in.o
                0x0000000081609134                cmd_auto_complete
 .text.cmd_get_data_size
                0x00000000816095f4       0x50 common/built-in.o
                0x00000000816095f4                cmd_get_data_size
 .text.cmd_process
                0x0000000081609644       0xbc common/built-in.o
                0x0000000081609644                cmd_process
 .text.mmc_set_ios
                0x0000000081609700       0x18 drivers/built-in.o
 .text.mmc_set_capacity
                0x0000000081609718       0xb0 drivers/built-in.o
 .text.board_mmc_getcd
                0x00000000816097c8        0x8 drivers/built-in.o
                0x00000000816097c8                board_mmc_getcd
 .text.mmc_send_cmd
                0x00000000816097d0       0x10 drivers/built-in.o
                0x00000000816097d0                mmc_send_cmd
 .text.mmc_send_ext_csd
                0x00000000816097e0       0x4c drivers/built-in.o
 .text.mmc_go_idle
                0x000000008160982c       0x4c drivers/built-in.o
 .text.mmc_send_op_cond_iter
                0x0000000081609878       0x78 drivers/built-in.o
 .text.mmc_send_status
                0x00000000816098f0       0xcc drivers/built-in.o
                0x00000000816098f0                mmc_send_status
 .text.mmc_switch
                0x00000000816099bc       0x68 drivers/built-in.o
                0x00000000816099bc                mmc_switch
 .text.mmc_switch_part
                0x0000000081609a24       0x64 drivers/built-in.o
                0x0000000081609a24                mmc_switch_part
 .text.mmc_getcd
                0x0000000081609a88       0x3c drivers/built-in.o
                0x0000000081609a88                mmc_getcd
 .text.mmc_set_clock
                0x0000000081609ac4       0x24 drivers/built-in.o
                0x0000000081609ac4                mmc_set_clock
 .text.mmc_startup
                0x0000000081609ae8      0xd84 drivers/built-in.o
 .text.board_mmc_power_init
                0x000000008160a86c        0x4 drivers/built-in.o
                0x000000008160a86c                board_mmc_power_init
 .text.mmc_start_init
                0x000000008160a870      0x258 drivers/built-in.o
                0x000000008160a870                mmc_start_init
 .text.mmc_init
                0x000000008160aac8      0x12c drivers/built-in.o
                0x000000008160aac8                mmc_init
 .text.cpu_mmc_init
                0x000000008160abf4        0x8 drivers/built-in.o
                0x000000008160abf4                cpu_mmc_init
 .text.board_mmc_init
                0x000000008160abfc        0x8 drivers/built-in.o
                0x000000008160abfc                board_mmc_init
 .text.mmc_initialize
                0x000000008160ac04       0x5c drivers/built-in.o
                0x000000008160ac04                mmc_initialize
 .text.find_mmc_device
                0x000000008160ac60       0x50 drivers/built-in.o
                0x000000008160ac60                find_mmc_device
 .text.mmc_select_hwpartp
                0x000000008160acb0       0x54 drivers/built-in.o
 .text.mmc_get_dev
                0x000000008160ad04       0x30 drivers/built-in.o
 .text.mmc_get_blk_desc
                0x000000008160ad34        0x8 drivers/built-in.o
                0x000000008160ad34                mmc_get_blk_desc
 .text.mmc_do_preinit
                0x000000008160ad3c       0x38 drivers/built-in.o
                0x000000008160ad3c                mmc_do_preinit
 .text.mmc_list_init
                0x000000008160ad74       0x24 drivers/built-in.o
                0x000000008160ad74                mmc_list_init
 .text.print_mmc_devices
                0x000000008160ad98       0xc0 drivers/built-in.o
                0x000000008160ad98                print_mmc_devices
 .text.serial_stub_start
                0x000000008160ae58        0xc drivers/serial/built-in.o
 .text.serial_stub_stop
                0x000000008160ae64        0xc drivers/serial/built-in.o
 .text.serial_stub_putc
                0x000000008160ae70       0x10 drivers/serial/built-in.o
 .text.serial_stub_puts
                0x000000008160ae80       0x10 drivers/serial/built-in.o
 .text.serial_stub_getc
                0x000000008160ae90        0xc drivers/serial/built-in.o
 .text.serial_stub_tstc
                0x000000008160ae9c        0xc drivers/serial/built-in.o
 .text.get_current
                0x000000008160aea8       0x40 drivers/serial/built-in.o
 .text.serial_null
                0x000000008160aee8        0x4 drivers/serial/built-in.o
                0x000000008160aee8                jz_serial_initialize
                0x000000008160aee8                bfin_serial_initialize
                0x000000008160aee8                p3mx_serial_initialize
                0x000000008160aee8                leon2_serial_initialize
                0x000000008160aee8                leon3_serial_initialize
                0x000000008160aee8                stm32_serial_initialize
                0x000000008160aee8                amirix_serial_initialize
                0x000000008160aee8                marvell_serial_initialize
                0x000000008160aee8                cpci750_serial_initialize
                0x000000008160aee8                ns16550_serial_initialize
                0x000000008160aee8                asc_serial_initialize
                0x000000008160aee8                sh_serial_initialize
                0x000000008160aee8                oc_serial_initialize
                0x000000008160aee8                mxs_auart_initialize
                0x000000008160aee8                arm_dcc_initialize
                0x000000008160aee8                bmw_serial_initialize
                0x000000008160aee8                arc_serial_initialize
                0x000000008160aee8                mcf_serial_initialize
                0x000000008160aee8                lh7a40x_serial_initialize
                0x000000008160aee8                evb64260_serial_initialize
                0x000000008160aee8                lpc32xx_serial_initialize
                0x000000008160aee8                max3100_serial_initialize
                0x000000008160aee8                mpc85xx_serial_initialize
                0x000000008160aee8                imx_serial_initialize
                0x000000008160aee8                bfin_jtag_initialize
                0x000000008160aee8                cogent_serial_initialize
                0x000000008160aee8                clps7111_serial_initialize
                0x000000008160aee8                ml2_serial_initialize
                0x000000008160aee8                sandbox_serial_initialize
                0x000000008160aee8                s3c24xx_serial_initialize
                0x000000008160aee8                sconsole_serial_initialize
                0x000000008160aee8                uartlite_serial_initialize
                0x000000008160aee8                au1x00_serial_initialize
                0x000000008160aee8                pxa_serial_initialize
                0x000000008160aee8                atmel_serial_initialize
                0x000000008160aee8                pl01x_serial_initialize
                0x000000008160aee8                s5p_serial_initialize
                0x000000008160aee8                zynq_serial_initialize
                0x000000008160aee8                sa1100_serial_initialize
                0x000000008160aee8                mxc_serial_initialize
                0x000000008160aee8                iop480_serial_initialize
                0x000000008160aee8                mpc8xx_serial_initialize
 .text.serial_register
                0x000000008160aeec       0x18 drivers/serial/built-in.o
                0x000000008160aeec                serial_register
 .text.serial_stdio_init
                0x000000008160af04       0xa4 drivers/serial/built-in.o
                0x000000008160af04                serial_stdio_init
 .text.serial_assign
                0x000000008160afa8       0x4c drivers/serial/built-in.o
                0x000000008160afa8                serial_assign
 .text.serial_initialize
                0x000000008160aff4       0xbc drivers/serial/built-in.o
                0x000000008160aff4                serial_initialize
 .text.serial_init
                0x000000008160b0b0       0x20 drivers/serial/built-in.o
                0x000000008160b0b0                serial_init
 .text.serial_setbrg
                0x000000008160b0d0       0x14 drivers/serial/built-in.o
                0x000000008160b0d0                serial_setbrg
 .text.on_baudrate
                0x000000008160b0e4       0xf4 drivers/serial/built-in.o
 .text.serial_getc
                0x000000008160b1d8       0x14 drivers/serial/built-in.o
                0x000000008160b1d8                serial_getc
 .text.serial_tstc
                0x000000008160b1ec       0x14 drivers/serial/built-in.o
                0x000000008160b1ec                serial_tstc
 .text.serial_putc
                0x000000008160b200       0x1c drivers/serial/built-in.o
                0x000000008160b200                serial_putc
 .text.serial_puts
                0x000000008160b21c       0x1c drivers/serial/built-in.o
                0x000000008160b21c                serial_puts
 .text.default_serial_puts
                0x000000008160b238       0x2c drivers/serial/built-in.o
                0x000000008160b238                default_serial_puts
 .text.fh_serial_setbrg
                0x000000008160b264        0x4 drivers/serial/built-in.o
                0x000000008160b264                fh_serial_setbrg
 .text.Uart_Disable_Irq
                0x000000008160b268       0x18 drivers/serial/built-in.o
                0x000000008160b268                Uart_Disable_Irq
 .text.Uart_Read_Data
                0x000000008160b280       0x24 drivers/serial/built-in.o
                0x000000008160b280                Uart_Read_Data
 .text.Uart_Write_Data
                0x000000008160b2a4       0x54 drivers/serial/built-in.o
                0x000000008160b2a4                Uart_Write_Data
 .text.Uart_Init
                0x000000008160b2f8       0x14 drivers/serial/built-in.o
                0x000000008160b2f8                Uart_Init
 .text.fh_serial_init
                0x000000008160b30c       0x4c drivers/serial/built-in.o
                0x000000008160b30c                fh_serial_init
 .text.fh_serial_getc
                0x000000008160b358       0x3c drivers/serial/built-in.o
                0x000000008160b358                fh_serial_getc
 .text.fh_serial_putc
                0x000000008160b394       0x50 drivers/serial/built-in.o
                0x000000008160b394                fh_serial_putc
 .text.fh_serial_tstc
                0x000000008160b3e4       0x2c drivers/serial/built-in.o
                0x000000008160b3e4                fh_serial_tstc
 .text.fh_serial_initialize
                0x000000008160b410        0xc drivers/serial/built-in.o
                0x000000008160b410                fh_serial_initialize
 .text.default_serial_console
                0x000000008160b41c        0xc drivers/serial/built-in.o
                0x000000008160b41c                default_serial_console
 .text.env_get_yesno
                0x000000008160b428       0x3c env/built-in.o
                0x000000008160b428                env_get_yesno
 .text.env_get_default
                0x000000008160b464       0x30 env/built-in.o
                0x000000008160b464                env_get_default
 .text.set_default_env
                0x000000008160b494       0xcc env/built-in.o
                0x000000008160b494                set_default_env
 .text.set_default_vars
                0x000000008160b560       0x3c env/built-in.o
                0x000000008160b560                set_default_vars
 .text.env_relocate
                0x000000008160b59c       0x14 env/built-in.o
                0x000000008160b59c                env_relocate
 .text.env_complete
                0x000000008160b5b0       0xdc env/built-in.o
                0x000000008160b5b0                env_complete
 .text.env_driver_lookup_default
                0x000000008160b68c       0x34 env/built-in.o
                0x000000008160b68c                env_driver_lookup_default
 .text.env_get_char
                0x000000008160b6c0       0x54 env/built-in.o
                0x000000008160b6c0                env_get_char
 .text.env_load
                0x000000008160b714       0x2c env/built-in.o
                0x000000008160b714                env_load
 .text.env_init
                0x000000008160b740       0x50 env/built-in.o
                0x000000008160b740                env_init
 .text.env_attr_walk
                0x000000008160b790      0x120 env/built-in.o
                0x000000008160b790                env_attr_walk
 .text.env_attr_lookup
                0x000000008160b8b0      0x190 env/built-in.o
                0x000000008160b8b0                env_attr_lookup
 .text.clear_callback
                0x000000008160ba40       0x10 env/built-in.o
 .text.find_env_callback
                0x000000008160ba50       0x5c env/built-in.o
 .text.on_callbacks
                0x000000008160baac       0x50 env/built-in.o
 .text.set_callback
                0x000000008160bafc       0x9c env/built-in.o
 .text.env_callback_init
                0x000000008160bb98       0xc4 env/built-in.o
                0x000000008160bb98                env_callback_init
 .text.clear_flags
                0x000000008160bc5c       0x10 env/built-in.o
 .text.on_flags
                0x000000008160bc6c       0x50 env/built-in.o
 .text.env_flags_parse_vartype
                0x000000008160bcbc       0x50 env/built-in.o
                0x000000008160bcbc                env_flags_parse_vartype
 .text.env_flags_parse_varaccess
                0x000000008160bd0c       0x50 env/built-in.o
                0x000000008160bd0c                env_flags_parse_varaccess
 .text.set_flags
                0x000000008160bd5c       0xb0 env/built-in.o
 .text.env_flags_init
                0x000000008160be0c       0xd8 env/built-in.o
                0x000000008160be0c                env_flags_init
 .text.env_flags_validate
                0x000000008160bee4      0x218 env/built-in.o
                0x000000008160bee4                env_flags_validate
 .text.env_nowhere_init
                0x000000008160c0fc       0x18 env/built-in.o
 .text.zcalloc  0x000000008160c114        0x8 lib/built-in.o
                0x000000008160c114                zcalloc
 .text.zcfree   0x000000008160c11c        0x8 lib/built-in.o
                0x000000008160c11c                zcfree
 .text.inflate_fast
                0x000000008160c124      0x574 lib/built-in.o
                0x000000008160c124                inflate_fast
 .text.inflate_table
                0x000000008160c698      0x51c lib/built-in.o
                0x000000008160c698                inflate_table
 .text.inflateReset
                0x000000008160cbb4       0x78 lib/built-in.o
                0x000000008160cbb4                inflateReset
 .text.inflateInit2_
                0x000000008160cc2c      0x100 lib/built-in.o
                0x000000008160cc2c                inflateInit2_
 .text.inflateEnd
                0x000000008160cd2c       0x64 lib/built-in.o
                0x000000008160cd2c                inflateEnd
 .text.adler32  0x000000008160cd90      0x340 lib/built-in.o
                0x000000008160cd90                adler32
 .text.inflate  0x000000008160d0d0     0x14c4 lib/built-in.o
                0x000000008160d0d0                inflate
 .text.gzalloc  0x000000008160e594       0x10 lib/built-in.o
                0x000000008160e594                gzalloc
 .text.gzfree   0x000000008160e5a4        0x8 lib/built-in.o
                0x000000008160e5a4                gzfree
 .text.zunzip   0x000000008160e5ac      0x11c lib/built-in.o
                0x000000008160e5ac                zunzip
 .text.gunzip   0x000000008160e6c8       0xb4 lib/built-in.o
                0x000000008160e6c8                gunzip
 .text.initcall_run_list
                0x000000008160e77c       0x5c lib/built-in.o
                0x000000008160e77c                initcall_run_list
 .text.lmb_add_region
                0x000000008160e7d8      0x190 lib/built-in.o
 .text.lmb_init
                0x000000008160e968       0x28 lib/built-in.o
                0x000000008160e968                lmb_init
 .text.lmb_add  0x000000008160e990        0x4 lib/built-in.o
                0x000000008160e990                lmb_add
 .text.lmb_free
                0x000000008160e994       0xe8 lib/built-in.o
                0x000000008160e994                lmb_free
 .text.lmb_reserve
                0x000000008160ea7c        0x8 lib/built-in.o
                0x000000008160ea7c                lmb_reserve
 .text.__lmb_alloc_base
                0x000000008160ea84      0x124 lib/built-in.o
                0x000000008160ea84                __lmb_alloc_base
 .text.lmb_alloc_base
                0x000000008160eba8       0x34 lib/built-in.o
                0x000000008160eba8                lmb_alloc_base
 .text.lmb_alloc
                0x000000008160ebdc        0x8 lib/built-in.o
                0x000000008160ebdc                lmb_alloc
 .text.board_lmb_reserve
                0x000000008160ebe4        0x4 lib/built-in.o
                0x000000008160ebe4                board_lmb_reserve
 .text.string_to_ip
                0x000000008160ebe8       0x90 lib/built-in.o
                0x000000008160ebe8                string_to_ip
 .text.qsort    0x000000008160ec78       0xec lib/built-in.o
                0x000000008160ec78                qsort
 .text.strcmp_compar
                0x000000008160ed64        0xc lib/built-in.o
                0x000000008160ed64                strcmp_compar
 .text.fdt_check_header
                0x000000008160ed70       0x74 lib/built-in.o
                0x000000008160ed70                fdt_check_header
 .text.fdt_offset_ptr
                0x000000008160ede4       0x6c lib/built-in.o
                0x000000008160ede4                fdt_offset_ptr
 .text.fdt_next_tag
                0x000000008160ee50       0xfc lib/built-in.o
                0x000000008160ee50                fdt_next_tag
 .text._fdt_check_node_offset
                0x000000008160ef4c       0x3c lib/built-in.o
                0x000000008160ef4c                _fdt_check_node_offset
 .text._fdt_check_prop_offset
                0x000000008160ef88       0x3c lib/built-in.o
                0x000000008160ef88                _fdt_check_prop_offset
 .text.fdt_next_node
                0x000000008160efc4       0xbc lib/built-in.o
                0x000000008160efc4                fdt_next_node
 .text._fdt_find_string
                0x000000008160f080       0x58 lib/built-in.o
                0x000000008160f080                _fdt_find_string
 .text.fdt_move
                0x000000008160f0d8       0x44 lib/built-in.o
                0x000000008160f0d8                fdt_move
 .text.fdt_path_next_separator
                0x000000008160f11c       0x50 lib/built-in.o
 .text._nextprop
                0x000000008160f16c       0x54 lib/built-in.o
 .text.fdt_string
                0x000000008160f1c0       0x14 lib/built-in.o
                0x000000008160f1c0                fdt_string
 .text.fdt_get_mem_rsv
                0x000000008160f1d4       0x60 lib/built-in.o
                0x000000008160f1d4                fdt_get_mem_rsv
 .text.fdt_num_mem_rsv
                0x000000008160f234       0x40 lib/built-in.o
                0x000000008160f234                fdt_num_mem_rsv
 .text.fdt_subnode_offset_namelen
                0x000000008160f274       0xd0 lib/built-in.o
                0x000000008160f274                fdt_subnode_offset_namelen
 .text.fdt_subnode_offset
                0x000000008160f344       0x30 lib/built-in.o
                0x000000008160f344                fdt_subnode_offset
 .text.fdt_get_name
                0x000000008160f374       0x74 lib/built-in.o
                0x000000008160f374                fdt_get_name
 .text.fdt_first_property_offset
                0x000000008160f3e8       0x20 lib/built-in.o
                0x000000008160f3e8                fdt_first_property_offset
 .text.fdt_next_property_offset
                0x000000008160f408       0x20 lib/built-in.o
                0x000000008160f408                fdt_next_property_offset
 .text.fdt_get_property_by_offset
                0x000000008160f428       0x50 lib/built-in.o
                0x000000008160f428                fdt_get_property_by_offset
 .text.fdt_get_property_namelen
                0x000000008160f478       0xbc lib/built-in.o
                0x000000008160f478                fdt_get_property_namelen
 .text.fdt_get_property
                0x000000008160f534       0x3c lib/built-in.o
                0x000000008160f534                fdt_get_property
 .text.fdt_getprop_namelen
                0x000000008160f570       0x20 lib/built-in.o
                0x000000008160f570                fdt_getprop_namelen
 .text.fdt_getprop_by_offset
                0x000000008160f590       0x48 lib/built-in.o
                0x000000008160f590                fdt_getprop_by_offset
 .text.fdt_getprop
                0x000000008160f5d8       0x3c lib/built-in.o
                0x000000008160f5d8                fdt_getprop
 .text.fdt_get_alias_namelen
                0x000000008160f614       0x44 lib/built-in.o
                0x000000008160f614                fdt_get_alias_namelen
 .text.fdt_path_offset_namelen
                0x000000008160f658       0xe4 lib/built-in.o
                0x000000008160f658                fdt_path_offset_namelen
 .text.fdt_path_offset
                0x000000008160f73c       0x28 lib/built-in.o
                0x000000008160f73c                fdt_path_offset
 .text.fdt_supernode_atdepth_offset
                0x000000008160f764       0xa4 lib/built-in.o
                0x000000008160f764                fdt_supernode_atdepth_offset
 .text.fdt_node_depth
                0x000000008160f808       0x28 lib/built-in.o
                0x000000008160f808                fdt_node_depth
 .text._fdt_blocks_misordered
                0x000000008160f830       0x64 lib/built-in.o
 .text._fdt_splice
                0x000000008160f894       0x98 lib/built-in.o
 .text._fdt_splice_mem_rsv
                0x000000008160f92c       0x58 lib/built-in.o
 .text._fdt_splice_struct
                0x000000008160f984       0x4c lib/built-in.o
 .text._fdt_packblocks
                0x000000008160f9d0       0x8c lib/built-in.o
 .text._fdt_find_add_string
                0x000000008160fa5c       0xa4 lib/built-in.o
 .text._fdt_add_property
                0x000000008160fb00       0x90 lib/built-in.o
 .text._fdt_rw_check_header
                0x000000008160fb90       0x60 lib/built-in.o
 .text.fdt_add_mem_rsv
                0x000000008160fbf0       0x88 lib/built-in.o
                0x000000008160fbf0                fdt_add_mem_rsv
 .text.fdt_del_mem_rsv
                0x000000008160fc78       0x58 lib/built-in.o
                0x000000008160fc78                fdt_del_mem_rsv
 .text.fdt_setprop
                0x000000008160fcd0       0xe8 lib/built-in.o
                0x000000008160fcd0                fdt_setprop
 .text.fdt_delprop
                0x000000008160fdb8       0x68 lib/built-in.o
                0x000000008160fdb8                fdt_delprop
 .text.fdt_add_subnode_namelen
                0x000000008160fe20       0xf0 lib/built-in.o
                0x000000008160fe20                fdt_add_subnode_namelen
 .text.fdt_add_subnode
                0x000000008160ff10       0x30 lib/built-in.o
                0x000000008160ff10                fdt_add_subnode
 .text.fdt_del_node
                0x000000008160ff40       0x50 lib/built-in.o
                0x000000008160ff40                fdt_del_node
 .text.fdt_open_into
                0x000000008160ff90      0x190 lib/built-in.o
                0x000000008160ff90                fdt_open_into
 .text.fdt_strerror
                0x0000000081610120       0x58 lib/built-in.o
                0x0000000081610120                fdt_strerror
 .text._fdt_node_end_offset
                0x0000000081610178       0x44 lib/built-in.o
                0x0000000081610178                _fdt_node_end_offset
 .text.fdt_address_cells
                0x00000000816101bc       0x4c lib/built-in.o
                0x00000000816101bc                fdt_address_cells
 .text.fdt_size_cells
                0x0000000081610208       0x48 lib/built-in.o
                0x0000000081610208                fdt_size_cells
 .text.cmpkey   0x0000000081610250       0x14 lib/built-in.o
 .text._hdelete.isra.0
                0x0000000081610264       0x50 lib/built-in.o
 .text.drop_var_from_set.part.1
                0x00000000816102b4       0x50 lib/built-in.o
 .text.match_string.isra.2
                0x0000000081610304       0x60 lib/built-in.o
 .text.hcreate_r
                0x0000000081610364       0x98 lib/built-in.o
                0x0000000081610364                hcreate_r
 .text.hdestroy_r
                0x00000000816103fc       0x6c lib/built-in.o
                0x00000000816103fc                hdestroy_r
 .text.hmatch_r
                0x0000000081610468       0x9c lib/built-in.o
                0x0000000081610468                hmatch_r
 .text.hsearch_r
                0x0000000081610504      0x484 lib/built-in.o
                0x0000000081610504                hsearch_r
 .text.hdelete_r
                0x0000000081610988       0xf0 lib/built-in.o
                0x0000000081610988                hdelete_r
 .text.hexport_r
                0x0000000081610a78      0x318 lib/built-in.o
                0x0000000081610a78                hexport_r
 .text.himport_r
                0x0000000081610d90      0x3f4 lib/built-in.o
                0x0000000081610d90                himport_r
 .text.hwalk_r  0x0000000081611184       0x5c lib/built-in.o
                0x0000000081611184                hwalk_r
 .text.display_options_get_banner_priv
                0x00000000816111e0       0x98 lib/built-in.o
                0x00000000816111e0                display_options_get_banner_priv
 .text.display_options_get_banner
                0x0000000081611278       0x10 lib/built-in.o
                0x0000000081611278                display_options_get_banner
 .text.display_options
                0x0000000081611288       0x34 lib/built-in.o
                0x0000000081611288                display_options
 .text.print_size
                0x00000000816112bc      0x148 lib/built-in.o
                0x00000000816112bc                print_size
 .text.print_buffer
                0x0000000081611404      0x1ac lib/built-in.o
                0x0000000081611404                print_buffer
 .text.crc32_no_comp
                0x00000000816115b0       0xd4 lib/built-in.o
                0x00000000816115b0                crc32_no_comp
 .text.crc32    0x0000000081611684       0x14 lib/built-in.o
                0x0000000081611684                crc32
 .text.crc32_wd
                0x0000000081611698        0x4 lib/built-in.o
                0x0000000081611698                crc32_wd
 .text.__div64_32
                0x000000008161169c       0xc8 lib/built-in.o
                0x000000008161169c                __div64_32
 .text.hang     0x0000000081611764       0x1c lib/built-in.o
                0x0000000081611764                hang
 .text.skip_spaces
                0x0000000081611780       0x28 lib/built-in.o
                0x0000000081611780                skip_spaces
 .text.strim    0x00000000816117a8       0x5c lib/built-in.o
                0x00000000816117a8                strim
 .text.strcpy   0x0000000081611804       0x18 lib/built-in.o
                0x0000000081611804                strcpy
 .text.strncpy  0x000000008161181c       0x24 lib/built-in.o
                0x000000008161181c                strncpy
 .text.strcmp   0x0000000081611840       0x28 lib/built-in.o
                0x0000000081611840                strcmp
 .text.strncmp  0x0000000081611868       0x3c lib/built-in.o
                0x0000000081611868                strncmp
 .text.strchr   0x00000000816118a4       0x30 lib/built-in.o
                0x00000000816118a4                strchr
 .text.strlen   0x00000000816118d4       0x24 lib/built-in.o
                0x00000000816118d4                strlen
 .text.strnlen  0x00000000816118f8       0x30 lib/built-in.o
                0x00000000816118f8                strnlen
 .text.strdup   0x0000000081611928       0x34 lib/built-in.o
                0x0000000081611928                strdup
 .text.strpbrk  0x000000008161195c       0x54 lib/built-in.o
                0x000000008161195c                strpbrk
 .text.memmove  0x00000000816119b0       0x40 lib/built-in.o
                0x00000000816119b0                memmove
 .text.memcmp   0x00000000816119f0       0x44 lib/built-in.o
                0x00000000816119f0                memcmp
 .text.strstr   0x0000000081611a34       0x60 lib/built-in.o
                0x0000000081611a34                strstr
 .text.memchr   0x0000000081611a94       0x30 lib/built-in.o
                0x0000000081611a94                memchr
 .text.tick_to_time
                0x0000000081611ac4       0x80 lib/built-in.o
 .text.timer_read_counter
                0x0000000081611b44       0x18 lib/built-in.o
                0x0000000081611b44                timer_read_counter
 .text.get_ticks
                0x0000000081611b5c       0x2c lib/built-in.o
                0x0000000081611b5c                get_ticks
 .text.timer_init
                0x0000000081611b88        0x8 lib/built-in.o
                0x0000000081611b88                timer_init
 .text.get_timer
                0x0000000081611b90       0x18 lib/built-in.o
                0x0000000081611b90                get_timer
 .text.__udelay
                0x0000000081611ba8        0x4 lib/built-in.o
                0x0000000081611ba8                __udelay
 .text.udelay   0x0000000081611bac       0x30 lib/built-in.o
                0x0000000081611bac                udelay
 *fill*         0x0000000081611bdc        0x4 
 .text.put_dec  0x0000000081611be0      0x244 lib/built-in.o
 .text.number   0x0000000081611e24      0x2c4 lib/built-in.o
 .text.vsnprintf_internal
                0x00000000816120e8      0x510 lib/built-in.o
 .text.vscnprintf
                0x00000000816125f8       0x24 lib/built-in.o
                0x00000000816125f8                vscnprintf
 .text.snprintf
                0x000000008161261c       0x28 lib/built-in.o
                0x000000008161261c                snprintf
 .text.vsprintf
                0x0000000081612644       0x10 lib/built-in.o
                0x0000000081612644                vsprintf
 .text.sprintf  0x0000000081612654       0x28 lib/built-in.o
                0x0000000081612654                sprintf
 .text.printf   0x000000008161267c       0x44 lib/built-in.o
                0x000000008161267c                printf
 .text.vprintf  0x00000000816126c0       0x34 lib/built-in.o
                0x00000000816126c0                vprintf
 .text.simple_itoa
                0x00000000816126f4       0x58 lib/built-in.o
                0x00000000816126f4                simple_itoa
 .text.panic_finish
                0x000000008161274c       0x30 lib/built-in.o
 .text.panic    0x000000008161277c       0x1c lib/built-in.o
                0x000000008161277c                panic
 .text.simple_strtoul
                0x0000000081612798       0xb0 lib/built-in.o
                0x0000000081612798                simple_strtoul
 .text.strict_strtoul
                0x0000000081612848       0x78 lib/built-in.o
                0x0000000081612848                strict_strtoul
 .text.simple_strtol
                0x00000000816128c0       0x24 lib/built-in.o
                0x00000000816128c0                simple_strtol
 .text.ustrtoul
                0x00000000816128e4       0x6c lib/built-in.o
                0x00000000816128e4                ustrtoul
 .text.simple_strtoull
                0x0000000081612950       0xd4 lib/built-in.o
                0x0000000081612950                simple_strtoull
 .text.ustrtoull
                0x0000000081612a24       0x84 lib/built-in.o
                0x0000000081612a24                ustrtoull
 .text.trailing_strtoln
                0x0000000081612aa8       0x70 lib/built-in.o
                0x0000000081612aa8                trailing_strtoln
 .text.trailing_strtol
                0x0000000081612b18        0x8 lib/built-in.o
                0x0000000081612b18                trailing_strtol
 .text.__udivsi3
                0x0000000081612b20       0x9c arch/arm/lib/lib.a(lib1funcs.o)
                0x0000000081612b20                __udivsi3
                0x0000000081612b20                __aeabi_uidiv
 .text.__divsi3
                0x0000000081612bbc       0xcc arch/arm/lib/lib.a(lib1funcs.o)
                0x0000000081612bbc                __aeabi_idiv
                0x0000000081612bbc                __divsi3
 .text.__aeabi_uidivmod
                0x0000000081612c88       0x30 arch/arm/lib/lib.a(lib1funcs.o)
                0x0000000081612c88                __aeabi_uidivmod
                0x0000000081612ca0                __aeabi_idivmod
 .text.Ldiv0    0x0000000081612cb8       0x10 arch/arm/lib/lib.a(lib1funcs.o)
 .text.__div0   0x0000000081612cc8        0x4 arch/arm/lib/lib.a(div0.o)
                0x0000000081612cc8                __div0

.glue_7         0x0000000081612ccc        0x0
 .glue_7        0x0000000081612ccc        0x0 linker stubs

.glue_7t        0x0000000081612ccc        0x0
 .glue_7t       0x0000000081612ccc        0x0 linker stubs

.vfp11_veneer   0x0000000081612ccc        0x0
 .vfp11_veneer  0x0000000081612ccc        0x0 linker stubs

.v4_bx          0x0000000081612ccc        0x0
 .v4_bx         0x0000000081612ccc        0x0 linker stubs

.iplt           0x0000000081612ccc        0x0
 .iplt          0x0000000081612ccc        0x0 arch/arm/cpu/armv7/start.o
                0x0000000081612ccc                . = ALIGN (0x4)

.rodata         0x0000000081612ccc     0x4f8a
 *(SORT(.rodata*))
 .rodata        0x0000000081612ccc       0x80 arch/arm/lib/built-in.o
 .rodata.boot_os
                0x0000000081612d4c       0x60 common/built-in.o
 .rodata.crc_table
                0x0000000081612dac      0x400 lib/built-in.o
 .rodata.env_flags_varaccess_mask
                0x00000000816131ac       0x10 env/built-in.o
 .rodata.ext_csd_bits.9369
                0x00000000816131bc       0x14 drivers/built-in.o
 .rodata.ext_to_hostcaps.9370
                0x00000000816131d0       0x1c drivers/built-in.o
 .rodata.fbase  0x00000000816131ec       0x10 drivers/built-in.o
 .rodata.fdt_errtable
                0x00000000816131fc       0x48 lib/built-in.o
 .rodata.init_sequence_f
                0x0000000081613244       0x98 common/built-in.o
 .rodata.sd_au_size
                0x00000000816132dc       0x40 drivers/built-in.o
 .rodata.uimage_arch
                0x000000008161331c      0x138 common/built-in.o
 .rodata.uimage_comp
                0x0000000081613454       0x54 common/built-in.o
 .rodata.uimage_os
                0x00000000816134a8       0x78 common/built-in.o
 .rodata.uimage_type
                0x0000000081613520      0x180 common/built-in.o
 .rodata.widths.9371
                0x00000000816136a0       0x14 drivers/built-in.o
 .rodata.dbase.6992
                0x00000000816136b4       0x40 lib/built-in.o
 .rodata.dext.6993
                0x00000000816136f4       0x40 lib/built-in.o
 .rodata.distfix
                0x0000000081613734       0x80 lib/built-in.o
 .rodata.lbase.6990
                0x00000000816137b4       0x3e lib/built-in.o
 .rodata.lenfix
                0x00000000816137f2      0x800 lib/built-in.o
 .rodata.lext.6991
                0x0000000081613ff2       0x3e lib/built-in.o
 .rodata.order.7086
                0x0000000081614030       0x26 lib/built-in.o
 .rodata        0x0000000081614056        0x3 env/built-in.o
 .rodata.CSWTCH.70
                0x0000000081614059       0x16 common/built-in.o
 .rodata.__FUNCTION__.8339
                0x000000008161406f       0x17 common/built-in.o
 .rodata.__func__.6840
                0x0000000081614086       0x10 env/built-in.o
 .rodata.__func__.7215
                0x0000000081614096        0xe cmd/built-in.o
 .rodata.__func__.7252
                0x00000000816140a4        0xe cmd/built-in.o
 .rodata.__func__.7551
                0x00000000816140b2        0xe common/built-in.o
 .rodata.__func__.8216
                0x00000000816140c0       0x18 common/built-in.o
 .rodata.__func__.9403
                0x00000000816140d8        0x9 drivers/built-in.o
 .rodata._ctype
                0x00000000816140e1      0x100 lib/built-in.o
                0x00000000816140e1                _ctype
 .rodata._do_env_set.isra.0.str1.1
                0x00000000816141e1       0x7c cmd/built-in.o
 .rodata._do_help.str1.1
                0x000000008161425d       0x5f common/built-in.o
 .rodata.announce_dram_init.str1.1
                0x00000000816142bc        0x8 common/built-in.o
 .rodata.bad_mode.str1.1
                0x00000000816142c4       0x13 arch/arm/lib/built-in.o
 .rodata.boot_fdt_add_mem_rsv_regions.str1.1
                0x00000000816142d7       0x35 common/built-in.o
 .rodata.boot_get_fdt.str1.1
                0x000000008161430c      0x1b5 common/built-in.o
                                        0x1d0 (size before relaxing)
 .rodata.boot_get_ramdisk.str1.1
                0x00000000816144c1       0xb9 common/built-in.o
                                        0x10d (size before relaxing)
 .rodata.boot_jump_linux.str1.1
                0x000000008161457a       0x5c arch/arm/lib/built-in.o
                                         0x5d (size before relaxing)
 .rodata.boot_prep_linux.str1.1
                0x00000000816145d6       0x51 arch/arm/lib/built-in.o
                                         0x5a (size before relaxing)
 .rodata.boot_prep_vxworks.str1.1
                0x0000000081614627       0x2a arch/arm/lib/built-in.o
 .rodata.boot_ramdisk_high.str1.1
                0x0000000081614651       0x54 common/built-in.o
 .rodata.boot_relocate_fdt.str1.1
                0x00000000816146a5       0xcf common/built-in.o
                                         0xd3 (size before relaxing)
 .rodata.bootdelay_process.str1.1
                0x0000000081614774       0x12 common/built-in.o
 .rodata.bootm_decomp_image.str1.1
                0x0000000081614786       0xbc common/built-in.o
                                         0xc0 (size before relaxing)
 .rodata.bootm_find_images.str1.1
                0x0000000081614842       0x49 common/built-in.o
 .rodata.bootz_setup.str1.1
                0x000000008161488b       0x48 arch/arm/lib/built-in.o
 .rodata.check_cache_range.str1.1
                0x00000000816148d3       0x35 arch/arm/lib/built-in.o
 .rodata.cli_readline_into_buffer.str1.1
                0x0000000081614908        0x3 common/built-in.o
 .rodata.cli_simple_parse_line.str1.1
                0x000000008161490b       0x1f common/built-in.o
 .rodata.cli_simple_run_command.str1.1
                0x000000008161492a       0x16 common/built-in.o
 .rodata.cmd_auto_complete.str1.1
                0x0000000081614940        0x7 common/built-in.o
                                         0x12 (size before relaxing)
 .rodata.cmd_process.str1.1
                0x0000000081614947       0x23 common/built-in.o
 .rodata.cmd_usage.str1.1
                0x000000008161496a       0x36 common/built-in.o
 .rodata.default_environment
                0x00000000816149a0      0x15d env/built-in.o
                0x00000000816149a0                default_environment
 .rodata.delims.6728
                0x0000000081614afd        0x3 env/built-in.o
 .rodata.digits.6697
                0x0000000081614b00       0x10 lib/built-in.o
 .rodata.display_options.str1.1
                0x0000000081614b10       0x2c lib/built-in.o
                                          0x3 (size before relaxing)
 .rodata.display_options_get_banner_priv.str1.1
                0x0000000081614b10       0x11 lib/built-in.o
                                         0x15 (size before relaxing)
 .rodata.do_bdinfo.str1.1
                0x0000000081614b21       0x86 cmd/built-in.o
 .rodata.do_bootelf.str1.1
                0x0000000081614ba7       0x5c cmd/built-in.o
 .rodata.do_bootm.str1.1
                0x0000000081614c03       0x2a cmd/built-in.o
 .rodata.do_bootm_netbsd.str1.1
                0x0000000081614c2d       0x49 common/built-in.o
                                         0x4a (size before relaxing)
 .rodata.do_bootm_plan9.str1.1
                0x0000000081614c76       0x43 common/built-in.o
                                         0x4c (size before relaxing)
 .rodata.do_bootm_qnxelf.str1.1
                0x0000000081614cb9        0x4 common/built-in.o
 .rodata.do_bootm_rtems.str1.1
                0x0000000081614cb9       0x39 common/built-in.o
 .rodata.do_bootm_standalone.str1.1
                0x0000000081614cf2       0x16 common/built-in.o
 .rodata.do_bootm_states.str1.1
                0x0000000081614cf2      0x207 common/built-in.o
                                        0x25e (size before relaxing)
 .rodata.do_bootvx.str1.1
                0x0000000081614ef9      0x188 cmd/built-in.o
                                        0x193 (size before relaxing)
 .rodata.do_bootvx_fdt.str1.1
                0x0000000081615081       0x57 common/built-in.o
                                         0x75 (size before relaxing)
 .rodata.do_data_abort.str1.1
                0x00000000816150d8        0xc arch/arm/lib/built-in.o
 .rodata.do_echo.str1.1
                0x00000000816150e4        0x3 cmd/built-in.o
 .rodata.do_env_default.str1.1
                0x00000000816150e7       0x25 cmd/built-in.o
 .rodata.do_env_export.str1.1
                0x000000008161510c       0x4a cmd/built-in.o
 .rodata.do_env_import.str1.1
                0x0000000081615156      0x152 cmd/built-in.o
 .rodata.do_env_print.str1.1
                0x00000000816152a8       0x3d cmd/built-in.o
 .rodata.do_fdt.str1.1
                0x00000000816152e5      0x494 cmd/built-in.o
                                        0x4b4 (size before relaxing)
 .rodata.do_fiq.str1.1
                0x0000000081615779       0x18 arch/arm/lib/built-in.o
 .rodata.do_fixup_by_path.str1.1
                0x0000000081615791       0x29 common/built-in.o
 .rodata.do_go.str1.1
                0x00000000816157ba       0x4f cmd/built-in.o
 .rodata.do_irq.str1.1
                0x0000000081615809       0x18 arch/arm/lib/built-in.o
                                         0x13 (size before relaxing)
 .rodata.do_mem_base.str1.1
                0x0000000081615809       0x17 cmd/built-in.o
 .rodata.do_mem_cmp.str1.1
                0x0000000081615820       0x6e cmd/built-in.o
                                         0x73 (size before relaxing)
 .rodata.do_mem_cp.str1.1
                0x000000008161588e       0x11 cmd/built-in.o
 .rodata.do_mem_crc.str1.1
                0x000000008161589f        0x6 cmd/built-in.o
 .rodata.do_not_used.str1.1
                0x00000000816158a5        0xa arch/arm/lib/built-in.o
 .rodata.do_prefetch_abort.str1.1
                0x00000000816158af       0x10 arch/arm/lib/built-in.o
 .rodata.do_reset.str1.1
                0x00000000816158bf        0xf arch/arm/lib/built-in.o
 .rodata.do_run.str1.1
                0x00000000816158ce       0x1c common/built-in.o
 .rodata.do_software_interrupt.str1.1
                0x00000000816158ce       0x14 arch/arm/lib/built-in.o
 .rodata.do_source.str1.1
                0x00000000816158e2       0x1e cmd/built-in.o
 .rodata.do_undefined_instruction.str1.1
                0x0000000081615900       0x17 arch/arm/lib/built-in.o
 .rodata.do_version.str1.1
                0x0000000081615917       0xaf cmd/built-in.o
 .rodata.env_callback_init.str1.1
                0x00000000816159c6        0xb env/built-in.o
 .rodata.env_complete.str1.1
                0x00000000816159d1        0x4 env/built-in.o
 .rodata.env_flags_init.str1.1
                0x00000000816159d1        0x7 env/built-in.o
 .rodata.env_flags_parse_varaccess.str1.1
                0x00000000816159d8       0x3d env/built-in.o
 .rodata.env_flags_parse_vartype.str1.1
                0x0000000081615a15       0x34 env/built-in.o
 .rodata.env_flags_validate.str1.1
                0x0000000081615a49       0xb2 env/built-in.o
                                         0xb3 (size before relaxing)
 .rodata.env_flags_varaccess_rep
                0x0000000081615afb        0x5 env/built-in.o
 .rodata.env_flags_vartype_rep
                0x0000000081615b00        0x5 env/built-in.o
 .rodata.env_get_bootm_low.str1.1
                0x0000000081615b05        0xa common/built-in.o
 .rodata.env_get_bootm_mapsize.str1.1
                0x0000000081615b0f        0xe common/built-in.o
 .rodata.env_get_bootm_size.str1.1
                0x0000000081615b1d        0xb common/built-in.o
 .rodata.env_get_f.str1.1
                0x0000000081615b28       0x30 cmd/built-in.o
 .rodata.env_print.str1.1
                0x0000000081615b58       0x2c cmd/built-in.o
 .rodata.env_set.str1.1
                0x0000000081615b84        0x7 cmd/built-in.o
 .rodata.env_set_hex.str1.1
                0x0000000081615b8b        0x4 cmd/built-in.o
 .rodata.erase_seq
                0x0000000081615b8f        0x4 common/built-in.o
 .rodata.fdt_address_cells.str1.1
                0x0000000081615b93        0xf lib/built-in.o
 .rodata.fdt_chosen.str1.1
                0x0000000081615ba2       0x35 common/built-in.o
                                         0x3e (size before relaxing)
 .rodata.fdt_error.str1.1
                0x0000000081615bd7       0x2d common/built-in.o
 .rodata.fdt_find_or_add_subnode.str1.1
                0x0000000081615c04        0xc common/built-in.o
 .rodata.fdt_fixup_ethernet.str1.1
                0x0000000081615c10       0x36 common/built-in.o
                                         0x42 (size before relaxing)
 .rodata.fdt_fixup_memory_banks.str1.1
                0x0000000081615c46       0x85 common/built-in.o
                                         0x94 (size before relaxing)
 .rodata.fdt_get_alias_namelen.str1.1
                0x0000000081615ccb        0x9 lib/built-in.o
 .rodata.fdt_initrd.str1.1
                0x0000000081615ccb       0x90 common/built-in.o
                                         0x97 (size before relaxing)
 .rodata.fdt_root.str1.1
                0x0000000081615d5b       0x4e common/built-in.o
 .rodata.fdt_size_cells.str1.1
                0x0000000081615da9        0xc lib/built-in.o
 .rodata.fdt_strerror.str1.1
                0x0000000081615db5       0x31 lib/built-in.o
 .rodata.fdt_valid.str1.1
                0x0000000081615de6       0x79 cmd/built-in.o
                                         0x7b (size before relaxing)
 .rodata.find_mmc_device.str1.1
                0x0000000081615e5f       0x19 drivers/built-in.o
 .rodata.genimg_get_arch_name.str1.1
                0x0000000081615e78       0x15 common/built-in.o
 .rodata.genimg_get_comp_name.str1.1
                0x0000000081615e8d       0x14 common/built-in.o
 .rodata.genimg_get_os_name.str1.1
                0x0000000081615ea1        0xb common/built-in.o
 .rodata.genimg_get_type_name.str1.1
                0x0000000081615eac        0xe common/built-in.o
 .rodata.genimg_print_size.str1.1
                0x0000000081615eba        0xc common/built-in.o
                                          0xe (size before relaxing)
 .rodata.get_current.str1.1
                0x0000000081615ec6       0x15 drivers/serial/built-in.o
 .rodata.gunzip.str1.1
                0x0000000081615edb       0x3e lib/built-in.o
 .rodata.hang.str1.1
                0x0000000081615f19       0x2a lib/built-in.o
 .rodata.hash_command.str1.1
                0x0000000081615f43       0x25 common/built-in.o
 .rodata.hexport_r.str1.1
                0x0000000081615f68       0x30 lib/built-in.o
 .rodata.himport_r.str1.1
                0x0000000081615f98       0x99 lib/built-in.o
 .rodata.image_info.str1.1
                0x0000000081616031       0xac cmd/built-in.o
 .rodata.image_print_contents.str1.1
                0x00000000816160dd       0xd0 common/built-in.o
                                         0xd4 (size before relaxing)
 .rodata.image_setup_libfdt.str1.1
                0x00000000816161ad       0x8f common/built-in.o
 .rodata.inflate.str1.1
                0x000000008161623c      0x158 lib/built-in.o
 .rodata.inflate_fast.str1.1
                0x0000000081616394       0x50 lib/built-in.o
 .rodata.init_baud_rate.str1.1
                0x00000000816163e4        0x9 common/built-in.o
 .rodata.initcall_run_list.str1.1
                0x00000000816163ed       0x31 lib/built-in.o
 .rodata.initr_env.str1.1
                0x000000008161641e        0x9 common/built-in.o
 .rodata.initr_mmc.str1.1
                0x000000008161641e        0x8 common/built-in.o
 .rodata.lmb_alloc_base.str1.1
                0x0000000081616426       0x34 lib/built-in.o
 .rodata.match_string.isra.2.str1.1
                0x000000008161645a       0x2c lib/built-in.o
 .rodata.mmc_init.str1.1
                0x0000000081616486       0x12 drivers/built-in.o
 .rodata.mmc_send_status.str1.1
                0x0000000081616498       0x32 drivers/built-in.o
 .rodata.mmc_start_init.str1.1
                0x00000000816164ca       0x3f drivers/built-in.o
 .rodata.mmc_startup.str1.1
                0x0000000081616509       0x3e drivers/built-in.o
 .rodata.mod_mem.isra.0.str1.1
                0x0000000081616547       0x1d cmd/built-in.o
 .rodata.multipliers
                0x0000000081616564       0x10 drivers/built-in.o
 .rodata.names.6859
                0x0000000081616574        0x6 lib/built-in.o
 .rodata.on_baudrate.str1.1
                0x000000008161657a       0x74 drivers/serial/built-in.o
 .rodata.on_callbacks.str1.1
                0x00000000816165ee       0x84 env/built-in.o
 .rodata.on_console.str1.1
                0x0000000081616672       0x16 common/built-in.o
                                         0x27 (size before relaxing)
 .rodata.on_flags.str1.1
                0x0000000081616672        0xc env/built-in.o
 .rodata.print_buffer.str1.1
                0x000000008161667e        0xe lib/built-in.o
                                         0x17 (size before relaxing)
 .rodata.print_data.str1.1
                0x000000008161668c       0x29 cmd/built-in.o
                                         0x32 (size before relaxing)
 .rodata.print_freq.str1.1
                0x00000000816166b5       0x1b lib/built-in.o
 .rodata.print_mmc_devices.str1.1
                0x00000000816166d0       0x12 drivers/built-in.o
                                         0x1c (size before relaxing)
 .rodata.print_num.str1.1
                0x00000000816166e2       0x10 cmd/built-in.o
 .rodata.print_size.str1.1
                0x00000000816166f2       0x15 lib/built-in.o
 .rodata.set_default_env.str1.1
                0x0000000081616707       0x57 env/built-in.o
                                         0x94 (size before relaxing)
 .rodata.set_working_fdt_addr.str1.1
                0x000000008161675e        0x8 cmd/built-in.o
 .rodata.show_dram_config.str1.1
                0x0000000081616766        0x1 common/built-in.o
 .rodata.show_regs.str1.1
                0x0000000081616766       0xff arch/arm/lib/built-in.o
                                        0x129 (size before relaxing)
 .rodata.source.str1.1
                0x0000000081616865       0x7e cmd/built-in.o
 .rodata.stdio_add_devices.str1.1
                0x00000000816168e3        0x7 common/built-in.o
 .rodata.stdio_print_current_devices.str1.1
                0x00000000816168ea       0x70 common/built-in.o
                                         0x74 (size before relaxing)
 .rodata.str1.1
                0x000000008161695a       0xeb arch/arm/lib/built-in.o
 .rodata.str1.1
                0x0000000081616a45      0x8fb cmd/built-in.o
                                        0x925 (size before relaxing)
 .rodata.str1.1
                0x0000000081617340      0x67c common/built-in.o
                                        0x6b6 (size before relaxing)
 .rodata.str1.1
                0x00000000816179bc       0x14 drivers/built-in.o
 .rodata.str1.1
                0x00000000816179d0        0x9 drivers/serial/built-in.o
 .rodata.str1.1
                0x00000000816179d0        0x8 env/built-in.o
                                         0x18 (size before relaxing)
 .rodata.str1.1
                0x00000000816179d8      0x1a1 lib/built-in.o
                                        0x1a2 (size before relaxing)
 .rodata.tab_seq
                0x0000000081617b79        0x9 common/built-in.o
 .rodata.valid_elf_image.str1.1
                0x0000000081617b82       0x52 cmd/built-in.o
 .rodata.var_complete.str1.1
                0x0000000081617bd4        0x1 common/built-in.o
 .rodata.version_string
                0x0000000081617bd4       0x34 cmd/built-in.o
                0x0000000081617bd4                version_string
 .rodata.vsnprintf_internal.str1.1
                0x0000000081617c08        0x7 lib/built-in.o
 .rodata.zunzip.str1.1
                0x0000000081617c0f       0x47 lib/built-in.o

.hash           0x0000000081617c58       0x18
 .hash          0x0000000081617c58       0x18 arch/arm/cpu/armv7/start.o
                0x0000000081617c70                . = ALIGN (0x4)

.data           0x0000000081617c70     0x1498
 *(.data*)
 .data.rel.ro   0x0000000081617c70        0x0 arch/arm/cpu/armv7/start.o
 .data.bootm_help_text
                0x0000000081617c70      0x38b cmd/built-in.o
 *fill*         0x0000000081617ffb        0x1 
 .data.cmd_bootm_sub
                0x0000000081617ffc       0xfc cmd/built-in.o
 .data.source_help_text
                0x00000000816180f8       0x4e cmd/built-in.o
 .data.bootz_help_text
                0x0000000081618146      0x208 cmd/built-in.o
 .data.fdt_help_text
                0x000000008161834e      0x60a cmd/built-in.o
 .data.root.7566
                0x0000000081618958        0x2 cmd/built-in.o
 .data.tabs.7650
                0x000000008161895a       0x21 cmd/built-in.o
 *fill*         0x000000008161897b        0x1 
 .data.dp_last_length
                0x000000008161897c        0x4 cmd/built-in.o
 .data.cmd_env_sub
                0x0000000081618980       0xc4 cmd/built-in.o
 .data.env_help_text
                0x0000000081618a44      0x1d7 cmd/built-in.o
 *fill*         0x0000000081618c1b        0x1 
 .data.env_id   0x0000000081618c1c        0x4 cmd/built-in.o
 .data.my_str_BOOTZIMAGE
                0x0000000081618c20       0x1f common/built-in.o
 *fill*         0x0000000081618c3f        0x1 
 .data.init_sequence_r
                0x0000000081618c40       0x5c common/built-in.o
 .data.av_      0x0000000081618c9c      0x408 common/built-in.o
 .data.sbrk_base
                0x00000000816190a4        0x4 common/built-in.o
 .data.trim_threshold
                0x00000000816190a8        0x4 common/built-in.o
 .data.load_addr
                0x00000000816190ac        0x4 common/built-in.o
                0x00000000816190ac                load_addr
 .data.stdio_names
                0x00000000816190b0        0xc common/built-in.o
                0x00000000816190b0                stdio_names
 .data.cur_dev_num
                0x00000000816190bc        0x4 drivers/built-in.o
 .data.fh_serial_drv
                0x00000000816190c0       0x30 drivers/serial/built-in.o
 .data.env_htab
                0x00000000816190f0       0x10 env/built-in.o
                0x00000000816190f0                env_htab
 .data.first_call
                0x0000000081619100        0x8 env/built-in.o

.got            0x0000000081619108        0x0
 .got           0x0000000081619108        0x0 arch/arm/cpu/armv7/start.o

.got.plt        0x0000000081619108        0xc
 .got.plt       0x0000000081619108        0xc arch/arm/cpu/armv7/start.o
                0x0000000081619108                _GLOBAL_OFFSET_TABLE_

.igot.plt       0x0000000081619114        0x0