../board/molchip/dma/dma_drv.c:6:6:dma_enable	0	static
../board/molchip/dma/dma_drv.c:17:6:dma_reset	0	static
../board/molchip/dma/dma_drv.c:27:6:init_chn_reg	0	static
../board/molchip/dma/dma_drv.c:41:6:enable_channel	0	static
../board/molchip/dma/dma_drv.c:63:6:dma_chn_src	0	static
../board/molchip/dma/dma_drv.c:67:6:dma_chn_dst	0	static
../board/molchip/dma/dma_drv.c:71:6:dma_trsc_len	0	static
../board/molchip/dma/dma_drv.c:90:6:hash_dma_trsc_len	0	static
../board/molchip/dma/dma_drv.c:107:6:aes_dma_trsc_len	0	static
../board/molchip/dma/dma_drv.c:181:6:dma_int_enable	0	static
../board/molchip/dma/dma_drv.c:189:6:dma_request	0	static
../board/molchip/dma/dma_drv.c:206:6:dma_int_clear	0	static
../board/molchip/dma/dma_drv.c:214:6:dma_wait_complete	4	static
../board/molchip/dma/dma_drv.c:231:6:soft_dma_wait_complete	8	static
../board/molchip/dma/dma_drv.c:243:6:aes_dma_wait_done	8	static
../board/molchip/dma/dma_drv.c:257:6:hash_dma_wait_complete	8	static
../board/molchip/dma/dma_drv.c:273:6:spic_request_cid	0	static
../board/molchip/dma/dma_drv.c:279:6:aes_request_cid	0	static
../board/molchip/dma/dma_drv.c:285:6:hash_request_cid	0	static
../board/molchip/dma/dma_drv.c:290:6:aes_dma_fix_enable	0	static
../board/molchip/dma/dma_drv.c:302:6:dma_init	8	static
../board/molchip/dma/dma_drv.c:319:6:hash_dma_init	8	static
../board/molchip/dma/dma_drv.c:335:6:aes_dma_trac_init	24	static
../board/molchip/dma/dma_drv.c:350:6:aes_dma_trac	24	static
