../drivers/spi/mc_spi.c:23:6:sfc_driver_strength	0	static
../drivers/spi/mc_spi.c:28:6:enalbe_spic	0	static
../drivers/spi/mc_spi.c:43:6:reset_spic	0	static
../drivers/spi/mc_spi.c:62:6:clk_select_spic	0	static
../drivers/spi/mc_spi.c:73:6:spi_enable	0	static
../drivers/spi/mc_spi.c:84:6:spi_set_imr	0	static
../drivers/spi/mc_spi.c:89:6:spi_disalble_slave	0	static
../drivers/spi/mc_spi.c:94:6:spi_set_polarity	0	static
../drivers/spi/mc_spi.c:103:6:spi_set_phase	0	static
../drivers/spi/mc_spi.c:113:6:spi_set_frame_format	0	static
../drivers/spi/mc_spi.c:123:6:spi_set_data_size	0	static
../drivers/spi/mc_spi.c:132:6:spi_set_transfer_mode	0	static
../drivers/spi/mc_spi.c:142:6:spi_set_read_data_num	0	static
../drivers/spi/mc_spi.c:150:6:spi_set_baudrate	0	static
../drivers/spi/mc_spi.c:158:6:spi_set_dummy_byte	0	static
../drivers/spi/mc_spi.c:167:6:spi_disable_irq	0	static
../drivers/spi/mc_spi.c:176:6:spi_enable_irq	0	static
../drivers/spi/mc_spi.c:186:5:spi_get_status	0	static
../drivers/spi/mc_spi.c:194:6:spi_enable_port	0	static
../drivers/spi/mc_spi.c:204:6:spi_disable_port	0	static
../drivers/spi/mc_spi.c:214:6:spi_rx_sample_delay	0	static
../drivers/spi/mc_spi.c:220:6:spi_timing	0	static
../drivers/spi/mc_spi.c:225:6:spi_set_wire_mode	0	static
../drivers/spi/mc_spi.c:240:6:spi_set_field_format	0	static
../drivers/spi/mc_spi.c:249:6:spi_set_frame_form	0	static
../drivers/spi/mc_spi.c:258:6:spi_set_addr_mode	0	static
../drivers/spi/mc_spi.c:267:6:sfc_cmd_write	0	static
../drivers/spi/mc_spi.c:277:6:sfc_cmd_read	0	static
../drivers/spi/mc_spi.c:287:6:sfc_ecc_enable	0	static
../drivers/spi/mc_spi.c:310:6:sfc_data_type	0	static
../drivers/spi/mc_spi.c:322:6:sfc_addr_length	0	static
../drivers/spi/mc_spi.c:336:6:sfc_spare_length	0	static
../drivers/spi/mc_spi.c:351:6:sfc_spare_len_1k	0	static
../drivers/spi/mc_spi.c:362:6:nfc_data_length	0	static
../drivers/spi/mc_spi.c:375:6:sfc_data_length	8	static
../drivers/spi/mc_spi.c:393:6:ecc_sts_clr	0	static
../drivers/spi/mc_spi.c:402:6:sfc_ecc_clr	8	static
../drivers/spi/mc_spi.c:410:5:sfc_start_exec	8	static
../drivers/spi/mc_spi.c:454:6:sfc_cmd	0	static
../drivers/spi/mc_spi.c:466:6:sfc_addr	8	static
../drivers/spi/mc_spi.c:493:6:nfc_fb_incdec_mode	0	static
../drivers/spi/mc_spi.c:506:6:nfc_set_tmod	0	static
../drivers/spi/mc_spi.c:515:6:nfc_set_fldform	0	static
../drivers/spi/mc_spi.c:524:6:nfc_set_frmform	0	static
../drivers/spi/mc_spi.c:533:6:nfc_set_cmd_wmode	0	static
../drivers/spi/mc_spi.c:542:6:nfc_set_phase_vld	0	static
../drivers/spi/mc_spi.c:554:6:nfc_set_data_wmode	0	static
../drivers/spi/mc_spi.c:563:6:nfc_set_addr_wmode	0	static
../drivers/spi/mc_spi.c:572:6:sfc_dev_mode_reg_set	16	static
../drivers/spi/mc_spi.c:604:6:sfc_write_reg	0	static
../drivers/spi/mc_spi.c:609:6:sfc_xfc_mode	0	static
../drivers/spi/mc_spi.c:620:6:sfc_ecc_pos	0	static
../drivers/spi/mc_spi.c:638:6:sfc_dma_mode	0	static
../drivers/spi/mc_spi.c:649:6:sfc_write_data	28	static
../drivers/spi/mc_spi.c:680:5:sfc_read_reg	0	static
../drivers/spi/mc_spi.c:688:5:sfc_wait_fbuf2_ready	0	static
../drivers/spi/mc_spi.c:710:6:sfc_fbuf2_ack	0	static
../drivers/spi/mc_spi.c:715:6:sfc_read_data	20	static
../drivers/spi/mc_spi.c:746:6:sfc_dma_tx0_enable	0	static
../drivers/spi/mc_spi.c:756:6:sfc_dma_tx1_enable	0	static
../drivers/spi/mc_spi.c:766:6:sfc_dma_rx0_enable	0	static
../drivers/spi/mc_spi.c:776:6:sfc_dma_rx1_enable	0	static
../drivers/spi/mc_spi.c:786:6:sfc_dma_disable	0	static
../drivers/spi/mc_spi.c:795:6:sfc_dma_tx0_start	0	static
../drivers/spi/mc_spi.c:808:6:sfc_dma_tx1_start	0	static
../drivers/spi/mc_spi.c:821:6:sfc_dma_tx0_stop	0	static
../drivers/spi/mc_spi.c:826:6:sfc_dma_tx1_stop	0	static
../drivers/spi/mc_spi.c:831:6:sfc_dma_rx0_start	0	static
../drivers/spi/mc_spi.c:844:6:sfc_dma_rx1_start	0	static
../drivers/spi/mc_spi.c:857:6:sfc_dma_rx0_stop	0	static
../drivers/spi/mc_spi.c:862:6:sfc_dma_rx1_stop	0	static
../drivers/spi/mc_spi.c:890:6:sfc_dma_write_data	8	static
../drivers/spi/mc_spi.c:895:6:sfc_dma_write_spare	8	static
../drivers/spi/mc_spi.c:923:6:sfc_dma_read_data	16	static
../drivers/spi/mc_spi.c:928:6:sfc_dma_read_spare	16	static
../drivers/spi/mc_spi.c:933:6:sfc_dma_wait_ready	0	static
../drivers/spi/mc_spi.c:938:6:sfc_write_spare	16	static
../drivers/spi/mc_spi.c:958:6:sfc_fill_spare	0	static
../drivers/spi/mc_spi.c:968:6:sfc_read_spare	16	static
../drivers/spi/mc_spi.c:989:6:sfc_deal_spare	280	static
../drivers/spi/mc_spi.c:1012:6:sfc_ecc_enc_mode	0	static
../drivers/spi/mc_spi.c:1024:7:sfc_spare_ecc_byte	0	static
../drivers/spi/mc_spi.c:1042:6:sfc_ecc_page_size	0	static
../drivers/spi/mc_spi.c:1054:6:nfc_dma_reg_inter_num	0	static
../drivers/spi/mc_spi.c:1063:6:spi_cs_holdtime	0	static
../drivers/spi/mc_spi.c:1072:6:spi_set_rd_delay_cnt	0	static
../drivers/spi/mc_spi.c:1081:6:sfc_ecc_mode	0	static
../drivers/spi/mc_spi.c:1095:6:spi_init	16	static
../drivers/spi/mc_spi.c:1155:6:board_spic_init	0	static
../drivers/spi/mc_spi.c:1160:6:nfc_all_clr	0	static
../drivers/spi/mc_spi.c:440:6:sfc_all_clr	0	static
../drivers/spi/mc_spi.c:1174:6:sfc_access_start	0	static
../drivers/spi/mc_spi.c:1179:6:nfc_flowbuf_clr	0	static
../drivers/spi/mc_spi.c:1184:6:dma_rx0_cfg1	0	static
../drivers/spi/mc_spi.c:1193:6:nfc_cmd_mode_clr	0	static
../drivers/spi/mc_spi.c:1198:6:nfc_cmd_set_clr	0	static
../drivers/spi/mc_spi.c:1211:6:nfc_dev_mode_clr	0	static
../drivers/spi/mc_spi.c:1216:6:nfc_dma_common_clr	0	static
../drivers/spi/mc_spi.c:1221:6:nfc_dma_en	0	static
../drivers/spi/mc_spi.c:1233:6:nfc_dma_common_reg_set	16	static
../drivers/spi/mc_spi.c:1242:6:nfc_dma_rx_ch0_cfg1_reg_set	0	static
../drivers/spi/mc_spi.c:1247:6:nfc_dma_rx_ch0_start	0	static
../drivers/spi/mc_spi.c:1262:6:nfc_dma_rx_ch0_reg_set	0	static
../drivers/spi/mc_spi.c:1267:6:nfc_dma_clr	0	static
../drivers/spi/mc_spi.c:1272:6:access_start_clr	0	static
../drivers/spi/mc_spi.c:1277:6:access_start_set	0	static
../drivers/spi/mc_spi.c:1294:6:nfc_access_start_reg_set	0	static
../drivers/spi/mc_spi.c:1308:6:nfc_ccmd_datalength	0	static
../drivers/spi/mc_spi.c:1335:6:nfc_dev_mode_reg_set	24	static
../drivers/spi/mc_spi.c:1348:6:nfc_cmd	0	static
../drivers/spi/mc_spi.c:1357:6:sfc_done	8	static
../drivers/spi/mc_spi.c:1382:6:spi_set_4_bit_address_mode	0	static
../drivers/spi/mc_spi.c:1400:6:nfc_data_type	0	static
../drivers/spi/mc_spi.c:1409:6:nfc_set_page_size	0	static
../drivers/spi/mc_spi.c:1420:6:nfc_cmd_type	0	static
../drivers/spi/mc_spi.c:1300:6:nfc_cmd_mode_reg_set	8	static
../drivers/spi/mc_spi.c:1429:6:nfc_read_en	0	static
../drivers/spi/mc_spi.c:1439:6:nfc_check_buf_p2_rdy	0	static
../drivers/spi/mc_spi.c:1456:6:nfc_addr4	0	static
../drivers/spi/mc_spi.c:1465:6:nfc_addr_length	0	static
../drivers/spi/mc_spi.c:1475:6:spic_addr	8	static
../drivers/spi/mc_spi.c:1321:6:nfc_cmd_set_reg_set	24	static
../drivers/spi/mc_spi.c:1499:6:write_nfc_soft_fb_p2_ack	0	static
../drivers/spi/mc_spi.c:1508:6:sfc_dma_nor_read_data	16	static
../drivers/spi/mc_spi.c:1516:6:sfc_start	0	static
../drivers/spi/mc_spi.c:1527:5:sfc_wait_fbuf0_ready	0	static
../drivers/spi/mc_spi.c:1549:5:sfc_start_ecc_encode	0	static
../drivers/spi/mc_spi.c:1558:6:sfc_read_ecc	0	static
../drivers/spi/mc_spi.c:1568:5:spi_nand_calculate_ecc	8	static
