../drivers/net/phy/phy.c:443:5:genphy_shutdown	0	static
../drivers/net/phy/phy.c:153:5:genphy_restart_aneg	24	static
../drivers/net/phy/phy.c:181:5:genphy_config_aneg	32	static
../drivers/net/phy/phy.c:381:5:genphy_config	16	static
../drivers/net/phy/phy.c:221:5:genphy_update_link	24	static
../drivers/net/phy/phy.c:290:5:genphy_parse_link	24	static
../drivers/net/phy/phy.c:432:5:genphy_startup	8	static
../drivers/net/phy/phy.c:462:5:phy_init	8	static
../drivers/net/phy/phy.c:530:5:phy_register	0	static
../drivers/net/phy/phy.c:552:5:phy_set_supported	0	static
../drivers/net/phy/phy.c:662:12:get_phy_id	24	static
../drivers/net/phy/phy.c:716:27:get_phy_device_by_mask	48	static
../drivers/net/phy/phy.c:761:5:phy_reset	24	static
../drivers/net/phy/phy.c:812:5:miiphy_reset	8	static
../drivers/net/phy/phy.c:830:20:phy_find_by_mask	16	static
../drivers/net/phy/phy.c:845:6:phy_connect_dev	24	static
../drivers/net/phy/phy.c:865:20:phy_connect	24	static
../drivers/net/phy/phy.c:900:5:phy_startup	0	static
../drivers/net/phy/phy.c:908:12:board_phy_config	0	static
../drivers/net/phy/phy.c:915:5:phy_config	0	static
../drivers/net/phy/phy.c:921:5:phy_shutdown	8	static
../drivers/net/phy/phy.c:929:5:phy_get_interface_by_name	16	static
