../common/mc/mc_vou_drv.c:14:6:set_global	8	static
../common/mc/mc_vou_drv.c:22:6:set_display_format	16	static
../common/mc/mc_vou_drv.c:51:6:set_tve_sync_info	16	static
../common/mc/mc_vou_drv.c:60:6:set_intf_common_para	16	static
../common/mc/mc_vou_drv.c:74:6:set_display_info	0	static
../common/mc/mc_vou_drv.c:107:6:set_chn_minor_cfg	16	static
../common/mc/mc_vou_drv.c:115:6:set_active_info	0	static
../common/mc/mc_vou_drv.c:122:6:set_blank_info	16	static
../common/mc/mc_vou_drv.c:131:6:set_y2r_matrix	16	static
../common/mc/mc_vou_drv.c:141:6:set_bg_info	0	static
../common/mc/mc_vou_drv.c:146:6:set_chn_cfg	0	static
../common/mc/mc_vou_drv.c:151:6:set_img_layer_cfg	0	static
../common/mc/mc_vou_drv.c:156:6:set_irq_mask	0	static
../common/mc/mc_vou_drv.c:161:6:set_work_ctrl	16	static
../common/mc/mc_vou_drv.c:167:6:set_image_block	48	static
../common/mc/mc_vou_drv.c:185:6:set_gui_layer	40	static
../common/mc/mc_vou_drv.c:209:6:lcm_config	0	static
../common/mc/mc_vou_drv.c:225:6:vou_dev_kickoff	24	static
