../board/molchip/board/aes_drv.c:11:6:aes_cbc_init	8	static
../board/molchip/board/aes_drv.c:27:6:aes_cbc_decode_init	24	static
../board/molchip/board/aes_drv.c:47:6:aes_init	8	static
../board/molchip/board/aes_drv.c:59:6:aes_inter_dma_init	0	static
../board/molchip/board/aes_drv.c:67:6:aes_inter_dma_en	0	static
../board/molchip/board/aes_drv.c:82:6:aes_inter_dma_start	24	static
../board/molchip/board/aes_drv.c:102:6:aes_done	8	static
../board/molchip/board/aes_drv.c:119:6:aes_cbc_decode	16	static
../board/molchip/board/aes_drv.c:141:6:aes_handle_start	24	static
