../board/molchip/board/bond_option.c:12:6:sw_bonding_option_init	8	static
../board/molchip/board/bond_option.c:25:6:secure_enalbe	16	static
../board/molchip/board/bond_option.c:50:14:secure_mode_get	0	static
../board/molchip/board/bond_option.c:64:6:aes_sel	0	static
../board/molchip/board/bond_option.c:76:6:rsa_sel	0	static
../board/molchip/board/bond_option.c:88:6:header_secure_enable	0	static
../board/molchip/board/bond_option.c:103:6:get_aes_iv	0	static
../board/molchip/board/bond_option.c:112:5:sfc_peri_speed_get	0	static
../board/molchip/board/bond_option.c:125:5:soc_freq_select	0	static
../board/molchip/board/bond_option.c:134:5:board_voltage_level	0	static
../board/molchip/board/bond_option.c:145:5:emmc_cmd_clk_polarity	0	static
../board/molchip/board/bond_option.c:156:5:emmc_rx_clk_polarity	0	static
../board/molchip/board/bond_option.c:167:5:emmc_tx_clk_polarity	0	static
../board/molchip/board/bond_option.c:178:5:emmc_base_clk_select	0	static
../board/molchip/board/bond_option.c:189:5:emmc_image_select	0	static
../board/molchip/board/bond_option.c:198:5:emmc_baud_rate	0	static
../board/molchip/board/bond_option.c:207:5:emmc_mode_select	0	static
../board/molchip/board/bond_option.c:216:6:sdio_sampling_select	0	static
../board/molchip/board/bond_option.c:228:14:if_ip_clock_select	0	static
../board/molchip/board/bond_option.c:233:14:emmc_clock_select	0	static
../board/molchip/board/bond_option.c:238:6:watchdog_sel	0	static
../board/molchip/board/bond_option.c:246:5:get_wdt_loadvalue	0	static
